01-19 08:04:10.397 D/InputMethodManagerService( 1654): isSecurity: attribute.packageName=com.android.launcher mCurMethodId=com.google.android.inputmethod.latin/com.android.inputmethod.latin.LatinIME
01-19 08:04:10.397 D/InputMethodManagerService( 1654): isSecurity= false (  enable=false needShow=false inBlackList=false isExist=false )
01-19 08:04:10.401 V/AutofillInlineSuggestionsRequestSession( 1654): onInputMethodFinishInput() received
01-19 08:04:10.401 V/AutofillInlineSuggestionsRequestSession( 1654): maybeUpdateResponseToImeLocked called
01-19 08:04:10.404 W/Looper  ( 1654): Slow delivery took 240ms android.fg h=android.os.Handler c=<recycled PooledLambda@88eae5d> m=0
01-19 08:04:10.406 V/AutofillInlineSuggestionsRequestSession( 1654): onInputMethodStartInput() received on 0
01-19 08:04:10.407 V/AutofillInlineSuggestionsRequestSession( 1654): maybeUpdateResponseToImeLocked called
01-19 08:04:10.419 D/InputMethodManagerService( 1654): onHandleImeWindowVisibleStatus: vis = 0, needsToShowImeSwitcher = false
01-19 08:04:10.428 I/ActivityManager( 1654): Force stopping com.THLight.BLE.USBeacon.Writer.Simple.dev appid=10152 user=0: pkg removed
01-19 08:04:10.441 W/ActivityManager( 1654): Slow operation: 52ms so far, now at startProcess: done updating battery stats
01-19 08:04:10.441 W/ActivityManager( 1654): Slow operation: 52ms so far, now at startProcess: building log message
01-19 08:04:10.441 I/ActivityManager( 1654): Start proc 18539:com.coloros.phonemanager/u0a210 for broadcast {com.coloros.phonemanager/com.oplus.phonemanager.clear.appuninstall.UninstallReceiver}
01-19 08:04:10.441 W/ActivityManager( 1654): Slow operation: 52ms so far, now at startProcess: starting to update pids map
01-19 08:04:10.443 W/ActivityManager( 1654): Slow operation: 54ms so far, now at startProcess: done updating pids map
01-19 08:04:10.452 V/AutofillManagerService( 1654): onPackageUpdateStarted(): com.THLight.BLE.USBeacon.Writer.Simple.dev
01-19 08:04:10.455 D/OplusCustomizeService( 1654): UninstallBroadcastReceiver, pkgName=com.THLight.BLE.USBeacon.Writer.Simple.dev, isReInstall=true
01-19 08:04:10.489 W/ContextImpl( 2708): Calling a method in the system process without a qualified user: android.app.ContextImpl.sendBroadcast:1220 android.content.ContextWrapper.sendBroadcast:515 com.oplus.notificationmanager.AppModificationReceiver.notifyAppModified:23 com.oplus.notificationmanager.NotificationBackend.processBroadcast:119 com.oplus.notificationmanager.NotificationBackend.access$500:0 
01-19 08:04:10.565 D/CompatibilityChangeReporter( 1654): Compat change id reported: 194532703; UID 10284; state: DISABLED
01-19 08:04:10.566 V/AutofillManagerServiceImpl( 1654): setAugmentedAutofillWhitelistLocked(packages=null, activities=null)
01-19 08:04:10.566 V/AutofillManagerServiceImpl( 1654): whitelisting packages: nulland activities: null
01-19 08:04:10.569 V/OplusZoomWindowManagerService( 1654): onAnimationFinished:  r = ActivityRecord{ff6ef4d u0 com.android.launcher/.Launcher} t6}
01-19 08:04:10.569 I/OplusAppSwitchManagerService( 1654):  handleAppVisible , r = ActivityRecord{ff6ef4d u0 com.android.launcher/.Launcher} t6}
01-19 08:04:10.681 D/CameraDelegate( 1654): handleMessage:200
01-19 08:04:10.700 W/ContextImpl( 2708): Calling a method in the system process without a qualified user: android.app.ContextImpl.sendBroadcast:1220 android.content.ContextWrapper.sendBroadcast:515 com.oplus.notificationmanager.AppModificationReceiver.notifyAppModified:23 com.oplus.notificationmanager.NotificationBackend.processBroadcast:119 com.oplus.notificationmanager.NotificationBackend.access$500:0 
01-19 08:04:10.705 W/ContextImpl( 2815): Calling a method in the system process without a qualified user: android.app.ContextImpl.startService:1889 android.content.ContextWrapper.startService:827 u1.c.e:7 u1.c.a:3 y2.b.f:4 
01-19 08:04:10.731 W/ContextImpl(15681): Calling a method in the system process without a qualified user: android.app.ContextImpl.startService:1889 android.content.ContextWrapper.startService:827 com.heytap.mcs.pkginstall.a.a:24 com.heytap.mcs.pkginstall.a.a:10 com.heytap.mcs.pkginstall.a.d:0 
01-19 08:04:10.738 D/CompatibilityChangeReporter( 1654): Compat change id reported: 135634846; UID 1000; state: DISABLED
01-19 08:04:10.739 D/CompatibilityChangeReporter( 1654): Compat change id reported: 177438394; UID 1000; state: DISABLED
01-19 08:04:10.739 D/CompatibilityChangeReporter( 1654): Compat change id reported: 135772972; UID 1000; state: DISABLED
01-19 08:04:10.739 D/CompatibilityChangeReporter( 1654): Compat change id reported: 135754954; UID 1000; state: ENABLED
01-19 08:04:10.750 V/AutofillManagerServiceImpl( 1654): setAugmentedAutofillWhitelistLocked(packages=null, activities=null)
01-19 08:04:10.751 V/AutofillManagerServiceImpl( 1654): whitelisting packages: nulland activities: null
01-19 08:04:10.762 D/CompatibilityChangeReporter( 1654): Compat change id reported: 168419799; UID 1000; state: DISABLED
01-19 08:04:10.770 I/ActivityManager( 1654): com.heytap.market is exempt from freezer
01-19 08:04:10.771 D/CompatibilityChangeReporter( 1654): Compat change id reported: 135634846; UID 10114; state: DISABLED
01-19 08:04:10.771 D/CompatibilityChangeReporter( 1654): Compat change id reported: 177438394; UID 10114; state: DISABLED
01-19 08:04:10.771 D/CompatibilityChangeReporter( 1654): Compat change id reported: 135772972; UID 10114; state: DISABLED
01-19 08:04:10.771 D/CompatibilityChangeReporter( 1654): Compat change id reported: 135754954; UID 10114; state: ENABLED
01-19 08:04:10.782 W/ActivityManager( 1654): Slow operation: 63ms so far, now at startProcess: returned from zygote!
01-19 08:04:10.784 D/CompatibilityChangeReporter( 1654): Compat change id reported: 74210811; UID 1000; state: DISABLED
01-19 08:04:10.785 D/CompatibilityChangeReporter( 1654): Compat change id reported: 74210811; UID 1000; state: ENABLED
01-19 08:04:10.791 D/CompatibilityChangeReporter( 1654): Compat change id reported: 218533173; UID 10152; state: ENABLED
01-19 08:04:10.827 D/CompatibilityChangeReporter( 1654): Compat change id reported: 168419799; UID 10210; state: DISABLED
01-19 08:04:10.827 W/LoadedApk( 1654): System took : 372ms in onReceive of class com.android.server.security.KeyChainSystemService$1 for action : android.intent.action.PACKAGE_REMOVED
01-19 08:04:10.827 W/Looper  ( 1654): Slow dispatch took 372ms main h=android.app.ActivityThread$H c=android.app.LoadedApk$ReceiverDispatcher$Args$$ExternalSyntheticLambda0@4ce9847 m=0
01-19 08:04:10.828 W/Looper  ( 1654): Slow delivery took 379ms main h=android.app.ActivityThread$H c=android.app.LoadedApk$ReceiverDispatcher$Args$$ExternalSyntheticLambda0@f21419d m=0
01-19 08:04:10.832 W/WindowMagnificationMgr( 1654): requestConnection duplicated request: connect=false, mConnectionState=DISCONNECTED
01-19 08:04:10.850 I/Quality (18539): SlowBinder: <pre-initialized> to android.app.IActivityManager cost= 298 code= 19
01-19 08:04:10.851 I/Quality (18539): ActivityThread: attach delay 314 attach 18539
01-19 08:04:10.862 W/ActivityManager( 1654): Slow operation: 142ms so far, now at startProcess: done updating battery stats
01-19 08:04:10.862 W/ActivityManager( 1654): Slow operation: 142ms so far, now at startProcess: building log message
01-19 08:04:10.862 I/ActivityManager( 1654): Start proc 18566:com.android.settings:background/1000 for content provider {com.android.settings/com.oplus.settings.background.OutwardContentProvider}
01-19 08:04:10.862 W/ActivityManager( 1654): Slow operation: 142ms so far, now at startProcess: starting to update pids map
01-19 08:04:10.862 W/ActivityManager( 1654): Slow operation: 143ms so far, now at startProcess: done updating pids map
01-19 08:04:10.863 W/ActivityManager( 1654): Slow operation: 95ms so far, now at startProcess: asking zygote to start proc
01-19 08:04:10.863 D/CompatibilityChangeReporter( 1654): Compat change id reported: 143937733; UID 10114; state: ENABLED
01-19 08:04:10.864 D/CompatibilityChangeReporter( 1654): Compat change id reported: 161145287; UID 10131; state: DISABLED
01-19 08:04:10.882 W/ActivityManager( 1654): Slow operation: 114ms so far, now at startProcess: returned from zygote!
01-19 08:04:10.886 W/WindowMagnificationMgr( 1654): requestConnection duplicated request: connect=false, mConnectionState=DISCONNECTED
01-19 08:04:10.887 W/LoadedApk( 1654): System took : 194ms in onReceive of class com.android.server.accessibility.AccessibilityManagerService$1 for action : android.intent.action.PACKAGE_ADDED
01-19 08:04:10.888 D/CompatibilityChangeReporter( 1654): Compat change id reported: 168419799; UID 10188; state: DISABLED
01-19 08:04:10.906 W/ActivityManager( 1654): Slow operation: 139ms so far, now at startProcess: done updating battery stats
01-19 08:04:10.906 W/ActivityManager( 1654): Slow operation: 139ms so far, now at startProcess: building log message
01-19 08:04:10.906 I/ActivityManager( 1654): Start proc 18585:com.heytap.market/u0a114 for service {com.heytap.market/com.cdo.oaps.host.old.WebBridgeService}
01-19 08:04:10.906 W/ActivityManager( 1654): Slow operation: 139ms so far, now at startProcess: starting to update pids map
01-19 08:04:10.907 W/ActivityManager( 1654): Slow operation: 139ms so far, now at startProcess: done updating pids map
01-19 08:04:10.907 W/ActivityManager( 1654): Slow operation: 91ms so far, now at startProcess: asking zygote to start proc
01-19 08:04:10.917 D/ColorAutomaticBrightnessController( 1654): CtsTest = false
01-19 08:04:10.917 D/DeviceIdleHelper( 1654): pacakge removed: name=com.THLight.BLE.USBeacon.Writer.Simple.dev not in PowerSaveWhitelist
01-19 08:04:10.920 W/BroadcastQueue( 1654): Permission Denial: receiving Intent { act=oplus.intent.action.PACKAGE_REMOVED dat=package: flg=0x5000030 (has extras) } to com.heytap.market/com.heytap.cdo.client.domain.receiver.PackageReceiver requires oplus.permission.RECEIVE_INSTALL_BACKGROUND due to sender null (uid 1000)
01-19 08:04:10.931 W/ActivityManager( 1654): Slow operation: 114ms so far, now at startProcess: returned from zygote!
01-19 08:04:10.958 D/CompatibilityChangeReporter( 1654): Compat change id reported: 135634846; UID 1000; state: DISABLED
01-19 08:04:10.959 D/CompatibilityChangeReporter( 1654): Compat change id reported: 177438394; UID 1000; state: DISABLED
01-19 08:04:10.959 D/CompatibilityChangeReporter( 1654): Compat change id reported: 135772972; UID 1000; state: DISABLED
01-19 08:04:10.959 D/CompatibilityChangeReporter( 1654): Compat change id reported: 135754954; UID 1000; state: ENABLED
01-19 08:04:10.974 D/OplusSmartBrightnessController( 1654): handleMessage MSG_LUX_CHANGED, mLux:162.80417 luxQueue=[162.0, 162.0, 162.0, 163.0, 165.0]
01-19 08:04:11.001 W/ActivityManager( 1654): Slow operation: 185ms so far, now at startProcess: done updating battery stats
01-19 08:04:11.005 W/ActivityManager( 1654): Slow operation: 188ms so far, now at startProcess: building log message
01-19 08:04:11.005 I/ActivityManager( 1654): Start proc 18596:com.android.keychain/1000 for service {com.android.keychain/com.android.keychain.KeyChainService}
01-19 08:04:11.005 W/ActivityManager( 1654): Slow operation: 188ms so far, now at startProcess: starting to update pids map
01-19 08:04:11.005 W/ActivityManager( 1654): Slow operation: 188ms so far, now at startProcess: done updating pids map
01-19 08:04:11.005 W/ActivityManager( 1654): Slow operation: 146ms so far, now at startProcess: asking zygote to start proc
01-19 08:04:11.010 D/OplusSecurityPermissionManager( 1654): AppUninstallReceiver: uid=10152, userId=0, package=com.THLight.BLE.USBeacon.Writer.Simple.dev
01-19 08:04:11.011 D/LightsServiceExtImpl( 1654): isCtsHardwareTestCases = false
01-19 08:04:11.011 D/OplusSmartBrightnessController( 1654): CtsTest = false
01-19 08:04:11.030 D/OplusCustomizeService( 1654): mCoreAppIsEnable = false
01-19 08:04:11.030 D/OplusCustomizeService( 1654): pkgName = com.THLight.BLE.USBeacon.Writer.Simple.dev
01-19 08:04:11.031 D/OplusCustomizeService( 1654): Add packages name is :com.THLight.BLE.USBeacon.Writer.Simple.dev;dir:/data/app/~~U7kXsvBytoRd6n5OYJfWBA==/com.THLight.BLE.USBeacon.Writer.Simple.dev-mJ-TApZ5bSYA7go8bul-kg==/base.apk
01-19 08:04:11.034 D/ColorAutomaticBrightnessController( 1654): CtsTest = false
01-19 08:04:11.045 W/ActivityManager( 1654): Slow operation: 186ms so far, now at startProcess: returned from zygote!
01-19 08:04:11.057 D/CompatibilityChangeReporter( 1654): Compat change id reported: 194532703; UID 10131; state: ENABLED
01-19 08:04:11.058 D/CompatibilityChangeReporter( 1654): Compat change id reported: 161252188; UID 10210; state: DISABLED
01-19 08:04:11.069 W/ContextImpl( 2708): Calling a method in the system process without a qualified user: android.app.ContextImpl.sendBroadcast:1220 android.content.ContextWrapper.sendBroadcast:515 com.oplus.notificationmanager.AppModificationReceiver.notifyAppModified:23 com.oplus.notificationmanager.NotificationBackend.processBroadcast:119 com.oplus.notificationmanager.NotificationBackend.access$500:0 
01-19 08:04:11.081 W/ActivityManager( 1654): Slow operation: 222ms so far, now at startProcess: done updating battery stats
01-19 08:04:11.081 W/ActivityManager( 1654): Slow operation: 222ms so far, now at startProcess: building log message
01-19 08:04:11.081 I/ActivityManager( 1654): Start proc 18630:com.heytap.mcs.statistics/1000 for content provider {com.heytap.mcs/com.heytap.mcs.biz.statistics.provider.StatisticsContentProvider}
01-19 08:04:11.090 W/ActivityManager( 1654): Slow operation: 230ms so far, now at startProcess: starting to update pids map
01-19 08:04:11.090 W/ActivityManager( 1654): Slow operation: 230ms so far, now at startProcess: done updating pids map
01-19 08:04:11.091 W/ActivityManager( 1654): Slow operation: 139ms so far, now at startProcess: asking zygote to start proc
01-19 08:04:11.120 D/LightsServiceExtImpl( 1654): isCtsHardwareTestCases = false
01-19 08:04:11.120 D/OplusSmartBrightnessController( 1654): CtsTest = false
01-19 08:04:11.135 D/CompatibilityChangeReporter( 1654): Compat change id reported: 168419799; UID 1000; state: DISABLED
01-19 08:04:11.156 V/BackupManagerConstants( 1654): getFullBackupIntervalMilliseconds(...) returns 86400000
01-19 08:04:11.156 V/BackupManagerConstants( 1654): getFullBackupRequiredNetworkType(...) returns 2
01-19 08:04:11.157 V/BackupManagerConstants( 1654): getFullBackupRequireCharging(...) returns true
01-19 08:04:11.157 D/CompatibilityChangeReporter( 1654): Compat change id reported: 194532703; UID 1000; state: DISABLED
01-19 08:04:11.158 D/CompatibilityChangeReporter( 1654): Compat change id reported: 194532703; UID 1000; state: ENABLED
01-19 08:04:11.160 D/CompatibilityChangeReporter( 1654): Compat change id reported: 135634846; UID 1000; state: DISABLED
01-19 08:04:11.160 D/CompatibilityChangeReporter( 1654): Compat change id reported: 177438394; UID 1000; state: DISABLED
01-19 08:04:11.160 D/CompatibilityChangeReporter( 1654): Compat change id reported: 135772972; UID 1000; state: DISABLED
01-19 08:04:11.160 D/CompatibilityChangeReporter( 1654): Compat change id reported: 135754954; UID 1000; state: ENABLED
01-19 08:04:11.161 I/AppWidgetServiceImpl( 1654): handleNotifyUpdateAppWidget,appWidgetId: 2,packageName:com.coloros.alarmclock
01-19 08:04:11.161 W/ActivityManager( 1654): Slow operation: 209ms so far, now at startProcess: returned from zygote!
01-19 08:04:11.213 E/VerityUtils( 1654): Failed to measure fs-verity, errno 1: /data/app/~~U7kXsvBytoRd6n5OYJfWBA==/com.THLight.BLE.USBeacon.Writer.Simple.dev-mJ-TApZ5bSYA7go8bul-kg==/base.apk
01-19 08:04:11.215 D/CompatibilityChangeReporter( 1654): Compat change id reported: 168419799; UID 10114; state: DISABLED
01-19 08:04:11.233 I/Quality (18585): SlowBinder: <pre-initialized> to android.app.IActivityManager cost= 214 code= 19
01-19 08:04:11.266 D/PackageInstallerSessionExtImpl( 1654): recordSotaAppResult stagedSession is null
01-19 08:04:11.266 D/PackageInstallerSession( 1654): Marking session 1892671580 as applied
01-19 08:04:11.267 D/InstallerExtImpl( 1654): Avoid to hold lock when rmPackageDir
01-19 08:04:11.267 W/ActivityManager( 1654): Slow operation: 314ms so far, now at startProcess: done updating battery stats
01-19 08:04:11.267 W/ActivityManager( 1654): Slow operation: 314ms so far, now at startProcess: building log message
01-19 08:04:11.267 I/ActivityManager( 1654): Start proc 18648:com.oplus.safecenter/1000 for broadcast {com.oplus.safecenter/com.oplus.safecenter.privacy.control.DeepProtectReceiver}
01-19 08:04:11.267 W/ActivityManager( 1654): Slow operation: 314ms so far, now at startProcess: starting to update pids map
01-19 08:04:11.267 W/ActivityManager( 1654): Slow operation: 315ms so far, now at startProcess: done updating pids map
01-19 08:04:11.268 W/ActivityManager( 1654): Slow operation: 111ms so far, now at startProcess: asking zygote to start proc
01-19 08:04:11.268 D/OplusInstallAccelerateManager( 1654): stopAccelerate()
01-19 08:04:11.268 D/OplusInstallAccelerateManager( 1654): operateCpuBouncingIfNeeded()
01-19 08:04:11.269 D/OplusInstallAccelerateManager( 1654): originatingPackageName = unknown
01-19 08:04:11.269 D/OplusInstallAccelerateManager( 1654): initiatingPackageName = unknown
01-19 08:04:11.269 D/OplusInstallAccelerateManager( 1654): installerPackageName = pc
01-19 08:04:11.273 D/OplusInstallAccelerateManager( 1654): handleMessage(1000)
01-19 08:04:11.273 D/OplusInstallAccelerateManager( 1654): recoveryCpuBouncingIfNeeded(1892671580, false)
01-19 08:04:11.273 D/OplusInstallAccelerateManager( 1654): remove message 1892671580
01-19 08:04:11.273 D/OplusInstallAccelerateManager( 1654): recoveryCpuBouncing()
01-19 08:04:11.315 D/CompatibilityChangeReporter( 1654): Compat change id reported: 168419799; UID 1000; state: DISABLED
01-19 08:04:11.322 D/OplusDexOptimizeManager( 1654): Try to protect stablebility.. 
01-19 08:04:11.325 D/CompatibilityChangeReporter( 1654): Compat change id reported: 135634846; UID 10284; state: DISABLED
01-19 08:04:11.325 D/CompatibilityChangeReporter( 1654): Compat change id reported: 177438394; UID 10284; state: DISABLED
01-19 08:04:11.325 D/CompatibilityChangeReporter( 1654): Compat change id reported: 135772972; UID 10284; state: DISABLED
01-19 08:04:11.325 D/CompatibilityChangeReporter( 1654): Compat change id reported: 135754954; UID 10284; state: ENABLED
01-19 08:04:11.328 W/Looper  ( 1654): Slow dispatch took 133ms main h=com.android.server.job.JobSchedulerService$JobHandler c=null m=0
01-19 08:04:11.332 W/Looper  ( 1654): Slow dispatch took 150ms android.fg h=android.os.Handler c=<recycled PooledLambda@79d7854> m=0
01-19 08:04:11.335 D/CompatibilityChangeReporter( 1654): Compat change id reported: 171306433; UID 10152; state: ENABLED
01-19 08:04:11.335 W/AlarmManager( 1654): Package com.THLight.BLE.USBeacon.Writer.Simple.dev, uid 10152 lost permission to set exact alarms!
01-19 08:04:11.392 D/ActivityThread( 7662): do gfx trim 40 success
01-19 08:04:11.398 W/Looper  ( 1654): Drained
01-19 08:04:11.399 V/IntervalStats( 1654): Unable to parse locus -1 for package 313
01-19 08:04:11.400 D/IntervalStats( 1654): Unable to parse event packages: []
01-19 08:04:11.403 W/ActivityManager( 1654): Slow operation: 246ms so far, now at startProcess: returned from zygote!
01-19 08:04:11.412 D/CompatibilityChangeReporter( 1654): Compat change id reported: 168419799; UID 1000; state: DISABLED
01-19 08:04:11.423 W/OplusSelfProtectManager( 1654): pkg[com.android.keychain] not in policy list
01-19 08:04:11.433 W/ActivityManager( 1654): Slow operation: 277ms so far, now at startProcess: done updating battery stats
01-19 08:04:11.433 W/ActivityManager( 1654): Slow operation: 277ms so far, now at startProcess: building log message
01-19 08:04:11.433 I/ActivityManager( 1654): Start proc 18697:com.heytap.mcs.appservice/1000 for content provider {com.heytap.mcs/com.heytap.mcs.biz.appservice.provider.AppServiceContentProvider}
01-19 08:04:11.433 W/ActivityManager( 1654): Slow operation: 277ms so far, now at startProcess: starting to update pids map
01-19 08:04:11.434 W/ActivityManager( 1654): Slow operation: 277ms so far, now at startProcess: done updating pids map
01-19 08:04:11.434 W/ActivityManager( 1654): Slow operation: 110ms so far, now at startProcess: asking zygote to start proc
01-19 08:04:11.435 D/CompatibilityChangeReporter( 1654): Compat change id reported: 143937733; UID 10284; state: ENABLED
01-19 08:04:11.451 D/CompatibilityChangeReporter( 1654): Compat change id reported: 168419799; UID 1000; state: DISABLED
01-19 08:04:11.489 D/UsageStatsService( 1654): User[0] type=0 b=1737331451226 e=1768781051226 cb=1768742652546 ce=1768781050925 disk=315 all=640
01-19 08:04:11.528 W/ActivityManager( 1654): Slow operation: 203ms so far, now at startProcess: returned from zygote!
01-19 08:04:11.541 V/AutofillManagerServiceImpl( 1654): setAugmentedAutofillWhitelistLocked(packages=null, activities=null)
01-19 08:04:11.541 V/AutofillManagerServiceImpl( 1654): whitelisting packages: nulland activities: null
01-19 08:04:11.542 W/BroadcastQueue( 1654): Permission Denial: receiving Intent { act=oplus.intent.action.PACKAGE_REMOVED dat=package: flg=0x5000030 (has extras) } to com.nearme.gamecenter/com.heytap.cdo.client.domain.receiver.PackageReceiver requires oplus.permission.RECEIVE_INSTALL_BACKGROUND due to sender null (uid 1000)
01-19 08:04:11.542 W/ActivityManager( 1654): Slow operation: 218ms so far, now at startProcess: done updating battery stats
01-19 08:04:11.543 W/ActivityManager( 1654): Slow operation: 218ms so far, now at startProcess: building log message
01-19 08:04:11.543 I/ActivityManager( 1654): Start proc 18703:com.oplus.deepthinker:worker/u0a284 for service {com.oplus.deepthinker/com.oplus.deepthinker.internal.inner.proton.schedule.TrainJobService}
01-19 08:04:11.543 W/ActivityManager( 1654): Slow operation: 218ms so far, now at startProcess: starting to update pids map
01-19 08:04:11.543 W/ActivityManager( 1654): Slow operation: 218ms so far, now at startProcess: done updating pids map
01-19 08:04:11.548 W/BroadcastQueue( 1654): Background execution not allowed: receiving Intent { act=android.intent.action.PACKAGE_REMOVED dat=package: flg=0x4000010 (has extras) } to com.android.vending/com.google.android.finsky.packagemonitor.impl.PackageMonitorReceiverImpl$RegisteredReceiver
01-19 08:04:11.549 W/BroadcastQueue( 1654): Background execution not allowed: receiving Intent { act=android.intent.action.PACKAGE_REMOVED dat=package: flg=0x4000010 (has extras) } to com.android.vending/com.google.android.finsky.packagemonitor.backgroundimpl.BackgroundPackageMonitorReceiverImpl$RegisteredReceiver
01-19 08:04:11.549 W/BroadcastQueue( 1654): Background execution not allowed: receiving Intent { act=android.intent.action.PACKAGE_REMOVED dat=package: flg=0x4000010 (has extras) } to com.android.vending/com.google.android.finsky.instantapps.appmanagement.InstantAppRemoveMonitor
01-19 08:04:11.550 W/BroadcastQueue( 1654): Background execution not allowed: receiving Intent { act=android.intent.action.PACKAGE_REMOVED dat=package: flg=0x4000010 (has extras) } to com.google.android.gms/.chimera.GmsIntentOperationService$PersistentTrustedReceiver
01-19 08:04:11.552 W/BroadcastQueue( 1654): Background execution not allowed: receiving Intent { act=android.intent.action.PACKAGE_REMOVED dat=package: flg=0x4000010 (has extras) } to com.heytap.cloud/.receiver.ColorCloudReceiver
01-19 08:04:11.552 W/BroadcastQueue( 1654): Background execution not allowed: receiving Intent { act=android.intent.action.PACKAGE_REMOVED dat=package: flg=0x4000010 (has extras) } to com.heytap.market/com.heytap.cdo.client.domain.receiver.PackageReceiver
01-19 08:04:11.552 W/BroadcastQueue( 1654): Background execution not allowed: receiving Intent { act=android.intent.action.PACKAGE_REMOVED dat=package: flg=0x4000010 (has extras) } to com.google.android.videos/com.google.android.libraries.social.peoplekit.thirdparty.viewcontrollers.ThirdPartyReceiver
01-19 08:04:11.553 W/BroadcastQueue( 1654): Background execution not allowed: receiving Intent { act=android.intent.action.PACKAGE_REMOVED dat=package: flg=0x4000010 (has extras) } to com.nearme.gamecenter/com.heytap.cdo.client.domain.receiver.PackageReceiver
01-19 08:04:11.569 D/OplusDexOptimizeManager( 1654): can not detect dex2oat...
01-19 08:04:11.579 W/BroadcastQueue( 1654): Permission Denial: receiving Intent { act=oplus.intent.action.PACKAGE_ADDED dat=package: flg=0x5000030 (has extras) } to com.heytap.market/com.heytap.cdo.client.domain.receiver.PackageReceiver requires oplus.permission.RECEIVE_INSTALL_BACKGROUND due to sender null (uid 1000)
01-19 08:04:11.588 W/ContextImpl(15715): Calling a method in the system process without a qualified user: android.app.ContextImpl.startService:1889 android.content.ContextWrapper.startService:827 android.content.ContextWrapper.startService:827 com.oplusos.securitypermission.permission.OplusPermissionReceiver.j:13 com.oplusos.securitypermission.permission.OplusPermissionReceiver.onReceive:24 
01-19 08:04:11.609 W/BroadcastQueue( 1654): Permission Denial: receiving Intent { act=oplus.intent.action.PACKAGE_ADDED dat=package: flg=0x5000030 (has extras) } to com.oplus.themestore/com.nearme.themespace.receiver.ThemeBizReceiver requires oplus.permission.RECEIVE_INSTALL_BACKGROUND due to sender null (uid 1000)
01-19 08:04:11.645 W/BroadcastQueue( 1654): Permission Denial: receiving Intent { act=oplus.intent.action.PACKAGE_ADDED dat=package: flg=0x5000030 (has extras) } to com.nearme.gamecenter/com.heytap.cdo.client.domain.receiver.PackageReceiver requires oplus.permission.RECEIVE_INSTALL_BACKGROUND due to sender null (uid 1000)
01-19 08:04:11.645 W/ContextImpl(15715): Calling a method in the system process without a qualified user: android.app.ContextImpl.startService:1889 android.content.ContextWrapper.startService:827 android.content.ContextWrapper.startService:827 com.oplusos.securitypermission.permission.OplusPermissionReceiver.j:13 com.oplusos.securitypermission.permission.OplusPermissionReceiver.onReceive:26 
01-19 08:04:11.646 W/BroadcastQueue( 1654): Background execution not allowed: receiving Intent { act=android.intent.action.PACKAGE_ADDED dat=package: flg=0x4000010 (has extras) } to com.google.android.packageinstaller/com.android.packageinstaller.PackageInstalledReceiver
01-19 08:04:11.651 W/BroadcastQueue( 1654): Background execution not allowed: receiving Intent { act=android.intent.action.PACKAGE_ADDED dat=package: flg=0x4000010 (has extras) } to com.android.vending/com.google.android.finsky.packagemonitor.impl.PackageMonitorReceiverImpl$RegisteredReceiver
01-19 08:04:11.652 W/BroadcastQueue( 1654): Background execution not allowed: receiving Intent { act=android.intent.action.PACKAGE_ADDED dat=package: flg=0x4000010 (has extras) } to com.android.vending/com.google.android.finsky.packagemonitor.backgroundimpl.BackgroundPackageMonitorReceiverImpl$RegisteredReceiver
01-19 08:04:11.652 W/BroadcastQueue( 1654): Background execution not allowed: receiving Intent { act=android.intent.action.PACKAGE_ADDED dat=package: flg=0x4000010 (has extras) } to com.google.android.apps.nbu.files/.documentbrowser.browselanding.rootcontainerlist.receiver.PackageChangeReceiver_Receiver
01-19 08:04:11.653 W/BroadcastQueue( 1654): Background execution not allowed: receiving Intent { act=android.intent.action.PACKAGE_ADDED dat=package: flg=0x4000010 (has extras) } to com.google.android.gms/.chimera.GmsIntentOperationService$PersistentTrustedReceiver
01-19 08:04:11.653 W/BroadcastQueue( 1654): Background execution not allowed: receiving Intent { act=android.intent.action.PACKAGE_ADDED dat=package: flg=0x4000010 (has extras) } to com.google.android.gms/.gass.chimera.PackageChangeBroadcastReceiver
01-19 08:04:11.653 W/BroadcastQueue( 1654): Background execution not allowed: receiving Intent { act=android.intent.action.PACKAGE_ADDED dat=package: flg=0x4000010 (has extras) } to com.heytap.cloud/.receiver.ColorCloudReceiver
01-19 08:04:11.654 W/BroadcastQueue( 1654): Background execution not allowed: receiving Intent { act=android.intent.action.PACKAGE_ADDED dat=package: flg=0x4000010 (has extras) } to com.heytap.market/com.heytap.cdo.client.domain.receiver.PackageReceiver
01-19 08:04:11.665 D/CompatibilityChangeReporter( 1654): Compat change id reported: 168419799; UID 10284; state: DISABLED
01-19 08:04:11.687 W/BroadcastQueue( 1654): Background execution not allowed: receiving Intent { act=android.intent.action.PACKAGE_ADDED dat=package: flg=0x4000010 (has extras) } to com.nearme.gamecenter/com.heytap.cdo.client.domain.receiver.PackageReceiver
01-19 08:04:11.694 D/CompatibilityChangeReporter( 1654): Compat change id reported: 168419799; UID 10131; state: DISABLED
01-19 08:04:11.703 I/ActivityManager( 1654): com.android.vending is exempt from freezer
01-19 08:04:11.704 D/CompatibilityChangeReporter( 1654): Compat change id reported: 135634846; UID 10131; state: DISABLED
01-19 08:04:11.704 D/CompatibilityChangeReporter( 1654): Compat change id reported: 177438394; UID 10131; state: DISABLED
01-19 08:04:11.704 D/CompatibilityChangeReporter( 1654): Compat change id reported: 135772972; UID 10131; state: DISABLED
01-19 08:04:11.704 D/CompatibilityChangeReporter( 1654): Compat change id reported: 135754954; UID 10131; state: ENABLED
01-19 08:04:11.705 D/CompatibilityChangeReporter( 1654): Compat change id reported: 143937733; UID 10131; state: ENABLED
01-19 08:04:11.733 I/SecurityPermissionService( 1654): updateCachedPermission pkgName:com.THLight.BLE.USBeacon.Writer.Simple.dev, userId:0, delete:false
01-19 08:04:11.742 I/ActivityManager( 1654): Start proc 18736:com.android.vending:background/u0a131 for broadcast {com.android.vending/com.google.android.finsky.packagemonitor.backgroundimpl.BackgroundPackageMonitorReceiverImpl$RegisteredReceiver}
01-19 08:04:11.886 D/UsageStatsService( 1654): User[0] type=0 b=1768780679024 e=1768781051824 cb=1768742652546 ce=1768781051748 disk=0 all=46
01-19 08:04:11.900 D/CompatibilityChangeReporter( 1654): Compat change id reported: 161145287; UID 10114; state: DISABLED
01-19 08:04:11.925 E/OplusCustomizeRestrictionManagerService( 1654): isBiometricDisabled start
01-19 08:04:11.933 E/OplusCustomizeRestrictionManagerService( 1654): isBiometricDisabled start
01-19 08:04:11.935 I/OplusZoomWindowRUSConfigManager( 1654): isEnabled mZoomSwitch = true
01-19 08:04:11.943 D/CompatibilityChangeReporter( 1654): Compat change id reported: 161252188; UID 1000; state: DISABLED
01-19 08:04:11.966 E/ActivityThread(18539): Failed to find provider info for com.oplus.safecenter.provider.security_lock
01-19 08:04:11.972 W/BroadcastQueue( 1654): Background execution not allowed: receiving Intent { act=android.intent.action.PACKAGE_REPLACED dat=package: flg=0x4000010 (has extras) } to com.google.android.apps.nbu.files/.documentbrowser.browselanding.rootcontainerlist.receiver.PackageChangeReceiver_Receiver
01-19 08:04:11.972 W/BroadcastQueue( 1654): Background execution not allowed: receiving Intent { act=android.intent.action.PACKAGE_REPLACED dat=package: flg=0x4000010 (has extras) } to com.google.android.gms/.chimera.GmsIntentOperationService$PersistentTrustedReceiver
01-19 08:04:11.973 W/BroadcastQueue( 1654): Background execution not allowed: receiving Intent { act=android.intent.action.PACKAGE_REPLACED dat=package: flg=0x4000010 (has extras) } to com.google.android.gms/.gass.chimera.PackageChangeBroadcastReceiver
01-19 08:04:11.973 W/BroadcastQueue( 1654): Background execution not allowed: receiving Intent { act=android.intent.action.PACKAGE_REPLACED dat=package: flg=0x4000010 (has extras) } to com.heytap.market/com.heytap.cdo.client.domain.receiver.PackageReceiver
01-19 08:04:11.974 W/BroadcastQueue( 1654): Background execution not allowed: receiving Intent { act=android.intent.action.PACKAGE_REPLACED dat=package: flg=0x4000010 (has extras) } to com.oplus.securitypermission/com.oplusos.securitypermission.permission.PermissionReceiver
01-19 08:04:11.987 W/BroadcastQueue( 1654): Background execution not allowed: receiving Intent { act=android.intent.action.PACKAGE_REPLACED dat=package: flg=0x4000010 (has extras) } to com.oplus.themestore/com.nearme.themespace.receiver.ThemeBizReceiver
01-19 08:04:11.990 E/ActivityThread(18539): Failed to find provider info for com.oplus.securitypermission.AppControlCenterProvider
01-19 08:04:11.993 W/BroadcastQueue( 1654): Background execution not allowed: receiving Intent { act=android.intent.action.PACKAGE_REPLACED dat=package: flg=0x4000010 (has extras) } to com.nearme.gamecenter/com.heytap.cdo.client.domain.receiver.PackageReceiver
01-19 08:04:12.115 E/VerityUtils( 1654): Failed to measure fs-verity, errno 1: /data/app/~~U7kXsvBytoRd6n5OYJfWBA==/com.THLight.BLE.USBeacon.Writer.Simple.dev-mJ-TApZ5bSYA7go8bul-kg==/base.apk
01-19 08:04:12.118 D/OplusDeepThinkerExService( 1654): appType onReceive
01-19 08:04:12.118 D/AppTypeHttpClient( 1654): getAppStoreKindInfo
01-19 08:04:12.135 W/OplusSelfProtectManager( 1654): [addProtectRecord] com.coloros.phonemanager not in whitelist, can't add to protect
01-19 08:04:12.167 W/LoadedApk( 1654): System took : 1245ms in onReceive of class com.android.server.search.SearchManagerService$MyPackageMonitor for action : android.intent.action.PACKAGE_ADDED
01-19 08:04:12.167 D/UsageStatsService( 1654): User[0] type=0 b=1768781051824 e=1768781052123 cb=1768742652546 ce=1768781052155 disk=0 all=0
01-19 08:04:12.168 V/AutofillManagerService( 1654): onPackageUpdateFinished(): com.THLight.BLE.USBeacon.Writer.Simple.dev
01-19 08:04:12.168 V/AutofillManagerService( 1654): onPackageModified(): com.THLight.BLE.USBeacon.Writer.Simple.dev
01-19 08:04:12.174 I/ActivityManager( 1654): Killing 18015:com.nearme.instant.platform:provider/u0a104 (adj 975): empty #7
01-19 08:04:12.209 D/CompatibilityChangeReporter( 1654): Compat change id reported: 161252188; UID 10131; state: DISABLED
01-19 08:04:12.230 W/Looper  ( 1654): Drained
01-19 08:04:12.257 I/ActivityManager( 1654): Killing 17667:com.google.android.youtube/u0a144 (adj 975): empty #7
01-19 08:04:12.315 I/GameManagerServiceExt( 1654): re: 2, Bundle[mParcelledData.dataSize=3544] .
01-19 08:04:12.316 I/GameClassifierImpl( 1654): updateGameListInfo 19
01-19 08:04:12.316 I/GameClassifierImpl( 1654): Game size 0
01-19 08:04:12.418 I/GameClassifierUsingOiface( 1654): update size: 0
01-19 08:04:12.449 D/CompatibilityChangeReporter( 1654): Compat change id reported: 161145287; UID 10131; state: DISABLED
01-19 08:04:12.467 D/AppTypeHttpClient( 1654): HttpResponse OK
01-19 08:04:12.467 D/AppTypeHttpClient( 1654): response size: 89
01-19 08:04:12.472 W/LoadedApk( 1654): System took : 304ms in onReceive of class android.content.pm.RegisteredServicesCache$1 for action : android.intent.action.PACKAGE_ADDED
01-19 08:04:12.475 W/LoadedApk( 1654): System took : 358ms in onReceive of class com.oplus.deepthinker.service.OplusDeepThinkerExService$1 for action : oplus.intent.action.DEEPTHINKER_GET_APP_STORE_INFO
01-19 08:04:12.527 D/CompatibilityChangeReporter( 1654): Compat change id reported: 319212206; UID 10114; state: ENABLED
01-19 08:04:12.533 D/CompatibilityChangeReporter( 1654): Compat change id reported: 194532703; UID 10114; state: ENABLED
01-19 08:04:12.547 D/CompatibilityChangeReporter( 1654): Compat change id reported: 168419799; UID 10114; state: DISABLED
01-19 08:04:12.561 I/GameManagerServiceExt( 1654): re: 2, Bundle[mParcelledData.dataSize=3544] .
01-19 08:04:12.561 I/GameClassifierImpl( 1654): updateGameListInfo 19
01-19 08:04:12.561 I/GameClassifierImpl( 1654): Game size 0
01-19 08:04:12.618 I/Quality (18585): ActivityThread: callApplicationOnCreate delay 463 com.heytap.market 18585
01-19 08:04:12.642 D/CompatibilityChangeReporter( 1654): Compat change id reported: 157233955; UID 10114; state: ENABLED
01-19 08:04:12.682 E/ActivityThread(18539): Failed to find provider info for com.oplus.securityguard.SecurityEventProvider
01-19 08:04:12.706 I/ActivityManager( 1654): Killing 18566:com.android.settings:background/1000 (adj 945): empty #7
01-19 08:04:12.789 D/CompatibilityChangeReporter( 1654): Compat change id reported: 74210811; UID 1000; state: DISABLED
01-19 08:04:12.791 D/CompatibilityChangeReporter( 1654): Compat change id reported: 74210811; UID 1000; state: ENABLED
01-19 08:04:12.931 D/CompatibilityChangeReporter( 1654): Compat change id reported: 319212206; UID 10131; state: ENABLED
01-19 08:04:13.026 D/CompatibilityChangeReporter( 1654): Compat change id reported: 194532703; UID 10131; state: ENABLED
01-19 08:04:13.094 I/GameManagerServiceExt( 1654): find sub services
01-19 08:04:13.301 D/CompatibilityChangeReporter( 1654): Compat change id reported: 151105954; UID 1000; state: ENABLED
01-19 08:04:13.303 E/AppOps  ( 1654): attributionTag  not declared in manifest of com.oplus.exsystemservice
01-19 08:04:13.306 E/AppOps  ( 1654): attributionTag  not declared in manifest of com.oplus.exsystemservice
01-19 08:04:13.575 D/OplusSmartBrightnessController( 1654): handleMessage MSG_LUX_CHANGED, mLux:159.88159 luxQueue=[160.0, 159.0, 157.0, 161.0, 159.0, 161.0, 162.0, 160.0]
01-19 08:04:14.769 D/OplusUserManagerServiceEnhance( 1654): getMultiSystemUserId  res = -10000
01-19 08:04:14.772 D/CompatibilityChangeReporter( 1654): Compat change id reported: 161145287; UID 10210; state: DISABLED
01-19 08:04:14.908 W/PowerProfile(18539): ambient.on is deprecated! Use ambient.on.display0 instead.
01-19 08:04:14.908 W/PowerProfile(18539): screen.on is deprecated! Use screen.on.display0 instead.
01-19 08:04:14.908 W/PowerProfile(18539): screen.full is deprecated! Use screen.full.display0 instead.
01-19 08:04:14.910 W/ModemPowerProfile(18539): getAverageBatteryDrainMaH called with unexpected key: 0x0, drain:0,RAT:DEFAULT
01-19 08:04:14.910 W/ModemPowerProfile(18539): getAverageBatteryDrainMaH called with unexpected key: 0x10000000, drain:IDLE,RAT:DEFAULT
01-19 08:04:14.910 W/ModemPowerProfile(18539): getAverageBatteryDrainMaH called with unexpected key: 0x20000000, drain:RX,RAT:DEFAULT
01-19 08:04:14.910 W/ModemPowerProfile(18539): getAverageBatteryDrainMaH called with unexpected key: 0x30000000, drain:TX,level:UNKNOWN(0x0)RAT:DEFAULT
01-19 08:04:14.911 W/ModemPowerProfile(18539): getAverageBatteryDrainMaH called with unexpected key: 0x31000000, drain:TX,level:UNKNOWN(0x1000000)RAT:DEFAULT
01-19 08:04:14.911 W/ModemPowerProfile(18539): getAverageBatteryDrainMaH called with unexpected key: 0x32000000, drain:TX,level:UNKNOWN(0x2000000)RAT:DEFAULT
01-19 08:04:14.911 W/ModemPowerProfile(18539): getAverageBatteryDrainMaH called with unexpected key: 0x33000000, drain:TX,level:UNKNOWN(0x3000000)RAT:DEFAULT
01-19 08:04:14.911 W/ModemPowerProfile(18539): getAverageBatteryDrainMaH called with unexpected key: 0x34000000, drain:TX,level:UNKNOWN(0x4000000)RAT:DEFAULT
01-19 08:04:15.217 D/CompatibilityChangeReporter( 1654): Compat change id reported: 135634846; UID 10281; state: DISABLED
01-19 08:04:15.217 D/CompatibilityChangeReporter( 1654): Compat change id reported: 177438394; UID 10281; state: DISABLED
01-19 08:04:15.217 D/CompatibilityChangeReporter( 1654): Compat change id reported: 135772972; UID 10281; state: DISABLED
01-19 08:04:15.217 D/CompatibilityChangeReporter( 1654): Compat change id reported: 135754954; UID 10281; state: ENABLED
01-19 08:04:15.218 D/CompatibilityChangeReporter( 1654): Compat change id reported: 143937733; UID 10281; state: ENABLED
01-19 08:04:15.223 E/KernelCpuSpeedReader( 1654): Failed to read cpu-freq: /sys/devices/system/cpu/cpu4/cpufreq/stats/time_in_state: open failed: ENOENT (No such file or directory)
01-19 08:04:15.224 E/KernelCpuSpeedReader( 1654): Failed to read cpu-freq: /sys/devices/system/cpu/cpu0/cpufreq/stats/time_in_state: open failed: ENOENT (No such file or directory)
01-19 08:04:15.240 I/ActivityManager( 1654): Start proc 18958:com.oplus.romupdate/u0a281 for content provider {com.oplus.romupdate/com.oplusos.romupdate.provider.RomUpdateContentProvider}
01-19 08:04:15.306 D/CompatibilityChangeReporter( 1654): Compat change id reported: 168419799; UID 10281; state: DISABLED
01-19 08:04:15.780 E/OplusCustomizeRestrictionManager(18539): sInstance is null, start a new sInstance
01-19 08:04:15.792 E/ActivityThread(18539): Failed to find provider info for com.oplus.securitypermission.AppControlCenterProvider
01-19 08:04:15.814 I/ActivityManager( 1654): Killing 18279:com.coloros.weather.service/u0a188 (adj 975): empty #7
01-19 08:04:15.826 E/ActivityThread(18539): Failed to find provider info for com.oplus.securityguard.SecurityEventProvider
01-19 08:04:15.839 E/ActivityThread(18539): Failed to find provider info for com.oplus.securitypermission.AppControlCenterProvider
01-19 08:04:16.306 I/keystore2(  592): keystore2::watchdog: Watchdog thread idle -> terminating. Have a great day.
01-19 08:04:16.759 I/GameManagerServiceExt( 1654): re: 4, Bundle[mParcelledData.dataSize=5172] .
01-19 08:04:17.091 W/ContextImpl(18630): Calling a method in the system process without a qualified user: android.app.ContextImpl.startService:1889 android.content.ContextWrapper.startService:827 com.heytap.mcs.biz.statistics.StaticProcessTrackStatusManager.exitCurrentProcess:11 com.heytap.mcs.biz.statistics.StaticProcessTrackStatusManager$1.handleMessage:3 android.os.Handler.dispatchMessage:102 
01-19 08:04:17.187 I/ActivityManager( 1654): Process com.heytap.mcs.statistics (pid 18630) has died: fg  IMPF
01-19 08:04:17.190 I/ActivityThread(15681): Removing dead content provider:android.content.ContentProviderProxy@495552c
01-19 08:04:17.377 D/OplusSmartBrightnessController( 1654): handleMessage MSG_LUX_CHANGED, mLux:164.436 luxQueue=[161.0, 163.0, 163.0, 164.0, 171.0]
01-19 08:04:18.855 I/ActivityManager( 1654): Killing 18648:com.oplus.safecenter/1000 (adj 975): empty #7
01-19 08:04:19.577 D/OplusSmartBrightnessController( 1654): handleMessage MSG_LUX_CHANGED, mLux:166.339 luxQueue=[166.0, 165.0, 167.0, 166.0, 169.0, 165.0]
01-19 08:04:19.707 D/CompatibilityChangeReporter( 1654): Compat change id reported: 135634846; UID 10125; state: DISABLED
01-19 08:04:19.707 D/CompatibilityChangeReporter( 1654): Compat change id reported: 177438394; UID 10125; state: DISABLED
01-19 08:04:19.707 D/CompatibilityChangeReporter( 1654): Compat change id reported: 135772972; UID 10125; state: DISABLED
01-19 08:04:19.707 D/CompatibilityChangeReporter( 1654): Compat change id reported: 135754954; UID 10125; state: ENABLED
01-19 08:04:19.708 D/CompatibilityChangeReporter( 1654): Compat change id reported: 143937733; UID 10125; state: ENABLED
01-19 08:04:19.728 I/ActivityManager( 1654): Start proc 18992:com.google.process.gservices/u0a125 for content provider {com.google.android.gsf/com.google.android.gsf.gservices.GservicesProvider}
01-19 08:04:19.902 W/ActivityManager( 1654): Unable to start service Intent { act=com.google.android.gms.gservices.START pkg=com.google.android.gms } U=0: not found
01-19 08:04:19.903 W/ActivityManager( 1654): Unbind failed: could not find connection for android.os.BinderProxy@6e7059d
01-19 08:04:20.390 I/ActivityManager( 1654): Killing 18596:com.android.keychain/1000 (adj 975): empty #7
01-19 08:04:20.424 D/PowerManagerService( 1654): userActivityNoUpdateLocked: groupId=0, eventTime=189810983, event=2, flags=0x0, uid=1000
01-19 08:04:20.509 D/OplusOsPackageManager( 1654): removePkgFromNotLaunchedList com.THLight.BLE.USBeacon.Writer.Simple.dev
01-19 08:04:20.510 I/ActivityTaskManager( 1654): START u0 {act=android.intent.action.MAIN cat=[android.intent.category.LAUNCHER] flg=0x10200000 cmp=com.THLight.BLE.USBeacon.Writer.Simple.dev/com.THLight.BLE.USBeacon.Writer.Simple.ui.activity.AppStartActivity bnds=[360,1072][528,1264] mCallingUid=10098} from uid 10098
01-19 08:04:20.510 D/MultiApp.CMAService( 1654): changeIntentIfNeed --- from launcher
01-19 08:04:20.524 D/OplusZoomWindowManagerService( 1654): onConfigurationChanged rotation not changed - prevRotation: 0
01-19 08:04:20.526 I/OplusScreenSecurityMask( 1654): onStackAdded task = Task{3debe46 #182 type=standard ?? U=0 visible=false visibleRequested=false mode=fullscreen translucent=true sz=0} record = null displayId = 0
01-19 08:04:20.526 I/OplusScreenSecurityMask( 1654): onStackAdded task = Task{3debe46 #182 type=standard A=10152:com.THLight.BLE.USBeacon.Writer.Simple.dev U=0 visible=false visibleRequested=false mode=fullscreen translucent=true sz=0} record = null displayId = 0
01-19 08:04:20.530 D/TaskFragmentExtImpl( 1654): add ActivityRecord{647a088 u0 com.THLight.BLE.USBeacon.Writer.Simple.dev/com.THLight.BLE.USBeacon.Writer.Simple.ui.activity.AppStartActivity} t182} to mActivityRecordSum = Counter{ com.THLight.BLE.USBeacon.Writer.Simple.dev/com.THLight.BLE.USBeacon.Writer.Simple.ui.activity.AppStartActivity(1) }
01-19 08:04:20.532 D/ActivityTaskManager( 1654): getStartingWindowType: newTask=true, taskSwitch=true, processRunning=false, allowTaskSnapshot=true, activityCreated=false, snapshot=null, record:ActivityRecord{647a088 u0 com.THLight.BLE.USBeacon.Writer.Simple.dev/com.THLight.BLE.USBeacon.Writer.Simple.ui.activity.AppStartActivity} t182}
01-19 08:04:20.533 V/OplusZoomWindowManagerService( 1654): windowMode: 0 ,stack: Task{3debe46 #182 type=standard A=10152:com.THLight.BLE.USBeacon.Writer.Simple.dev U=0 visible=true visibleRequested=false mode=fullscreen translucent=true sz=1}
01-19 08:04:20.535 D/PhoneStartingWindowTypeAlgorithm( 2315): preferredStartingWindowType newTask=true, taskSwitch=true, processRunning=false, allowTaskSnapshot=true, activityCreated=false, isSolidColorSplashScreen=false, legacySplashScreen=false, activityDrawn=false, topIsHome=false
01-19 08:04:20.539 D/OplusShellStartingWindowManager( 2315): adjustSuggestedWindowType: skip no-system app and no-exception list app
01-19 08:04:20.542 D/ShellStartingWindow( 2315): getWindowAttrs window attributes color: 0, replace icon: false
01-19 08:04:20.544 I/Quality ( 2642): Skipped: true 1 cost 23.677496 refreshRate 16920310 bit true processName com.android.launcher
01-19 08:04:20.546 D/CompatibilityChangeReporter( 1654): Compat change id reported: 135634846; UID 10152; state: DISABLED
01-19 08:04:20.546 D/CompatibilityChangeReporter( 1654): Compat change id reported: 177438394; UID 10152; state: DISABLED
01-19 08:04:20.546 D/CompatibilityChangeReporter( 1654): Compat change id reported: 135772972; UID 10152; state: DISABLED
01-19 08:04:20.547 D/CompatibilityChangeReporter( 1654): Compat change id reported: 135754954; UID 10152; state: ENABLED
01-19 08:04:20.548 W/ShellStartingWindow( 2315): peekWindowBGColor mWindowBgColor:0 mWindowBgResId:17303466 estimatedWindowBGColor:-16777216
01-19 08:04:20.548 D/CompatibilityChangeReporter( 1654): Compat change id reported: 143937733; UID 10152; state: ENABLED
01-19 08:04:20.553 D/OplusFullScreenDisplayManager( 1654): adjustWindowParamsLw com.THLight.BLE.USBeacon.Writer.Simple.dev, no change cutoutMode: 0
01-19 08:04:20.554 D/ShellStartingWindow( 2315): inconsize = 320
01-19 08:04:20.555 I/WindowManager( 1654): addWindow: New client android.os.BinderProxy@e97f8a0 : window=Window{35cc59 u0 Splash Screen com.THLight.BLE.USBeacon.Writer.Simple.dev}
01-19 08:04:20.556 D/CoreBackPreview( 1654): Window{35cc59 u0 Splash Screen com.THLight.BLE.USBeacon.Writer.Simple.dev}: Setting back callback OnBackInvokedCallbackInfo{mCallback=android.window.IOnBackInvokedCallback$Stub$Proxy@92c70ff, mPriority=0}
01-19 08:04:20.560 D/OplusShellStartingWindowManager( 2315): handleSplashScreenView: normal third app or no-default
01-19 08:04:20.567 D/OplusFullScreenDisplayManager( 1654): adjustWindowParamsLw com.THLight.BLE.USBeacon.Writer.Simple.dev, no change cutoutMode: 0
01-19 08:04:20.567 V/WindowManager( 1654): Relayout Window{35cc59 u0 Splash Screen com.THLight.BLE.USBeacon.Writer.Simple.dev}: viewVisibility=0, oldvis=0, req=720x1600
01-19 08:04:20.576 V/WindowManager( 1654): Changing focus from Window{3484b20 u0 com.android.launcher/com.android.launcher.Launcher} to null,diplayid=0
01-19 08:04:20.576 I/ActivityManager( 1654): Start proc 19011:com.THLight.BLE.USBeacon.Writer.Simple.dev/u0a152 for next-top-activity {com.THLight.BLE.USBeacon.Writer.Simple.dev/com.THLight.BLE.USBeacon.Writer.Simple.ui.activity.AppStartActivity}
01-19 08:04:20.598 D/ViewRootImplExtImpl( 2315): Block resize report for SplashScreen of systemui.
01-19 08:04:20.598 D/WindowManager( 1654): finishDrawingWindow: Window{35cc59 u0 Splash Screen com.THLight.BLE.USBeacon.Writer.Simple.dev} mDrawState=DRAW_PENDING
01-19 08:04:20.627 I/WindowStateExtImpl( 1654): onSurfaceShowChange show = true mPackageName = com.THLight.BLE.USBeacon.Writer.Simple.dev parentPkgName = com.THLight.BLE.USBeacon.Writer.Simple.dev
01-19 08:04:20.668 D/OplusAppListInterceptManager( 1654): shouldFilterTask
01-19 08:04:20.668 D/OplusAppListInterceptManager( 1654): shouldFilterTask::packageName = com.THLight.BLE.USBeacon.Writer.Simple.dev
01-19 08:04:20.669 D/OplusAppListInterceptManager( 1654): shouldFilterTask
01-19 08:04:20.669 D/OplusAppListInterceptManager( 1654): shouldFilterTask::packageName = com.android.settings
01-19 08:04:20.669 D/OplusSplitScreenManagerService( 1654): com.android.settings unSupportsSplitScreen by blockList or ForbidActivityList
01-19 08:04:20.669 D/OplusAthena( 1654): com.google.android.gm in recent lock list
01-19 08:04:20.717 D/CompatibilityChangeReporter( 1654): Compat change id reported: 168419799; UID 10125; state: DISABLED
01-19 08:04:20.743 D/OplusDexOptimizeManager( 1654): Do not in AppLaunchOptList!
01-19 08:04:20.747 I/OplusAppSwitchManagerService( 1654): appswitch hasProcess ActivityRecord{647a088 u0 com.THLight.BLE.USBeacon.Writer.Simple.dev/com.THLight.BLE.USBeacon.Writer.Simple.ui.activity.AppStartActivity} t182}
01-19 08:04:20.747 I/OplusJoystickManager( 1654): handleApplicationSwitch deprecated!
