01-19 08:01:56.914 D/OplusFeatureReduceBrightness( 1654): setAnimating : animating = false
01-19 08:01:56.914 I/OplusSmartBrightnessController( 1654): setHDRAnimatingState = false
01-19 08:01:56.915 D/OplusDisplayPowerControllerExtImpl( 1654): original brightness:722 final brightness:722.0 scale:1.0 reason:4 darkLevel:0
01-19 08:01:56.916 D/DisplayPowerController[0]( 1654): Brightness [722.0] reason changing to: 'automatic [ auto_adj ]', previous reason: 'automatic'. id=local:0
01-19 08:01:56.916 I/DisplayPowerController[0]( 1654): BrightnessEvent: disp=0, brt=722.0, rcmdBrt=NaN, preBrt=NaN, lux=0.0, preLux=0.0, hbmMax=1.0, hbmMode=off, thrmMax=1.0, flags=, reason=automatic [ auto_adj ]
01-19 08:01:56.916 D/VRR [OPlusRefreshRateService]( 1654): notifyBrightnessChange brightness: 722.0
01-19 08:01:57.376 D/OplusSmartBrightnessController( 1654): handleMessage MSG_LUX_CHANGED, mLux:249.84761 luxQueue=[247.0, 246.0, 250.0, 251.0, 251.0, 254.0]
01-19 08:01:57.557 D/CoreBackPreview( 1654): Window{a2821ee u0 com.THLight.BLE.USBeacon.Writer.Simple.dev/com.THLight.BLE.USBeacon.Writer.Simple.ui.activity.scan.ScanDeviceListActivity}: Setting back callback null
01-19 08:01:57.559 V/ZoomWindowDecorView(17498): removeZoomView
01-19 08:01:57.572 V/WindowManager( 1654): Changing focus from Window{a2821ee u0 com.THLight.BLE.USBeacon.Writer.Simple.dev/com.THLight.BLE.USBeacon.Writer.Simple.ui.activity.scan.ScanDeviceListActivity EXITING} to Window{937ff08 u0 com.THLight.BLE.USBeacon.Writer.Simple.dev/com.THLight.BLE.USBeacon.Writer.Simple.ui.activity.scan.ScanDeviceListActivity},diplayid=0
01-19 08:01:57.601 V/WindowManager( 1654): Unknown focus tokens, dropping reportFocusChanged
01-19 08:01:57.608 I/Quality (17498): Skipped: false 2 cost 44.229523 refreshRate 16708362 bit true processName com.THLight.BLE.USBeacon.Writer.Simple.dev
01-19 08:01:57.639 D/InputMethodManagerService( 1654): isSecurity: attribute.packageName=com.THLight.BLE.USBeacon.Writer.Simple.dev mCurMethodId=com.google.android.inputmethod.latin/com.android.inputmethod.latin.LatinIME
01-19 08:01:57.640 D/InputMethodManagerService( 1654): isSecurity= false (  enable=false needShow=false inBlackList=false isExist=false )
01-19 08:01:57.642 V/AutofillInlineSuggestionsRequestSession( 1654): onInputMethodFinishInput() received
01-19 08:01:57.642 V/AutofillInlineSuggestionsRequestSession( 1654): maybeUpdateResponseToImeLocked called
01-19 08:01:57.645 V/AutofillInlineSuggestionsRequestSession( 1654): onInputMethodStartInput() received on 4
01-19 08:01:57.645 V/AutofillInlineSuggestionsRequestSession( 1654): maybeUpdateResponseToImeLocked called
01-19 08:01:57.656 D/InputMethodManagerService( 1654): onHandleImeWindowVisibleStatus: vis = 0, needsToShowImeSwitcher = false
01-19 08:01:58.176 D/OplusSmartBrightnessController( 1654): handleMessage MSG_LUX_CHANGED, mLux:259.02606 luxQueue=[256.0, 256.0, 259.0, 265.0]
01-19 08:01:58.979 D/OplusSmartBrightnessController( 1654): handleMessage MSG_LUX_CHANGED, mLux:336.08594 luxQueue=[283.0, 301.0, 330.0, 415.0]
01-19 08:01:59.690 V/WindowOrientationListener( 1654): onSensorChanged mDesiredRotation = 4
01-19 08:01:59.977 D/OplusSmartBrightnessController( 1654): handleMessage MSG_LUX_CHANGED, mLux:435.28427 luxQueue=[446.0, 444.0, 425.0, 434.0, 427.0]
01-19 08:02:00.035 E/OplusCustomizeRestrictionManagerService( 1654): isBiometricDisabled start
01-19 08:02:00.037 E/OplusCustomizeRestrictionManagerService( 1654): isBiometricDisabled start
01-19 08:02:00.589 V/WindowManager( 1654): Relayout Window{cbdf5b8 u0 OplusPrivacyIconTopLeft}: viewVisibility=8, oldvis=8, req=8x8
01-19 08:02:00.599 V/WindowManager( 1654): Relayout Window{e767333 u0 OplusPrivacyIconTopRight}: viewVisibility=8, oldvis=8, req=8x8
01-19 08:02:00.617 I/Quality ( 1123): SFJankCountInfo: 1251;0;0-0-0-0-0-0-0-0-0-0;1-0-0-0-0-0-0-0-0-0;2-0-0-0-0-0-0-0-0-0;3-0-0-0-0-0-0-0-0-0;4-0-0-0-0-0-0-0-0-0;5-0-0-0-0-0-0-0-0-0;6-0-0-0-0-0-0-0-0-0;7-0-0-0-0-0-0-0-0-0;8-0-0-0-0-0-0-0-0-0;9-0-0-0-0-0-0-0-0-0;
01-19 08:02:01.377 D/OplusSmartBrightnessController( 1654): handleMessage MSG_LUX_CHANGED, mLux:430.86224 luxQueue=[433.0, 429.0, 430.0, 429.0, 435.0, 430.0, 430.0]
01-19 08:02:04.913 I/ActivityManager( 1654): Killing 15127:com.google.process.gservices/u0a125 (adj 965): empty #7
01-19 08:02:06.377 D/OplusSmartBrightnessController( 1654): handleMessage MSG_LUX_CHANGED, mLux:432.20065 luxQueue=[432.0, 431.0, 432.0, 433.0, 433.0]
01-19 08:02:10.777 D/OplusSmartBrightnessController( 1654): handleMessage MSG_LUX_CHANGED, mLux:428.5787 luxQueue=[424.0, 430.0, 426.0, 432.0, 429.0, 430.0, 429.0]
01-19 08:02:13.314 E/AppOps  ( 1654): attributionTag  not declared in manifest of com.oplus.exsystemservice
01-19 08:02:13.323 E/AppOps  ( 1654): attributionTag  not declared in manifest of com.oplus.exsystemservice
01-19 08:02:16.288 D/DisplayManagerServiceExtImpl( 1654): request size(1,1),dpc=com.android.server.display.DisplayPowerController@484ef97 size(0,1),flags=0X200F,id(0,0,local:0), phase=1, enable=true, ready=false,prox=false policy=DIM,dozeState=UNKNOWN,screenBrightnessOverride=-1.000000,useAuto=true,lowPower=false,lowPowerFactor=1.000000
01-19 08:02:16.289 I/OplusSmartBrightnessController( 1654): handleBrightnessTotalRateType: automatic->dim
01-19 08:02:16.289 D/OplusDisplayPowerControllerExtImpl( 1654): original brightness:13 final brightness:13.0 scale:1.0 reason:4 darkLevel:0
01-19 08:02:16.294 D/OplusDisplayPowerControllerExtImpl( 1654): Animating brightness: target=722->13,rate=25->2600,type=dim,byUse=false local:0
01-19 08:02:16.295 D/DisplayPowerController[0]( 1654): Brightness [13.0] reason changing to: 'automatic [ auto_adj dim ]', previous reason: 'automatic'. id=local:0
01-19 08:02:16.295 I/DisplayPowerController[0]( 1654): BrightnessEvent: disp=0, brt=13.0, rcmdBrt=NaN, preBrt=NaN, lux=0.0, preLux=0.0, hbmMax=1.0, hbmMode=off, thrmMax=1.0, flags=, reason=automatic [ auto_adj dim ]
01-19 08:02:16.295 D/OplusDisplayPowerControllerExtImpl( 1654): RECORD:onUpdatePowerState policy:2 state:2 brightness:13
01-19 08:02:16.298 D/VRR [OPlusRefreshRateService]( 1654): notifyBrightnessChange brightness: 13.0
01-19 08:02:16.299 D/VRR [OPlusRefreshRateService]( 1654): notifyNitsChange nits: 2.6263962 discrete nits: 107.15883
01-19 08:02:16.299 D/VRR [OPlusRefreshRateService]( 1654): handleBrightnessChange nits: 2.6263962
01-19 08:02:16.302 D/OplusFeatureHDREnhanceBrightness( 1654): setAnimating : animating = true
01-19 08:02:16.303 D/OplusFeatureReduceBrightness( 1654): setAnimating : animating = true
01-19 08:02:16.316 D/DisplayPowerController[0]( 1654): onChange selfChange=false uri=content://settings/system/screen_brightness
01-19 08:02:16.317 D/OplusDisplayPowerControllerExtImpl( 1654): original brightness:13 final brightness:13.0 scale:1.0 reason:4 darkLevel:0
01-19 08:02:16.319 D/OplusDisplayPowerControllerExtImpl( 1654): Animating brightness: target=13->13,rate=2600->25,type=dim,byUse=false local:0
01-19 08:02:16.319 D/DisplayPowerController[0]( 1654): Brightness [13.0] reason changing to: 'automatic [ auto_adj dim ]', previous reason: 'automatic [ dim ]'. id=local:0
01-19 08:02:16.319 I/DisplayPowerController[0]( 1654): BrightnessEvent: disp=0, brt=13.0(user_set), rcmdBrt=NaN, preBrt=NaN, lux=0.0, preLux=0.0, hbmMax=1.0, hbmMode=off, thrmMax=1.0, flags=user_set , reason=automatic [ auto_adj dim ]
01-19 08:02:16.319 D/VRR [OPlusRefreshRateService]( 1654): notifyBrightnessChange brightness: 13.0
01-19 08:02:16.320 D/DisplayManagerService( 1654): Delivering display event: displayId=0, event=4
01-19 08:02:16.338 D/DisplayPowerController[0]( 1654): onChange selfChange=false uri=content://settings/system/screen_brightness
01-19 08:02:16.339 D/OplusDisplayPowerControllerExtImpl( 1654): original brightness:13 final brightness:13.0 scale:1.0 reason:4 darkLevel:0
01-19 08:02:16.341 D/DisplayPowerController[0]( 1654): Brightness [13.0] reason changing to: 'automatic [ auto_adj dim ]', previous reason: 'automatic [ dim ]'. id=local:0
01-19 08:02:16.341 I/DisplayPowerController[0]( 1654): BrightnessEvent: disp=0, brt=13.0(user_set), rcmdBrt=NaN, preBrt=NaN, lux=0.0, preLux=0.0, hbmMax=1.0, hbmMode=off, thrmMax=1.0, flags=user_set , reason=automatic [ auto_adj dim ]
01-19 08:02:16.341 D/VRR [OPlusRefreshRateService]( 1654): notifyBrightnessChange brightness: 13.0
01-19 08:02:16.344 D/DisplayManagerService( 1654): Delivering display event: displayId=0, event=4
01-19 08:02:16.359 D/DisplayPowerController[0]( 1654): onChange selfChange=false uri=content://settings/system/screen_brightness
01-19 08:02:16.360 D/OplusDisplayPowerControllerExtImpl( 1654): original brightness:13 final brightness:13.0 scale:1.0 reason:4 darkLevel:0
01-19 08:02:16.363 D/DisplayPowerController[0]( 1654): Brightness [13.0] reason changing to: 'automatic [ auto_adj dim ]', previous reason: 'automatic [ dim ]'. id=local:0
01-19 08:02:16.363 I/DisplayPowerController[0]( 1654): BrightnessEvent: disp=0, brt=13.0(user_set), rcmdBrt=NaN, preBrt=NaN, lux=0.0, preLux=0.0, hbmMax=1.0, hbmMode=off, thrmMax=1.0, flags=user_set , reason=automatic [ auto_adj dim ]
01-19 08:02:16.363 D/VRR [OPlusRefreshRateService]( 1654): notifyBrightnessChange brightness: 13.0
01-19 08:02:16.364 D/DisplayManagerService( 1654): Delivering display event: displayId=0, event=4
01-19 08:02:16.380 D/DisplayPowerController[0]( 1654): onChange selfChange=false uri=content://settings/system/screen_brightness
01-19 08:02:16.382 D/OplusDisplayPowerControllerExtImpl( 1654): original brightness:13 final brightness:13.0 scale:1.0 reason:4 darkLevel:0
01-19 08:02:16.384 D/DisplayPowerController[0]( 1654): Brightness [13.0] reason changing to: 'automatic [ auto_adj dim ]', previous reason: 'automatic [ dim ]'. id=local:0
01-19 08:02:16.384 I/DisplayPowerController[0]( 1654): BrightnessEvent: disp=0, brt=13.0(user_set), rcmdBrt=NaN, preBrt=NaN, lux=0.0, preLux=0.0, hbmMax=1.0, hbmMode=off, thrmMax=1.0, flags=user_set , reason=automatic [ auto_adj dim ]
01-19 08:02:16.385 D/VRR [OPlusRefreshRateService]( 1654): notifyBrightnessChange brightness: 13.0
01-19 08:02:16.386 D/DisplayManagerService( 1654): Delivering display event: displayId=0, event=4
01-19 08:02:16.394 D/DisplayPowerController[0]( 1654): onChange selfChange=false uri=content://settings/system/screen_brightness
01-19 08:02:16.395 D/OplusDisplayPowerControllerExtImpl( 1654): original brightness:13 final brightness:13.0 scale:1.0 reason:4 darkLevel:0
01-19 08:02:16.397 D/DisplayPowerController[0]( 1654): Brightness [13.0] reason changing to: 'automatic [ auto_adj dim ]', previous reason: 'automatic [ dim ]'. id=local:0
01-19 08:02:16.397 I/DisplayPowerController[0]( 1654): BrightnessEvent: disp=0, brt=13.0(user_set), rcmdBrt=NaN, preBrt=NaN, lux=0.0, preLux=0.0, hbmMax=1.0, hbmMode=off, thrmMax=1.0, flags=user_set , reason=automatic [ auto_adj dim ]
01-19 08:02:16.398 D/VRR [OPlusRefreshRateService]( 1654): notifyBrightnessChange brightness: 13.0
01-19 08:02:16.398 D/DisplayManagerService( 1654): Delivering display event: displayId=0, event=4
01-19 08:02:16.408 D/DisplayPowerController[0]( 1654): onChange selfChange=false uri=content://settings/system/screen_brightness
01-19 08:02:16.410 D/OplusDisplayPowerControllerExtImpl( 1654): original brightness:13 final brightness:13.0 scale:1.0 reason:4 darkLevel:0
01-19 08:02:16.412 D/DisplayPowerController[0]( 1654): Brightness [13.0] reason changing to: 'automatic [ auto_adj dim ]', previous reason: 'automatic [ dim ]'. id=local:0
01-19 08:02:16.412 I/DisplayPowerController[0]( 1654): BrightnessEvent: disp=0, brt=13.0(user_set), rcmdBrt=NaN, preBrt=NaN, lux=0.0, preLux=0.0, hbmMax=1.0, hbmMode=off, thrmMax=1.0, flags=user_set , reason=automatic [ auto_adj dim ]
01-19 08:02:16.412 D/VRR [OPlusRefreshRateService]( 1654): notifyBrightnessChange brightness: 13.0
01-19 08:02:16.413 D/OplusDisplayPowerControllerExtImpl( 1654): original brightness:13 final brightness:13.0 scale:1.0 reason:4 darkLevel:0
01-19 08:02:16.414 D/DisplayManagerService( 1654): Delivering display event: displayId=0, event=4
01-19 08:02:16.415 D/DisplayPowerController[0]( 1654): Brightness [13.0] reason changing to: 'automatic [ auto_adj dim ]', previous reason: 'automatic [ dim ]'. id=local:0
01-19 08:02:16.415 I/DisplayPowerController[0]( 1654): BrightnessEvent: disp=0, brt=13.0, rcmdBrt=NaN, preBrt=NaN, lux=0.0, preLux=0.0, hbmMax=1.0, hbmMode=off, thrmMax=1.0, flags=, reason=automatic [ auto_adj dim ]
01-19 08:02:16.415 D/VRR [OPlusRefreshRateService]( 1654): notifyBrightnessChange brightness: 13.0
01-19 08:02:16.423 D/DisplayPowerController[0]( 1654): onChange selfChange=false uri=content://settings/system/screen_brightness
01-19 08:02:16.424 D/OplusDisplayPowerControllerExtImpl( 1654): original brightness:13 final brightness:13.0 scale:1.0 reason:4 darkLevel:0
01-19 08:02:16.426 D/DisplayPowerController[0]( 1654): Brightness [13.0] reason changing to: 'automatic [ auto_adj dim ]', previous reason: 'automatic [ dim ]'. id=local:0
01-19 08:02:16.427 I/DisplayPowerController[0]( 1654): BrightnessEvent: disp=0, brt=13.0(user_set), rcmdBrt=NaN, preBrt=NaN, lux=0.0, preLux=0.0, hbmMax=1.0, hbmMode=off, thrmMax=1.0, flags=user_set , reason=automatic [ auto_adj dim ]
01-19 08:02:16.427 D/VRR [OPlusRefreshRateService]( 1654): notifyBrightnessChange brightness: 13.0
01-19 08:02:16.428 D/DisplayManagerService( 1654): Delivering display event: displayId=0, event=4
01-19 08:02:16.440 D/DisplayPowerController[0]( 1654): onChange selfChange=false uri=content://settings/system/screen_brightness
01-19 08:02:16.441 D/OplusDisplayPowerControllerExtImpl( 1654): original brightness:13 final brightness:13.0 scale:1.0 reason:4 darkLevel:0
01-19 08:02:16.443 D/DisplayPowerController[0]( 1654): Brightness [13.0] reason changing to: 'automatic [ auto_adj dim ]', previous reason: 'automatic [ dim ]'. id=local:0
01-19 08:02:16.444 I/DisplayPowerController[0]( 1654): BrightnessEvent: disp=0, brt=13.0(user_set), rcmdBrt=NaN, preBrt=NaN, lux=0.0, preLux=0.0, hbmMax=1.0, hbmMode=off, thrmMax=1.0, flags=user_set , reason=automatic [ auto_adj dim ]
01-19 08:02:16.445 D/VRR [OPlusRefreshRateService]( 1654): notifyBrightnessChange brightness: 13.0
01-19 08:02:16.447 D/DisplayManagerService( 1654): Delivering display event: displayId=0, event=4
01-19 08:02:16.455 D/DisplayPowerController[0]( 1654): onChange selfChange=false uri=content://settings/system/screen_brightness
01-19 08:02:16.456 D/OplusDisplayPowerControllerExtImpl( 1654): original brightness:13 final brightness:13.0 scale:1.0 reason:4 darkLevel:0
01-19 08:02:16.457 D/DisplayPowerController[0]( 1654): Brightness [13.0] reason changing to: 'automatic [ auto_adj dim ]', previous reason: 'automatic [ dim ]'. id=local:0
01-19 08:02:16.457 I/DisplayPowerController[0]( 1654): BrightnessEvent: disp=0, brt=13.0(user_set), rcmdBrt=NaN, preBrt=NaN, lux=0.0, preLux=0.0, hbmMax=1.0, hbmMode=off, thrmMax=1.0, flags=user_set , reason=automatic [ auto_adj dim ]
01-19 08:02:16.458 D/VRR [OPlusRefreshRateService]( 1654): notifyBrightnessChange brightness: 13.0
01-19 08:02:16.458 D/DisplayManagerService( 1654): Delivering display event: displayId=0, event=4
01-19 08:02:16.470 D/DisplayPowerController[0]( 1654): onChange selfChange=false uri=content://settings/system/screen_brightness
01-19 08:02:16.471 D/OplusDisplayPowerControllerExtImpl( 1654): original brightness:13 final brightness:13.0 scale:1.0 reason:4 darkLevel:0
01-19 08:02:16.473 D/DisplayPowerController[0]( 1654): Brightness [13.0] reason changing to: 'automatic [ auto_adj dim ]', previous reason: 'automatic [ dim ]'. id=local:0
01-19 08:02:16.473 I/DisplayPowerController[0]( 1654): BrightnessEvent: disp=0, brt=13.0(user_set), rcmdBrt=NaN, preBrt=NaN, lux=0.0, preLux=0.0, hbmMax=1.0, hbmMode=off, thrmMax=1.0, flags=user_set , reason=automatic [ auto_adj dim ]
01-19 08:02:16.474 D/VRR [OPlusRefreshRateService]( 1654): notifyBrightnessChange brightness: 13.0
01-19 08:02:16.475 D/DisplayManagerService( 1654): Delivering display event: displayId=0, event=4
01-19 08:02:16.487 D/DisplayPowerController[0]( 1654): onChange selfChange=false uri=content://settings/system/screen_brightness
01-19 08:02:16.488 D/OplusDisplayPowerControllerExtImpl( 1654): original brightness:13 final brightness:13.0 scale:1.0 reason:4 darkLevel:0
01-19 08:02:16.491 D/DisplayPowerController[0]( 1654): Brightness [13.0] reason changing to: 'automatic [ auto_adj dim ]', previous reason: 'automatic [ dim ]'. id=local:0
01-19 08:02:16.491 I/DisplayPowerController[0]( 1654): BrightnessEvent: disp=0, brt=13.0(user_set), rcmdBrt=NaN, preBrt=NaN, lux=0.0, preLux=0.0, hbmMax=1.0, hbmMode=off, thrmMax=1.0, flags=user_set , reason=automatic [ auto_adj dim ]
01-19 08:02:16.491 D/VRR [OPlusRefreshRateService]( 1654): notifyBrightnessChange brightness: 13.0
01-19 08:02:16.492 D/DisplayManagerService( 1654): Delivering display event: displayId=0, event=4
01-19 08:02:16.504 D/DisplayPowerController[0]( 1654): onChange selfChange=false uri=content://settings/system/screen_brightness
01-19 08:02:16.505 D/OplusDisplayPowerControllerExtImpl( 1654): original brightness:13 final brightness:13.0 scale:1.0 reason:4 darkLevel:0
01-19 08:02:16.507 D/DisplayPowerController[0]( 1654): Brightness [13.0] reason changing to: 'automatic [ auto_adj dim ]', previous reason: 'automatic [ dim ]'. id=local:0
01-19 08:02:16.508 I/DisplayPowerController[0]( 1654): BrightnessEvent: disp=0, brt=13.0(user_set), rcmdBrt=NaN, preBrt=NaN, lux=0.0, preLux=0.0, hbmMax=1.0, hbmMode=off, thrmMax=1.0, flags=user_set , reason=automatic [ auto_adj dim ]
01-19 08:02:16.508 D/VRR [OPlusRefreshRateService]( 1654): notifyBrightnessChange brightness: 13.0
01-19 08:02:16.509 D/DisplayManagerService( 1654): Delivering display event: displayId=0, event=4
01-19 08:02:16.519 D/DisplayPowerController[0]( 1654): onChange selfChange=false uri=content://settings/system/screen_brightness
01-19 08:02:16.520 D/OplusDisplayPowerControllerExtImpl( 1654): original brightness:13 final brightness:13.0 scale:1.0 reason:4 darkLevel:0
01-19 08:02:16.522 D/DisplayPowerController[0]( 1654): Brightness [13.0] reason changing to: 'automatic [ auto_adj dim ]', previous reason: 'automatic [ dim ]'. id=local:0
01-19 08:02:16.522 I/DisplayPowerController[0]( 1654): BrightnessEvent: disp=0, brt=13.0(user_set), rcmdBrt=NaN, preBrt=NaN, lux=0.0, preLux=0.0, hbmMax=1.0, hbmMode=off, thrmMax=1.0, flags=user_set , reason=automatic [ auto_adj dim ]
01-19 08:02:16.523 D/VRR [OPlusRefreshRateService]( 1654): notifyBrightnessChange brightness: 13.0
01-19 08:02:16.523 D/DisplayManagerService( 1654): Delivering display event: displayId=0, event=4
01-19 08:02:16.532 D/OplusDisplayPanelFeature( 1654): setDisplayPanelFeatureValue +++, ID:184, value:9
01-19 08:02:16.534 D/DisplayPowerController[0]( 1654): onChange selfChange=false uri=content://settings/system/screen_brightness
01-19 08:02:16.534 D/OplusDisplayPowerControllerExtImpl( 1654): original brightness:13 final brightness:13.0 scale:1.0 reason:4 darkLevel:0
01-19 08:02:16.535 D/DisplayPowerController[0]( 1654): Brightness [13.0] reason changing to: 'automatic [ auto_adj dim ]', previous reason: 'automatic [ dim ]'. id=local:0
01-19 08:02:16.536 I/DisplayPowerController[0]( 1654): BrightnessEvent: disp=0, brt=13.0(user_set), rcmdBrt=NaN, preBrt=NaN, lux=0.0, preLux=0.0, hbmMax=1.0, hbmMode=off, thrmMax=1.0, flags=user_set , reason=automatic [ auto_adj dim ]
01-19 08:02:16.536 D/VRR [OPlusRefreshRateService]( 1654): notifyBrightnessChange brightness: 13.0
01-19 08:02:16.536 D/DisplayManagerService( 1654): Delivering display event: displayId=0, event=4
01-19 08:02:16.547 E/DisplayManagerServiceExtImpl( 1654): can't get service binder: oppposcreenmode
01-19 08:02:16.547 E/DisplayManagerServiceExtImpl( 1654): can't get service interface: opscreenmode
01-19 08:02:16.553 D/DisplayPowerController[0]( 1654): onChange selfChange=false uri=content://settings/system/screen_brightness
01-19 08:02:16.554 D/OplusDisplayPowerControllerExtImpl( 1654): original brightness:13 final brightness:13.0 scale:1.0 reason:4 darkLevel:0
01-19 08:02:16.556 D/DisplayPowerController[0]( 1654): Brightness [13.0] reason changing to: 'automatic [ auto_adj dim ]', previous reason: 'automatic [ dim ]'. id=local:0
01-19 08:02:16.556 I/DisplayPowerController[0]( 1654): BrightnessEvent: disp=0, brt=13.0(user_set), rcmdBrt=NaN, preBrt=NaN, lux=0.0, preLux=0.0, hbmMax=1.0, hbmMode=off, thrmMax=1.0, flags=user_set , reason=automatic [ auto_adj dim ]
01-19 08:02:16.556 D/VRR [OPlusRefreshRateService]( 1654): notifyBrightnessChange brightness: 13.0
01-19 08:02:16.556 D/DisplayManagerService( 1654): Delivering display event: displayId=0, event=4
01-19 08:02:16.564 E/DisplayManagerServiceExtImpl( 1654): can't get service binder: oppposcreenmode
01-19 08:02:16.564 E/DisplayManagerServiceExtImpl( 1654): can't get service interface: opscreenmode
01-19 08:02:16.575 D/DisplayPowerController[0]( 1654): onChange selfChange=false uri=content://settings/system/screen_brightness
01-19 08:02:16.576 D/OplusDisplayPowerControllerExtImpl( 1654): original brightness:13 final brightness:13.0 scale:1.0 reason:4 darkLevel:0
01-19 08:02:16.578 D/DisplayPowerController[0]( 1654): Brightness [13.0] reason changing to: 'automatic [ auto_adj dim ]', previous reason: 'automatic [ dim ]'. id=local:0
01-19 08:02:16.578 I/DisplayPowerController[0]( 1654): BrightnessEvent: disp=0, brt=13.0(user_set), rcmdBrt=NaN, preBrt=NaN, lux=0.0, preLux=0.0, hbmMax=1.0, hbmMode=off, thrmMax=1.0, flags=user_set , reason=automatic [ auto_adj dim ]
01-19 08:02:16.578 D/VRR [OPlusRefreshRateService]( 1654): notifyBrightnessChange brightness: 13.0
01-19 08:02:16.579 D/DisplayManagerService( 1654): Delivering display event: displayId=0, event=4
01-19 08:02:16.580 D/OplusFeatureHDREnhanceBrightness( 1654): setAnimating : animating = false
01-19 08:02:16.580 D/OplusFeatureReduceBrightness( 1654): setAnimating : animating = false
01-19 08:02:16.580 I/OplusSmartBrightnessController( 1654): setHDRAnimatingState = false
01-19 08:02:16.580 D/OplusDisplayPowerControllerExtImpl( 1654): original brightness:13 final brightness:13.0 scale:1.0 reason:4 darkLevel:0
01-19 08:02:16.582 D/DisplayPowerController[0]( 1654): Brightness [13.0] reason changing to: 'automatic [ auto_adj dim ]', previous reason: 'automatic [ dim ]'. id=local:0
01-19 08:02:16.582 I/DisplayPowerController[0]( 1654): BrightnessEvent: disp=0, brt=13.0, rcmdBrt=NaN, preBrt=NaN, lux=0.0, preLux=0.0, hbmMax=1.0, hbmMode=off, thrmMax=1.0, flags=, reason=automatic [ auto_adj dim ]
01-19 08:02:16.582 D/VRR [OPlusRefreshRateService]( 1654): notifyBrightnessChange brightness: 13.0
01-19 08:02:16.583 E/DisplayManagerServiceExtImpl( 1654): can't get service binder: oppposcreenmode
01-19 08:02:16.583 E/DisplayManagerServiceExtImpl( 1654): can't get service interface: opscreenmode
01-19 08:02:16.595 D/DisplayPowerController[0]( 1654): onChange selfChange=false uri=content://settings/system/screen_brightness
01-19 08:02:16.596 D/OplusDisplayPowerControllerExtImpl( 1654): original brightness:13 final brightness:13.0 scale:1.0 reason:4 darkLevel:0
01-19 08:02:16.597 D/DisplayPowerController[0]( 1654): Brightness [13.0] reason changing to: 'automatic [ auto_adj dim ]', previous reason: 'automatic [ dim ]'. id=local:0
01-19 08:02:16.597 I/DisplayPowerController[0]( 1654): BrightnessEvent: disp=0, brt=13.0(user_set), rcmdBrt=NaN, preBrt=NaN, lux=0.0, preLux=0.0, hbmMax=1.0, hbmMode=off, thrmMax=1.0, flags=user_set , reason=automatic [ auto_adj dim ]
01-19 08:02:16.597 D/VRR [OPlusRefreshRateService]( 1654): notifyBrightnessChange brightness: 13.0
01-19 08:02:16.598 D/DisplayManagerService( 1654): Delivering display event: displayId=0, event=4
01-19 08:02:16.800 D/VRR [OPlusSurfaceFlingerController]( 1654):  setTouchIdle : TouchIdleBean{mEnable=true, mHwEnable=false, mSwEnable=true, mAdfrEnable=false, mTimeOut=4000, mContentThreshold=-1, mContentGapMs=500, mBrightnessLimit=200, mNitLimit=-1, mLowestRate=60, mBlackList=[], mReadingWhiteList=[], mSpecialTimeOutMap={}, mSwWhiteMap={}, mSwNegligibleOverlay=[], mHwDisablePanel=[], mAdfrToHwList=[]}
01-19 08:02:17.176 D/OplusSmartBrightnessController( 1654): handleMessage MSG_LUX_CHANGED, mLux:430.4012 luxQueue=[432.0, 429.0, 431.0, 430.0, 430.0]
01-19 08:02:29.976 D/OplusSmartBrightnessController( 1654): handleMessage MSG_LUX_CHANGED, mLux:422.29813 luxQueue=[423.0, 427.0, 417.0, 424.0, 421.0, 425.0, 419.0]
01-19 08:02:35.977 D/OplusSmartBrightnessController( 1654): handleMessage MSG_LUX_CHANGED, mLux:426.21005 luxQueue=[426.0, 423.0, 429.0, 423.0, 430.0]
01-19 08:02:38.577 D/OplusSmartBrightnessController( 1654): handleMessage MSG_LUX_CHANGED, mLux:423.86133 luxQueue=[420.0, 423.0, 424.0, 424.0, 424.0, 426.0, 426.0]
01-19 08:02:40.997 D/UsageStatsService( 1654): User[0] type=0 b=1768780840475 e=1768780960996 cb=1768742652546 ce=1768780913240 disk=0 all=16
01-19 08:02:47.576 D/OplusSmartBrightnessController( 1654): handleMessage MSG_LUX_CHANGED, mLux:426.21146 luxQueue=[424.0, 424.0, 427.0, 432.0, 424.0]
01-19 08:02:52.291 D/WakeLockCheck( 1654): check
01-19 08:02:54.777 D/OplusSmartBrightnessController( 1654): handleMessage MSG_LUX_CHANGED, mLux:423.14502 luxQueue=[421.0, 424.0, 421.0, 424.0, 424.0, 424.0, 424.0]
01-19 08:02:58.577 D/OplusSmartBrightnessController( 1654): handleMessage MSG_LUX_CHANGED, mLux:424.60074 luxQueue=[424.0, 424.0, 424.0, 425.0, 426.0]
01-19 08:02:59.716 I/ActivityManager( 1654): Killing 17942:com.google.android.adservices.api/u0a42 (adj 965): empty #7
01-19 08:02:59.760 I/WallpaperManagerServiceExt( 1654): getFoldWallpaperInfo user=0 which=32 phyDisplay=1
01-19 08:02:59.762 I/WallpaperManagerServiceExt( 1654): getFoldWallpaperInfo user=0 which=16 phyDisplay=1
01-19 08:03:00.039 E/OplusCustomizeRestrictionManagerService( 1654): isBiometricDisabled start
01-19 08:03:00.043 E/OplusCustomizeRestrictionManagerService( 1654): isBiometricDisabled start
01-19 08:03:00.582 V/WindowManager( 1654): Relayout Window{cbdf5b8 u0 OplusPrivacyIconTopLeft}: viewVisibility=8, oldvis=8, req=8x8
01-19 08:03:00.603 V/WindowManager( 1654): Relayout Window{e767333 u0 OplusPrivacyIconTopRight}: viewVisibility=8, oldvis=8, req=8x8
01-19 08:03:02.677 I/ActivityTaskManager( 1654): START u0 {act=android.settings.APPLICATION_DETAILS_SETTINGS dat=package: flg=0x10000000 cmp=com.android.settings/.applications.InstalledAppDetails mCallingUid=2000} from uid 2000
01-19 08:03:02.706 D/CompatibilityChangeReporter( 1654): Compat change id reported: 194480991; UID 1000; state: ENABLED
01-19 08:03:02.709 D/OplusZoomWindowManagerService( 1654): onConfigurationChanged rotation not changed - prevRotation: 0
01-19 08:03:02.712 I/OplusScreenSecurityMask( 1654): onStackAdded task = Task{b498282 #181 type=standard ?? U=0 visible=false visibleRequested=false mode=fullscreen translucent=true sz=0} record = null displayId = 0
01-19 08:03:02.712 I/OplusScreenSecurityMask( 1654): onStackAdded task = Task{b498282 #181 type=standard A=1000:.applications.InstalledAppDetailsTop U=0 visible=false visibleRequested=false mode=fullscreen translucent=true sz=0} record = null displayId = 0
01-19 08:03:02.713 D/CompatibilityChangeReporter( 1654): Compat change id reported: 174042980; UID 1000; state: DISABLED
01-19 08:03:02.715 D/TaskFragmentExtImpl( 1654): add ActivityRecord{d4ee364 u0 com.android.settings/.applications.InstalledAppDetails} t181} to mActivityRecordSum = Counter{ com.android.settings/.applications.InstalledAppDetails(1) }
01-19 08:03:02.715 D/OplusSplitScreenManagerService( 1654): com.android.settings unSupportsSplitScreen by blockList or ForbidActivityList
01-19 08:03:02.715 D/OplusSplitScreenManagerService( 1654): com.android.settings unSupportsSplitScreen by blockList or ForbidActivityList
01-19 08:03:02.715 D/OplusSplitScreenManagerService( 1654): com.android.settings unSupportsSplitScreen by blockList or ForbidActivityList
01-19 08:03:02.715 D/OplusSplitScreenManagerService( 1654): com.android.settings unSupportsSplitScreen by blockList or ForbidActivityList
01-19 08:03:02.716 I/Quality ( 1123): SFJankCountInfo: 33;0;0-0-0-0-0-0-0-0-0-0;1-0-0-0-0-0-0-0-0-0;2-0-0-0-0-0-0-0-0-0;3-0-0-0-0-0-0-0-0-0;4-0-0-0-0-0-0-0-0-0;5-0-0-0-0-0-0-0-0-0;6-0-0-0-0-0-0-0-0-0;7-0-0-0-0-0-0-0-0-0;8-0-0-0-0-0-0-0-0-0;9-0-0-0-0-0-0-0-0-0;
01-19 08:03:02.717 D/ActivityTaskManager( 1654): getStartingWindowType: newTask=true, taskSwitch=true, processRunning=true, allowTaskSnapshot=true, activityCreated=false, snapshot=null, record:ActivityRecord{d4ee364 u0 com.android.settings/.applications.InstalledAppDetails} t181}
01-19 08:03:02.717 D/CompatibilityChangeReporter( 1654): Compat change id reported: 205907456; UID 1000; state: ENABLED
01-19 08:03:02.717 D/OplusSplitScreenManagerService( 1654): com.android.settings unSupportsSplitScreen by blockList or ForbidActivityList
01-19 08:03:02.717 D/OplusSplitScreenManagerService( 1654): com.android.settings unSupportsSplitScreen by blockList or ForbidActivityList
01-19 08:03:02.718 D/OplusZoomWindowRUSConfigManager( 1654): isSupportZoomModeWithPolicyLocked: target = com.android.settings/.applications.InstalledAppDetailsTop
01-19 08:03:02.718 D/OplusZoomWindowRUSConfigManager( 1654): targetPkg = com.android.settings
01-19 08:03:02.718 I/OplusZoomWindowRUSConfigManager( 1654): target pkg is unsupport zoom window mode
01-19 08:03:02.718 V/OplusZoomWindowManagerService( 1654): unSupportZoom: true ,callingPid: 18378 ,sourceStack: null
01-19 08:03:02.719 D/PhoneStartingWindowTypeAlgorithm( 2315): preferredStartingWindowType newTask=true, taskSwitch=true, processRunning=true, allowTaskSnapshot=true, activityCreated=false, isSolidColorSplashScreen=false, legacySplashScreen=false, activityDrawn=false, topIsHome=false
01-19 08:03:02.726 D/OplusSplitScreenManagerService( 1654): com.android.settings unSupportsSplitScreen by blockList or ForbidActivityList
01-19 08:03:02.727 D/OplusSplitScreenManagerService( 1654): com.android.settings unSupportsSplitScreen by blockList or ForbidActivityList
01-19 08:03:02.736 W/ActivityTaskManager( 1654): Tried to set launchTime (0) < mLastActivityLaunchTime (187661102)
01-19 08:03:02.748 D/OplusDexOptimizeManager( 1654): Do not in AppLaunchOptList!
01-19 08:03:02.753 D/ShellStartingWindow( 2315): getWindowAttrs window attributes color: 0, replace icon: false
01-19 08:03:02.756 I/OplusJoystickManager( 1654): handleApplicationSwitch deprecated!
01-19 08:03:02.757 D/OplusAppSwitchListener( 1654): Detect com.THLight.BLE.USBeacon.Writer.Simple.dev switch to background
01-19 08:03:02.757 D/OplusEapManager( 1654): mTargetExitName :com.THLight.BLE.USBeacon.Writer.Simple.dev
01-19 08:03:02.758 D/ActivityTaskManager( 1654): onWindowFocusChanged Task{b498282 #181 type=standard A=1000:.applications.InstalledAppDetailsTop U=0 visible=true visibleRequested=true mode=fullscreen translucent=false sz=1} would transfer to compact
01-19 08:03:02.758 D/ShellStartingWindow( 2315): inconsize = 0
01-19 08:03:02.759 V/WindowManager( 1654): Changing focus from Window{937ff08 u0 com.THLight.BLE.USBeacon.Writer.Simple.dev/com.THLight.BLE.USBeacon.Writer.Simple.ui.activity.scan.ScanDeviceListActivity} to null,diplayid=0
01-19 08:03:02.762 D/VRR [OPlusFrontAppManager]( 1654): OnAppSwitchObserver: onAppExit , info.targetName = com.THLight.BLE.USBeacon.Writer.Simple.dev
01-19 08:03:02.762 D/VRR [OPlusFrontAppManager]( 1654): packageName: null
01-19 08:03:02.762 D/VRR [OPlusRefreshRateService]( 1654): handleFrontAppChange pkgName: null
01-19 08:03:02.762 D/VRR [OPlusExternalRefreshRateManager]( 1654): setFrontPackageName pkgName: null CurPkgName: com.THLight.BLE.USBeacon.Writer.Simple.dev
01-19 08:03:02.764 D/OplusAppSwitchListener( 1654): Detect com.android.settings switch to foreground
01-19 08:03:02.764 D/OplusEapManager( 1654): mTargetEnterName :com.android.settings
01-19 08:03:02.765 E/OplusThermalStats( 1654): Error getting package info: com.android.settings
01-19 08:03:02.765 D/VRR [OPlusFrontAppManager]( 1654): OnAppSwitchObserver: onAppEnter , info.targetName = com.android.settings
01-19 08:03:02.765 D/VRR [OPlusFrontAppManager]( 1654): packageName: com.android.settings
01-19 08:03:02.765 D/VRR [OPlusRefreshRateService]( 1654): handleFrontAppChange pkgName: com.android.settings
01-19 08:03:02.765 D/VRR [OPlusExternalRefreshRateManager]( 1654): setFrontPackageName pkgName: com.android.settings CurPkgName: null
01-19 08:03:02.766 D/OplusKeepAliveManager( 1654): TOP_APP is ProcessRecord{32bfcee 7662:com.android.settings/1000} uid is 1000
01-19 08:03:02.771 D/OplusFullScreenDisplayManager( 1654): adjustWindowParamsLw: com.android.settings, change system app cutoutMode: oplus always
01-19 08:03:02.774 I/WindowManager( 1654): addWindow: New client android.os.BinderProxy@b6f3de7 : window=Window{ae3ed94 u0 Splash Screen com.android.settings}
01-19 08:03:02.777 D/CoreBackPreview( 1654): Window{ae3ed94 u0 Splash Screen com.android.settings}: Setting back callback OnBackInvokedCallbackInfo{mCallback=android.window.IOnBackInvokedCallback$Stub$Proxy@7eb9032, mPriority=0}
01-19 08:03:02.781 D/OplusShellStartingWindowManager( 2315): handleWindowBarIfNeeded true, windowInfo=StartingWindowInfo{taskId=181 targetActivityInfo=null displayId=0 topActivityType=1 preferredStartingWindowType=8f insetsState=null topWindowLayoutParams=null mainWindowLayoutParams=null splashScreenThemeResId 7f130518
01-19 08:03:02.784 D/OplusFullScreenDisplayManager( 1654): adjustWindowParamsLw: com.android.settings, change system app cutoutMode: oplus always
01-19 08:03:02.784 V/WindowManager( 1654): Relayout Window{ae3ed94 u0 Splash Screen com.android.settings}: viewVisibility=0, oldvis=0, req=720x1600
01-19 08:03:02.812 D/OplusSplitScreenManagerService( 1654): com.android.settings unSupportsSplitScreen by blockList or ForbidActivityList
01-19 08:03:02.812 D/OplusSplitScreenManagerService( 1654): com.android.settings unSupportsSplitScreen by blockList or ForbidActivityList
01-19 08:03:02.813 D/ViewRootImplExtImpl( 2315): Block resize report for SplashScreen of systemui.
01-19 08:03:02.813 D/WindowManager( 1654): finishDrawingWindow: Window{ae3ed94 u0 Splash Screen com.android.settings} mDrawState=DRAW_PENDING
01-19 08:03:02.822 D/OplusSplitScreenManagerService( 1654): com.android.settings unSupportsSplitScreen by blockList or ForbidActivityList
01-19 08:03:02.823 D/OplusSplitScreenManagerService( 1654): com.android.settings unSupportsSplitScreen by blockList or ForbidActivityList
01-19 08:03:02.857 I/WindowStateExtImpl( 1654): onSurfaceShowChange show = true mPackageName = com.android.settings parentPkgName = com.android.settings
01-19 08:03:02.860 D/OplusSplitScreenManagerService( 1654): com.android.settings unSupportsSplitScreen by blockList or ForbidActivityList
01-19 08:03:02.860 D/OplusSplitScreenManagerService( 1654): com.android.settings unSupportsSplitScreen by blockList or ForbidActivityList
01-19 08:03:02.862 D/OplusSplitScreenManagerService( 1654): com.android.settings unSupportsSplitScreen by blockList or ForbidActivityList
01-19 08:03:02.862 D/OplusSplitScreenManagerService( 1654): com.android.settings unSupportsSplitScreen by blockList or ForbidActivityList
01-19 08:03:02.863 D/TaskChangeNotificationControllerExtImpl( 1654): Skip pass Snapshot to listener:android.app.ITaskStackListener$Stub$Proxy@d8976e1
01-19 08:03:02.865 D/OplusSplitScreenManagerService( 1654): com.android.settings unSupportsSplitScreen by blockList or ForbidActivityList
01-19 08:03:02.865 D/OplusSplitScreenManagerService( 1654): com.android.settings unSupportsSplitScreen by blockList or ForbidActivityList
01-19 08:03:02.865 D/OplusSplitScreenManagerService( 1654): com.android.settings unSupportsSplitScreen by blockList or ForbidActivityList
01-19 08:03:02.865 E/ActivityThread( 7662): Failed to find provider info for com.qti.smq.Feedback.provider
01-19 08:03:02.866 D/OplusSplitScreenManagerService( 1654): com.android.settings unSupportsSplitScreen by blockList or ForbidActivityList
01-19 08:03:02.866 D/OplusSplitScreenManagerService( 1654): com.android.settings unSupportsSplitScreen by blockList or ForbidActivityList
01-19 08:03:02.866 D/OplusSplitScreenManagerService( 1654): com.android.settings unSupportsSplitScreen by blockList or ForbidActivityList
01-19 08:03:02.868 D/OplusSplitScreenManagerService( 1654): com.android.settings unSupportsSplitScreen by blockList or ForbidActivityList
01-19 08:03:02.869 D/OplusSplitScreenManagerService( 1654): com.android.settings unSupportsSplitScreen by blockList or ForbidActivityList
01-19 08:03:02.869 D/OplusSplitScreenManagerService( 1654): com.android.settings unSupportsSplitScreen by blockList or ForbidActivityList
01-19 08:03:02.869 D/OplusSplitScreenManagerService( 1654): com.android.settings unSupportsSplitScreen by blockList or ForbidActivityList
01-19 08:03:02.875 D/OplusSplitScreenManagerService( 1654): com.android.settings unSupportsSplitScreen by blockList or ForbidActivityList
01-19 08:03:02.875 D/OplusSplitScreenManagerService( 1654): com.android.settings unSupportsSplitScreen by blockList or ForbidActivityList
01-19 08:03:03.038 D/OplusSplitScreenManagerService( 1654): com.android.settings unSupportsSplitScreen by blockList or ForbidActivityList
01-19 08:03:03.038 D/OplusSplitScreenManagerService( 1654): com.android.settings unSupportsSplitScreen by blockList or ForbidActivityList
01-19 08:03:03.045 D/OplusSplitScreenManagerService( 1654): com.android.settings unSupportsSplitScreen by blockList or ForbidActivityList
01-19 08:03:03.046 D/OplusSplitScreenManagerService( 1654): com.android.settings unSupportsSplitScreen by blockList or ForbidActivityList
01-19 08:03:03.104 W/PackageConfigPersister( 1654): App-specific configuration not found for packageName: com.THLight.BLE.USBeacon.Writer.Simple.dev and userId: 0
01-19 08:03:03.176 V/OplusZoomWindowManagerService( 1654): onAnimationFinished:  r = ActivityRecord{d4ee364 u0 com.android.settings/.applications.InstalledAppDetails} t181}
01-19 08:03:03.176 I/OplusAppSwitchManagerService( 1654):  handleAppVisible , r = ActivityRecord{d4ee364 u0 com.android.settings/.applications.InstalledAppDetails} t181}
01-19 08:03:03.178 V/OplusZoomWindowManagerService( 1654): onAnimationFinished:  r = ActivityRecord{b919f4a u0 com.THLight.BLE.USBeacon.Writer.Simple.dev/com.THLight.BLE.USBeacon.Writer.Simple.ui.activity.scan.ScanDeviceListActivity} t180}
01-19 08:03:03.184 D/OplusSplitScreenManagerService( 1654): com.android.settings unSupportsSplitScreen by blockList or ForbidActivityList
01-19 08:03:03.184 D/OplusSplitScreenManagerService( 1654): com.android.settings unSupportsSplitScreen by blockList or ForbidActivityList
01-19 08:03:03.195 V/WindowManager( 1654): Relayout Window{937ff08 u0 com.THLight.BLE.USBeacon.Writer.Simple.dev/com.THLight.BLE.USBeacon.Writer.Simple.ui.activity.scan.ScanDeviceListActivity}: viewVisibility=8, oldvis=0, req=720x1600
01-19 08:03:03.247 W/PackageConfigPersister( 1654): App-specific configuration not found for packageName: com.THLight.BLE.USBeacon.Writer.Simple.dev and userId: 0
01-19 08:03:03.265 D/CameraDelegate( 1654): handleMessage:200
01-19 08:03:03.276 D/OplusFullScreenDisplayManager( 1654): adjustWindowParamsLw: com.android.settings, change system app cutoutMode: oplus always
01-19 08:03:03.279 I/WindowManager( 1654): addWindow: New client android.os.BinderProxy@72f269f : window=Window{ad213ec u0 com.android.settings/com.android.settings.applications.InstalledAppDetails}
01-19 08:03:03.282 D/CoreBackPreview( 1654): Window{ad213ec u0 com.android.settings/com.android.settings.applications.InstalledAppDetails}: Setting back callback OnBackInvokedCallbackInfo{mCallback=android.window.IOnBackInvokedCallback$Stub$Proxy@75a3a4a, mPriority=0}
01-19 08:03:03.285 I/Quality ( 7662): ActivityThread: activityLifecycle delay 534 com.android.settings 7662
01-19 08:03:03.286 I/Quality ( 7662): Skipped: false 8 cost 146.69269 refreshRate 16864424 bit true processName com.android.settings
01-19 08:03:03.292 D/OplusFullScreenDisplayManager( 1654): adjustWindowParamsLw: com.android.settings, change system app cutoutMode: oplus always
01-19 08:03:03.293 V/WindowManager( 1654): Relayout Window{ad213ec u0 com.android.settings/com.android.settings.applications.InstalledAppDetails}: viewVisibility=0, oldvis=4, req=720x1600
01-19 08:03:03.300 V/WindowManager( 1654): Changing focus from null to Window{ad213ec u0 com.android.settings/com.android.settings.applications.InstalledAppDetails},diplayid=0
01-19 08:03:03.309 V/ZoomWindowDecorView( 7662): setLastReportedMergedConfiguration mZoomDisplayHeight: 1600 getDecorView.197335037
01-19 08:03:03.453 D/WindowManager( 1654): finishDrawingWindow: Window{ad213ec u0 com.android.settings/com.android.settings.applications.InstalledAppDetails} mDrawState=DRAW_PENDING
01-19 08:03:03.461 D/OplusStartingWindowManager( 1654): interceptRemoveStartingWindow: packageName=com.android.settings, isSnapshot=false, startingSurfaceRunnable=null
01-19 08:03:03.461 D/OplusSplitScreenManagerService( 1654): notifyRemoveStartingWindow mOplusSpiltScreenDnDUI is null, just return!
01-19 08:03:03.464 I/Quality ( 1654): LaunchTime2.0: com.android.settings/.applications.InstalledAppDetails 2 737
01-19 08:03:03.465 I/Quality ( 7662): Skipped: false 9 cost 161.30875 refreshRate 16706717 bit true processName com.android.settings
01-19 08:03:03.474 V/ZoomWindowDecorView( 2315): removeZoomView
01-19 08:03:03.491 D/CoreBackPreview( 1654): Window{ae3ed94 u0 Splash Screen com.android.settings}: Setting back callback null
01-19 08:03:03.492 E/AppOps  ( 1654): Bad call made by uid 1000. Package "com.THLight.BLE.USBeacon.Writer.Simple.dev" does not belong to uid -1.
01-19 08:03:03.493 E/AppOps  ( 1654): noteOperation
01-19 08:03:03.493 E/AppOps  ( 1654): java.lang.SecurityException: Specified package "com.THLight.BLE.USBeacon.Writer.Simple.dev" under uid -1 but it is not
01-19 08:03:03.493 E/AppOps  ( 1654): 	at com.android.server.appop.AppOpsService.verifyAndGetBypass(AppOpsService.java:4905)
01-19 08:03:03.493 E/AppOps  ( 1654): 	at com.android.server.appop.AppOpsService.verifyAndGetBypass(AppOpsService.java:4757)
01-19 08:03:03.493 E/AppOps  ( 1654): 	at com.android.server.appop.AppOpsService.noteOperationUnchecked(AppOpsService.java:3579)
01-19 08:03:03.493 E/AppOps  ( 1654): 	at com.android.server.appop.AppOpsService.noteOperationImpl(AppOpsService.java:3567)
01-19 08:03:03.493 E/AppOps  ( 1654): 	at com.android.server.appop.AppOpsService.-$$Nest$mnoteOperationImpl(Unknown Source:0)
01-19 08:03:03.493 E/AppOps  ( 1654): 	at com.android.server.appop.AppOpsService$CheckOpsDelegateDispatcher.lambda$noteOperation$4(AppOpsService.java:7932)
01-19 08:03:03.493 E/AppOps  ( 1654): 	at com.android.server.appop.AppOpsService$CheckOpsDelegateDispatcher$$ExternalSyntheticLambda4.apply(Unknown Source:33)
01-19 08:03:03.493 E/AppOps  ( 1654): 	at com.android.server.policy.AppOpsPolicy.noteOperation(AppOpsPolicy.java:225)
01-19 08:03:03.493 E/AppOps  ( 1654): 	at com.android.server.appop.AppOpsService$CheckOpsDelegateDispatcher.noteOperation(AppOpsService.java:7930)
01-19 08:03:03.493 E/AppOps  ( 1654): 	at com.android.server.appop.AppOpsService.noteOperation(AppOpsService.java:3551)
01-19 08:03:03.493 E/AppOps  ( 1654): 	at com.android.internal.app.IAppOpsService$Stub.onTransact(IAppOpsService.java:479)
01-19 08:03:03.493 E/AppOps  ( 1654): 	at android.os.Binder.execTransactInternal(Binder.java:1326)
01-19 08:03:03.493 E/AppOps  ( 1654): 	at android.os.Binder.execTransact(Binder.java:1268)
01-19 08:03:03.496 I/Quality ( 7662): Skipped: false 1 cost 25.358143 refreshRate 16706608 bit true processName com.android.settings
01-19 08:03:03.518 D/WindowManager( 1654): finishDrawingWindow: Window{ad213ec u0 com.android.settings/com.android.settings.applications.InstalledAppDetails} mDrawState=HAS_DRAWN
01-19 08:03:03.521 D/InputMethodManagerService( 1654): isSecurity: attribute.packageName=com.android.settings mCurMethodId=com.google.android.inputmethod.latin/com.android.inputmethod.latin.LatinIME
01-19 08:03:03.521 D/InputMethodManagerService( 1654): isSecurity= false (  enable=false needShow=false inBlackList=false isExist=false )
01-19 08:03:03.524 D/OplusFullScreenDisplayManager( 1654): adjustWindowParamsLw com.THLight.BLE.USBeacon.Writer.Simple.dev, no change cutoutMode: 0
01-19 08:03:03.524 V/WindowManager( 1654): Relayout Window{937ff08 u0 com.THLight.BLE.USBeacon.Writer.Simple.dev/com.THLight.BLE.USBeacon.Writer.Simple.ui.activity.scan.ScanDeviceListActivity}: viewVisibility=8, oldvis=8, req=720x1600
01-19 08:03:03.531 D/CompatibilityChangeReporter( 1654): Compat change id reported: 214016041; UID 1000; state: DISABLED
01-19 08:03:03.531 D/CompatibilityChangeReporter( 1654): Compat change id reported: 214016041; UID 1000; state: ENABLED
01-19 08:03:03.536 I/Quality ( 7662): Skipped: false 1 cost 31.712004 refreshRate 16706946 bit true processName com.android.settings
01-19 08:03:03.536 V/AutofillInlineSuggestionsRequestSession( 1654): onInputMethodFinishInput() received
01-19 08:03:03.536 V/AutofillInlineSuggestionsRequestSession( 1654): maybeUpdateResponseToImeLocked called
01-19 08:03:03.539 V/AutofillInlineSuggestionsRequestSession( 1654): onInputMethodStartInput() received on 7
01-19 08:03:03.545 V/AutofillInlineSuggestionsRequestSession( 1654): maybeUpdateResponseToImeLocked called
01-19 08:03:03.553 D/OplusSplitScreenManagerService( 1654): com.android.settings unSupportsSplitScreen by blockList or ForbidActivityList
01-19 08:03:03.553 D/OplusSplitScreenManagerService( 1654): com.android.settings unSupportsSplitScreen by blockList or ForbidActivityList
01-19 08:03:03.556 D/OplusSplitScreenManagerService( 1654): com.android.settings unSupportsSplitScreen by blockList or ForbidActivityList
01-19 08:03:03.556 D/InputMethodManagerService( 1654): onHandleImeWindowVisibleStatus: vis = 0, needsToShowImeSwitcher = false
01-19 08:03:03.557 D/OplusSplitScreenManagerService( 1654): com.android.settings unSupportsSplitScreen by blockList or ForbidActivityList
01-19 08:03:03.563 D/OplusSplitScreenManagerService( 1654): com.android.settings unSupportsSplitScreen by blockList or ForbidActivityList
01-19 08:03:03.564 D/OplusSplitScreenManagerService( 1654): com.android.settings unSupportsSplitScreen by blockList or ForbidActivityList
01-19 08:03:03.570 D/OplusAthena( 1654): com.google.android.gm in recent lock list
01-19 08:03:03.659 I/WindowStateExtImpl( 1654): onSurfaceShowChange show = false mPackageName = com.android.settings parentPkgName = com.android.settings
01-19 08:03:06.574 D/ActivityThread(17498): do gfx trim 40 success
01-19 08:03:07.836 E/KernelCpuSpeedReader( 1654): Failed to read cpu-freq: /sys/devices/system/cpu/cpu4/cpufreq/stats/time_in_state: open failed: ENOENT (No such file or directory)
01-19 08:03:07.837 E/KernelCpuSpeedReader( 1654): Failed to read cpu-freq: /sys/devices/system/cpu/cpu0/cpufreq/stats/time_in_state: open failed: ENOENT (No such file or directory)
01-19 08:03:13.313 E/AppOps  ( 1654): attributionTag  not declared in manifest of com.oplus.exsystemservice
01-19 08:03:13.322 E/AppOps  ( 1654): attributionTag  not declared in manifest of com.oplus.exsystemservice
01-19 08:03:14.577 D/OplusSmartBrightnessController( 1654): handleMessage MSG_LUX_CHANGED, mLux:431.18884 luxQueue=[434.0, 425.0, 435.0, 428.0, 437.0, 428.0]
01-19 08:03:24.977 D/OplusSmartBrightnessController( 1654): handleMessage MSG_LUX_CHANGED, mLux:427.004 luxQueue=[427.0, 429.0, 427.0, 427.0, 423.0, 427.0, 429.0]
01-19 08:03:30.377 D/OplusSmartBrightnessController( 1654): handleMessage MSG_LUX_CHANGED, mLux:424.71588 luxQueue=[426.0, 425.0, 423.0, 426.0, 423.0, 425.0, 425.0]
01-19 08:03:55.577 D/OplusSmartBrightnessController( 1654): handleMessage MSG_LUX_CHANGED, mLux:429.20343 luxQueue=[432.0, 427.0, 430.0, 428.0, 429.0]
01-19 08:03:56.494 W/ContextImpl(15681): Calling a method in the system process without a qualified user: android.app.ContextImpl.bindService:1982 android.content.ContextWrapper.bindService:863 com.heytap.mcs.biz.statistics.agent.OBUSAgent.bindStatisticsApiService:8 com.heytap.mcs.biz.statistics.agent.OBUSAgent.upload:7 com.heytap.mcs.biz.statistics.agent.AgentManager.upload:3 
01-19 08:03:56.501 D/CompatibilityChangeReporter( 1654): Compat change id reported: 135634846; UID 1000; state: DISABLED
01-19 08:03:56.502 D/CompatibilityChangeReporter( 1654): Compat change id reported: 177438394; UID 1000; state: DISABLED
01-19 08:03:56.502 D/CompatibilityChangeReporter( 1654): Compat change id reported: 135772972; UID 1000; state: DISABLED
01-19 08:03:56.502 D/CompatibilityChangeReporter( 1654): Compat change id reported: 135754954; UID 1000; state: ENABLED
01-19 08:03:56.512 W/ContextImpl(15681): Calling a method in the system process without a qualified user: android.app.ContextImpl.bindService:1982 android.content.ContextWrapper.bindService:863 com.heytap.mcs.biz.message.g.b:8 com.heytap.mcs.biz.message.g.b:11 com.heytap.mcs.biz.message.g.j:1 
01-19 08:03:56.525 I/ActivityManager( 1654): Start proc 18404:com.heytap.mcs.statistics/1000 for service {com.heytap.mcs/com.heytap.mcs.biz.statistics.service.StatisticsApiService}
01-19 08:03:56.547 I/ActivityManager( 1654): Start proc 18405:com.heytap.mcs.biz.message/1000 for service {com.heytap.mcs/com.heytap.mcs.biz.message.MessageDealService}
01-19 08:03:56.784 W/ContextImpl(18405): Calling a method in the system process without a qualified user: android.app.ContextImpl.startService:1889 android.content.ContextWrapper.startService:827 com.heytap.mcs.biz.message.h.a:18 com.heytap.mcs.biz.message.h.a:6 com.heytap.mcs.base.task.a.b:6 
01-19 08:03:56.825 I/ActivityManager( 1654): Process com.heytap.mcs.biz.message (pid 18405) has died: fg  SVC 
01-19 08:03:56.974 D/OplusSmartBrightnessController( 1654): handleMessage MSG_LUX_CHANGED, mLux:425.43826 luxQueue=[424.0, 428.0, 423.0, 429.0, 422.0, 429.0, 423.0]
