01-19 08:40:20.096 I/OplusWifiSarManager( 1654): project: 21251, country: TW
01-19 08:40:20.096 I/OplusWifiSarManager( 1654): sensor state: earpiece: 0, sensor: null, isScreenOn: true
01-19 08:40:20.096 I/OplusWifiSarManager( 1654): modem state: mCellOn: false mDataOn: false mData5gOn: false
01-19 08:40:20.097 I/OplusWifiSarManager( 1654): wifi state: mWifiConnected: true mWifiSapEnabled: false mWifiP2pConnected: false mWifi2gState: true mWifi5gState: false mWifi5gBand: WIFI_5G_DISABLE mIsBluetoothTxOn: true
01-19 08:40:20.097 I/OplusWifiSarManager( 1654): wifisar engineerMode state: enable: false, Regdomain: , modemWorkType(2:4G, 3:5G): -1, sensorWorkType: -1, wifiChannel2.4G: -1, wifiChannel5G: -1 foldstatus(1=unfold,0=fold):0, bt work type: -1, hotspot work type: -1
01-19 08:40:20.097 I/OplusWifiSarManager( 1654): not support wsa
01-19 08:40:20.097 I/OplusWifiSarManager( 1654): sensor index: 13, max: 16
01-19 08:40:20.097 D/OplusWifiSarManager( 1654): is countrylist Country TW
01-19 08:40:20.097 D/OplusWifiSarManager( 1654):  state: 11110001001000011 country: TW
01-19 08:40:20.198 E/bt_btu_hcif( 2751): btu_hcif_log_event_metrics: Unexpectedly received event_code:0x0c that should not be handled here
01-19 08:40:20.199 I/bt_btm  ( 2751): LogMsg: btm_bda_to_acl: bda=60:77:71:fc:6b:9d transport=1
01-19 08:40:20.199 I/bt_btm  ( 2751): LogMsg: btm_bda_to_acl: bda=60:77:71:fc:6b:9d transport=1 not found in acl_db
01-19 08:40:20.199 I/bt_btm  ( 2751): LogMsg: btm_bda_to_acl: bda=60:77:71:fc:6b:9d transport=2
01-19 08:40:20.199 V/bt_stack( 2751): [VERBOSE2:interop_mtk_conf.cc(501)] interop_mtk_match_ver_byconfig:[MtkGapRoleSwitch] check 07:000d:0210 in 08:0282:050b;08:0282:0314;09:000a:360c;09:0094:3232
01-19 08:40:20.200 I/bt_btif ( 2751): LogMsg: interop_mtk_match_addr_byconfig:[MtkGapRoleSwitch] check 60:**:**:**:6b:9d in 28:a1:83,00:17:ca
01-19 08:40:20.200 I/bt_btm  ( 2751): LogMsg: btm_bda_to_acl: bda=60:77:71:fc:6b:9d transport=2
01-19 08:40:20.200 I/bt_btm  ( 2751): LogMsg: btm_bda_to_acl: bda=60:77:71:fc:6b:9d transport=2
01-19 08:40:20.200 I/btm_acl ( 2751): NotifyAclLinkUp: ACL Link up
01-19 08:40:20.200 V/bt_stack( 2751): [VERBOSE1:gatt_main.cc(483)] GATT   ATT protocol channel with BDA: 60:77:71:fc:6b:9d is connected
01-19 08:40:20.200 V/bt_stack( 2751): [VERBOSE1:gatt_utils.cc(324)] gatt_is_bda_in_the_srv_chg_clt_list: 60:77:71:fc:6b:9d
01-19 08:40:20.201 V/bt_stack( 2751): [VERBOSE1:gatt_main.cc(1054)] gatt_get_ch_state: ch_state=2
01-19 08:40:20.201 V/bt_stack( 2751): [VERBOSE1:gatt_main.cc(1054)] gatt_get_ch_state: ch_state=2
01-19 08:40:20.201 V/bt_stack( 2751): [VERBOSE1:gatt_main.cc(1045)] gatt_set_ch_state: old=2 new=0x04
01-19 08:40:20.201 V/bt_stack( 2751): [VERBOSE1:gatt_attr.cc(338)] gatt_connect_cback: from 60:77:71:fc:6b:9d connected: 1, conn_id: 0x0001
01-19 08:40:20.201 I/bluetooth( 2751): client_connect_cback: No active GAP service found for peer:xx:xx:xx:xx:6b:9d callback:Connected
01-19 08:40:20.201 I/bt_bta_gattc( 2751): bta_gattc_conn_cback: Connected client_if:3 addr:xx:xx:xx:xx:6b:9d, transport:BT_TRANSPORT_LE reason:GATT_CONN_OK
01-19 08:40:20.201 I/bt_bta_gattc( 2751): bta_gattc_conn_cback: Connected client_if:4 addr:xx:xx:xx:xx:6b:9d, transport:BT_TRANSPORT_LE reason:GATT_CONN_OK
01-19 08:40:20.201 I/bt_bta_gattc( 2751): bta_gattc_conn_cback: Connected client_if:5 addr:xx:xx:xx:xx:6b:9d, transport:BT_TRANSPORT_LE reason:GATT_CONN_OK
01-19 08:40:20.202 V/bt_stack( 2751): [VERBOSE1:bta_gatts_act.cc(580)] bta_gatts_conn_cback  bda=60:77:71:fc:6b:9d gatt_if= , conn_id=0x0006 connected=1
01-19 08:40:20.202 I/bt_btif ( 2751): LogMsg: btif_transfer_context event 14, len 24
01-19 08:40:20.202 I/bt_bta_gattc( 2751): bta_gattc_conn_cback: Connected client_if:7 addr:xx:xx:xx:xx:6b:9d, transport:BT_TRANSPORT_LE reason:GATT_CONN_OK
01-19 08:40:20.202 I/bt_bta_gattc( 2751): bta_gattc_conn_cback: Connected client_if:8 addr:xx:xx:xx:xx:6b:9d, transport:BT_TRANSPORT_LE reason:GATT_CONN_OK
01-19 08:40:20.202 I/bluetooth( 2751): on_connection_complete: Le connection completed to device:60:77:71:fc:6b:9d
01-19 08:40:20.202 V/bt_stack( 2751): [VERBOSE1:btif_config.cc(499)] btif_config_get_bin: cannot find string for section 60:77:71:fc:6b:9d, key LE_KEY_PENC
01-19 08:40:20.203 I/bt_l2cap( 2751): LogMsg: l2cu_no_dynamic_ccbs NO IDLE timeout set for fixed cid 0x0004
01-19 08:40:20.203 I/bluetooth( 2751): GATT_SetIdleTimeout: idle_timeout=65535, status=1, (1-OK 0-not performed)
01-19 08:40:20.203 I/bt_btif ( 2751): LogMsg: btapp_gatts_handle_cback: HAL bt_gatt_callbacks->server->connection_cb
01-19 08:40:20.203 I/bt_btm  ( 2751): LogMsg: btm_bda_to_acl: bda=60:77:71:fc:6b:9d transport=1
01-19 08:40:20.203 I/bt_btm  ( 2751): LogMsg: btm_bda_to_acl: bda=60:77:71:fc:6b:9d transport=1 not found in acl_db
01-19 08:40:20.203 I/bt_btm  ( 2751): LogMsg: btm_bda_to_acl: bda=60:77:71:fc:6b:9d transport=2
01-19 08:40:20.203 D/BtGatt.GattService( 2751): onClientConnected() connId=6, address=60:77:71:FC:6B:9D, connected=true
01-19 08:40:20.203 V/bt_stack( 2751): [VERBOSE2:interop_mtk_conf.cc(501)] interop_mtk_match_ver_byconfig:[MtkEattLinkEncrypted] check 07:000d:0210 in 0B:02B0:0115
01-19 08:40:20.204 V/bt_stack( 2751): [VERBOSE1:gatt_main.cc(552)] Send EATT Connect - NOT BES
01-19 08:40:20.204 I/bt_stack( 2751): [INFO:eatt_impl.h(641)] connect device 60:77:71:fc:6b:9d rolecentral
01-19 08:40:20.204 I/bt_btm  ( 2751): LogMsg: btm_find_or_alloc_dev
01-19 08:40:20.204 I/bt_bta_dm( 2751): bta_dm_acl_up: bta_dm_acl_up
01-19 08:40:20.204 I/bt_btif ( 2751): LogMsg: interop_mtk_match_addr_byconfig:[MtkGapNotDoSniffSubrating] check 60:**:**:**:6b:9d in 54:46:6b,6c:5d:63,60:8c:2b,34:c7:31
01-19 08:40:20.205 I/bt_stack( 2751): [INFO:interop_mtk_conf.cc(338)] interop_mtk_match_name_byconfig:[MtkGapNotDoSniffSubrating] check name USBeacon in partial name list Wireless Controller,BT-IGNDSS
01-19 08:40:20.205 I/bt_btm  ( 2751): LogMsg: btm_bda_to_acl: bda=60:77:71:fc:6b:9d transport=1
01-19 08:40:20.205 I/bt_btm  ( 2751): LogMsg: btm_bda_to_acl: bda=60:77:71:fc:6b:9d transport=1 not found in acl_db
01-19 08:40:20.205 W/btm_acl ( 2751): acl_peer_supports_sniff_subrating: Unable to find active acl
01-19 08:40:20.205 I/bt_btif ( 2751): LogMsg: btif_dm_upstreams_evt: ev: BTA_DM_LINK_UP_EVT
01-19 08:40:20.205 I/bt_btif ( 2751): LogMsg: BTA_DM_LINK_UP_EVT. Sending BT_ACL_STATE_CONNECTED
01-19 08:40:20.205 I/oplus_bt_dual_sync( 2751): stack_up_sync: stack_to_apk_type = 4
01-19 08:40:20.205 I/oplus_bt_dual_sync( 2751): stack_up_sync: lock acquire
01-19 08:40:20.205 I/oplus_bt_dual_sync( 2751): stack_up_sync: lock done
01-19 08:40:20.222 D/BluetoothGattServer(23348): onServerConnectionState() - status=0 serverIf=6 device=60:77:71:FC:6B:9D
01-19 08:40:20.223 D/BtGatt.GattService( 2751): Gatt Logging: metric_id=4, app=com.heytap.accessory
01-19 08:40:20.224 D/BtGatt.GattService( 2751): Gatt Logging: metric_id=4, session_index=6, connection state=2
01-19 08:40:20.225 I/oplus_bt_dual_sync( 2751): do_stack_up_sync: stack_to_apk_type = 4
01-19 08:40:20.225 I/oplus_bt_dual_sync( 2751): do_stack_up_sync: lock acquired
01-19 08:40:20.225 I/oplus_bt_dual_sync( 2751): do_stack_up_sync: lock done
01-19 08:40:20.225 I/bt_btif ( 2751): LogMsg: up_sync: HAL bt_nativechannel_callbacks->stack_up_sync_cb
01-19 08:40:20.226 I/oplus_bt_dual_sync( 2751): do_stack_up_sync: lock release
01-19 08:40:20.227 I/oplus_bt_dual_sync( 2751): stack_up_sync: lock release
01-19 08:40:20.227 I/bt_btif ( 2751): LogMsg: oplus.bt.conn.count=1
01-19 08:40:20.229 I/bt_btm  ( 2751): LogMsg: btm_bda_to_acl: bda=60:77:71:fc:6b:9d transport=2
01-19 08:40:20.229 I/bt_btif ( 2751): LogMsg: operator(): HAL bt_hal_cbacks->acl_state_changed_cb
01-19 08:40:20.229 I/bt_btif ( 2751): LogMsg: bta_dm_adjust_roles
01-19 08:40:20.229 I/bt_btif ( 2751): LogMsg: bta_sys_event: Event 0x1f0c
01-19 08:40:20.229 E/bta_gattc_main( 2751): bta_gattc_hdl_event: Ignore unknown conn ID: 3
01-19 08:40:20.229 I/bt_btif ( 2751): LogMsg: bta_sys_event: Event 0x1f0c
01-19 08:40:20.229 E/bta_gattc_main( 2751): bta_gattc_hdl_event: Ignore unknown conn ID: 4
01-19 08:40:20.229 I/bt_btif ( 2751): LogMsg: bta_sys_event: Event 0x1f0c
01-19 08:40:20.229 E/bta_gattc_main( 2751): bta_gattc_hdl_event: Ignore unknown conn ID: 5
01-19 08:40:20.229 I/bt_btif ( 2751): LogMsg: bta_sys_event: Event 0x1f0c
01-19 08:40:20.229 E/bta_gattc_main( 2751): bta_gattc_hdl_event: Ignore unknown conn ID: 7
01-19 08:40:20.230 I/bt_btif ( 2751): LogMsg: bta_sys_event: Event 0x1f0c
01-19 08:40:20.230 V/bt_stack( 2751): [VERBOSE1:bta_gattc_main.cc(314)] bta_gattc_sm_execute: State 0x01, Event 0x1f0c
01-19 08:40:20.230 V/bt_stack( 2751): [VERBOSE1:bta_gattc_act.cc(535)] bta_gattc_conn: server cache state=0
01-19 08:40:20.230 V/BluetoothDatabase( 2751): getProfileConnectionPolicy: device XX:XX:XX:FC:6B:9D profile=BATTERY, connectionPolicy=-1
01-19 08:40:20.230 V/bt_stack( 2751): [VERBOSE1:bta_gattc_act.cc(538)] bta_gattc_conn: conn_id=0x0008
01-19 08:40:20.230 V/bt_stack( 2751): [VERBOSE1:gatt_api.cc(1356)] GATT_GetConnectionInfor conn_id=0x0008
01-19 08:40:20.230 E/BatteryService( 2751): Cannot connect to 60:77:71:FC:6B:9D : Remote does not have Battery UUID
01-19 08:40:20.230 I/bt_stack( 2751): [INFO:bta_gattc_db_storage.cc(159)] bta_gattc_cache_load: load cache: /data/misc/bluetooth/gatt_cache_607771fc6b9d
01-19 08:40:20.230 D/BluetoothRemoteDevices( 2751): aclStateChangeCallback: Adapter State: ON Connected: 60:77:71:FC:6B:9D
01-19 08:40:20.231 E/bt_stack( 2751): [ERROR:bta_gattc_db_storage.cc(80)] bta_gattc_load_db: can't open GATT cache file /data/misc/bluetooth/gatt_cache_607771fc6b9d for reading, error: No such file or directory
01-19 08:40:20.231 V/bt_stack( 2751): [VERBOSE1:bta_gattc_act.cc(799)] bta_gattc_start_discover: conn_id:0x0008 p_clcb->p_srcb->state:3
01-19 08:40:20.231 V/bt_stack( 2751): [VERBOSE2:collector.cc(586)] [bt_collector] update_link_info Device: 60:**:**:**:6b:9d
01-19 08:40:20.231 I/bt_btif ( 2751): LogMsg: interop_mtk_match_addr_byconfig:[MtkLeDisableFastConnection] check 60:**:**:**:6b:9d in d0:5f:b8
01-19 08:40:20.232 I/bt_btm  ( 2751): LogMsg: btm_bda_to_acl: bda=60:77:71:fc:6b:9d transport=2
01-19 08:40:20.232 V/bt_stack( 2751): [VERBOSE2:interop_mtk_conf.cc(310)] interop_mtk_match_name_byconfig:[MtkLeDisableFastConnection] check USBeacon in ELECOM Laser Mouse
01-19 08:40:20.232 I/bt_btm  ( 2751): LogMsg: btm_bda_to_acl: bda=60:77:71:fc:6b:9d transport=2
01-19 08:40:20.232 I/bt_stack( 2751): [INFO:interop_mtk_conf.cc(338)] interop_mtk_match_name_byconfig:[MtkLeDisableFastConnection] check name USBeacon in partial name list YUNMAI-ISM2-W,BT-ILDFC
01-19 08:40:20.232 V/bt_stack( 2751): [VERBOSE2:collector.cc(408)] [bt_collector] set_connect_count ProfileGap_ status 0
01-19 08:40:20.232 V/bt_stack( 2751): [VERBOSE2:l2c_ble.cc(168)] L2CA_EnableUpdateBleConnParams - BD_ADDR 60:77:71:fc:6b:9d enable 0 current upd state 0x08
01-19 08:40:20.232 I/bt_stack( 2751): [INFO:interop_mtk_conf.cc(338)] interop_mtk_match_name_byconfig:[MtkLeAvoidDoFastConnectionTwice] check name USBeacon in partial name list FeiZhi
01-19 08:40:20.232 I/bt_btm  ( 2751): LogMsg: btm_bda_to_acl: bda=60:77:71:fc:6b:9d transport=2
01-19 08:40:20.232 I/bt_btm  ( 2751): LogMsg: btm_find_or_alloc_dev
01-19 08:40:20.232 I/bt_l2cap( 2751): LogMsg: l2cble_start_conn_update mask:0009 p_lcb->min_interval:39
01-19 08:40:20.233 I/bt_btif ( 2751): LogMsg: bta_dm_vendor_set_host_info, id = 3, value = 00060006
01-19 08:40:20.233 I/bt_btm  ( 2751): LogMsg: BTM: BTM_VendorSpecificCommand: Opcode: 0xFD5F, ParamLen: 32.
01-19 08:40:20.233 I/bt_stack( 2751): [INFO:gatt_api.cc(711)] GATTC_Discover conn_id=0x0008, disc_type=1, s_handle=0x0001, e_handle=0xffff
01-19 08:40:20.233 I/bt_stack( 2751): [INFO:gatt_cl.cc(101)] gatt_act_discovery opcode: 0x10
01-19 08:40:20.233 I/bluetooth( 2751): attp_cl_send_cmd: Sending ATT command to l2cap cid:0x0004 eatt_channels:0 transport:BT_TRANSPORT_LE
01-19 08:40:20.233 I/bt_btm  ( 2751): LogMsg: l2c_link_check_send_pkts: l2cb.controller_xmit_window=6
01-19 08:40:20.233 I/bt_btm  ( 2751): LogMsg: Direct send, transport=2, xmit_window=6, le_xmit_window=8, sent_not_acked=0, link_xmit_quota=8
01-19 08:40:20.233 I/bt_btm  ( 2751): LogMsg: Sending to lower layer
01-19 08:40:20.233 I/bt_btm  ( 2751): LogMsg: l2c_link_send_to_lower_ble: TotalWin=7,Hndl=0x200,Quota=8,Unack=1,RRQuota=0,RRUnack=0
01-19 08:40:20.233 I/bt_btm  ( 2751): LogMsg: No next buffer, skipping
01-19 08:40:20.233 I/bt_l2cap( 2751): LogMsg: l2cu_no_dynamic_ccbs NO IDLE timeout set for fixed cid 0x0004
01-19 08:40:20.233 I/bluetooth( 2751): attp_cl_send_cmd: Starting ATT response timer
01-19 08:40:20.233 I/bt_btif ( 2751): LogMsg: btif_transfer_context event 2, len 528
01-19 08:40:20.233 V/bt_stack( 2751): [VERBOSE1:bta_gattc_main.cc(350)] bta_gattc_sm_execute: GATTC State Change: 0x01 -> 0x03 after Event 0x1f0c
01-19 08:40:20.237 D/mtk.hal.bt@1.1-impl( 1001): BtHostDebugInfo
01-19 08:40:20.237 D/[BT]    ( 1001): mtk_bt_op: BT_VND_OP_SET_BTHOST
01-19 08:40:20.246 I/bt_btif ( 2751): LogMsg: btif_gattc_upstreams_evt: HAL bt_gatt_callbacks->client->open_cb
01-19 08:40:20.247 I/bt_btm  ( 2751): LogMsg: l2c_link_check_send_pkts: l2cb.controller_xmit_window=6
01-19 08:40:20.247 I/bt_btm  ( 2751): LogMsg: Direct send, transport=2, xmit_window=6, le_xmit_window=8, sent_not_acked=0, link_xmit_quota=8
01-19 08:40:20.247 I/bt_btm  ( 2751): LogMsg: No next buffer, skipping
01-19 08:40:20.247 I/bt_btm  ( 2751): LogMsg: l2c_link_process_num_completed_pkts: TotalWin=8,LinkUnack(0x200)=0,RRCheck=0,RRUnack=0
01-19 08:40:20.247 D/BtGatt.GattService( 2751): onConnected() - clientIf=8, connId=8, address=60:77:71:FC:6B:9D
01-19 08:40:20.247 D/BtGatt.GattService( 2751): onConnected() - adding permit for address=60:77:71:FC:6B:9D
01-19 08:40:20.265 D/BluetoothGatt(21992): onClientConnectionState() - status=0 clientIf=8 device=60:77:71:FC:6B:9D
01-19 08:40:20.266 I/System.out(21992): ConnectBLE onConnectionStateChange BluetoothGatt : 0 , 2
01-19 08:40:20.268 D/BtGatt.GattService( 2751): Gatt Logging: metric_id=4, session_index=8, connection state=2
01-19 08:40:20.268 V/bt_stack( 2751): [VERBOSE1:btif_config.cc(499)] btif_config_get_bin: cannot find string for section 60:77:71:fc:6b:9d, key LE_KEY_PENC
01-19 08:40:20.273 W/BluetoothEventManager( 2315): AclStateChangedHandler: activeDevice is null
01-19 08:40:20.279 I/BluetoothPhonePolicy( 2751): processDeviceConnected, device=60:77:71:FC:6B:9D
01-19 08:40:20.279 D/BluetoothDatabase( 2751): setConnection: device XX:XX:XX:FC:6B:9D and isA2dpDevice=false
01-19 08:40:20.279 D/BluetoothDatabase( 2751): Updating last connected time for device: XX:XX:XX:FC:6B:9D to 25
01-19 08:40:20.279 D/BluetoothDatabase( 2751): updateDatabase XX:XX:XX:FC:6B:9D
01-19 08:40:20.292 W/BluetoothEventManager( 7662): AclStateChangedHandler: activeDevice is null
01-19 08:40:20.295 I/bt_btm  ( 2751): LogMsg: btm_bda_to_acl: bda=60:77:71:fc:6b:9d transport=2
01-19 08:40:20.295 V/bt_stack( 2751): [VERBOSE1:gatt_main.cc(1054)] gatt_get_ch_state: ch_state=4
01-19 08:40:20.295 I/bt_stack( 2751): [INFO:gatt_cl.cc(1194)] gatt_client_handle_server_rsp opcode: 0x11
01-19 08:40:20.295 I/bt_stack( 2751): [INFO:gatt_cl.cc(799)] gatt_process_read_by_type_rspop=1 subtype=1
01-19 08:40:20.295 I/bt_stack( 2751): [INFO:bta_gattc_cache.cc(458)] bta_gattc_disc_res_cback: disc_type=1 p_data->handle=0x0001 e_handle=0x0007 service_type=00001800-0000-1000-8000-00805f9b34fb
01-19 08:40:20.295 I/bt_btm  ( 2751): LogMsg: BTM_IsCisSlaveSupported
01-19 08:40:20.295 I/bt_btm  ( 2751): LogMsg: btm_bda_to_acl: bda=60:77:71:fc:6b:9d transport=2
01-19 08:40:20.295 I/bt_btm  ( 2751): LogMsg: BTM_IsCisSlaveSupported: 0
01-19 08:40:20.296 I/bt_stack( 2751): [INFO:bta_gattc_cache.cc(458)] bta_gattc_disc_res_cback: disc_type=1 p_data->handle=0x0008 e_handle=0x0008 service_type=00001801-0000-1000-8000-00805f9b34fb
01-19 08:40:20.296 I/bt_btm  ( 2751): LogMsg: BTM_IsCisSlaveSupported
01-19 08:40:20.296 I/bt_btm  ( 2751): LogMsg: btm_bda_to_acl: bda=60:77:71:fc:6b:9d transport=2
01-19 08:40:20.296 I/bt_btm  ( 2751): LogMsg: BTM_IsCisSlaveSupported: 0
01-19 08:40:20.296 I/bt_stack( 2751): [INFO:bta_gattc_cache.cc(458)] bta_gattc_disc_res_cback: disc_type=1 p_data->handle=0x0009 e_handle=0x001b service_type=0000180a-0000-1000-8000-00805f9b34fb
01-19 08:40:20.296 I/bt_btm  ( 2751): LogMsg: BTM_IsCisSlaveSupported
01-19 08:40:20.296 I/bt_btm  ( 2751): LogMsg: btm_bda_to_acl: bda=60:77:71:fc:6b:9d transport=2
01-19 08:40:20.296 I/bt_btm  ( 2751): LogMsg: BTM_IsCisSlaveSupported: 0
01-19 08:40:20.296 I/bt_stack( 2751): [INFO:gatt_cl.cc(983)] gatt_process_read_by_type_rsp: initiate another discovery request
01-19 08:40:20.296 I/bt_stack( 2751): [INFO:gatt_cl.cc(101)] gatt_act_discovery opcode: 0x10
01-19 08:40:20.296 I/bluetooth( 2751): attp_cl_send_cmd: Sending ATT command to l2cap cid:0x0004 eatt_channels:0 transport:BT_TRANSPORT_LE
01-19 08:40:20.296 I/bt_btm  ( 2751): LogMsg: l2c_link_check_send_pkts: l2cb.controller_xmit_window=6
01-19 08:40:20.296 I/bt_btm  ( 2751): LogMsg: Direct send, transport=2, xmit_window=6, le_xmit_window=8, sent_not_acked=0, link_xmit_quota=8
01-19 08:40:20.297 I/bt_btm  ( 2751): LogMsg: Sending to lower layer
01-19 08:40:20.297 I/bt_btm  ( 2751): LogMsg: l2c_link_send_to_lower_ble: TotalWin=7,Hndl=0x200,Quota=8,Unack=1,RRQuota=0,RRUnack=0
01-19 08:40:20.297 I/bt_btm  ( 2751): LogMsg: No next buffer, skipping
01-19 08:40:20.297 I/bt_l2cap( 2751): LogMsg: l2cu_no_dynamic_ccbs NO IDLE timeout set for fixed cid 0x0004
01-19 08:40:20.297 I/bluetooth( 2751): attp_cl_send_cmd: Starting ATT response timer
01-19 08:40:20.311 I/GH.WifiBluetoothRcvr(25548): Connection action: android.bluetooth.device.action.ACL_CONNECTED, device 60:77:71:FC:6B:9D
01-19 08:40:20.314 D/CompatibilityChangeReporter( 1654): Compat change id reported: 168419799; UID 10125; state: DISABLED
01-19 08:40:20.315 E/ActivityThread( 1654): Failed to find provider info for com.oplus.smartdrive.data.DataProvider
01-19 08:40:20.332 I/AdapterProperties( 2751): getBondedDevices: length=0
01-19 08:40:20.334 I/GH.WifiBluetoothRcvr(25548): Wireless projection is available on this phone.
01-19 08:40:20.338 I/AdapterProperties( 2751): getBondedDevices: length=0
01-19 08:40:20.342 W/CAR.BTCapsStore(25548): Device not bonded, thus it's not currently AAW capable.
01-19 08:40:20.343 I/bt_btm  ( 2751): LogMsg: l2c_link_check_send_pkts: l2cb.controller_xmit_window=6
01-19 08:40:20.343 I/bt_btm  ( 2751): LogMsg: Direct send, transport=2, xmit_window=6, le_xmit_window=8, sent_not_acked=0, link_xmit_quota=8
01-19 08:40:20.343 I/bt_btm  ( 2751): LogMsg: No next buffer, skipping
01-19 08:40:20.343 I/bt_btm  ( 2751): LogMsg: l2c_link_process_num_completed_pkts: TotalWin=8,LinkUnack(0x200)=0,RRCheck=0,RRUnack=0
01-19 08:40:20.343 I/xsm     (23155): onReceive
01-19 08:40:20.343 I/CAR.BTCapsStore(25548): AAW status (NOT_BONDED).
01-19 08:40:20.345 I/AdapterProperties( 2751): getBondedDevices: length=0
01-19 08:40:20.349 I/zez     (23155): (REDACTED) bluetoothConnectionStateChanged. Action: %s
01-19 08:40:20.350 I/zea     (23155): Registering Gemini service client
01-19 08:40:20.350 I/zef     (23155): Initializing PhoneMediaHandler
01-19 08:40:20.369 W/OplusExSystemServiceHelper( 4588): checkOplusExSystemService intent getComponent is null
01-19 08:40:20.382 I/GH.CarSvcDataStorage(25548): Using DB version: 13
01-19 08:40:20.389 W/CAR.BTCapsStore(25548): Device not bonded, thus it's not currently AAW capable.
01-19 08:40:20.390 I/CAR.BTCapsStore(25548): AAW status (NOT_BONDED).
01-19 08:40:20.391 I/bt_btm  ( 2751): LogMsg: btm_bda_to_acl: bda=60:77:71:fc:6b:9d transport=2
01-19 08:40:20.392 V/bt_stack( 2751): [VERBOSE1:gatt_main.cc(1054)] gatt_get_ch_state: ch_state=4
01-19 08:40:20.392 I/bt_stack( 2751): [INFO:gatt_cl.cc(1194)] gatt_client_handle_server_rsp opcode: 0x11
01-19 08:40:20.392 I/bt_stack( 2751): [INFO:gatt_cl.cc(799)] gatt_process_read_by_type_rspop=1 subtype=1
01-19 08:40:20.392 I/bt_stack( 2751): [INFO:bta_gattc_cache.cc(458)] bta_gattc_disc_res_cback: disc_type=1 p_data->handle=0x001c e_handle=0x0022 service_type=0000f000-0000-1000-8000-00805f9b34fb
01-19 08:40:20.392 I/bt_btm  ( 2751): LogMsg: BTM_IsCisSlaveSupported
01-19 08:40:20.392 I/bt_btm  ( 2751): LogMsg: btm_bda_to_acl: bda=60:77:71:fc:6b:9d transport=2
01-19 08:40:20.392 I/bt_btm  ( 2751): LogMsg: BTM_IsCisSlaveSupported: 0
01-19 08:40:20.392 I/bt_stack( 2751): [INFO:gatt_cl.cc(983)] gatt_process_read_by_type_rsp: initiate another discovery request
01-19 08:40:20.392 I/bt_stack( 2751): [INFO:gatt_cl.cc(101)] gatt_act_discovery opcode: 0x10
01-19 08:40:20.392 I/bluetooth( 2751): attp_cl_send_cmd: Sending ATT command to l2cap cid:0x0004 eatt_channels:0 transport:BT_TRANSPORT_LE
01-19 08:40:20.392 I/bt_btm  ( 2751): LogMsg: l2c_link_check_send_pkts: l2cb.controller_xmit_window=6
01-19 08:40:20.392 I/bt_btm  ( 2751): LogMsg: Direct send, transport=2, xmit_window=6, le_xmit_window=8, sent_not_acked=0, link_xmit_quota=8
01-19 08:40:20.392 I/bt_btm  ( 2751): LogMsg: Sending to lower layer
01-19 08:40:20.392 I/bt_btm  ( 2751): LogMsg: l2c_link_send_to_lower_ble: TotalWin=7,Hndl=0x200,Quota=8,Unack=1,RRQuota=0,RRUnack=0
01-19 08:40:20.392 I/bt_btm  ( 2751): LogMsg: No next buffer, skipping
01-19 08:40:20.392 I/bt_l2cap( 2751): LogMsg: l2cu_no_dynamic_ccbs NO IDLE timeout set for fixed cid 0x0004
01-19 08:40:20.392 I/bluetooth( 2751): attp_cl_send_cmd: Starting ATT response timer
01-19 08:40:20.399 D/WearableService( 4588): Creating wearable service asynchronously.
01-19 08:40:20.410 D/ConnectivityService( 1654): NetReassign [no changes] [c 0] [a 3] [i 4]
01-19 08:40:20.412 W/BroadcastQueue( 1654): Permission Denial: receiving Intent { act=android.bluetooth.device.action.ACL_CONNECTED flg=0x5000010 (has extras) } to com.oplus.melody/.receiver.BluetoothBroadcastReceiver requires android.permission.BLUETOOTH_CONNECT due to sender com.android.bluetooth (uid 1002)
01-19 08:40:20.420 D/WearableService( 4588): onGetService: waiting for onCreate to be completed.
01-19 08:40:20.422 I/Nearby  ( 4588): (REDACTED) is blocked device type %s, isAuto=%s, isIot=%s, isLatchsky=%s, isChinaWearable=%s, isTv=%s, isWearable=%s (supportWearOs=%s), isChromeOsDevice=%s (supportChromeOs=%s)
01-19 08:40:20.431 I/NearbyDiscovery( 4588): (REDACTED) DiscoveryService onStartCommand action: %s
01-19 08:40:20.433 I/NearbyDiscovery( 4588): (REDACTED) onAclChange: state=%s, transport=%s, %s
01-19 08:40:20.438 I/NearbyDiscovery( 4588): (REDACTED) FastPair: lock scan rate if needed, %s, bondState=%s
01-19 08:40:20.440 I/bt_btm  ( 2751): LogMsg: l2c_link_check_send_pkts: l2cb.controller_xmit_window=6
01-19 08:40:20.440 I/bt_btm  ( 2751): LogMsg: Direct send, transport=2, xmit_window=6, le_xmit_window=8, sent_not_acked=0, link_xmit_quota=8
01-19 08:40:20.440 I/bt_btm  ( 2751): LogMsg: No next buffer, skipping
01-19 08:40:20.440 I/bt_btm  ( 2751): LogMsg: l2c_link_process_num_completed_pkts: TotalWin=8,LinkUnack(0x200)=0,RRCheck=0,RRUnack=0
01-19 08:40:20.452 I/Wear_Controller( 4588): Wearable module requires a companion app to be installed.
01-19 08:40:20.453 I/WearableService( 4588): onCreate: Wearable Services not starting. Wear is not available on this device.
01-19 08:40:20.457 W/WearableService( 4588): onGetService: Wear is not available on this device.
01-19 08:40:20.461 W/GoogleApiManager(23155): Not showing notification since connectionResult is not user-facing: ConnectionResult{statusCode=API_UNAVAILABLE, resolution=null, message=null, clientMethodKey=null}
01-19 08:40:20.489 I/bt_btm  ( 2751): LogMsg: btm_bda_to_acl: bda=60:77:71:fc:6b:9d transport=2
01-19 08:40:20.489 V/bt_stack( 2751): [VERBOSE1:gatt_main.cc(1054)] gatt_get_ch_state: ch_state=4
01-19 08:40:20.489 I/bt_stack( 2751): [INFO:gatt_cl.cc(1194)] gatt_client_handle_server_rsp opcode: 0x11
01-19 08:40:20.489 I/bt_stack( 2751): [INFO:gatt_cl.cc(799)] gatt_process_read_by_type_rspop=1 subtype=1
01-19 08:40:20.489 I/bt_stack( 2751): [INFO:bta_gattc_cache.cc(458)] bta_gattc_disc_res_cback: disc_type=1 p_data->handle=0x0023 e_handle=0xffff service_type=f000ffc0-0451-4000-b000-000000000000
01-19 08:40:20.489 I/bt_btm  ( 2751): LogMsg: BTM_IsCisSlaveSupported
01-19 08:40:20.489 I/bt_btm  ( 2751): LogMsg: btm_bda_to_acl: bda=60:77:71:fc:6b:9d transport=2
01-19 08:40:20.489 I/bt_btm  ( 2751): LogMsg: BTM_IsCisSlaveSupported: 0
01-19 08:40:20.490 I/bt_stack( 2751): [INFO:gatt_cl.cc(983)] gatt_process_read_by_type_rsp: initiate another discovery request
01-19 08:40:20.490 I/bt_stack( 2751): [INFO:gatt_utils.cc(1500)] gatt_end_operation status=0 op=1 subtype=1
01-19 08:40:20.490 I/bt_stack( 2751): [INFO:bta_gattc_cache.cc(521)] bta_gattc_disc_cmpl_cback: disc_type=1
01-19 08:40:20.490 V/bt_stack( 2751): [VERBOSE1:bta_gattc_cache.cc(193)] Start service discovery
01-19 08:40:20.490 I/bt_stack( 2751): [INFO:gatt_api.cc(711)] GATTC_Discover conn_id=0x0008, disc_type=3, s_handle=0x0001, e_handle=0x0007
01-19 08:40:20.490 I/bt_stack( 2751): [INFO:gatt_cl.cc(101)] gatt_act_discovery opcode: 0x08
01-19 08:40:20.490 I/bluetooth( 2751): attp_cl_send_cmd: Sending ATT command to l2cap cid:0x0004 eatt_channels:0 transport:BT_TRANSPORT_LE
01-19 08:40:20.490 I/bt_btm  ( 2751): LogMsg: l2c_link_check_send_pkts: l2cb.controller_xmit_window=6
01-19 08:40:20.490 I/bt_btm  ( 2751): LogMsg: Direct send, transport=2, xmit_window=6, le_xmit_window=8, sent_not_acked=0, link_xmit_quota=8
01-19 08:40:20.490 I/bt_btm  ( 2751): LogMsg: Sending to lower layer
01-19 08:40:20.490 I/bt_btm  ( 2751): LogMsg: l2c_link_send_to_lower_ble: TotalWin=7,Hndl=0x200,Quota=8,Unack=1,RRQuota=0,RRUnack=0
01-19 08:40:20.490 I/bt_btm  ( 2751): LogMsg: No next buffer, skipping
01-19 08:40:20.490 I/bt_l2cap( 2751): LogMsg: l2cu_no_dynamic_ccbs NO IDLE timeout set for fixed cid 0x0004
01-19 08:40:20.490 I/bluetooth( 2751): attp_cl_send_cmd: Starting ATT response timer
01-19 08:40:20.537 I/bt_btm  ( 2751): LogMsg: l2c_link_check_send_pkts: l2cb.controller_xmit_window=6
01-19 08:40:20.538 I/bt_btm  ( 2751): LogMsg: Direct send, transport=2, xmit_window=6, le_xmit_window=8, sent_not_acked=0, link_xmit_quota=8
01-19 08:40:20.538 I/bt_btm  ( 2751): LogMsg: No next buffer, skipping
01-19 08:40:20.538 I/bt_btm  ( 2751): LogMsg: l2c_link_process_num_completed_pkts: TotalWin=8,LinkUnack(0x200)=0,RRCheck=0,RRUnack=0
01-19 08:40:20.588 I/bt_btm  ( 2751): LogMsg: btm_bda_to_acl: bda=60:77:71:fc:6b:9d transport=2
01-19 08:40:20.588 V/bt_stack( 2751): [VERBOSE1:gatt_main.cc(1054)] gatt_get_ch_state: ch_state=4
01-19 08:40:20.588 I/bt_stack( 2751): [INFO:gatt_cl.cc(1194)] gatt_client_handle_server_rsp opcode: 0x01
01-19 08:40:20.588 I/bt_stack( 2751): [INFO:gatt_cl.cc(533)] gatt_process_error_rsp
01-19 08:40:20.588 V/bt_stack( 2751): [VERBOSE1:gatt_cl.cc(494)] gatt_proc_disc_error_rspreason: 0a cmd_code 0008
01-19 08:40:20.588 V/bt_stack( 2751): [VERBOSE1:gatt_cl.cc(504)] Discovery completed
01-19 08:40:20.589 I/bt_stack( 2751): [INFO:gatt_utils.cc(1500)] gatt_end_operation status=0 op=1 subtype=3
01-19 08:40:20.589 I/bt_stack( 2751): [INFO:bta_gattc_cache.cc(521)] bta_gattc_disc_cmpl_cback: disc_type=3
01-19 08:40:20.589 I/bt_stack( 2751): [INFO:gatt_api.cc(711)] GATTC_Discover conn_id=0x0008, disc_type=4, s_handle=0x0001, e_handle=0x0007
01-19 08:40:20.589 I/bt_stack( 2751): [INFO:gatt_cl.cc(101)] gatt_act_discovery opcode: 0x08
01-19 08:40:20.589 I/bluetooth( 2751): attp_cl_send_cmd: Sending ATT command to l2cap cid:0x0004 eatt_channels:0 transport:BT_TRANSPORT_LE
01-19 08:40:20.589 I/bt_btm  ( 2751): LogMsg: l2c_link_check_send_pkts: l2cb.controller_xmit_window=6
01-19 08:40:20.589 I/bt_btm  ( 2751): LogMsg: Direct send, transport=2, xmit_window=6, le_xmit_window=8, sent_not_acked=0, link_xmit_quota=8
01-19 08:40:20.589 I/bt_btm  ( 2751): LogMsg: Sending to lower layer
01-19 08:40:20.589 I/bt_btm  ( 2751): LogMsg: l2c_link_send_to_lower_ble: TotalWin=7,Hndl=0x200,Quota=8,Unack=1,RRQuota=0,RRUnack=0
01-19 08:40:20.589 I/bt_btm  ( 2751): LogMsg: No next buffer, skipping
01-19 08:40:20.590 I/bt_l2cap( 2751): LogMsg: l2cu_no_dynamic_ccbs NO IDLE timeout set for fixed cid 0x0004
01-19 08:40:20.590 I/bluetooth( 2751): attp_cl_send_cmd: Starting ATT response timer
01-19 08:40:20.639 I/bt_btm  ( 2751): LogMsg: l2c_link_check_send_pkts: l2cb.controller_xmit_window=6
01-19 08:40:20.639 I/bt_btm  ( 2751): LogMsg: Direct send, transport=2, xmit_window=6, le_xmit_window=8, sent_not_acked=0, link_xmit_quota=8
01-19 08:40:20.639 I/bt_btm  ( 2751): LogMsg: No next buffer, skipping
01-19 08:40:20.639 I/bt_btm  ( 2751): LogMsg: l2c_link_process_num_completed_pkts: TotalWin=8,LinkUnack(0x200)=0,RRCheck=0,RRUnack=0
01-19 08:40:20.641 I/bt_l2cap( 2751): LogMsg: l2cble_process_conn_update_evt
01-19 08:40:20.641 I/bt_btm  ( 2751): LogMsg: btm_bda_to_acl: bda=60:77:71:fc:6b:9d transport=2
01-19 08:40:20.641 I/bt_btm  ( 2751): LogMsg: btm_find_or_alloc_dev
01-19 08:40:20.641 I/bt_l2cap( 2751): LogMsg: l2cble_start_conn_update mask:0003 p_lcb->min_interval:39
01-19 08:40:20.641 I/bt_l2cap( 2751): LogMsg: l2cble_process_conn_update_evt: conn_update_mask=3
01-19 08:40:20.641 I/bt_btm  ( 2751): LogMsg: is_handle_equal: handle=512 is not found
01-19 08:40:20.641 I/bt_btm  ( 2751): LogMsg: is_handle_equal: handle=512 is not found
01-19 08:40:20.641 I/bt_btm  ( 2751): LogMsg: is_handle_equal: handle=512 is not found
01-19 08:40:20.641 I/bt_btif ( 2751): LogMsg: bta_dm_gattc_callback event = 26
01-19 08:40:20.641 V/bt_stack( 2751): [VERBOSE2:hearing_aid.cc(1844)] hearingaid_gattc_callback event = 26
01-19 08:40:20.641 I/bt_btif ( 2751): LogMsg: bta_hh_gattc_callback event:BTA_GATTC_CONN_UPDATE_EVT
01-19 08:40:20.641 I/bt_btif ( 2751): LogMsg: btif_transfer_context event 22, len 24
01-19 08:40:20.641 I/bt_btif ( 2751): LogMsg: btif_transfer_context event 26, len 528
01-19 08:40:20.641 I/bt_btif ( 2751): LogMsg: btapp_gatts_handle_cback: HAL bt_gatt_callbacks->server->conn_updated_cb
01-19 08:40:20.642 D/BtGatt.GattService( 2751): onServerConnUpdate() - connId=6, status=0
01-19 08:40:20.642 I/bt_btif ( 2751): LogMsg: btif_gattc_upstreams_evt: HAL bt_gatt_callbacks->client->conn_updated_cb
01-19 08:40:20.643 D/BtGatt.GattService( 2751): onClientConnUpdate() - connId=8, status=0
01-19 08:40:20.643 D/BluetoothGattServer(23348): onConnectionUpdated() - Device=60:77:71:FC:6B:9D interval=6 latency=0 timeout=500 status=0
01-19 08:40:20.647 I/bt_btm  ( 2751): LogMsg: btm_bda_to_acl: bda=60:77:71:fc:6b:9d transport=2
01-19 08:40:20.647 V/bt_stack( 2751): [VERBOSE1:gatt_main.cc(1054)] gatt_get_ch_state: ch_state=4
01-19 08:40:20.647 I/bt_stack( 2751): [INFO:gatt_cl.cc(1194)] gatt_client_handle_server_rsp opcode: 0x09
01-19 08:40:20.647 I/bt_stack( 2751): [INFO:gatt_cl.cc(799)] gatt_process_read_by_type_rspop=1 subtype=4
01-19 08:40:20.647 I/bt_stack( 2751): [INFO:gatt_cl.cc(983)] gatt_process_read_by_type_rsp: initiate another discovery request
01-19 08:40:20.648 I/bt_stack( 2751): [INFO:gatt_cl.cc(101)] gatt_act_discovery opcode: 0x08
01-19 08:40:20.648 I/bluetooth( 2751): attp_cl_send_cmd: Sending ATT command to l2cap cid:0x0004 eatt_channels:0 transport:BT_TRANSPORT_LE
01-19 08:40:20.648 I/bt_btm  ( 2751): LogMsg: l2c_link_check_send_pkts: l2cb.controller_xmit_window=6
01-19 08:40:20.648 I/bt_btm  ( 2751): LogMsg: Direct send, transport=2, xmit_window=6, le_xmit_window=8, sent_not_acked=0, link_xmit_quota=8
01-19 08:40:20.648 I/bt_btm  ( 2751): LogMsg: Sending to lower layer
01-19 08:40:20.648 I/bt_btm  ( 2751): LogMsg: l2c_link_send_to_lower_ble: TotalWin=7,Hndl=0x200,Quota=8,Unack=1,RRQuota=0,RRUnack=0
01-19 08:40:20.648 I/bt_btm  ( 2751): LogMsg: No next buffer, skipping
01-19 08:40:20.648 I/bt_l2cap( 2751): LogMsg: l2cu_no_dynamic_ccbs NO IDLE timeout set for fixed cid 0x0004
01-19 08:40:20.648 I/bluetooth( 2751): attp_cl_send_cmd: Starting ATT response timer
01-19 08:40:20.653 I/bt_btm  ( 2751): LogMsg: l2c_link_check_send_pkts: l2cb.controller_xmit_window=6
01-19 08:40:20.654 I/bt_btm  ( 2751): LogMsg: Direct send, transport=2, xmit_window=6, le_xmit_window=8, sent_not_acked=0, link_xmit_quota=8
01-19 08:40:20.654 I/bt_btm  ( 2751): LogMsg: No next buffer, skipping
01-19 08:40:20.654 I/bt_btm  ( 2751): LogMsg: l2c_link_process_num_completed_pkts: TotalWin=8,LinkUnack(0x200)=0,RRCheck=0,RRUnack=0
01-19 08:40:20.661 I/bt_btm  ( 2751): LogMsg: btm_bda_to_acl: bda=60:77:71:fc:6b:9d transport=2
01-19 08:40:20.661 V/bt_stack( 2751): [VERBOSE1:gatt_main.cc(1054)] gatt_get_ch_state: ch_state=4
01-19 08:40:20.662 I/bt_stack( 2751): [INFO:gatt_cl.cc(1194)] gatt_client_handle_server_rsp opcode: 0x01
01-19 08:40:20.662 I/bt_stack( 2751): [INFO:gatt_cl.cc(533)] gatt_process_error_rsp
01-19 08:40:20.662 V/bt_stack( 2751): [VERBOSE1:gatt_cl.cc(494)] gatt_proc_disc_error_rspreason: 0a cmd_code 0008
01-19 08:40:20.662 V/bt_stack( 2751): [VERBOSE1:gatt_cl.cc(504)] Discovery completed
01-19 08:40:20.662 I/bt_stack( 2751): [INFO:gatt_utils.cc(1500)] gatt_end_operation status=0 op=1 subtype=4
01-19 08:40:20.662 I/bt_stack( 2751): [INFO:bta_gattc_cache.cc(521)] bta_gattc_disc_cmpl_cback: disc_type=4
01-19 08:40:20.662 V/bt_stack( 2751): [VERBOSE1:bta_gattc_cache.cc(299)] starting discover characteristics descriptor
01-19 08:40:20.662 V/bt_stack( 2751): [VERBOSE1:bta_gattc_cache.cc(193)] Start service discovery
01-19 08:40:20.662 I/bt_stack( 2751): [INFO:gatt_api.cc(711)] GATTC_Discover conn_id=0x0008, disc_type=3, s_handle=0x0009, e_handle=0x001b
01-19 08:40:20.663 I/bt_stack( 2751): [INFO:gatt_cl.cc(101)] gatt_act_discovery opcode: 0x08
01-19 08:40:20.663 I/bluetooth( 2751): attp_cl_send_cmd: Sending ATT command to l2cap cid:0x0004 eatt_channels:0 transport:BT_TRANSPORT_LE
01-19 08:40:20.663 I/bt_btm  ( 2751): LogMsg: l2c_link_check_send_pkts: l2cb.controller_xmit_window=6
01-19 08:40:20.663 I/bt_btm  ( 2751): LogMsg: Direct send, transport=2, xmit_window=6, le_xmit_window=8, sent_not_acked=0, link_xmit_quota=8
01-19 08:40:20.663 I/bt_btm  ( 2751): LogMsg: Sending to lower layer
01-19 08:40:20.663 I/bt_btm  ( 2751): LogMsg: l2c_link_send_to_lower_ble: TotalWin=7,Hndl=0x200,Quota=8,Unack=1,RRQuota=0,RRUnack=0
01-19 08:40:20.663 I/bt_btm  ( 2751): LogMsg: No next buffer, skipping
01-19 08:40:20.663 I/bt_l2cap( 2751): LogMsg: l2cu_no_dynamic_ccbs NO IDLE timeout set for fixed cid 0x0004
01-19 08:40:20.663 I/bluetooth( 2751): attp_cl_send_cmd: Starting ATT response timer
01-19 08:40:20.669 I/bt_btm  ( 2751): LogMsg: l2c_link_check_send_pkts: l2cb.controller_xmit_window=6
01-19 08:40:20.669 I/bt_btm  ( 2751): LogMsg: Direct send, transport=2, xmit_window=6, le_xmit_window=8, sent_not_acked=0, link_xmit_quota=8
01-19 08:40:20.669 I/bt_btm  ( 2751): LogMsg: No next buffer, skipping
01-19 08:40:20.669 I/bt_btm  ( 2751): LogMsg: l2c_link_process_num_completed_pkts: TotalWin=8,LinkUnack(0x200)=0,RRCheck=0,RRUnack=0
01-19 08:40:20.676 I/bt_btm  ( 2751): LogMsg: btm_bda_to_acl: bda=60:77:71:fc:6b:9d transport=2
01-19 08:40:20.677 V/bt_stack( 2751): [VERBOSE1:gatt_main.cc(1054)] gatt_get_ch_state: ch_state=4
01-19 08:40:20.677 I/bt_stack( 2751): [INFO:gatt_cl.cc(1194)] gatt_client_handle_server_rsp opcode: 0x01
01-19 08:40:20.677 I/bt_stack( 2751): [INFO:gatt_cl.cc(533)] gatt_process_error_rsp
01-19 08:40:20.677 V/bt_stack( 2751): [VERBOSE1:gatt_cl.cc(494)] gatt_proc_disc_error_rspreason: 0a cmd_code 0008
01-19 08:40:20.677 V/bt_stack( 2751): [VERBOSE1:gatt_cl.cc(504)] Discovery completed
01-19 08:40:20.677 I/bt_stack( 2751): [INFO:gatt_utils.cc(1500)] gatt_end_operation status=0 op=1 subtype=3
01-19 08:40:20.677 I/bt_stack( 2751): [INFO:bta_gattc_cache.cc(521)] bta_gattc_disc_cmpl_cback: disc_type=3
01-19 08:40:20.678 I/bt_stack( 2751): [INFO:gatt_api.cc(711)] GATTC_Discover conn_id=0x0008, disc_type=4, s_handle=0x0009, e_handle=0x001b
01-19 08:40:20.678 I/bt_stack( 2751): [INFO:gatt_cl.cc(101)] gatt_act_discovery opcode: 0x08
01-19 08:40:20.678 I/bluetooth( 2751): attp_cl_send_cmd: Sending ATT command to l2cap cid:0x0004 eatt_channels:0 transport:BT_TRANSPORT_LE
01-19 08:40:20.678 I/bt_btm  ( 2751): LogMsg: l2c_link_check_send_pkts: l2cb.controller_xmit_window=6
01-19 08:40:20.678 I/bt_btm  ( 2751): LogMsg: Direct send, transport=2, xmit_window=6, le_xmit_window=8, sent_not_acked=0, link_xmit_quota=8
01-19 08:40:20.678 I/bt_btm  ( 2751): LogMsg: Sending to lower layer
01-19 08:40:20.678 I/bt_btm  ( 2751): LogMsg: l2c_link_send_to_lower_ble: TotalWin=7,Hndl=0x200,Quota=8,Unack=1,RRQuota=0,RRUnack=0
01-19 08:40:20.678 I/bt_btm  ( 2751): LogMsg: No next buffer, skipping
01-19 08:40:20.678 I/bt_l2cap( 2751): LogMsg: l2cu_no_dynamic_ccbs NO IDLE timeout set for fixed cid 0x0004
01-19 08:40:20.678 I/bluetooth( 2751): attp_cl_send_cmd: Starting ATT response timer
01-19 08:40:20.684 I/bt_btm  ( 2751): LogMsg: l2c_link_check_send_pkts: l2cb.controller_xmit_window=6
01-19 08:40:20.684 I/bt_btm  ( 2751): LogMsg: Direct send, transport=2, xmit_window=6, le_xmit_window=8, sent_not_acked=0, link_xmit_quota=8
01-19 08:40:20.684 I/bt_btm  ( 2751): LogMsg: No next buffer, skipping
01-19 08:40:20.684 I/bt_btm  ( 2751): LogMsg: l2c_link_process_num_completed_pkts: TotalWin=8,LinkUnack(0x200)=0,RRCheck=0,RRUnack=0
01-19 08:40:20.692 I/bt_btm  ( 2751): LogMsg: btm_bda_to_acl: bda=60:77:71:fc:6b:9d transport=2
01-19 08:40:20.692 V/bt_stack( 2751): [VERBOSE1:gatt_main.cc(1054)] gatt_get_ch_state: ch_state=4
01-19 08:40:20.692 I/bt_stack( 2751): [INFO:gatt_cl.cc(1194)] gatt_client_handle_server_rsp opcode: 0x09
01-19 08:40:20.692 I/bt_stack( 2751): [INFO:gatt_cl.cc(799)] gatt_process_read_by_type_rspop=1 subtype=4
01-19 08:40:20.692 I/bt_stack( 2751): [INFO:gatt_cl.cc(983)] gatt_process_read_by_type_rsp: initiate another discovery request
01-19 08:40:20.693 I/bt_stack( 2751): [INFO:gatt_cl.cc(101)] gatt_act_discovery opcode: 0x08
01-19 08:40:20.693 I/bluetooth( 2751): attp_cl_send_cmd: Sending ATT command to l2cap cid:0x0004 eatt_channels:0 transport:BT_TRANSPORT_LE
01-19 08:40:20.693 I/bt_btm  ( 2751): LogMsg: l2c_link_check_send_pkts: l2cb.controller_xmit_window=6
01-19 08:40:20.693 I/bt_btm  ( 2751): LogMsg: Direct send, transport=2, xmit_window=6, le_xmit_window=8, sent_not_acked=0, link_xmit_quota=8
01-19 08:40:20.693 I/bt_btm  ( 2751): LogMsg: Sending to lower layer
01-19 08:40:20.693 I/bt_btm  ( 2751): LogMsg: l2c_link_send_to_lower_ble: TotalWin=7,Hndl=0x200,Quota=8,Unack=1,RRQuota=0,RRUnack=0
01-19 08:40:20.693 I/bt_btm  ( 2751): LogMsg: No next buffer, skipping
01-19 08:40:20.693 I/bt_l2cap( 2751): LogMsg: l2cu_no_dynamic_ccbs NO IDLE timeout set for fixed cid 0x0004
01-19 08:40:20.693 I/bluetooth( 2751): attp_cl_send_cmd: Starting ATT response timer
01-19 08:40:20.707 I/bt_btm  ( 2751): LogMsg: l2c_link_check_send_pkts: l2cb.controller_xmit_window=6
01-19 08:40:20.707 I/bt_btm  ( 2751): LogMsg: Direct send, transport=2, xmit_window=6, le_xmit_window=8, sent_not_acked=0, link_xmit_quota=8
01-19 08:40:20.707 I/bt_btm  ( 2751): LogMsg: No next buffer, skipping
01-19 08:40:20.707 I/bt_btm  ( 2751): LogMsg: l2c_link_process_num_completed_pkts: TotalWin=8,LinkUnack(0x200)=0,RRCheck=0,RRUnack=0
01-19 08:40:20.715 I/bt_btm  ( 2751): LogMsg: btm_bda_to_acl: bda=60:77:71:fc:6b:9d transport=2
01-19 08:40:20.715 V/bt_stack( 2751): [VERBOSE1:gatt_main.cc(1054)] gatt_get_ch_state: ch_state=4
01-19 08:40:20.715 I/bt_stack( 2751): [INFO:gatt_cl.cc(1194)] gatt_client_handle_server_rsp opcode: 0x09
01-19 08:40:20.715 I/bt_stack( 2751): [INFO:gatt_cl.cc(799)] gatt_process_read_by_type_rspop=1 subtype=4
01-19 08:40:20.715 I/bt_stack( 2751): [INFO:gatt_cl.cc(983)] gatt_process_read_by_type_rsp: initiate another discovery request
01-19 08:40:20.716 I/bt_stack( 2751): [INFO:gatt_cl.cc(101)] gatt_act_discovery opcode: 0x08
01-19 08:40:20.716 I/bluetooth( 2751): attp_cl_send_cmd: Sending ATT command to l2cap cid:0x0004 eatt_channels:0 transport:BT_TRANSPORT_LE
01-19 08:40:20.716 I/bt_btm  ( 2751): LogMsg: l2c_link_check_send_pkts: l2cb.controller_xmit_window=6
01-19 08:40:20.716 I/bt_btm  ( 2751): LogMsg: Direct send, transport=2, xmit_window=6, le_xmit_window=8, sent_not_acked=0, link_xmit_quota=8
01-19 08:40:20.716 I/bt_btm  ( 2751): LogMsg: Sending to lower layer
01-19 08:40:20.716 I/bt_btm  ( 2751): LogMsg: l2c_link_send_to_lower_ble: TotalWin=7,Hndl=0x200,Quota=8,Unack=1,RRQuota=0,RRUnack=0
01-19 08:40:20.716 I/bt_btm  ( 2751): LogMsg: No next buffer, skipping
01-19 08:40:20.716 I/bt_l2cap( 2751): LogMsg: l2cu_no_dynamic_ccbs NO IDLE timeout set for fixed cid 0x0004
01-19 08:40:20.716 I/bluetooth( 2751): attp_cl_send_cmd: Starting ATT response timer
01-19 08:40:20.721 I/bt_btm  ( 2751): LogMsg: l2c_link_check_send_pkts: l2cb.controller_xmit_window=6
01-19 08:40:20.721 I/bt_btm  ( 2751): LogMsg: Direct send, transport=2, xmit_window=6, le_xmit_window=8, sent_not_acked=0, link_xmit_quota=8
01-19 08:40:20.722 I/bt_btm  ( 2751): LogMsg: No next buffer, skipping
01-19 08:40:20.722 I/bt_btm  ( 2751): LogMsg: l2c_link_process_num_completed_pkts: TotalWin=8,LinkUnack(0x200)=0,RRCheck=0,RRUnack=0
01-19 08:40:20.729 I/bt_btm  ( 2751): LogMsg: btm_bda_to_acl: bda=60:77:71:fc:6b:9d transport=2
01-19 08:40:20.730 V/bt_stack( 2751): [VERBOSE1:gatt_main.cc(1054)] gatt_get_ch_state: ch_state=4
01-19 08:40:20.730 I/bt_stack( 2751): [INFO:gatt_cl.cc(1194)] gatt_client_handle_server_rsp opcode: 0x09
01-19 08:40:20.730 I/bt_stack( 2751): [INFO:gatt_cl.cc(799)] gatt_process_read_by_type_rspop=1 subtype=4
01-19 08:40:20.731 I/bt_stack( 2751): [INFO:gatt_cl.cc(983)] gatt_process_read_by_type_rsp: initiate another discovery request
01-19 08:40:20.731 I/bt_stack( 2751): [INFO:gatt_cl.cc(101)] gatt_act_discovery opcode: 0x08
01-19 08:40:20.731 I/bluetooth( 2751): attp_cl_send_cmd: Sending ATT command to l2cap cid:0x0004 eatt_channels:0 transport:BT_TRANSPORT_LE
01-19 08:40:20.731 I/bt_btm  ( 2751): LogMsg: l2c_link_check_send_pkts: l2cb.controller_xmit_window=6
01-19 08:40:20.731 I/bt_btm  ( 2751): LogMsg: Direct send, transport=2, xmit_window=6, le_xmit_window=8, sent_not_acked=0, link_xmit_quota=8
01-19 08:40:20.731 I/bt_btm  ( 2751): LogMsg: Sending to lower layer
01-19 08:40:20.731 I/bt_btm  ( 2751): LogMsg: l2c_link_send_to_lower_ble: TotalWin=7,Hndl=0x200,Quota=8,Unack=1,RRQuota=0,RRUnack=0
01-19 08:40:20.732 I/bt_btm  ( 2751): LogMsg: No next buffer, skipping
01-19 08:40:20.732 I/bt_l2cap( 2751): LogMsg: l2cu_no_dynamic_ccbs NO IDLE timeout set for fixed cid 0x0004
01-19 08:40:20.732 I/bluetooth( 2751): attp_cl_send_cmd: Starting ATT response timer
01-19 08:40:20.736 I/bt_btm  ( 2751): LogMsg: l2c_link_check_send_pkts: l2cb.controller_xmit_window=6
01-19 08:40:20.736 I/bt_btm  ( 2751): LogMsg: Direct send, transport=2, xmit_window=6, le_xmit_window=8, sent_not_acked=0, link_xmit_quota=8
01-19 08:40:20.736 I/bt_btm  ( 2751): LogMsg: No next buffer, skipping
01-19 08:40:20.737 I/bt_btm  ( 2751): LogMsg: l2c_link_process_num_completed_pkts: TotalWin=8,LinkUnack(0x200)=0,RRCheck=0,RRUnack=0
01-19 08:40:20.744 I/bt_btm  ( 2751): LogMsg: btm_bda_to_acl: bda=60:77:71:fc:6b:9d transport=2
01-19 08:40:20.744 V/bt_stack( 2751): [VERBOSE1:gatt_main.cc(1054)] gatt_get_ch_state: ch_state=4
01-19 08:40:20.744 I/bt_stack( 2751): [INFO:gatt_cl.cc(1194)] gatt_client_handle_server_rsp opcode: 0x01
01-19 08:40:20.744 I/bt_stack( 2751): [INFO:gatt_cl.cc(533)] gatt_process_error_rsp
01-19 08:40:20.744 V/bt_stack( 2751): [VERBOSE1:gatt_cl.cc(494)] gatt_proc_disc_error_rspreason: 0a cmd_code 0008
01-19 08:40:20.745 V/bt_stack( 2751): [VERBOSE1:gatt_cl.cc(504)] Discovery completed
01-19 08:40:20.745 I/bt_stack( 2751): [INFO:gatt_utils.cc(1500)] gatt_end_operation status=0 op=1 subtype=4
01-19 08:40:20.745 I/bt_stack( 2751): [INFO:bta_gattc_cache.cc(521)] bta_gattc_disc_cmpl_cback: disc_type=4
01-19 08:40:20.745 V/bt_stack( 2751): [VERBOSE1:bta_gattc_cache.cc(299)] starting discover characteristics descriptor
01-19 08:40:20.745 V/bt_stack( 2751): [VERBOSE1:bta_gattc_cache.cc(193)] Start service discovery
01-19 08:40:20.745 I/bt_stack( 2751): [INFO:gatt_api.cc(711)] GATTC_Discover conn_id=0x0008, disc_type=3, s_handle=0x001c, e_handle=0x0022
01-19 08:40:20.745 I/bt_stack( 2751): [INFO:gatt_cl.cc(101)] gatt_act_discovery opcode: 0x08
01-19 08:40:20.745 I/bluetooth( 2751): attp_cl_send_cmd: Sending ATT command to l2cap cid:0x0004 eatt_channels:0 transport:BT_TRANSPORT_LE
01-19 08:40:20.745 I/bt_btm  ( 2751): LogMsg: l2c_link_check_send_pkts: l2cb.controller_xmit_window=6
01-19 08:40:20.745 I/bt_btm  ( 2751): LogMsg: Direct send, transport=2, xmit_window=6, le_xmit_window=8, sent_not_acked=0, link_xmit_quota=8
01-19 08:40:20.745 I/bt_btm  ( 2751): LogMsg: Sending to lower layer
01-19 08:40:20.745 I/bt_btm  ( 2751): LogMsg: l2c_link_send_to_lower_ble: TotalWin=7,Hndl=0x200,Quota=8,Unack=1,RRQuota=0,RRUnack=0
01-19 08:40:20.745 I/bt_btm  ( 2751): LogMsg: No next buffer, skipping
01-19 08:40:20.745 I/bt_l2cap( 2751): LogMsg: l2cu_no_dynamic_ccbs NO IDLE timeout set for fixed cid 0x0004
01-19 08:40:20.745 I/bluetooth( 2751): attp_cl_send_cmd: Starting ATT response timer
01-19 08:40:20.751 I/bt_btm  ( 2751): LogMsg: l2c_link_check_send_pkts: l2cb.controller_xmit_window=6
01-19 08:40:20.751 I/bt_btm  ( 2751): LogMsg: Direct send, transport=2, xmit_window=6, le_xmit_window=8, sent_not_acked=0, link_xmit_quota=8
01-19 08:40:20.751 I/bt_btm  ( 2751): LogMsg: No next buffer, skipping
01-19 08:40:20.751 I/bt_btm  ( 2751): LogMsg: l2c_link_process_num_completed_pkts: TotalWin=8,LinkUnack(0x200)=0,RRCheck=0,RRUnack=0
01-19 08:40:20.759 I/bt_btm  ( 2751): LogMsg: btm_bda_to_acl: bda=60:77:71:fc:6b:9d transport=2
01-19 08:40:20.759 V/bt_stack( 2751): [VERBOSE1:gatt_main.cc(1054)] gatt_get_ch_state: ch_state=4
01-19 08:40:20.760 I/bt_stack( 2751): [INFO:gatt_cl.cc(1194)] gatt_client_handle_server_rsp opcode: 0x01
01-19 08:40:20.760 I/bt_stack( 2751): [INFO:gatt_cl.cc(533)] gatt_process_error_rsp
01-19 08:40:20.760 V/bt_stack( 2751): [VERBOSE1:gatt_cl.cc(494)] gatt_proc_disc_error_rspreason: 0a cmd_code 0008
01-19 08:40:20.760 V/bt_stack( 2751): [VERBOSE1:gatt_cl.cc(504)] Discovery completed
01-19 08:40:20.760 I/bt_stack( 2751): [INFO:gatt_utils.cc(1500)] gatt_end_operation status=0 op=1 subtype=3
01-19 08:40:20.760 I/bt_stack( 2751): [INFO:bta_gattc_cache.cc(521)] bta_gattc_disc_cmpl_cback: disc_type=3
01-19 08:40:20.760 I/bt_stack( 2751): [INFO:gatt_api.cc(711)] GATTC_Discover conn_id=0x0008, disc_type=4, s_handle=0x001c, e_handle=0x0022
01-19 08:40:20.760 I/bt_stack( 2751): [INFO:gatt_cl.cc(101)] gatt_act_discovery opcode: 0x08
01-19 08:40:20.760 I/bluetooth( 2751): attp_cl_send_cmd: Sending ATT command to l2cap cid:0x0004 eatt_channels:0 transport:BT_TRANSPORT_LE
01-19 08:40:20.760 I/bt_btm  ( 2751): LogMsg: l2c_link_check_send_pkts: l2cb.controller_xmit_window=6
01-19 08:40:20.760 I/bt_btm  ( 2751): LogMsg: Direct send, transport=2, xmit_window=6, le_xmit_window=8, sent_not_acked=0, link_xmit_quota=8
01-19 08:40:20.760 I/bt_btm  ( 2751): LogMsg: Sending to lower layer
01-19 08:40:20.760 I/bt_btm  ( 2751): LogMsg: l2c_link_send_to_lower_ble: TotalWin=7,Hndl=0x200,Quota=8,Unack=1,RRQuota=0,RRUnack=0
01-19 08:40:20.761 I/bt_btm  ( 2751): LogMsg: No next buffer, skipping
01-19 08:40:20.761 I/bt_l2cap( 2751): LogMsg: l2cu_no_dynamic_ccbs NO IDLE timeout set for fixed cid 0x0004
01-19 08:40:20.761 I/bluetooth( 2751): attp_cl_send_cmd: Starting ATT response timer
01-19 08:40:20.766 I/bt_btm  ( 2751): LogMsg: l2c_link_check_send_pkts: l2cb.controller_xmit_window=6
01-19 08:40:20.766 I/bt_btm  ( 2751): LogMsg: Direct send, transport=2, xmit_window=6, le_xmit_window=8, sent_not_acked=0, link_xmit_quota=8
01-19 08:40:20.766 I/bt_btm  ( 2751): LogMsg: No next buffer, skipping
01-19 08:40:20.767 I/bt_btm  ( 2751): LogMsg: l2c_link_process_num_completed_pkts: TotalWin=8,LinkUnack(0x200)=0,RRCheck=0,RRUnack=0
01-19 08:40:20.775 I/bt_btm  ( 2751): LogMsg: btm_bda_to_acl: bda=60:77:71:fc:6b:9d transport=2
01-19 08:40:20.775 V/bt_stack( 2751): [VERBOSE1:gatt_main.cc(1054)] gatt_get_ch_state: ch_state=4
01-19 08:40:20.775 I/bt_stack( 2751): [INFO:gatt_cl.cc(1194)] gatt_client_handle_server_rsp opcode: 0x09
01-19 08:40:20.775 I/bt_stack( 2751): [INFO:gatt_cl.cc(799)] gatt_process_read_by_type_rspop=1 subtype=4
01-19 08:40:20.775 I/bt_stack( 2751): [INFO:gatt_cl.cc(983)] gatt_process_read_by_type_rsp: initiate another discovery request
01-19 08:40:20.775 I/bt_stack( 2751): [INFO:gatt_cl.cc(101)] gatt_act_discovery opcode: 0x08
01-19 08:40:20.775 I/bluetooth( 2751): attp_cl_send_cmd: Sending ATT command to l2cap cid:0x0004 eatt_channels:0 transport:BT_TRANSPORT_LE
01-19 08:40:20.775 I/bt_btm  ( 2751): LogMsg: l2c_link_check_send_pkts: l2cb.controller_xmit_window=6
01-19 08:40:20.775 I/bt_btm  ( 2751): LogMsg: Direct send, transport=2, xmit_window=6, le_xmit_window=8, sent_not_acked=0, link_xmit_quota=8
01-19 08:40:20.776 I/bt_btm  ( 2751): LogMsg: Sending to lower layer
01-19 08:40:20.776 I/bt_btm  ( 2751): LogMsg: l2c_link_send_to_lower_ble: TotalWin=7,Hndl=0x200,Quota=8,Unack=1,RRQuota=0,RRUnack=0
01-19 08:40:20.776 I/bt_btm  ( 2751): LogMsg: No next buffer, skipping
01-19 08:40:20.776 I/bt_l2cap( 2751): LogMsg: l2cu_no_dynamic_ccbs NO IDLE timeout set for fixed cid 0x0004
01-19 08:40:20.776 I/bluetooth( 2751): attp_cl_send_cmd: Starting ATT response timer
01-19 08:40:20.781 I/bt_btm  ( 2751): LogMsg: l2c_link_check_send_pkts: l2cb.controller_xmit_window=6
01-19 08:40:20.782 I/bt_btm  ( 2751): LogMsg: Direct send, transport=2, xmit_window=6, le_xmit_window=8, sent_not_acked=0, link_xmit_quota=8
01-19 08:40:20.782 I/bt_btm  ( 2751): LogMsg: No next buffer, skipping
01-19 08:40:20.782 I/bt_btm  ( 2751): LogMsg: l2c_link_process_num_completed_pkts: TotalWin=8,LinkUnack(0x200)=0,RRCheck=0,RRUnack=0
01-19 08:40:20.789 I/bt_btm  ( 2751): LogMsg: btm_bda_to_acl: bda=60:77:71:fc:6b:9d transport=2
01-19 08:40:20.789 V/bt_stack( 2751): [VERBOSE1:gatt_main.cc(1054)] gatt_get_ch_state: ch_state=4
