01-19 08:39:24.782 I/Quality ( 2642): Skipped: false 3 cost 64.09741 refreshRate 16704634 bit true processName com.android.launcher
01-19 08:39:24.791 E/WindowManager( 1654): create RemoteAnimationController com.android.server.wm.RemoteAnimationController@3dca44a
01-19 08:39:24.792 D/OplusSplitScreenManagerService( 1654): isDragToSplitState mOplusSpiltScreenDnDUI is null, just return!
01-19 08:39:24.792 D/OplusSplitScreenManagerService( 1654): isDragToSplitState mOplusSpiltScreenDnDUI is null, just return!
01-19 08:39:24.827 V/WindowManager( 1654): Relayout Window{618c745 u0 com.android.systemui.ImageWallpaper}: viewVisibility=0, oldvis=0, req=1080x2400
01-19 08:39:24.839 D/TaskChangeNotificationControllerExtImpl( 1654): Skip pass Snapshot to listener:android.app.ITaskStackListener$Stub$Proxy@d8976e1
01-19 08:39:24.856 I/AppWidgetServiceImpl( 1654): handleNotifyUpdateAppWidget,appWidgetId: 2,packageName:com.coloros.alarmclock
01-19 08:39:24.884 D/InputMethodManagerService( 1654): isSecurity: attribute.packageName=com.android.launcher mCurMethodId=com.google.android.inputmethod.latin/com.android.inputmethod.latin.LatinIME
01-19 08:39:24.884 D/InputMethodManagerService( 1654): isSecurity= false (  enable=false needShow=false inBlackList=false isExist=false )
01-19 08:39:24.889 V/AutofillInlineSuggestionsRequestSession( 1654): onInputMethodFinishInput() received
01-19 08:39:24.889 D/CompatibilityChangeReporter( 1654): Compat change id reported: 168419799; UID 10188; state: DISABLED
01-19 08:39:24.895 V/AutofillInlineSuggestionsRequestSession( 1654): onInputMethodStartInput() received on 0
01-19 08:39:24.908 D/InputMethodManagerService( 1654): onHandleImeWindowVisibleStatus: vis = 0, needsToShowImeSwitcher = false
01-19 08:39:25.184 D/CameraDelegate( 1654): handleMessage:200
01-19 08:39:25.188 V/OplusZoomWindowManagerService( 1654): onAnimationFinished:  r = ActivityRecord{7c2a619 u0 com.THLight.BLE.USBeacon.Writer.Simple.dev/com.THLight.BLE.USBeacon.Writer.Simple.ui.activity.scan.ScanDeviceListActivity} t186 f}}
01-19 08:39:25.191 V/OplusZoomWindowManagerService( 1654): onAnimationFinished:  r = ActivityRecord{ff6ef4d u0 com.android.launcher/.Launcher} t6}
01-19 08:39:25.192 I/OplusAppSwitchManagerService( 1654):  handleAppVisible , r = ActivityRecord{ff6ef4d u0 com.android.launcher/.Launcher} t6}
01-19 08:39:25.214 V/WindowManager( 1654): Relayout Window{db924f9 u0 com.THLight.BLE.USBeacon.Writer.Simple.dev/com.THLight.BLE.USBeacon.Writer.Simple.ui.activity.scan.ScanDeviceListActivity}: viewVisibility=8, oldvis=0, req=720x1600
01-19 08:39:25.237 D/CoreBackPreview( 1654): Window{db924f9 u0 com.THLight.BLE.USBeacon.Writer.Simple.dev/com.THLight.BLE.USBeacon.Writer.Simple.ui.activity.scan.ScanDeviceListActivity}: Setting back callback null
01-19 08:39:25.239 V/ZoomWindowDecorView(21992): removeZoomView
01-19 08:39:25.251 D/OplusMirageWindowManagerService( 1654): onTaskRemoved displayid:0 taskId:186 callers:com.android.server.wm.MirageWindowManagerExtImpl.onTaskRemoved:47 com.android.server.wm.TaskDisplayArea.removeChildTask:398 com.android.server.wm.TaskDisplayArea.removeChild:387 com.android.server.wm.WindowContainer.removeImmediately:891 com.android.server.wm.TaskFragment.removeImmediately:2904 
01-19 08:39:25.251 I/OplusScreenSecurityMask( 1654): onStackRemoved task = Task{4d329c9 #186 type=standard A=10154:com.THLight.BLE.USBeacon.Writer.Simple.dev U=0 visible=false visibleRequested=false mode=fullscreen translucent=true sz=0} record = null displayId = 0
01-19 08:39:25.252 D/TaskFragmentExtImpl( 1654): remove ActivityRecord{7c2a619 u0 com.THLight.BLE.USBeacon.Writer.Simple.dev/com.THLight.BLE.USBeacon.Writer.Simple.ui.activity.scan.ScanDeviceListActivity} t-1 f}} to mActivityRecordSum = Counter{ }
01-19 08:39:25.259 D/OplusAppListInterceptManager( 1654): shouldFilterTask
01-19 08:39:25.259 D/OplusAppListInterceptManager( 1654): shouldFilterTask::packageName = com.THLight.BLE.USBeacon.Writer.Simple.dev
01-19 08:39:25.260 D/OplusAppListInterceptManager( 1654): shouldFilterTask
01-19 08:39:25.260 D/OplusAppListInterceptManager( 1654): shouldFilterTask::packageName = com.android.settings
01-19 08:39:25.260 D/OplusSplitScreenManagerService( 1654): com.android.settings unSupportsSplitScreen by blockList or ForbidActivityList
01-19 08:39:25.260 D/OplusAppListInterceptManager( 1654): shouldFilterTask
01-19 08:39:25.260 D/OplusAppListInterceptManager( 1654): shouldFilterTask::packageName = com.android.settings
01-19 08:39:25.260 D/OplusSplitScreenManagerService( 1654): com.android.settings unSupportsSplitScreen by blockList or ForbidActivityList
01-19 08:39:25.261 D/OplusSplitScreenManagerService( 1654): com.android.settings unSupportsSplitScreen by blockList or ForbidActivityList
01-19 08:39:25.261 D/OplusAppListInterceptManager( 1654): shouldFilterTask
01-19 08:39:25.261 D/OplusAppListInterceptManager( 1654): shouldFilterTask::packageName = no.nordicsemi.android.mcp
01-19 08:39:25.261 D/OplusAthena( 1654): com.google.android.gm in recent lock list
01-19 08:39:25.269 D/OplusAppListInterceptManager( 1654): shouldFilterTask
01-19 08:39:25.269 D/OplusAppListInterceptManager( 1654): shouldFilterTask::packageName = com.THLight.BLE.USBeacon.Writer.Simple.dev
01-19 08:39:25.269 D/OplusAppListInterceptManager( 1654): shouldFilterTask
01-19 08:39:25.269 D/OplusAppListInterceptManager( 1654): shouldFilterTask::packageName = com.android.settings
01-19 08:39:25.269 D/OplusSplitScreenManagerService( 1654): com.android.settings unSupportsSplitScreen by blockList or ForbidActivityList
01-19 08:39:25.269 D/OplusAppListInterceptManager( 1654): shouldFilterTask
01-19 08:39:25.269 D/OplusAppListInterceptManager( 1654): shouldFilterTask::packageName = com.android.settings
01-19 08:39:25.269 D/OplusSplitScreenManagerService( 1654): com.android.settings unSupportsSplitScreen by blockList or ForbidActivityList
01-19 08:39:25.269 D/OplusSplitScreenManagerService( 1654): com.android.settings unSupportsSplitScreen by blockList or ForbidActivityList
01-19 08:39:25.269 D/OplusAppListInterceptManager( 1654): shouldFilterTask
01-19 08:39:25.269 D/OplusAppListInterceptManager( 1654): shouldFilterTask::packageName = no.nordicsemi.android.mcp
01-19 08:39:25.269 D/OplusAthena( 1654): com.google.android.gm in recent lock list
01-19 08:39:25.308 D/CompatibilityChangeReporter( 1654): Compat change id reported: 168419799; UID 10122; state: DISABLED
01-19 08:39:26.086 V/ZoomWindowDecorView(21992): removeZoomView
01-19 08:39:26.105 D/CoreBackPreview( 1654): Window{89a8f15 u0 Toast}: Setting back callback null
01-19 08:39:26.119 W/NotificationService( 1654): Toast already killed. pkg=com.THLight.BLE.USBeacon.Writer.Simple.dev token=android.os.BinderProxy@98fb75a
01-19 08:39:26.644 D/WindowManager( 1654): Releasing screen wakelock due to Window{89a8f15 u0 Toast}
01-19 08:39:26.644 D/OplusAONSmartDim( 1654): onWakeLockReleaseLocked: lock=24988041, flags=0x2000000a, packageName=android, tag="WindowManager", ws=WorkSource{10154}, uid=1000, pid=1654
01-19 08:39:26.645 D/PowerManagerService( 1654): userActivityNoUpdateLocked: groupId=0, eventTime=191917206, event=0, flags=0x1, uid=1000
01-19 08:39:26.735 W/WindowManager( 1654): Unable to start animation, surface is null or no children.
01-19 08:39:26.976 D/OplusSmartBrightnessController( 1654): handleMessage MSG_LUX_CHANGED, mLux:209.17735 luxQueue=[211.0, 208.0, 213.0, 207.0, 208.0, 208.0]
01-19 08:39:27.778 D/OplusSmartBrightnessController( 1654): handleMessage MSG_LUX_CHANGED, mLux:347.91162 luxQueue=[265.0, 352.0, 365.0, 396.0]
01-19 08:39:27.837 D/ActivityThread(21992): do gfx trim 40 success
01-19 08:39:27.874 D/CompatibilityChangeReporter( 1654): Compat change id reported: 171306433; UID 10125; state: ENABLED
01-19 08:39:27.876 D/CompatibilityChangeReporter( 1654): Compat change id reported: 218533173; UID 10125; state: ENABLED
01-19 08:39:28.769 V/WindowOrientationListener( 1654): onSensorChanged mDesiredRotation = 4
01-19 08:39:28.948 I/ActivityManager( 1654): Waited long enough for: ServiceRecord{557b7a9 u0 com.oplus.ota/.service.OTAService}
01-19 08:39:29.577 D/OplusSmartBrightnessController( 1654): handleMessage MSG_LUX_CHANGED, mLux:385.7054 luxQueue=[376.0, 385.0, 393.0, 385.0, 391.0, 384.0]
01-19 08:39:29.757 E/KernelCpuSpeedReader( 1654): Failed to read cpu-freq: /sys/devices/system/cpu/cpu4/cpufreq/stats/time_in_state: open failed: ENOENT (No such file or directory)
01-19 08:39:29.758 E/KernelCpuSpeedReader( 1654): Failed to read cpu-freq: /sys/devices/system/cpu/cpu0/cpufreq/stats/time_in_state: open failed: ENOENT (No such file or directory)
01-19 08:39:37.107 W/WindowManager( 1654): removeWindowToken: Attempted to remove non-existing token: android.os.Binder@2293aa0
01-19 08:39:39.271 D/CompatibilityChangeReporter( 1654): Compat change id reported: 168419799; UID 1000; state: DISABLED
01-19 08:39:45.319 I/ActivityManager( 1654): Killing 25269:com.nearme.instant.platform:provider/u0a104 (adj 975): empty #7
01-19 08:39:46.170 E/OplusCustomizeRestrictionManagerService( 1654): getMobileDataMode error :s == null
01-19 08:39:46.181 E/OplusCustomizeRestrictionManagerService( 1654): getMobileDataMode error :s == null
01-19 08:39:46.189 E/OplusCustomizeRestrictionManagerService( 1654): getMobileDataMode error :s == null
01-19 08:39:48.648 D/DisplayManagerServiceExtImpl( 1654): request size(1,1),dpc=com.android.server.display.DisplayPowerController@484ef97 size(0,1),flags=0X200F,id(0,0,local:0), phase=1, enable=true, ready=false,prox=false policy=DIM,dozeState=UNKNOWN,screenBrightnessOverride=-1.000000,useAuto=true,lowPower=false,lowPowerFactor=1.000000
01-19 08:39:48.650 I/OplusSmartBrightnessController( 1654): handleBrightnessTotalRateType: automatic->dim
01-19 08:39:48.650 D/OplusDisplayPowerControllerExtImpl( 1654): original brightness:13 final brightness:13.0 scale:1.0 reason:4 darkLevel:0
01-19 08:39:48.660 D/OplusDisplayPowerControllerExtImpl( 1654): Animating brightness: target=794->13,rate=123->2600,type=dim,byUse=false local:0
01-19 08:39:48.660 D/DisplayPowerController[0]( 1654): Brightness [13.0] reason changing to: 'automatic [ auto_adj dim ]', previous reason: 'automatic'. id=local:0
01-19 08:39:48.661 I/DisplayPowerController[0]( 1654): BrightnessEvent: disp=0, brt=13.0, rcmdBrt=NaN, preBrt=NaN, lux=0.0, preLux=0.0, hbmMax=1.0, hbmMode=off, thrmMax=1.0, flags=, reason=automatic [ auto_adj dim ]
01-19 08:39:48.661 D/OplusDisplayPowerControllerExtImpl( 1654): RECORD:onUpdatePowerState policy:2 state:2 brightness:13
01-19 08:39:48.661 D/VRR [OPlusRefreshRateService]( 1654): notifyBrightnessChange brightness: 13.0
01-19 08:39:48.661 D/VRR [OPlusRefreshRateService]( 1654): notifyNitsChange nits: 2.6263962 discrete nits: 117.81781
01-19 08:39:48.663 D/VRR [OPlusRefreshRateService]( 1654): handleBrightnessChange nits: 2.6263962
01-19 08:39:48.669 D/OplusFeatureHDREnhanceBrightness( 1654): setAnimating : animating = true
01-19 08:39:48.669 D/OplusFeatureReduceBrightness( 1654): setAnimating : animating = true
01-19 08:39:48.682 D/DisplayPowerController[0]( 1654): onChange selfChange=false uri=content://settings/system/screen_brightness
01-19 08:39:48.683 D/OplusDisplayPowerControllerExtImpl( 1654): original brightness:13 final brightness:13.0 scale:1.0 reason:4 darkLevel:0
01-19 08:39:48.685 D/OplusDisplayPowerControllerExtImpl( 1654): Animating brightness: target=13->13,rate=2600->123,type=dim,byUse=false local:0
01-19 08:39:48.686 D/DisplayPowerController[0]( 1654): Brightness [13.0] reason changing to: 'automatic [ auto_adj dim ]', previous reason: 'automatic [ dim ]'. id=local:0
01-19 08:39:48.686 I/DisplayPowerController[0]( 1654): BrightnessEvent: disp=0, brt=13.0(user_set), rcmdBrt=NaN, preBrt=NaN, lux=0.0, preLux=0.0, hbmMax=1.0, hbmMode=off, thrmMax=1.0, flags=user_set , reason=automatic [ auto_adj dim ]
01-19 08:39:48.686 D/VRR [OPlusRefreshRateService]( 1654): notifyBrightnessChange brightness: 13.0
01-19 08:39:48.687 D/DisplayManagerService( 1654): Delivering display event: displayId=0, event=4
01-19 08:39:48.702 D/DisplayPowerController[0]( 1654): onChange selfChange=false uri=content://settings/system/screen_brightness
01-19 08:39:48.703 D/OplusDisplayPowerControllerExtImpl( 1654): original brightness:13 final brightness:13.0 scale:1.0 reason:4 darkLevel:0
01-19 08:39:48.705 D/DisplayPowerController[0]( 1654): Brightness [13.0] reason changing to: 'automatic [ auto_adj dim ]', previous reason: 'automatic [ dim ]'. id=local:0
01-19 08:39:48.705 I/DisplayPowerController[0]( 1654): BrightnessEvent: disp=0, brt=13.0(user_set), rcmdBrt=NaN, preBrt=NaN, lux=0.0, preLux=0.0, hbmMax=1.0, hbmMode=off, thrmMax=1.0, flags=user_set , reason=automatic [ auto_adj dim ]
01-19 08:39:48.705 D/VRR [OPlusRefreshRateService]( 1654): notifyBrightnessChange brightness: 13.0
01-19 08:39:48.706 D/DisplayManagerService( 1654): Delivering display event: displayId=0, event=4
01-19 08:39:48.711 D/DisplayPowerController[0]( 1654): onChange selfChange=false uri=content://settings/system/screen_brightness
01-19 08:39:48.713 D/OplusDisplayPowerControllerExtImpl( 1654): original brightness:13 final brightness:13.0 scale:1.0 reason:4 darkLevel:0
01-19 08:39:48.715 D/DisplayPowerController[0]( 1654): Brightness [13.0] reason changing to: 'automatic [ auto_adj dim ]', previous reason: 'automatic [ dim ]'. id=local:0
01-19 08:39:48.715 I/DisplayPowerController[0]( 1654): BrightnessEvent: disp=0, brt=13.0(user_set), rcmdBrt=NaN, preBrt=NaN, lux=0.0, preLux=0.0, hbmMax=1.0, hbmMode=off, thrmMax=1.0, flags=user_set , reason=automatic [ auto_adj dim ]
01-19 08:39:48.715 D/VRR [OPlusRefreshRateService]( 1654): notifyBrightnessChange brightness: 13.0
01-19 08:39:48.715 D/DisplayManagerService( 1654): Delivering display event: displayId=0, event=4
01-19 08:39:48.724 D/DisplayPowerController[0]( 1654): onChange selfChange=false uri=content://settings/system/screen_brightness
01-19 08:39:48.726 D/OplusDisplayPowerControllerExtImpl( 1654): original brightness:13 final brightness:13.0 scale:1.0 reason:4 darkLevel:0
01-19 08:39:48.728 D/DisplayPowerController[0]( 1654): Brightness [13.0] reason changing to: 'automatic [ auto_adj dim ]', previous reason: 'automatic [ dim ]'. id=local:0
01-19 08:39:48.728 I/DisplayPowerController[0]( 1654): BrightnessEvent: disp=0, brt=13.0(user_set), rcmdBrt=NaN, preBrt=NaN, lux=0.0, preLux=0.0, hbmMax=1.0, hbmMode=off, thrmMax=1.0, flags=user_set , reason=automatic [ auto_adj dim ]
01-19 08:39:48.728 D/VRR [OPlusRefreshRateService]( 1654): notifyBrightnessChange brightness: 13.0
01-19 08:39:48.729 D/DisplayManagerService( 1654): Delivering display event: displayId=0, event=4
01-19 08:39:48.734 D/DisplayPowerController[0]( 1654): onChange selfChange=false uri=content://settings/system/screen_brightness
01-19 08:39:48.735 D/OplusDisplayPowerControllerExtImpl( 1654): original brightness:13 final brightness:13.0 scale:1.0 reason:4 darkLevel:0
01-19 08:39:48.737 D/DisplayPowerController[0]( 1654): Brightness [13.0] reason changing to: 'automatic [ auto_adj dim ]', previous reason: 'automatic [ dim ]'. id=local:0
01-19 08:39:48.738 I/DisplayPowerController[0]( 1654): BrightnessEvent: disp=0, brt=13.0(user_set), rcmdBrt=NaN, preBrt=NaN, lux=0.0, preLux=0.0, hbmMax=1.0, hbmMode=off, thrmMax=1.0, flags=user_set , reason=automatic [ auto_adj dim ]
01-19 08:39:48.738 D/VRR [OPlusRefreshRateService]( 1654): notifyBrightnessChange brightness: 13.0
01-19 08:39:48.739 D/DisplayManagerService( 1654): Delivering display event: displayId=0, event=4
01-19 08:39:48.751 D/DisplayPowerController[0]( 1654): onChange selfChange=false uri=content://settings/system/screen_brightness
01-19 08:39:48.752 D/OplusDisplayPowerControllerExtImpl( 1654): original brightness:13 final brightness:13.0 scale:1.0 reason:4 darkLevel:0
01-19 08:39:48.754 D/DisplayPowerController[0]( 1654): Brightness [13.0] reason changing to: 'automatic [ auto_adj dim ]', previous reason: 'automatic [ dim ]'. id=local:0
01-19 08:39:48.755 I/DisplayPowerController[0]( 1654): BrightnessEvent: disp=0, brt=13.0(user_set), rcmdBrt=NaN, preBrt=NaN, lux=0.0, preLux=0.0, hbmMax=1.0, hbmMode=off, thrmMax=1.0, flags=user_set , reason=automatic [ auto_adj dim ]
01-19 08:39:48.755 D/VRR [OPlusRefreshRateService]( 1654): notifyBrightnessChange brightness: 13.0
01-19 08:39:48.755 D/DisplayManagerService( 1654): Delivering display event: displayId=0, event=4
01-19 08:39:48.766 D/DisplayPowerController[0]( 1654): onChange selfChange=false uri=content://settings/system/screen_brightness
01-19 08:39:48.767 D/OplusDisplayPowerControllerExtImpl( 1654): original brightness:13 final brightness:13.0 scale:1.0 reason:4 darkLevel:0
01-19 08:39:48.769 D/DisplayPowerController[0]( 1654): Brightness [13.0] reason changing to: 'automatic [ auto_adj dim ]', previous reason: 'automatic [ dim ]'. id=local:0
01-19 08:39:48.769 I/DisplayPowerController[0]( 1654): BrightnessEvent: disp=0, brt=13.0(user_set), rcmdBrt=NaN, preBrt=NaN, lux=0.0, preLux=0.0, hbmMax=1.0, hbmMode=off, thrmMax=1.0, flags=user_set , reason=automatic [ auto_adj dim ]
01-19 08:39:48.769 D/VRR [OPlusRefreshRateService]( 1654): notifyBrightnessChange brightness: 13.0
01-19 08:39:48.770 D/DisplayManagerService( 1654): Delivering display event: displayId=0, event=4
01-19 08:39:48.784 D/DisplayPowerController[0]( 1654): onChange selfChange=false uri=content://settings/system/screen_brightness
01-19 08:39:48.785 D/OplusDisplayPowerControllerExtImpl( 1654): original brightness:13 final brightness:13.0 scale:1.0 reason:4 darkLevel:0
01-19 08:39:48.787 D/DisplayPowerController[0]( 1654): Brightness [13.0] reason changing to: 'automatic [ auto_adj dim ]', previous reason: 'automatic [ dim ]'. id=local:0
01-19 08:39:48.787 I/DisplayPowerController[0]( 1654): BrightnessEvent: disp=0, brt=13.0(user_set), rcmdBrt=NaN, preBrt=NaN, lux=0.0, preLux=0.0, hbmMax=1.0, hbmMode=off, thrmMax=1.0, flags=user_set , reason=automatic [ auto_adj dim ]
01-19 08:39:48.787 D/VRR [OPlusRefreshRateService]( 1654): notifyBrightnessChange brightness: 13.0
01-19 08:39:48.788 D/DisplayManagerService( 1654): Delivering display event: displayId=0, event=4
01-19 08:39:48.800 D/DisplayPowerController[0]( 1654): onChange selfChange=false uri=content://settings/system/screen_brightness
01-19 08:39:48.801 D/OplusDisplayPowerControllerExtImpl( 1654): original brightness:13 final brightness:13.0 scale:1.0 reason:4 darkLevel:0
01-19 08:39:48.803 D/DisplayPowerController[0]( 1654): Brightness [13.0] reason changing to: 'automatic [ auto_adj dim ]', previous reason: 'automatic [ dim ]'. id=local:0
01-19 08:39:48.803 I/DisplayPowerController[0]( 1654): BrightnessEvent: disp=0, brt=13.0(user_set), rcmdBrt=NaN, preBrt=NaN, lux=0.0, preLux=0.0, hbmMax=1.0, hbmMode=off, thrmMax=1.0, flags=user_set , reason=automatic [ auto_adj dim ]
01-19 08:39:48.803 D/VRR [OPlusRefreshRateService]( 1654): notifyBrightnessChange brightness: 13.0
01-19 08:39:48.804 D/DisplayManagerService( 1654): Delivering display event: displayId=0, event=4
01-19 08:39:48.816 D/DisplayPowerController[0]( 1654): onChange selfChange=false uri=content://settings/system/screen_brightness
01-19 08:39:48.817 D/OplusDisplayPowerControllerExtImpl( 1654): original brightness:13 final brightness:13.0 scale:1.0 reason:4 darkLevel:0
01-19 08:39:48.819 D/DisplayPowerController[0]( 1654): Brightness [13.0] reason changing to: 'automatic [ auto_adj dim ]', previous reason: 'automatic [ dim ]'. id=local:0
01-19 08:39:48.820 I/DisplayPowerController[0]( 1654): BrightnessEvent: disp=0, brt=13.0(user_set), rcmdBrt=NaN, preBrt=NaN, lux=0.0, preLux=0.0, hbmMax=1.0, hbmMode=off, thrmMax=1.0, flags=user_set , reason=automatic [ auto_adj dim ]
01-19 08:39:48.820 D/VRR [OPlusRefreshRateService]( 1654): notifyBrightnessChange brightness: 13.0
01-19 08:39:48.821 D/DisplayManagerService( 1654): Delivering display event: displayId=0, event=4
01-19 08:39:48.836 D/DisplayPowerController[0]( 1654): onChange selfChange=false uri=content://settings/system/screen_brightness
01-19 08:39:48.837 D/OplusDisplayPowerControllerExtImpl( 1654): original brightness:13 final brightness:13.0 scale:1.0 reason:4 darkLevel:0
01-19 08:39:48.839 D/DisplayPowerController[0]( 1654): Brightness [13.0] reason changing to: 'automatic [ auto_adj dim ]', previous reason: 'automatic [ dim ]'. id=local:0
01-19 08:39:48.839 I/DisplayPowerController[0]( 1654): BrightnessEvent: disp=0, brt=13.0(user_set), rcmdBrt=NaN, preBrt=NaN, lux=0.0, preLux=0.0, hbmMax=1.0, hbmMode=off, thrmMax=1.0, flags=user_set , reason=automatic [ auto_adj dim ]
01-19 08:39:48.840 D/VRR [OPlusRefreshRateService]( 1654): notifyBrightnessChange brightness: 13.0
01-19 08:39:48.840 D/DisplayManagerService( 1654): Delivering display event: displayId=0, event=4
01-19 08:39:48.852 D/DisplayPowerController[0]( 1654): onChange selfChange=false uri=content://settings/system/screen_brightness
01-19 08:39:48.853 D/OplusDisplayPowerControllerExtImpl( 1654): original brightness:13 final brightness:13.0 scale:1.0 reason:4 darkLevel:0
01-19 08:39:48.855 D/DisplayPowerController[0]( 1654): Brightness [13.0] reason changing to: 'automatic [ auto_adj dim ]', previous reason: 'automatic [ dim ]'. id=local:0
01-19 08:39:48.856 I/DisplayPowerController[0]( 1654): BrightnessEvent: disp=0, brt=13.0(user_set), rcmdBrt=NaN, preBrt=NaN, lux=0.0, preLux=0.0, hbmMax=1.0, hbmMode=off, thrmMax=1.0, flags=user_set , reason=automatic [ auto_adj dim ]
01-19 08:39:48.856 D/VRR [OPlusRefreshRateService]( 1654): notifyBrightnessChange brightness: 13.0
01-19 08:39:48.856 D/DisplayManagerService( 1654): Delivering display event: displayId=0, event=4
01-19 08:39:48.871 D/DisplayPowerController[0]( 1654): onChange selfChange=false uri=content://settings/system/screen_brightness
01-19 08:39:48.872 D/OplusDisplayPowerControllerExtImpl( 1654): original brightness:13 final brightness:13.0 scale:1.0 reason:4 darkLevel:0
01-19 08:39:48.874 D/DisplayPowerController[0]( 1654): Brightness [13.0] reason changing to: 'automatic [ auto_adj dim ]', previous reason: 'automatic [ dim ]'. id=local:0
01-19 08:39:48.874 I/DisplayPowerController[0]( 1654): BrightnessEvent: disp=0, brt=13.0(user_set), rcmdBrt=NaN, preBrt=NaN, lux=0.0, preLux=0.0, hbmMax=1.0, hbmMode=off, thrmMax=1.0, flags=user_set , reason=automatic [ auto_adj dim ]
01-19 08:39:48.874 D/VRR [OPlusRefreshRateService]( 1654): notifyBrightnessChange brightness: 13.0
01-19 08:39:48.875 D/DisplayManagerService( 1654): Delivering display event: displayId=0, event=4
01-19 08:39:48.885 D/DisplayPowerController[0]( 1654): onChange selfChange=false uri=content://settings/system/screen_brightness
01-19 08:39:48.887 D/OplusDisplayPowerControllerExtImpl( 1654): original brightness:13 final brightness:13.0 scale:1.0 reason:4 darkLevel:0
01-19 08:39:48.888 D/DisplayPowerController[0]( 1654): Brightness [13.0] reason changing to: 'automatic [ auto_adj dim ]', previous reason: 'automatic [ dim ]'. id=local:0
01-19 08:39:48.889 I/DisplayPowerController[0]( 1654): BrightnessEvent: disp=0, brt=13.0(user_set), rcmdBrt=NaN, preBrt=NaN, lux=0.0, preLux=0.0, hbmMax=1.0, hbmMode=off, thrmMax=1.0, flags=user_set , reason=automatic [ auto_adj dim ]
01-19 08:39:48.889 D/VRR [OPlusRefreshRateService]( 1654): notifyBrightnessChange brightness: 13.0
01-19 08:39:48.889 D/DisplayManagerService( 1654): Delivering display event: displayId=0, event=4
01-19 08:39:48.903 D/DisplayPowerController[0]( 1654): onChange selfChange=false uri=content://settings/system/screen_brightness
01-19 08:39:48.904 D/OplusDisplayPowerControllerExtImpl( 1654): original brightness:13 final brightness:13.0 scale:1.0 reason:4 darkLevel:0
01-19 08:39:48.906 D/DisplayPowerController[0]( 1654): Brightness [13.0] reason changing to: 'automatic [ auto_adj dim ]', previous reason: 'automatic [ dim ]'. id=local:0
01-19 08:39:48.907 I/DisplayPowerController[0]( 1654): BrightnessEvent: disp=0, brt=13.0(user_set), rcmdBrt=NaN, preBrt=NaN, lux=0.0, preLux=0.0, hbmMax=1.0, hbmMode=off, thrmMax=1.0, flags=user_set , reason=automatic [ auto_adj dim ]
01-19 08:39:48.907 D/VRR [OPlusRefreshRateService]( 1654): notifyBrightnessChange brightness: 13.0
01-19 08:39:48.907 D/DisplayManagerService( 1654): Delivering display event: displayId=0, event=4
01-19 08:39:48.917 D/OplusDisplayPanelFeature( 1654): setDisplayPanelFeatureValue +++, ID:184, value:9
01-19 08:39:48.922 D/DisplayPowerController[0]( 1654): onChange selfChange=false uri=content://settings/system/screen_brightness
01-19 08:39:48.923 D/OplusDisplayPowerControllerExtImpl( 1654): original brightness:13 final brightness:13.0 scale:1.0 reason:4 darkLevel:0
01-19 08:39:48.925 D/DisplayPowerController[0]( 1654): Brightness [13.0] reason changing to: 'automatic [ auto_adj dim ]', previous reason: 'automatic [ dim ]'. id=local:0
01-19 08:39:48.925 I/DisplayPowerController[0]( 1654): BrightnessEvent: disp=0, brt=13.0(user_set), rcmdBrt=NaN, preBrt=NaN, lux=0.0, preLux=0.0, hbmMax=1.0, hbmMode=off, thrmMax=1.0, flags=user_set , reason=automatic [ auto_adj dim ]
01-19 08:39:48.925 D/VRR [OPlusRefreshRateService]( 1654): notifyBrightnessChange brightness: 13.0
01-19 08:39:48.926 D/DisplayManagerService( 1654): Delivering display event: displayId=0, event=4
01-19 08:39:48.931 E/DisplayManagerServiceExtImpl( 1654): can't get service binder: oppposcreenmode
01-19 08:39:48.931 E/DisplayManagerServiceExtImpl( 1654): can't get service interface: opscreenmode
01-19 08:39:48.938 D/DisplayPowerController[0]( 1654): onChange selfChange=false uri=content://settings/system/screen_brightness
01-19 08:39:48.939 D/OplusDisplayPowerControllerExtImpl( 1654): original brightness:13 final brightness:13.0 scale:1.0 reason:4 darkLevel:0
01-19 08:39:48.941 D/DisplayPowerController[0]( 1654): Brightness [13.0] reason changing to: 'automatic [ auto_adj dim ]', previous reason: 'automatic [ dim ]'. id=local:0
01-19 08:39:48.941 I/DisplayPowerController[0]( 1654): BrightnessEvent: disp=0, brt=13.0(user_set), rcmdBrt=NaN, preBrt=NaN, lux=0.0, preLux=0.0, hbmMax=1.0, hbmMode=off, thrmMax=1.0, flags=user_set , reason=automatic [ auto_adj dim ]
01-19 08:39:48.941 D/VRR [OPlusRefreshRateService]( 1654): notifyBrightnessChange brightness: 13.0
01-19 08:39:48.942 D/DisplayManagerService( 1654): Delivering display event: displayId=0, event=4
01-19 08:39:48.948 E/DisplayManagerServiceExtImpl( 1654): can't get service binder: oppposcreenmode
01-19 08:39:48.948 E/DisplayManagerServiceExtImpl( 1654): can't get service interface: opscreenmode
01-19 08:39:48.962 D/DisplayPowerController[0]( 1654): onChange selfChange=false uri=content://settings/system/screen_brightness
01-19 08:39:48.964 D/OplusFeatureHDREnhanceBrightness( 1654): setAnimating : animating = false
01-19 08:39:48.964 D/OplusFeatureReduceBrightness( 1654): setAnimating : animating = false
01-19 08:39:48.964 I/OplusSmartBrightnessController( 1654): setHDRAnimatingState = false
01-19 08:39:48.964 D/OplusDisplayPowerControllerExtImpl( 1654): original brightness:13 final brightness:13.0 scale:1.0 reason:4 darkLevel:0
01-19 08:39:48.966 D/DisplayPowerController[0]( 1654): Brightness [13.0] reason changing to: 'automatic [ auto_adj dim ]', previous reason: 'automatic [ dim ]'. id=local:0
01-19 08:39:48.966 I/DisplayPowerController[0]( 1654): BrightnessEvent: disp=0, brt=13.0(user_set), rcmdBrt=NaN, preBrt=NaN, lux=0.0, preLux=0.0, hbmMax=1.0, hbmMode=off, thrmMax=1.0, flags=user_set , reason=automatic [ auto_adj dim ]
01-19 08:39:48.967 D/VRR [OPlusRefreshRateService]( 1654): notifyBrightnessChange brightness: 13.0
01-19 08:39:48.967 D/DisplayManagerService( 1654): Delivering display event: displayId=0, event=4
01-19 08:39:48.968 D/OplusDisplayPowerControllerExtImpl( 1654): original brightness:13 final brightness:13.0 scale:1.0 reason:4 darkLevel:0
01-19 08:39:48.970 D/DisplayPowerController[0]( 1654): Brightness [13.0] reason changing to: 'automatic [ auto_adj dim ]', previous reason: 'automatic [ dim ]'. id=local:0
01-19 08:39:48.970 E/DisplayManagerServiceExtImpl( 1654): can't get service binder: oppposcreenmode
01-19 08:39:48.971 E/DisplayManagerServiceExtImpl( 1654): can't get service interface: opscreenmode
01-19 08:39:48.971 I/DisplayPowerController[0]( 1654): BrightnessEvent: disp=0, brt=13.0, rcmdBrt=NaN, preBrt=NaN, lux=0.0, preLux=0.0, hbmMax=1.0, hbmMode=off, thrmMax=1.0, flags=, reason=automatic [ auto_adj dim ]
01-19 08:39:48.971 D/VRR [OPlusRefreshRateService]( 1654): notifyBrightnessChange brightness: 13.0
01-19 08:39:48.978 D/DisplayPowerController[0]( 1654): onChange selfChange=false uri=content://settings/system/screen_brightness
01-19 08:39:48.979 D/OplusDisplayPowerControllerExtImpl( 1654): original brightness:13 final brightness:13.0 scale:1.0 reason:4 darkLevel:0
01-19 08:39:48.981 D/DisplayPowerController[0]( 1654): Brightness [13.0] reason changing to: 'automatic [ auto_adj dim ]', previous reason: 'automatic [ dim ]'. id=local:0
01-19 08:39:48.982 I/DisplayPowerController[0]( 1654): BrightnessEvent: disp=0, brt=13.0(user_set), rcmdBrt=NaN, preBrt=NaN, lux=0.0, preLux=0.0, hbmMax=1.0, hbmMode=off, thrmMax=1.0, flags=user_set , reason=automatic [ auto_adj dim ]
01-19 08:39:48.982 D/VRR [OPlusRefreshRateService]( 1654): notifyBrightnessChange brightness: 13.0
01-19 08:39:48.983 D/DisplayManagerService( 1654): Delivering display event: displayId=0, event=4
01-19 08:39:49.163 D/VRR [OPlusSurfaceFlingerController]( 1654):  setTouchIdle : TouchIdleBean{mEnable=true, mHwEnable=false, mSwEnable=true, mAdfrEnable=false, mTimeOut=4000, mContentThreshold=-1, mContentGapMs=500, mBrightnessLimit=200, mNitLimit=-1, mLowestRate=60, mBlackList=[], mReadingWhiteList=[], mSpecialTimeOutMap={}, mSwWhiteMap={}, mSwNegligibleOverlay=[], mHwDisablePanel=[], mAdfrToHwList=[]}
01-19 08:39:52.577 D/OplusSmartBrightnessController( 1654): handleMessage MSG_LUX_CHANGED, mLux:384.28598 luxQueue=[384.0, 385.0, 384.0, 384.0, 384.0, 385.0, 384.0]
01-19 08:39:56.777 D/OplusSmartBrightnessController( 1654): handleMessage MSG_LUX_CHANGED, mLux:386.6029 luxQueue=[389.0, 387.0, 385.0, 385.0, 387.0]
01-19 08:39:57.829 D/ProcessCpuTrackerExtImpl( 1654): mContext is already set, return now! 
01-19 08:40:00.045 E/OplusCustomizeRestrictionManagerService( 1654): isBiometricDisabled start
01-19 08:40:00.050 E/OplusCustomizeRestrictionManagerService( 1654): isBiometricDisabled start
01-19 08:40:00.705 V/WindowManager( 1654): Relayout Window{cbdf5b8 u0 OplusPrivacyIconTopLeft}: viewVisibility=8, oldvis=8, req=8x8
01-19 08:40:00.735 V/WindowManager( 1654): Relayout Window{e767333 u0 OplusPrivacyIconTopRight}: viewVisibility=8, oldvis=8, req=8x8
01-19 08:40:01.353 I/Quality ( 1123): SFJankCountInfo: 913;0;0-0-0-0-0-0-0-0-0-0;1-0-0-0-0-0-0-0-0-0;2-0-0-0-0-0-0-0-0-0;3-0-0-0-0-0-0-0-0-0;4-0-0-0-0-0-0-0-0-0;5-0-0-0-0-0-0-0-0-0;6-0-0-0-0-0-0-0-0-0;7-0-0-0-0-0-0-0-0-0;8-0-0-0-0-0-0-0-0-0;9-0-0-0-0-0-0-0-0-0;
01-19 08:40:11.492 D/CompatibilityChangeReporter( 1654): Compat change id reported: 157233955; UID 10122; state: ENABLED
01-19 08:40:12.697 W/BroadcastQueue( 1654): Skipping deliver [background] BroadcastRecord{64f54c5 u-1 android.net.conn.CONNECTIVITY_CHANGE} to ReceiverList{f94e1a 25733 (unknown name)/2000/u-1 remote:e31d2f}: process gone or crashing
01-19 08:40:12.728 I/ActivityTaskManager( 1654): START u0 {act=android.intent.action.MAIN cat=[android.intent.category.LAUNCHER] flg=0x10200000 cmp=com.THLight.BLE.USBeacon.Writer.Simple.dev/com.THLight.BLE.USBeacon.Writer.Simple.ui.activity.AppStartActivity mCallingUid=2000} from uid 2000
01-19 08:40:12.736 D/OplusZoomWindowManagerService( 1654): onConfigurationChanged rotation not changed - prevRotation: 0
01-19 08:40:12.738 I/OplusScreenSecurityMask( 1654): onStackAdded task = Task{abb8672 #187 type=standard ?? U=0 visible=false visibleRequested=false mode=fullscreen translucent=true sz=0} record = null displayId = 0
01-19 08:40:12.738 I/OplusScreenSecurityMask( 1654): onStackAdded task = Task{abb8672 #187 type=standard A=10154:com.THLight.BLE.USBeacon.Writer.Simple.dev U=0 visible=false visibleRequested=false mode=fullscreen translucent=true sz=0} record = null displayId = 0
01-19 08:40:12.740 D/TaskFragmentExtImpl( 1654): add ActivityRecord{3638327 u0 com.THLight.BLE.USBeacon.Writer.Simple.dev/com.THLight.BLE.USBeacon.Writer.Simple.ui.activity.AppStartActivity} t187} to mActivityRecordSum = Counter{ com.THLight.BLE.USBeacon.Writer.Simple.dev/com.THLight.BLE.USBeacon.Writer.Simple.ui.activity.AppStartActivity(1) }
01-19 08:40:12.742 D/ActivityTaskManager( 1654): getStartingWindowType: newTask=true, taskSwitch=true, processRunning=true, allowTaskSnapshot=true, activityCreated=false, snapshot=null, record:ActivityRecord{3638327 u0 com.THLight.BLE.USBeacon.Writer.Simple.dev/com.THLight.BLE.USBeacon.Writer.Simple.ui.activity.AppStartActivity} t187}
01-19 08:40:12.744 D/OplusZoomWindowRUSConfigManager( 1654): isSupportZoomModeWithPolicyLocked: target = com.THLight.BLE.USBeacon.Writer.Simple.dev/com.THLight.BLE.USBeacon.Writer.Simple.ui.activity.AppStartActivity
01-19 08:40:12.744 D/OplusZoomWindowRUSConfigManager( 1654): targetPkg = com.THLight.BLE.USBeacon.Writer.Simple.dev
01-19 08:40:12.744 V/OplusZoomWindowManagerService( 1654): unSupportZoom: false ,callingPid: 25733 ,sourceStack: null
01-19 08:40:12.745 D/PhoneStartingWindowTypeAlgorithm( 2315): preferredStartingWindowType newTask=true, taskSwitch=true, processRunning=true, allowTaskSnapshot=true, activityCreated=false, isSolidColorSplashScreen=false, legacySplashScreen=false, activityDrawn=false, topIsHome=false
01-19 08:40:12.748 D/OplusShellStartingWindowManager( 2315): adjustSuggestedWindowType: skip no-system app and no-exception list app
01-19 08:40:12.750 D/ShellStartingWindow( 2315): getWindowAttrs window attributes color: 0, replace icon: false
01-19 08:40:12.756 W/ActivityTaskManager( 1654): Tried to set launchTime (0) < mLastActivityLaunchTime (191904113)
01-19 08:40:12.758 D/ShellStartingWindow( 2315): inconsize = 320
01-19 08:40:12.767 D/OplusDexOptimizeManager( 1654): Do not in AppLaunchOptList!
01-19 08:40:12.769 I/OplusJoystickManager( 1654): handleApplicationSwitch deprecated!
01-19 08:40:12.770 D/OplusAppSwitchListener( 1654): Detect com.android.launcher switch to background
01-19 08:40:12.770 D/OplusEapManager( 1654): mTargetExitName :com.android.launcher
01-19 08:40:12.770 D/VRR [OPlusFrontAppManager]( 1654): OnAppSwitchObserver: onAppExit , info.targetName = com.android.launcher
01-19 08:40:12.770 D/VRR [OPlusFrontAppManager]( 1654): packageName: null
01-19 08:40:12.771 D/ActivityTaskManager( 1654): onWindowFocusChanged Task{abb8672 #187 type=standard A=10154:com.THLight.BLE.USBeacon.Writer.Simple.dev U=0 visible=true visibleRequested=true mode=fullscreen translucent=false sz=1} would transfer to compact
01-19 08:40:12.771 V/WindowManager( 1654): Changing focus from Window{3484b20 u0 com.android.launcher/com.android.launcher.Launcher} to null,diplayid=0
01-19 08:40:12.774 D/OplusAppSwitchListener( 1654): Detect com.THLight.BLE.USBeacon.Writer.Simple.dev switch to foreground
01-19 08:40:12.774 D/VRR [OPlusRefreshRateService]( 1654): handleFrontAppChange pkgName: null
01-19 08:40:12.774 D/VRR [OPlusExternalRefreshRateManager]( 1654): setFrontPackageName pkgName: null CurPkgName: com.android.launcher
01-19 08:40:12.775 D/OplusEapManager( 1654): mTargetEnterName :com.THLight.BLE.USBeacon.Writer.Simple.dev
01-19 08:40:12.775 D/VRR [OPlusFrontAppManager]( 1654): OnAppSwitchObserver: onAppEnter , info.targetName = com.THLight.BLE.USBeacon.Writer.Simple.dev
01-19 08:40:12.775 D/VRR [OPlusFrontAppManager]( 1654): packageName: com.THLight.BLE.USBeacon.Writer.Simple.dev
01-19 08:40:12.779 D/VRR [OPlusRefreshRateService]( 1654): handleFrontAppChange pkgName: com.THLight.BLE.USBeacon.Writer.Simple.dev
01-19 08:40:12.779 D/VRR [OPlusExternalRefreshRateManager]( 1654): setFrontPackageName pkgName: com.THLight.BLE.USBeacon.Writer.Simple.dev CurPkgName: null
01-19 08:40:12.782 E/OplusThermalStats( 1654): Error getting package info: com.THLight.BLE.USBeacon.Writer.Simple.dev
01-19 08:40:12.783 D/OplusKeepAliveManager( 1654): TOP_APP is ProcessRecord{f8530b9 21992:com.THLight.BLE.USBeacon.Writer.Simple.dev/u0a154} uid is 10154
01-19 08:40:12.794 D/OplusFullScreenDisplayManager( 1654): adjustWindowParamsLw com.THLight.BLE.USBeacon.Writer.Simple.dev, no change cutoutMode: 0
01-19 08:40:12.796 I/WindowManager( 1654): addWindow: New client android.os.BinderProxy@92c5d2b : window=Window{688f588 u0 Splash Screen com.THLight.BLE.USBeacon.Writer.Simple.dev}
01-19 08:40:12.803 D/CoreBackPreview( 1654): Window{688f588 u0 Splash Screen com.THLight.BLE.USBeacon.Writer.Simple.dev}: Setting back callback OnBackInvokedCallbackInfo{mCallback=android.window.IOnBackInvokedCallback$Stub$Proxy@5cc9b46, mPriority=0}
01-19 08:40:12.807 D/OplusShellStartingWindowManager( 2315): handleSplashScreenView: normal third app or no-default
01-19 08:40:12.809 D/OplusFullScreenDisplayManager( 1654): adjustWindowParamsLw com.THLight.BLE.USBeacon.Writer.Simple.dev, no change cutoutMode: 0
01-19 08:40:12.809 V/WindowManager( 1654): Relayout Window{688f588 u0 Splash Screen com.THLight.BLE.USBeacon.Writer.Simple.dev}: viewVisibility=0, oldvis=0, req=720x1600
01-19 08:40:12.840 D/ViewRootImplExtImpl( 2315): Block resize report for SplashScreen of systemui.
01-19 08:40:12.840 D/WindowManager( 1654): finishDrawingWindow: Window{688f588 u0 Splash Screen com.THLight.BLE.USBeacon.Writer.Simple.dev} mDrawState=DRAW_PENDING
01-19 08:40:12.860 I/WindowStateExtImpl( 1654): onSurfaceShowChange show = true mPackageName = com.THLight.BLE.USBeacon.Writer.Simple.dev parentPkgName = com.THLight.BLE.USBeacon.Writer.Simple.dev
01-19 08:40:12.868 I/ActivityTaskManager( 1654): START u0 {cmp=com.THLight.BLE.USBeacon.Writer.Simple.dev/com.THLight.BLE.USBeacon.Writer.Simple.ui.activity.scan.ScanDeviceListActivity mCallingUid=10154} from uid 10154
01-19 08:40:12.871 D/OplusZoomWindowRUSConfigManager( 1654): isSupportZoomModeWithPolicyLocked: target = com.THLight.BLE.USBeacon.Writer.Simple.dev/com.THLight.BLE.USBeacon.Writer.Simple.ui.activity.scan.ScanDeviceListActivity
01-19 08:40:12.871 D/OplusZoomWindowRUSConfigManager( 1654): targetPkg = com.THLight.BLE.USBeacon.Writer.Simple.dev
01-19 08:40:12.872 V/OplusZoomWindowManagerService( 1654): unSupportZoom: false ,callingPid: 21992 ,sourceStack: Task{abb8672 #187 type=standard A=10154:com.THLight.BLE.USBeacon.Writer.Simple.dev U=0 visible=true visibleRequested=true mode=fullscreen translucent=false sz=1}
01-19 08:40:12.874 D/TaskFragmentExtImpl( 1654): add ActivityRecord{f64064 u0 com.THLight.BLE.USBeacon.Writer.Simple.dev/com.THLight.BLE.USBeacon.Writer.Simple.ui.activity.scan.ScanDeviceListActivity} t187} to mActivityRecordSum = Counter{ com.THLight.BLE.USBeacon.Writer.Simple.dev/com.THLight.BLE.USBeacon.Writer.Simple.ui.activity.AppStartActivity(1) com.THLight.BLE.USBeacon.Writer.Simple.dev/com.THLight.BLE.USBeacon.Writer.Simple.ui.activity.scan.ScanDeviceListActivity(1) }
01-19 08:40:12.876 D/ActivityTaskManager( 1654): getStartingWindowType: newTask=false, taskSwitch=false, processRunning=true, allowTaskSnapshot=true, activityCreated=false, snapshot=null, record:ActivityRecord{f64064 u0 com.THLight.BLE.USBeacon.Writer.Simple.dev/com.THLight.BLE.USBeacon.Writer.Simple.ui.activity.scan.ScanDeviceListActivity} t187}
01-19 08:40:12.877 D/OplusZoomWindowRUSConfigManager( 1654): isSupportZoomModeWithPolicyLocked: target = com.THLight.BLE.USBeacon.Writer.Simple.dev/com.THLight.BLE.USBeacon.Writer.Simple.ui.activity.scan.ScanDeviceListActivity
01-19 08:40:12.877 D/OplusZoomWindowRUSConfigManager( 1654): targetPkg = com.THLight.BLE.USBeacon.Writer.Simple.dev
01-19 08:40:12.877 V/OplusZoomWindowManagerService( 1654): unSupportZoom: false ,callingPid: 21992 ,sourceStack: Task{abb8672 #187 type=standard A=10154:com.THLight.BLE.USBeacon.Writer.Simple.dev U=0 visible=true visibleRequested=true mode=fullscreen translucent=false sz=2}
01-19 08:40:12.890 D/ActivityTaskManager( 1654): finishIfPossible mOpeningApps remove r=ActivityRecord{3638327 u0 com.THLight.BLE.USBeacon.Writer.Simple.dev/com.THLight.BLE.USBeacon.Writer.Simple.ui.activity.AppStartActivity} t187 f}}
01-19 08:40:12.891 D/OplusAppListInterceptManager( 1654): shouldFilterTask
01-19 08:40:12.891 D/OplusAppListInterceptManager( 1654): shouldFilterTask::packageName = com.THLight.BLE.USBeacon.Writer.Simple.dev
01-19 08:40:12.892 D/OplusAppListInterceptManager( 1654): shouldFilterTask
01-19 08:40:12.892 D/OplusAppListInterceptManager( 1654): shouldFilterTask::packageName = com.android.settings
01-19 08:40:12.892 D/OplusSplitScreenManagerService( 1654): com.android.settings unSupportsSplitScreen by blockList or ForbidActivityList
01-19 08:40:12.892 D/OplusAthena( 1654): com.google.android.gm in recent lock list
01-19 08:40:12.898 W/ActivityTaskManager( 1654): Tried to set launchTime (0) < mLastActivityLaunchTime (191963328)
01-19 08:40:12.901 D/OplusDexOptimizeManager( 1654): Do not in AppLaunchOptList!
01-19 08:40:12.910 D/ActivityRecordExtImpl( 1654): setting mUseTransferredAnimation to false for ActivityRecord{f64064 u0 com.THLight.BLE.USBeacon.Writer.Simple.dev/com.THLight.BLE.USBeacon.Writer.Simple.ui.activity.scan.ScanDeviceListActivity} t187}
01-19 08:40:13.010 D/OplusAppListInterceptManager( 1654): shouldFilterTask
01-19 08:40:13.010 D/OplusAppListInterceptManager( 1654): shouldFilterTask::packageName = com.THLight.BLE.USBeacon.Writer.Simple.dev
01-19 08:40:13.011 D/OplusAppListInterceptManager( 1654): shouldFilterTask
01-19 08:40:13.011 D/OplusAppListInterceptManager( 1654): shouldFilterTask::packageName = com.android.settings
01-19 08:40:13.011 D/OplusSplitScreenManagerService( 1654): com.android.settings unSupportsSplitScreen by blockList or ForbidActivityList
01-19 08:40:13.011 D/OplusAthena( 1654): com.google.android.gm in recent lock list
01-19 08:40:13.016 D/OplusFullScreenDisplayManager( 1654): adjustWindowParamsLw com.THLight.BLE.USBeacon.Writer.Simple.dev, no change cutoutMode: 0
01-19 08:40:13.017 V/WindowManager( 1654): Changing focus from null to Window{a15f532 u0 com.THLight.BLE.USBeacon.Writer.Simple.dev/com.THLight.BLE.USBeacon.Writer.Simple.ui.activity.scan.ScanDeviceListActivity},diplayid=0
01-19 08:40:13.021 I/WindowManager( 1654): addWindow: New client android.os.BinderProxy@c58493d : window=Window{a15f532 u0 com.THLight.BLE.USBeacon.Writer.Simple.dev/com.THLight.BLE.USBeacon.Writer.Simple.ui.activity.scan.ScanDeviceListActivity}
01-19 08:40:13.026 D/CoreBackPreview( 1654): Window{a15f532 u0 com.THLight.BLE.USBeacon.Writer.Simple.dev/com.THLight.BLE.USBeacon.Writer.Simple.ui.activity.scan.ScanDeviceListActivity}: Setting back callback OnBackInvokedCallbackInfo{mCallback=android.window.IOnBackInvokedCallback$Stub$Proxy@8f462f5, mPriority=0}
01-19 08:40:13.043 D/OplusFullScreenDisplayManager( 1654): adjustWindowParamsLw com.THLight.BLE.USBeacon.Writer.Simple.dev, no change cutoutMode: 0
01-19 08:40:13.046 I/WindowManager( 1654): addWindow: New client android.os.BinderProxy@3753971 : window=Window{ed01356 u0 com.THLight.BLE.USBeacon.Writer.Simple.dev/com.THLight.BLE.USBeacon.Writer.Simple.ui.activity.scan.ScanDeviceListActivity}
01-19 08:40:13.048 D/CoreBackPreview( 1654): Window{ed01356 u0 com.THLight.BLE.USBeacon.Writer.Simple.dev/com.THLight.BLE.USBeacon.Writer.Simple.ui.activity.scan.ScanDeviceListActivity}: Setting back callback OnBackInvokedCallbackInfo{mCallback=android.window.IOnBackInvokedCallback$Stub$Proxy@b41c0c4, mPriority=0}
01-19 08:40:13.053 I/Quality (21992): Skipped: false 1 cost 17.780384 refreshRate 16908334 bit true processName com.THLight.BLE.USBeacon.Writer.Simple.dev
01-19 08:40:13.057 D/OplusFullScreenDisplayManager( 1654): adjustWindowParamsLw com.THLight.BLE.USBeacon.Writer.Simple.dev, no change cutoutMode: 0
01-19 08:40:13.057 V/WindowManager( 1654): Relayout Window{a15f532 u0 com.THLight.BLE.USBeacon.Writer.Simple.dev/com.THLight.BLE.USBeacon.Writer.Simple.ui.activity.scan.ScanDeviceListActivity}: viewVisibility=0, oldvis=0, req=684x232
01-19 08:40:13.071 V/ZoomWindowDecorView(21992): setLastReportedMergedConfiguration mZoomDisplayHeight: 1600 getDecorView.192576901
01-19 08:40:13.098 D/OplusFullScreenDisplayManager( 1654): adjustWindowParamsLw com.THLight.BLE.USBeacon.Writer.Simple.dev, no change cutoutMode: 0
01-19 08:40:13.098 V/WindowManager( 1654): Relayout Window{ed01356 u0 com.THLight.BLE.USBeacon.Writer.Simple.dev/com.THLight.BLE.USBeacon.Writer.Simple.ui.activity.scan.ScanDeviceListActivity}: viewVisibility=0, oldvis=4, req=720x1600
01-19 08:40:13.110 V/ZoomWindowDecorView(21992): setLastReportedMergedConfiguration mZoomDisplayHeight: 1600 getDecorView.84572547
01-19 08:40:13.132 D/WindowManager( 1654): finishDrawingWindow: Window{ed01356 u0 com.THLight.BLE.USBeacon.Writer.Simple.dev/com.THLight.BLE.USBeacon.Writer.Simple.ui.activity.scan.ScanDeviceListActivity} mDrawState=DRAW_PENDING
01-19 08:40:13.139 D/WindowManager( 1654): finishDrawingWindow: Window{a15f532 u0 com.THLight.BLE.USBeacon.Writer.Simple.dev/com.THLight.BLE.USBeacon.Writer.Simple.ui.activity.scan.ScanDeviceListActivity} mDrawState=DRAW_PENDING
01-19 08:40:13.141 V/OplusZoomWindowManagerService( 1654): onAnimationFinished:  r = ActivityRecord{ff6ef4d u0 com.android.launcher/.Launcher} t6}
01-19 08:40:13.144 V/OplusZoomWindowManagerService( 1654): onAnimationFinished:  r = ActivityRecord{3638327 u0 com.THLight.BLE.USBeacon.Writer.Simple.dev/com.THLight.BLE.USBeacon.Writer.Simple.ui.activity.AppStartActivity} t187 f}}
01-19 08:40:13.148 I/Quality (21992): Skipped: false 3 cost 64.606186 refreshRate 16852628 bit true processName com.THLight.BLE.USBeacon.Writer.Simple.dev
01-19 08:40:13.155 I/Quality ( 1654): LaunchTime2.0: com.THLight.BLE.USBeacon.Writer.Simple.dev/com.THLight.BLE.USBeacon.Writer.Simple.ui.activity.scan.ScanDeviceListActivity 2 404
01-19 08:40:13.156 I/OplusAppSwitchManagerService( 1654):  handleAppVisible , r = ActivityRecord{f64064 u0 com.THLight.BLE.USBeacon.Writer.Simple.dev/com.THLight.BLE.USBeacon.Writer.Simple.ui.activity.scan.ScanDeviceListActivity} t187}
01-19 08:40:13.162 D/OplusStartingWindowManager( 1654): interceptRemoveStartingWindow: packageName=com.THLight.BLE.USBeacon.Writer.Simple.dev, isSnapshot=false, startingSurfaceRunnable=null
01-19 08:40:13.162 D/OplusSplitScreenManagerService( 1654): notifyRemoveStartingWindow mOplusSpiltScreenDnDUI is null, just return!
01-19 08:40:13.172 V/WindowManager( 1654): Relayout Window{3484b20 u0 com.android.launcher/com.android.launcher.Launcher}: viewVisibility=8, oldvis=0, req=720x1600
01-19 08:40:13.183 D/WindowManager( 1654): finishDrawingWindow: Window{a15f532 u0 com.THLight.BLE.USBeacon.Writer.Simple.dev/com.THLight.BLE.USBeacon.Writer.Simple.ui.activity.scan.ScanDeviceListActivity} mDrawState=HAS_DRAWN
01-19 08:40:13.209 D/OplusAthena( 1654): com.google.android.gm in recent lock list
01-19 08:40:13.221 D/TaskFragmentExtImpl( 1654): remove ActivityRecord{3638327 u0 com.THLight.BLE.USBeacon.Writer.Simple.dev/com.THLight.BLE.USBeacon.Writer.Simple.ui.activity.AppStartActivity} t-1 f}} to mActivityRecordSum = Counter{ com.THLight.BLE.USBeacon.Writer.Simple.dev/com.THLight.BLE.USBeacon.Writer.Simple.ui.activity.scan.ScanDeviceListActivity(1) }
01-19 08:40:13.274 D/CameraDelegate( 1654): handleMessage:200
01-19 08:40:13.302 E/AppOps  ( 1654): attributionTag  not declared in manifest of com.oplus.exsystemservice
01-19 08:40:13.305 E/AppOps  ( 1654): attributionTag  not declared in manifest of com.oplus.exsystemservice
01-19 08:40:13.527 V/WindowManager( 1654): Relayout Window{688f588 u0 Splash Screen com.THLight.BLE.USBeacon.Writer.Simple.dev}: viewVisibility=8, oldvis=0, req=720x1600
01-19 08:40:13.540 V/ZoomWindowDecorView( 2315): removeZoomView
01-19 08:40:13.542 D/CoreBackPreview( 1654): Window{688f588 u0 Splash Screen com.THLight.BLE.USBeacon.Writer.Simple.dev EXITING}: Setting back callback null
01-19 08:40:13.689 I/WindowStateExtImpl( 1654): onSurfaceShowChange show = false mPackageName = com.THLight.BLE.USBeacon.Writer.Simple.dev parentPkgName = com.THLight.BLE.USBeacon.Writer.Simple.dev
--------- beginning of main
01-19 08:40:15.223 V/bt_stack( 2751): [VERBOSE1:btm_ble_gap.cc(2613)] btm_ble_process_adv_addr: bda=50:**:**:**:cb:82 addr_type=1
01-19 08:40:15.223 I/bt_btm  ( 2751): LogMsg: btm_ble_process_adv_pkt: pkt_data_len: 0
01-19 08:40:15.223 I/libPowerHal( 1025): [PD] MTKPOWER_HINT_EXT_LAUNCH update cmd:1408300 param:0
01-19 08:40:15.224 I/bt_btif ( 2751): LogMsg: bta_dm_observe_results_cb
01-19 08:40:15.224 I/bt_btif ( 2751): LogMsg: btif_ble_scanner_update_COD 50:79:8b:e6:cb:82 cod is 0x000000
01-19 08:40:15.224 I/bt_btif ( 2751): LogMsg: btif_ble_scanner_update_COD cod in config 0x001f00, status=0
01-19 08:40:15.224 I/bt_btif ( 2751): LogMsg: btif_ble_scanner_update_COD invalid cod 0x0, use cod 0x1f00 in config
01-19 08:40:15.224 I/libPowerHal( 1025): [PD] MTKPOWER_HINT_EXT_LAUNCH update cmd:1000000 param:-1
01-19 08:40:15.225 I/bt_btif ( 2751): LogMsg: bta_scan_results_cb_impl : type 0 channel 0
01-19 08:40:15.225 I/bt_btif ( 2751): LogMsg: bta_scan_results_cb_impl: HAL bt_gatt_callbacks->scanner->scan_result_cb
01-19 08:40:15.225 D/BtGatt.GattService( 2751): onScanResult() - eventType=0x1b, addressType=1, address=50:79:8B:E6:CB:82, primaryPhy=1, secondaryPhy=0, advertisingSid=0xff, txPower=127, rssi=-64, periodicAdvInt=0x0, originalAddress=50:79:8B:E6:CB:82, type=0, channel=0
01-19 08:40:15.226 D/BtGatt.GattService( 2751): Skipping client: permission=true matches=false
01-19 08:40:15.264 V/bt_stack( 2751): [VERBOSE1:btm_ble_gap.cc(2613)] btm_ble_process_adv_addr: bda=54:**:**:**:96:19 addr_type=1
01-19 08:40:15.264 I/bt_btm  ( 2751): LogMsg: btm_ble_process_adv_pkt: pkt_data_len: 18
01-19 08:40:15.265 V/bt_stack( 2751): [VERBOSE1:btm_ble_gap.cc(2613)] btm_ble_process_adv_addr: bda=54:**:**:**:96:19 addr_type=1
