--------- beginning of system
01-19 08:38:33.578 D/OplusSmartBrightnessController( 1654): handleMessage MSG_LUX_CHANGED, mLux:234.75626 luxQueue=[338.0, 247.0, 158.0, 182.0, 227.0, 233.0, 222.0, 229.0]
01-19 08:38:35.577 D/OplusSmartBrightnessController( 1654): handleMessage MSG_LUX_CHANGED, mLux:220.26688 luxQueue=[224.0, 222.0, 223.0, 221.0, 219.0, 218.0, 220.0, 215.0]
01-19 08:38:36.776 D/OplusSmartBrightnessController( 1654): handleMessage MSG_LUX_CHANGED, mLux:208.1718 luxQueue=[206.0, 210.0, 210.0, 208.0, 207.0, 208.0]
01-19 08:38:40.577 D/OplusSmartBrightnessController( 1654): handleMessage MSG_LUX_CHANGED, mLux:374.36545 luxQueue=[255.0, 345.0, 371.0, 414.0, 421.0, 413.0]
01-19 08:38:40.798 V/WindowOrientationListener( 1654): onSensorChanged mDesiredRotation = 4
01-19 08:38:40.997 D/UsageStatsService( 1654): User[0] type=0 b=1768783000534 e=1768783120996 cb=1768742652546 ce=1768783069227 disk=0 all=8
01-19 08:38:41.575 D/OplusSmartBrightnessController( 1654): handleMessage MSG_LUX_CHANGED, mLux:416.41037 luxQueue=[417.0, 413.0, 419.0, 413.0, 420.0]
01-19 08:38:48.979 D/OplusSmartBrightnessController( 1654): handleMessage MSG_LUX_CHANGED, mLux:286.32434 luxQueue=[397.0, 378.0, 337.0, 227.0, 211.0, 219.0, 214.0, 228.0]
01-19 08:38:50.178 D/OplusSmartBrightnessController( 1654): handleMessage MSG_LUX_CHANGED, mLux:222.8673 luxQueue=[223.0, 229.0, 221.0, 224.0, 216.0, 224.0]
01-19 08:38:51.382 D/PowerManagerService( 1654): userActivityNoUpdateLocked: groupId=0, eventTime=191881936, event=2, flags=0x0, uid=1000
01-19 08:38:51.384 D/DisplayManagerServiceExtImpl( 1654): request size(1,1),dpc=com.android.server.display.DisplayPowerController@484ef97 size(0,1),flags=0X200F,id(0,0,local:0), phase=1, enable=true, ready=false,prox=false policy=BRIGHT,dozeState=UNKNOWN,screenBrightnessOverride=-1.000000,useAuto=true,lowPower=false,lowPowerFactor=1.000000
01-19 08:38:51.385 I/OplusSmartBrightnessController( 1654): handleBrightnessTotalRateType: dim->automatic
01-19 08:38:51.385 D/OplusDisplayPowerControllerExtImpl( 1654): original brightness:794 final brightness:794.0 scale:1.0 reason:4 darkLevel:0
01-19 08:38:51.389 D/OplusDisplayPowerControllerExtImpl( 1654): Animating brightness: target=13->794,rate=123->2600,type=automatic,byUse=false local:0
01-19 08:38:51.389 D/DisplayPowerController[0]( 1654): Brightness [794.0] reason changing to: 'automatic [ auto_adj ]', previous reason: 'automatic [ dim ]'. id=local:0
01-19 08:38:51.389 I/DisplayPowerController[0]( 1654): BrightnessEvent: disp=0, brt=794.0, rcmdBrt=NaN, preBrt=NaN, lux=0.0, preLux=0.0, hbmMax=1.0, hbmMode=off, thrmMax=1.0, flags=, reason=automatic [ auto_adj ]
01-19 08:38:51.389 D/OplusDisplayPowerControllerExtImpl( 1654): RECORD:onUpdatePowerState policy:3 state:2 brightness:794
01-19 08:38:51.390 D/VRR [OPlusRefreshRateService]( 1654): notifyBrightnessChange brightness: 794.0
01-19 08:38:51.390 D/VRR [OPlusRefreshRateService]( 1654): notifyNitsChange nits: 117.81781 discrete nits: 2.6263962
01-19 08:38:51.390 D/VRR [OPlusRefreshRateService]( 1654): handleBrightnessChange nits: 117.81781
01-19 08:38:51.396 D/OplusFeatureHDREnhanceBrightness( 1654): setAnimating : animating = true
01-19 08:38:51.396 D/OplusFeatureReduceBrightness( 1654): setAnimating : animating = true
01-19 08:38:51.397 E/DisplayManagerServiceExtImpl( 1654): can't get service binder: oppposcreenmode
01-19 08:38:51.397 E/DisplayManagerServiceExtImpl( 1654): can't get service interface: opscreenmode
01-19 08:38:51.401 D/DisplayPowerController[0]( 1654): onChange selfChange=false uri=content://settings/system/screen_brightness
01-19 08:38:51.401 D/OplusDisplayPowerControllerExtImpl( 1654): original brightness:794 final brightness:794.0 scale:1.0 reason:4 darkLevel:0
01-19 08:38:51.402 D/OplusDisplayPowerControllerExtImpl( 1654): Animating brightness: target=794->794,rate=2600->123,type=automatic,byUse=false local:0
01-19 08:38:51.402 D/DisplayPowerController[0]( 1654): Brightness [794.0] reason changing to: 'automatic [ auto_adj ]', previous reason: 'automatic'. id=local:0
01-19 08:38:51.402 I/DisplayPowerController[0]( 1654): BrightnessEvent: disp=0, brt=794.0(user_set), rcmdBrt=NaN, preBrt=NaN, lux=0.0, preLux=0.0, hbmMax=1.0, hbmMode=off, thrmMax=1.0, flags=user_set , reason=automatic [ auto_adj ]
01-19 08:38:51.402 D/VRR [OPlusRefreshRateService]( 1654): notifyBrightnessChange brightness: 794.0
01-19 08:38:51.403 D/DisplayManagerService( 1654): Delivering display event: displayId=0, event=4
01-19 08:38:51.413 E/DisplayManagerServiceExtImpl( 1654): can't get service binder: oppposcreenmode
01-19 08:38:51.414 E/DisplayManagerServiceExtImpl( 1654): can't get service interface: opscreenmode
01-19 08:38:51.417 D/DisplayPowerController[0]( 1654): onChange selfChange=false uri=content://settings/system/screen_brightness
01-19 08:38:51.417 D/OplusDisplayPowerControllerExtImpl( 1654): original brightness:794 final brightness:794.0 scale:1.0 reason:4 darkLevel:0
01-19 08:38:51.418 D/DisplayPowerController[0]( 1654): Brightness [794.0] reason changing to: 'automatic [ auto_adj ]', previous reason: 'automatic'. id=local:0
01-19 08:38:51.418 I/DisplayPowerController[0]( 1654): BrightnessEvent: disp=0, brt=794.0(user_set), rcmdBrt=NaN, preBrt=NaN, lux=0.0, preLux=0.0, hbmMax=1.0, hbmMode=off, thrmMax=1.0, flags=user_set , reason=automatic [ auto_adj ]
01-19 08:38:51.418 D/VRR [OPlusRefreshRateService]( 1654): notifyBrightnessChange brightness: 794.0
01-19 08:38:51.419 D/DisplayManagerService( 1654): Delivering display event: displayId=0, event=4
01-19 08:38:51.431 D/OplusDisplayPanelFeature( 1654): setDisplayPanelFeatureValue +++, ID:184, value:8
01-19 08:38:51.433 D/DisplayPowerController[0]( 1654): onChange selfChange=false uri=content://settings/system/screen_brightness
01-19 08:38:51.433 D/OplusDisplayPowerControllerExtImpl( 1654): original brightness:794 final brightness:794.0 scale:1.0 reason:4 darkLevel:0
01-19 08:38:51.434 D/DisplayPowerController[0]( 1654): Brightness [794.0] reason changing to: 'automatic [ auto_adj ]', previous reason: 'automatic'. id=local:0
01-19 08:38:51.434 I/DisplayPowerController[0]( 1654): BrightnessEvent: disp=0, brt=794.0(user_set), rcmdBrt=NaN, preBrt=NaN, lux=0.0, preLux=0.0, hbmMax=1.0, hbmMode=off, thrmMax=1.0, flags=user_set , reason=automatic [ auto_adj ]
01-19 08:38:51.434 D/VRR [OPlusRefreshRateService]( 1654): notifyBrightnessChange brightness: 794.0
01-19 08:38:51.434 D/DisplayManagerService( 1654): Delivering display event: displayId=0, event=4
01-19 08:38:51.442 D/DisplayPowerController[0]( 1654): onChange selfChange=false uri=content://settings/system/screen_brightness
01-19 08:38:51.443 D/OplusDisplayPowerControllerExtImpl( 1654): original brightness:794 final brightness:794.0 scale:1.0 reason:4 darkLevel:0
01-19 08:38:51.444 D/DisplayPowerController[0]( 1654): Brightness [794.0] reason changing to: 'automatic [ auto_adj ]', previous reason: 'automatic'. id=local:0
01-19 08:38:51.444 I/DisplayPowerController[0]( 1654): BrightnessEvent: disp=0, brt=794.0(user_set), rcmdBrt=NaN, preBrt=NaN, lux=0.0, preLux=0.0, hbmMax=1.0, hbmMode=off, thrmMax=1.0, flags=user_set , reason=automatic [ auto_adj ]
01-19 08:38:51.444 D/VRR [OPlusRefreshRateService]( 1654): notifyBrightnessChange brightness: 794.0
01-19 08:38:51.444 D/DisplayManagerService( 1654): Delivering display event: displayId=0, event=4
01-19 08:38:51.456 D/DisplayPowerController[0]( 1654): onChange selfChange=false uri=content://settings/system/screen_brightness
01-19 08:38:51.457 D/OplusDisplayPowerControllerExtImpl( 1654): original brightness:794 final brightness:794.0 scale:1.0 reason:4 darkLevel:0
01-19 08:38:51.458 D/DisplayPowerController[0]( 1654): Brightness [794.0] reason changing to: 'automatic [ auto_adj ]', previous reason: 'automatic'. id=local:0
01-19 08:38:51.458 I/DisplayPowerController[0]( 1654): BrightnessEvent: disp=0, brt=794.0(user_set), rcmdBrt=NaN, preBrt=NaN, lux=0.0, preLux=0.0, hbmMax=1.0, hbmMode=off, thrmMax=1.0, flags=user_set , reason=automatic [ auto_adj ]
01-19 08:38:51.458 D/VRR [OPlusRefreshRateService]( 1654): notifyBrightnessChange brightness: 794.0
01-19 08:38:51.459 D/DisplayManagerService( 1654): Delivering display event: displayId=0, event=4
01-19 08:38:51.474 D/DisplayPowerController[0]( 1654): onChange selfChange=false uri=content://settings/system/screen_brightness
01-19 08:38:51.475 D/OplusDisplayPowerControllerExtImpl( 1654): original brightness:794 final brightness:794.0 scale:1.0 reason:4 darkLevel:0
01-19 08:38:51.476 D/DisplayPowerController[0]( 1654): Brightness [794.0] reason changing to: 'automatic [ auto_adj ]', previous reason: 'automatic'. id=local:0
01-19 08:38:51.476 I/DisplayPowerController[0]( 1654): BrightnessEvent: disp=0, brt=794.0(user_set), rcmdBrt=NaN, preBrt=NaN, lux=0.0, preLux=0.0, hbmMax=1.0, hbmMode=off, thrmMax=1.0, flags=user_set , reason=automatic [ auto_adj ]
01-19 08:38:51.476 D/VRR [OPlusRefreshRateService]( 1654): notifyBrightnessChange brightness: 794.0
01-19 08:38:51.476 D/DisplayManagerService( 1654): Delivering display event: displayId=0, event=4
01-19 08:38:51.485 D/PowerManagerService( 1654): userActivityNoUpdateLocked: groupId=0, eventTime=191882044, event=2, flags=0x0, uid=1000
01-19 08:38:51.492 D/DisplayPowerController[0]( 1654): onChange selfChange=false uri=content://settings/system/screen_brightness
01-19 08:38:51.493 D/OplusDisplayPowerControllerExtImpl( 1654): original brightness:794 final brightness:794.0 scale:1.0 reason:4 darkLevel:0
01-19 08:38:51.494 D/DisplayPowerController[0]( 1654): Brightness [794.0] reason changing to: 'automatic [ auto_adj ]', previous reason: 'automatic'. id=local:0
01-19 08:38:51.494 I/DisplayPowerController[0]( 1654): BrightnessEvent: disp=0, brt=794.0(user_set), rcmdBrt=NaN, preBrt=NaN, lux=0.0, preLux=0.0, hbmMax=1.0, hbmMode=off, thrmMax=1.0, flags=user_set , reason=automatic [ auto_adj ]
01-19 08:38:51.494 D/VRR [OPlusRefreshRateService]( 1654): notifyBrightnessChange brightness: 794.0
01-19 08:38:51.494 D/DisplayManagerService( 1654): Delivering display event: displayId=0, event=4
01-19 08:38:51.509 D/DisplayPowerController[0]( 1654): onChange selfChange=false uri=content://settings/system/screen_brightness
01-19 08:38:51.509 D/OplusDisplayPowerControllerExtImpl( 1654): original brightness:794 final brightness:794.0 scale:1.0 reason:4 darkLevel:0
01-19 08:38:51.510 D/DisplayPowerController[0]( 1654): Brightness [794.0] reason changing to: 'automatic [ auto_adj ]', previous reason: 'automatic'. id=local:0
01-19 08:38:51.511 I/DisplayPowerController[0]( 1654): BrightnessEvent: disp=0, brt=794.0(user_set), rcmdBrt=NaN, preBrt=NaN, lux=0.0, preLux=0.0, hbmMax=1.0, hbmMode=off, thrmMax=1.0, flags=user_set , reason=automatic [ auto_adj ]
01-19 08:38:51.511 D/VRR [OPlusRefreshRateService]( 1654): notifyBrightnessChange brightness: 794.0
01-19 08:38:51.511 D/DisplayManagerService( 1654): Delivering display event: displayId=0, event=4
01-19 08:38:51.524 D/DisplayPowerController[0]( 1654): onChange selfChange=false uri=content://settings/system/screen_brightness
01-19 08:38:51.525 D/OplusDisplayPowerControllerExtImpl( 1654): original brightness:794 final brightness:794.0 scale:1.0 reason:4 darkLevel:0
01-19 08:38:51.526 D/DisplayPowerController[0]( 1654): Brightness [794.0] reason changing to: 'automatic [ auto_adj ]', previous reason: 'automatic'. id=local:0
01-19 08:38:51.526 I/DisplayPowerController[0]( 1654): BrightnessEvent: disp=0, brt=794.0(user_set), rcmdBrt=NaN, preBrt=NaN, lux=0.0, preLux=0.0, hbmMax=1.0, hbmMode=off, thrmMax=1.0, flags=user_set , reason=automatic [ auto_adj ]
01-19 08:38:51.526 D/VRR [OPlusRefreshRateService]( 1654): notifyBrightnessChange brightness: 794.0
01-19 08:38:51.526 D/DisplayManagerService( 1654): Delivering display event: displayId=0, event=4
01-19 08:38:51.541 D/DisplayPowerController[0]( 1654): onChange selfChange=false uri=content://settings/system/screen_brightness
01-19 08:38:51.541 D/OplusDisplayPowerControllerExtImpl( 1654): original brightness:794 final brightness:794.0 scale:1.0 reason:4 darkLevel:0
01-19 08:38:51.542 D/DisplayPowerController[0]( 1654): Brightness [794.0] reason changing to: 'automatic [ auto_adj ]', previous reason: 'automatic'. id=local:0
01-19 08:38:51.542 I/DisplayPowerController[0]( 1654): BrightnessEvent: disp=0, brt=794.0(user_set), rcmdBrt=NaN, preBrt=NaN, lux=0.0, preLux=0.0, hbmMax=1.0, hbmMode=off, thrmMax=1.0, flags=user_set , reason=automatic [ auto_adj ]
01-19 08:38:51.543 D/VRR [OPlusRefreshRateService]( 1654): notifyBrightnessChange brightness: 794.0
01-19 08:38:51.543 D/DisplayManagerService( 1654): Delivering display event: displayId=0, event=4
01-19 08:38:51.551 D/DisplayPowerController[0]( 1654): onChange selfChange=false uri=content://settings/system/screen_brightness
01-19 08:38:51.551 D/OplusDisplayPowerControllerExtImpl( 1654): original brightness:794 final brightness:794.0 scale:1.0 reason:4 darkLevel:0
01-19 08:38:51.552 D/DisplayPowerController[0]( 1654): Brightness [794.0] reason changing to: 'automatic [ auto_adj ]', previous reason: 'automatic'. id=local:0
01-19 08:38:51.552 I/DisplayPowerController[0]( 1654): BrightnessEvent: disp=0, brt=794.0(user_set), rcmdBrt=NaN, preBrt=NaN, lux=0.0, preLux=0.0, hbmMax=1.0, hbmMode=off, thrmMax=1.0, flags=user_set , reason=automatic [ auto_adj ]
01-19 08:38:51.552 D/VRR [OPlusRefreshRateService]( 1654): notifyBrightnessChange brightness: 794.0
01-19 08:38:51.552 D/DisplayManagerService( 1654): Delivering display event: displayId=0, event=4
01-19 08:38:51.561 D/DisplayPowerController[0]( 1654): onChange selfChange=false uri=content://settings/system/screen_brightness
01-19 08:38:51.562 D/OplusDisplayPowerControllerExtImpl( 1654): original brightness:794 final brightness:794.0 scale:1.0 reason:4 darkLevel:0
01-19 08:38:51.563 D/DisplayPowerController[0]( 1654): Brightness [794.0] reason changing to: 'automatic [ auto_adj ]', previous reason: 'automatic'. id=local:0
01-19 08:38:51.563 I/DisplayPowerController[0]( 1654): BrightnessEvent: disp=0, brt=794.0(user_set), rcmdBrt=NaN, preBrt=NaN, lux=0.0, preLux=0.0, hbmMax=1.0, hbmMode=off, thrmMax=1.0, flags=user_set , reason=automatic [ auto_adj ]
01-19 08:38:51.563 D/VRR [OPlusRefreshRateService]( 1654): notifyBrightnessChange brightness: 794.0
01-19 08:38:51.563 D/DisplayManagerService( 1654): Delivering display event: displayId=0, event=4
01-19 08:38:51.575 D/OplusSmartBrightnessController( 1654): handleMessage MSG_LUX_CHANGED, mLux:215.15576 luxQueue=[217.0, 216.0, 213.0, 212.0, 216.0, 213.0, 219.0]
01-19 08:38:51.582 D/DisplayPowerController[0]( 1654): onChange selfChange=false uri=content://settings/system/screen_brightness
01-19 08:38:51.583 D/OplusDisplayPowerControllerExtImpl( 1654): original brightness:794 final brightness:794.0 scale:1.0 reason:4 darkLevel:0
01-19 08:38:51.585 D/DisplayPowerController[0]( 1654): Brightness [794.0] reason changing to: 'automatic [ auto_adj ]', previous reason: 'automatic'. id=local:0
01-19 08:38:51.585 I/DisplayPowerController[0]( 1654): BrightnessEvent: disp=0, brt=794.0(user_set), rcmdBrt=NaN, preBrt=NaN, lux=0.0, preLux=0.0, hbmMax=1.0, hbmMode=off, thrmMax=1.0, flags=user_set , reason=automatic [ auto_adj ]
01-19 08:38:51.585 D/VRR [OPlusRefreshRateService]( 1654): notifyBrightnessChange brightness: 794.0
01-19 08:38:51.585 D/DisplayManagerService( 1654): Delivering display event: displayId=0, event=4
01-19 08:38:51.598 D/DisplayPowerController[0]( 1654): onChange selfChange=false uri=content://settings/system/screen_brightness
01-19 08:38:51.599 D/OplusDisplayPowerControllerExtImpl( 1654): original brightness:794 final brightness:794.0 scale:1.0 reason:4 darkLevel:0
01-19 08:38:51.600 D/DisplayPowerController[0]( 1654): Brightness [794.0] reason changing to: 'automatic [ auto_adj ]', previous reason: 'automatic'. id=local:0
01-19 08:38:51.600 I/DisplayPowerController[0]( 1654): BrightnessEvent: disp=0, brt=794.0(user_set), rcmdBrt=NaN, preBrt=NaN, lux=0.0, preLux=0.0, hbmMax=1.0, hbmMode=off, thrmMax=1.0, flags=user_set , reason=automatic [ auto_adj ]
01-19 08:38:51.601 D/VRR [OPlusRefreshRateService]( 1654): notifyBrightnessChange brightness: 794.0
01-19 08:38:51.601 D/DisplayManagerService( 1654): Delivering display event: displayId=0, event=4
01-19 08:38:51.616 D/DisplayPowerController[0]( 1654): onChange selfChange=false uri=content://settings/system/screen_brightness
01-19 08:38:51.616 D/OplusDisplayPowerControllerExtImpl( 1654): original brightness:794 final brightness:794.0 scale:1.0 reason:4 darkLevel:0
01-19 08:38:51.618 D/DisplayPowerController[0]( 1654): Brightness [794.0] reason changing to: 'automatic [ auto_adj ]', previous reason: 'automatic'. id=local:0
01-19 08:38:51.618 I/DisplayPowerController[0]( 1654): BrightnessEvent: disp=0, brt=794.0(user_set), rcmdBrt=NaN, preBrt=NaN, lux=0.0, preLux=0.0, hbmMax=1.0, hbmMode=off, thrmMax=1.0, flags=user_set , reason=automatic [ auto_adj ]
01-19 08:38:51.618 D/VRR [OPlusRefreshRateService]( 1654): notifyBrightnessChange brightness: 794.0
01-19 08:38:51.619 D/DisplayManagerService( 1654): Delivering display event: displayId=0, event=4
01-19 08:38:51.631 D/DisplayPowerController[0]( 1654): onChange selfChange=false uri=content://settings/system/screen_brightness
01-19 08:38:51.632 D/OplusDisplayPowerControllerExtImpl( 1654): original brightness:794 final brightness:794.0 scale:1.0 reason:4 darkLevel:0
01-19 08:38:51.634 D/DisplayPowerController[0]( 1654): Brightness [794.0] reason changing to: 'automatic [ auto_adj ]', previous reason: 'automatic'. id=local:0
01-19 08:38:51.634 I/DisplayPowerController[0]( 1654): BrightnessEvent: disp=0, brt=794.0(user_set), rcmdBrt=NaN, preBrt=NaN, lux=0.0, preLux=0.0, hbmMax=1.0, hbmMode=off, thrmMax=1.0, flags=user_set , reason=automatic [ auto_adj ]
01-19 08:38:51.634 D/VRR [OPlusRefreshRateService]( 1654): notifyBrightnessChange brightness: 794.0
01-19 08:38:51.634 D/DisplayManagerService( 1654): Delivering display event: displayId=0, event=4
01-19 08:38:51.648 D/DisplayPowerController[0]( 1654): onChange selfChange=false uri=content://settings/system/screen_brightness
01-19 08:38:51.649 D/OplusDisplayPowerControllerExtImpl( 1654): original brightness:794 final brightness:794.0 scale:1.0 reason:4 darkLevel:0
01-19 08:38:51.651 D/DisplayPowerController[0]( 1654): Brightness [794.0] reason changing to: 'automatic [ auto_adj ]', previous reason: 'automatic'. id=local:0
01-19 08:38:51.651 I/DisplayPowerController[0]( 1654): BrightnessEvent: disp=0, brt=794.0(user_set), rcmdBrt=NaN, preBrt=NaN, lux=0.0, preLux=0.0, hbmMax=1.0, hbmMode=off, thrmMax=1.0, flags=user_set , reason=automatic [ auto_adj ]
01-19 08:38:51.651 D/VRR [OPlusRefreshRateService]( 1654): notifyBrightnessChange brightness: 794.0
01-19 08:38:51.652 D/DisplayManagerService( 1654): Delivering display event: displayId=0, event=4
01-19 08:38:51.664 D/DisplayPowerController[0]( 1654): onChange selfChange=false uri=content://settings/system/screen_brightness
01-19 08:38:51.665 D/OplusDisplayPowerControllerExtImpl( 1654): original brightness:794 final brightness:794.0 scale:1.0 reason:4 darkLevel:0
01-19 08:38:51.667 D/DisplayPowerController[0]( 1654): Brightness [794.0] reason changing to: 'automatic [ auto_adj ]', previous reason: 'automatic'. id=local:0
01-19 08:38:51.667 I/DisplayPowerController[0]( 1654): BrightnessEvent: disp=0, brt=794.0(user_set), rcmdBrt=NaN, preBrt=NaN, lux=0.0, preLux=0.0, hbmMax=1.0, hbmMode=off, thrmMax=1.0, flags=user_set , reason=automatic [ auto_adj ]
01-19 08:38:51.667 D/VRR [OPlusRefreshRateService]( 1654): notifyBrightnessChange brightness: 794.0
01-19 08:38:51.667 D/DisplayManagerService( 1654): Delivering display event: displayId=0, event=4
01-19 08:38:51.683 D/DisplayPowerController[0]( 1654): onChange selfChange=false uri=content://settings/system/screen_brightness
01-19 08:38:51.684 D/OplusDisplayPowerControllerExtImpl( 1654): original brightness:794 final brightness:794.0 scale:1.0 reason:4 darkLevel:0
01-19 08:38:51.685 D/DisplayPowerController[0]( 1654): Brightness [794.0] reason changing to: 'automatic [ auto_adj ]', previous reason: 'automatic'. id=local:0
01-19 08:38:51.685 I/DisplayPowerController[0]( 1654): BrightnessEvent: disp=0, brt=794.0(user_set), rcmdBrt=NaN, preBrt=NaN, lux=0.0, preLux=0.0, hbmMax=1.0, hbmMode=off, thrmMax=1.0, flags=user_set , reason=automatic [ auto_adj ]
01-19 08:38:51.686 D/VRR [OPlusRefreshRateService]( 1654): notifyBrightnessChange brightness: 794.0
01-19 08:38:51.686 D/DisplayManagerService( 1654): Delivering display event: displayId=0, event=4
01-19 08:38:51.692 D/OplusFeatureHDREnhanceBrightness( 1654): setAnimating : animating = false
01-19 08:38:51.692 D/OplusFeatureReduceBrightness( 1654): setAnimating : animating = false
01-19 08:38:51.692 I/OplusSmartBrightnessController( 1654): setHDRAnimatingState = false
01-19 08:38:51.693 D/OplusDisplayPowerControllerExtImpl( 1654): original brightness:794 final brightness:794.0 scale:1.0 reason:4 darkLevel:0
01-19 08:38:51.694 D/DisplayPowerController[0]( 1654): Brightness [794.0] reason changing to: 'automatic [ auto_adj ]', previous reason: 'automatic'. id=local:0
01-19 08:38:51.694 I/DisplayPowerController[0]( 1654): BrightnessEvent: disp=0, brt=794.0, rcmdBrt=NaN, preBrt=NaN, lux=0.0, preLux=0.0, hbmMax=1.0, hbmMode=off, thrmMax=1.0, flags=, reason=automatic [ auto_adj ]
01-19 08:38:51.694 D/VRR [OPlusRefreshRateService]( 1654): notifyBrightnessChange brightness: 794.0
01-19 08:38:51.698 D/DisplayPowerController[0]( 1654): onChange selfChange=false uri=content://settings/system/screen_brightness
01-19 08:38:51.699 D/OplusDisplayPowerControllerExtImpl( 1654): original brightness:794 final brightness:794.0 scale:1.0 reason:4 darkLevel:0
01-19 08:38:51.701 D/DisplayPowerController[0]( 1654): Brightness [794.0] reason changing to: 'automatic [ auto_adj ]', previous reason: 'automatic'. id=local:0
01-19 08:38:51.701 I/DisplayPowerController[0]( 1654): BrightnessEvent: disp=0, brt=794.0(user_set), rcmdBrt=NaN, preBrt=NaN, lux=0.0, preLux=0.0, hbmMax=1.0, hbmMode=off, thrmMax=1.0, flags=user_set , reason=automatic [ auto_adj ]
01-19 08:38:51.701 D/VRR [OPlusRefreshRateService]( 1654): notifyBrightnessChange brightness: 794.0
01-19 08:38:51.701 D/DisplayManagerService( 1654): Delivering display event: displayId=0, event=4
01-19 08:38:51.890 D/VRR [OPlusSurfaceFlingerController]( 1654):  setTouchIdle : TouchIdleBean{mEnable=true, mHwEnable=false, mSwEnable=true, mAdfrEnable=false, mTimeOut=4000, mContentThreshold=-1, mContentGapMs=500, mBrightnessLimit=200, mNitLimit=-1, mLowestRate=60, mBlackList=[], mReadingWhiteList=[], mSpecialTimeOutMap={}, mSwWhiteMap={}, mSwNegligibleOverlay=[], mHwDisablePanel=[], mAdfrToHwList=[]}
01-19 08:38:52.377 D/OplusSmartBrightnessController( 1654): handleMessage MSG_LUX_CHANGED, mLux:219.00229 luxQueue=[218.0, 220.0, 218.0, 220.0]
01-19 08:38:54.577 D/OplusSmartBrightnessController( 1654): handleMessage MSG_LUX_CHANGED, mLux:222.60234 luxQueue=[223.0, 221.0, 223.0, 224.0, 222.0]
01-19 08:38:58.377 D/OplusSmartBrightnessController( 1654): handleMessage MSG_LUX_CHANGED, mLux:218.50514 luxQueue=[217.0, 219.0, 218.0, 216.0, 218.0, 219.0, 220.0, 221.0]
01-19 08:38:59.376 D/OplusSmartBrightnessController( 1654): handleMessage MSG_LUX_CHANGED, mLux:222.40323 luxQueue=[221.0, 221.0, 223.0, 223.0, 224.0]
01-19 08:39:00.023 E/OplusCustomizeRestrictionManagerService( 1654): isBiometricDisabled start
01-19 08:39:00.025 E/OplusCustomizeRestrictionManagerService( 1654): isBiometricDisabled start
01-19 08:39:00.712 V/WindowManager( 1654): Relayout Window{cbdf5b8 u0 OplusPrivacyIconTopLeft}: viewVisibility=8, oldvis=8, req=8x8
01-19 08:39:00.733 V/WindowManager( 1654): Relayout Window{e767333 u0 OplusPrivacyIconTopRight}: viewVisibility=8, oldvis=8, req=8x8
01-19 08:39:00.745 W/BroadcastQueue( 1654): Skipping deliver [background] BroadcastRecord{f07d991 u-1 android.net.conn.CONNECTIVITY_CHANGE} to ReceiverList{1c800f6 25510 (unknown name)/2000/u-1 remote:a66a1b}: process gone or crashing
01-19 08:39:00.781 D/CompatibilityChangeReporter( 1654): Compat change id reported: 161252188; UID 10154; state: DISABLED
01-19 08:39:00.783 I/ActivityTaskManager( 1654): START u0 {act=android.intent.action.MAIN cat=[android.intent.category.LAUNCHER] flg=0x10200000 cmp=com.THLight.BLE.USBeacon.Writer.Simple.dev/com.THLight.BLE.USBeacon.Writer.Simple.ui.activity.AppStartActivity mCallingUid=2000} from uid 2000
01-19 08:39:00.793 D/OplusZoomWindowManagerService( 1654): onConfigurationChanged rotation not changed - prevRotation: 0
01-19 08:39:00.796 I/OplusScreenSecurityMask( 1654): onStackAdded task = Task{4d329c9 #186 type=standard ?? U=0 visible=false visibleRequested=false mode=fullscreen translucent=true sz=0} record = null displayId = 0
01-19 08:39:00.796 I/OplusScreenSecurityMask( 1654): onStackAdded task = Task{4d329c9 #186 type=standard A=10154:com.THLight.BLE.USBeacon.Writer.Simple.dev U=0 visible=false visibleRequested=false mode=fullscreen translucent=true sz=0} record = null displayId = 0
01-19 08:39:00.799 I/Quality ( 1123): SFJankCountInfo: 31;0;0-0-0-0-0-0-0-0-0-0;1-0-0-0-0-0-0-0-0-0;2-0-0-0-0-0-0-0-0-0;3-0-0-0-0-0-0-0-0-0;4-0-0-0-0-0-0-0-0-0;5-0-0-0-0-0-0-0-0-0;6-0-0-0-0-0-0-0-0-0;7-0-0-0-0-0-0-0-0-0;8-0-0-0-0-0-0-0-0-0;9-0-0-0-0-0-0-0-0-0;
01-19 08:39:00.801 D/TaskFragmentExtImpl( 1654): add ActivityRecord{74e0193 u0 com.THLight.BLE.USBeacon.Writer.Simple.dev/com.THLight.BLE.USBeacon.Writer.Simple.ui.activity.AppStartActivity} t186} to mActivityRecordSum = Counter{ com.THLight.BLE.USBeacon.Writer.Simple.dev/com.THLight.BLE.USBeacon.Writer.Simple.ui.activity.AppStartActivity(1) }
01-19 08:39:00.805 D/ActivityTaskManager( 1654): getStartingWindowType: newTask=true, taskSwitch=true, processRunning=true, allowTaskSnapshot=true, activityCreated=false, snapshot=null, record:ActivityRecord{74e0193 u0 com.THLight.BLE.USBeacon.Writer.Simple.dev/com.THLight.BLE.USBeacon.Writer.Simple.ui.activity.AppStartActivity} t186}
01-19 08:39:00.806 D/CompatibilityChangeReporter( 1654): Compat change id reported: 205907456; UID 10154; state: ENABLED
01-19 08:39:00.807 D/OplusZoomWindowRUSConfigManager( 1654): isSupportZoomModeWithPolicyLocked: target = com.THLight.BLE.USBeacon.Writer.Simple.dev/com.THLight.BLE.USBeacon.Writer.Simple.ui.activity.AppStartActivity
01-19 08:39:00.807 D/OplusZoomWindowRUSConfigManager( 1654): targetPkg = com.THLight.BLE.USBeacon.Writer.Simple.dev
01-19 08:39:00.808 V/OplusZoomWindowManagerService( 1654): unSupportZoom: false ,callingPid: 25510 ,sourceStack: null
01-19 08:39:00.808 D/PhoneStartingWindowTypeAlgorithm( 2315): preferredStartingWindowType newTask=true, taskSwitch=true, processRunning=true, allowTaskSnapshot=true, activityCreated=false, isSolidColorSplashScreen=false, legacySplashScreen=false, activityDrawn=false, topIsHome=false
01-19 08:39:00.820 D/OplusShellStartingWindowManager( 2315): adjustSuggestedWindowType: skip no-system app and no-exception list app
01-19 08:39:00.823 D/ShellStartingWindow( 2315): getWindowAttrs window attributes color: 0, replace icon: false
01-19 08:39:00.827 W/ActivityTaskManager( 1654): Tried to set launchTime (0) < mLastActivityLaunchTime (191748810)
01-19 08:39:00.840 D/OplusDexOptimizeManager( 1654): Do not in AppLaunchOptList!
01-19 08:39:00.844 I/OplusJoystickManager( 1654): handleApplicationSwitch deprecated!
01-19 08:39:00.844 D/OplusAppSwitchListener( 1654): Detect com.android.launcher switch to background
01-19 08:39:00.844 D/OplusEapManager( 1654): mTargetExitName :com.android.launcher
01-19 08:39:00.845 D/ActivityTaskManager( 1654): onWindowFocusChanged Task{4d329c9 #186 type=standard A=10154:com.THLight.BLE.USBeacon.Writer.Simple.dev U=0 visible=true visibleRequested=true mode=fullscreen translucent=false sz=1} would transfer to compact
01-19 08:39:00.845 V/WindowManager( 1654): Changing focus from Window{3484b20 u0 com.android.launcher/com.android.launcher.Launcher} to null,diplayid=0
01-19 08:39:00.848 D/ShellStartingWindow( 2315): inconsize = 320
01-19 08:39:00.851 E/OplusThermalStats( 1654): Error getting package info: com.THLight.BLE.USBeacon.Writer.Simple.dev
01-19 08:39:00.851 D/VRR [OPlusFrontAppManager]( 1654): OnAppSwitchObserver: onAppExit , info.targetName = com.android.launcher
01-19 08:39:00.851 D/VRR [OPlusFrontAppManager]( 1654): packageName: null
01-19 08:39:00.852 D/VRR [OPlusRefreshRateService]( 1654): handleFrontAppChange pkgName: null
01-19 08:39:00.852 D/VRR [OPlusExternalRefreshRateManager]( 1654): setFrontPackageName pkgName: null CurPkgName: com.android.launcher
01-19 08:39:00.852 D/OplusAppSwitchListener( 1654): Detect com.THLight.BLE.USBeacon.Writer.Simple.dev switch to foreground
01-19 08:39:00.853 D/OplusEapManager( 1654): mTargetEnterName :com.THLight.BLE.USBeacon.Writer.Simple.dev
01-19 08:39:00.853 D/VRR [OPlusFrontAppManager]( 1654): OnAppSwitchObserver: onAppEnter , info.targetName = com.THLight.BLE.USBeacon.Writer.Simple.dev
01-19 08:39:00.853 D/VRR [OPlusFrontAppManager]( 1654): packageName: com.THLight.BLE.USBeacon.Writer.Simple.dev
01-19 08:39:00.853 D/VRR [OPlusRefreshRateService]( 1654): handleFrontAppChange pkgName: com.THLight.BLE.USBeacon.Writer.Simple.dev
01-19 08:39:00.853 D/VRR [OPlusExternalRefreshRateManager]( 1654): setFrontPackageName pkgName: com.THLight.BLE.USBeacon.Writer.Simple.dev CurPkgName: null
01-19 08:39:00.864 D/OplusFullScreenDisplayManager( 1654): adjustWindowParamsLw com.THLight.BLE.USBeacon.Writer.Simple.dev, no change cutoutMode: 0
01-19 08:39:00.867 I/WindowManager( 1654): addWindow: New client android.os.BinderProxy@6d777c4 : window=Window{5d3e6ad u0 Splash Screen com.THLight.BLE.USBeacon.Writer.Simple.dev}
01-19 08:39:00.869 D/OplusKeepAliveManager( 1654): TOP_APP is ProcessRecord{f8530b9 21992:com.THLight.BLE.USBeacon.Writer.Simple.dev/u0a154} uid is 10154
01-19 08:39:00.872 D/OplusShellStartingWindowManager( 2315): handleSplashScreenView: normal third app or no-default
01-19 08:39:00.877 D/CoreBackPreview( 1654): Window{5d3e6ad u0 Splash Screen com.THLight.BLE.USBeacon.Writer.Simple.dev}: Setting back callback OnBackInvokedCallbackInfo{mCallback=android.window.IOnBackInvokedCallback$Stub$Proxy@6f540a9, mPriority=0}
01-19 08:39:00.877 D/OplusFullScreenDisplayManager( 1654): adjustWindowParamsLw com.THLight.BLE.USBeacon.Writer.Simple.dev, no change cutoutMode: 0
01-19 08:39:00.877 V/WindowManager( 1654): Relayout Window{5d3e6ad u0 Splash Screen com.THLight.BLE.USBeacon.Writer.Simple.dev}: viewVisibility=0, oldvis=0, req=720x1600
01-19 08:39:00.915 D/WindowManager( 1654): finishDrawingWindow: Window{5d3e6ad u0 Splash Screen com.THLight.BLE.USBeacon.Writer.Simple.dev} mDrawState=DRAW_PENDING
01-19 08:39:00.938 I/WindowStateExtImpl( 1654): onSurfaceShowChange show = true mPackageName = com.THLight.BLE.USBeacon.Writer.Simple.dev parentPkgName = com.THLight.BLE.USBeacon.Writer.Simple.dev
01-19 08:39:00.946 I/ActivityTaskManager( 1654): START u0 {cmp=com.THLight.BLE.USBeacon.Writer.Simple.dev/com.THLight.BLE.USBeacon.Writer.Simple.ui.activity.scan.ScanDeviceListActivity mCallingUid=10154} from uid 10154
01-19 08:39:00.949 D/OplusZoomWindowRUSConfigManager( 1654): isSupportZoomModeWithPolicyLocked: target = com.THLight.BLE.USBeacon.Writer.Simple.dev/com.THLight.BLE.USBeacon.Writer.Simple.ui.activity.scan.ScanDeviceListActivity
01-19 08:39:00.949 D/OplusZoomWindowRUSConfigManager( 1654): targetPkg = com.THLight.BLE.USBeacon.Writer.Simple.dev
01-19 08:39:00.950 V/OplusZoomWindowManagerService( 1654): unSupportZoom: false ,callingPid: 21992 ,sourceStack: Task{4d329c9 #186 type=standard A=10154:com.THLight.BLE.USBeacon.Writer.Simple.dev U=0 visible=true visibleRequested=true mode=fullscreen translucent=false sz=1}
01-19 08:39:00.952 D/TaskFragmentExtImpl( 1654): add ActivityRecord{7c2a619 u0 com.THLight.BLE.USBeacon.Writer.Simple.dev/com.THLight.BLE.USBeacon.Writer.Simple.ui.activity.scan.ScanDeviceListActivity} t186} to mActivityRecordSum = Counter{ com.THLight.BLE.USBeacon.Writer.Simple.dev/com.THLight.BLE.USBeacon.Writer.Simple.ui.activity.AppStartActivity(1) com.THLight.BLE.USBeacon.Writer.Simple.dev/com.THLight.BLE.USBeacon.Writer.Simple.ui.activity.scan.ScanDeviceListActivity(1) }
01-19 08:39:00.954 D/ActivityTaskManager( 1654): getStartingWindowType: newTask=false, taskSwitch=false, processRunning=true, allowTaskSnapshot=true, activityCreated=false, snapshot=null, record:ActivityRecord{7c2a619 u0 com.THLight.BLE.USBeacon.Writer.Simple.dev/com.THLight.BLE.USBeacon.Writer.Simple.ui.activity.scan.ScanDeviceListActivity} t186}
01-19 08:39:00.955 D/OplusZoomWindowRUSConfigManager( 1654): isSupportZoomModeWithPolicyLocked: target = com.THLight.BLE.USBeacon.Writer.Simple.dev/com.THLight.BLE.USBeacon.Writer.Simple.ui.activity.scan.ScanDeviceListActivity
01-19 08:39:00.955 D/OplusZoomWindowRUSConfigManager( 1654): targetPkg = com.THLight.BLE.USBeacon.Writer.Simple.dev
01-19 08:39:00.955 V/OplusZoomWindowManagerService( 1654): unSupportZoom: false ,callingPid: 21992 ,sourceStack: Task{4d329c9 #186 type=standard A=10154:com.THLight.BLE.USBeacon.Writer.Simple.dev U=0 visible=true visibleRequested=true mode=fullscreen translucent=false sz=2}
01-19 08:39:00.968 D/ActivityTaskManager( 1654): finishIfPossible mOpeningApps remove r=ActivityRecord{74e0193 u0 com.THLight.BLE.USBeacon.Writer.Simple.dev/com.THLight.BLE.USBeacon.Writer.Simple.ui.activity.AppStartActivity} t186 f}}
01-19 08:39:00.968 D/OplusAppListInterceptManager( 1654): shouldFilterTask
01-19 08:39:00.968 D/OplusAppListInterceptManager( 1654): shouldFilterTask::packageName = com.THLight.BLE.USBeacon.Writer.Simple.dev
01-19 08:39:00.968 D/OplusAppListInterceptManager( 1654): shouldFilterTask
01-19 08:39:00.968 D/OplusAppListInterceptManager( 1654): shouldFilterTask::packageName = com.android.settings
01-19 08:39:00.968 D/OplusSplitScreenManagerService( 1654): com.android.settings unSupportsSplitScreen by blockList or ForbidActivityList
01-19 08:39:00.969 D/OplusAthena( 1654): com.google.android.gm in recent lock list
01-19 08:39:00.980 W/ActivityTaskManager( 1654): Tried to set launchTime (0) < mLastActivityLaunchTime (191891401)
01-19 08:39:00.984 D/OplusDexOptimizeManager( 1654): Do not in AppLaunchOptList!
01-19 08:39:00.994 D/ActivityRecordExtImpl( 1654): setting mUseTransferredAnimation to false for ActivityRecord{7c2a619 u0 com.THLight.BLE.USBeacon.Writer.Simple.dev/com.THLight.BLE.USBeacon.Writer.Simple.ui.activity.scan.ScanDeviceListActivity} t186}
01-19 08:39:01.095 D/OplusAppListInterceptManager( 1654): shouldFilterTask
01-19 08:39:01.095 D/OplusAppListInterceptManager( 1654): shouldFilterTask::packageName = com.THLight.BLE.USBeacon.Writer.Simple.dev
01-19 08:39:01.096 D/OplusAppListInterceptManager( 1654): shouldFilterTask
01-19 08:39:01.096 D/OplusAppListInterceptManager( 1654): shouldFilterTask::packageName = com.android.settings
01-19 08:39:01.096 D/OplusSplitScreenManagerService( 1654): com.android.settings unSupportsSplitScreen by blockList or ForbidActivityList
01-19 08:39:01.096 D/OplusAthena( 1654): com.google.android.gm in recent lock list
01-19 08:39:01.097 D/OplusFullScreenDisplayManager( 1654): adjustWindowParamsLw com.THLight.BLE.USBeacon.Writer.Simple.dev, no change cutoutMode: 0
01-19 08:39:01.099 V/WindowManager( 1654): Changing focus from null to Window{c08d345 u0 com.THLight.BLE.USBeacon.Writer.Simple.dev/com.THLight.BLE.USBeacon.Writer.Simple.ui.activity.scan.ScanDeviceListActivity},diplayid=0
01-19 08:39:01.103 I/WindowManager( 1654): addWindow: New client android.os.BinderProxy@8c057bc : window=Window{c08d345 u0 com.THLight.BLE.USBeacon.Writer.Simple.dev/com.THLight.BLE.USBeacon.Writer.Simple.ui.activity.scan.ScanDeviceListActivity}
01-19 08:39:01.108 D/CoreBackPreview( 1654): Window{c08d345 u0 com.THLight.BLE.USBeacon.Writer.Simple.dev/com.THLight.BLE.USBeacon.Writer.Simple.ui.activity.scan.ScanDeviceListActivity}: Setting back callback OnBackInvokedCallbackInfo{mCallback=android.window.IOnBackInvokedCallback$Stub$Proxy@ba1e254, mPriority=0}
01-19 08:39:01.124 D/OplusFullScreenDisplayManager( 1654): adjustWindowParamsLw com.THLight.BLE.USBeacon.Writer.Simple.dev, no change cutoutMode: 0
01-19 08:39:01.126 I/WindowManager( 1654): addWindow: New client android.os.BinderProxy@164cfc0 : window=Window{db924f9 u0 com.THLight.BLE.USBeacon.Writer.Simple.dev/com.THLight.BLE.USBeacon.Writer.Simple.ui.activity.scan.ScanDeviceListActivity}
01-19 08:39:01.129 D/CoreBackPreview( 1654): Window{db924f9 u0 com.THLight.BLE.USBeacon.Writer.Simple.dev/com.THLight.BLE.USBeacon.Writer.Simple.ui.activity.scan.ScanDeviceListActivity}: Setting back callback OnBackInvokedCallbackInfo{mCallback=android.window.IOnBackInvokedCallback$Stub$Proxy@c9c0a9f, mPriority=0}
01-19 08:39:01.134 I/Quality (21992): Skipped: false 1 cost 18.061846 refreshRate 16891463 bit true processName com.THLight.BLE.USBeacon.Writer.Simple.dev
01-19 08:39:01.138 D/OplusFullScreenDisplayManager( 1654): adjustWindowParamsLw com.THLight.BLE.USBeacon.Writer.Simple.dev, no change cutoutMode: 0
01-19 08:39:01.138 V/WindowManager( 1654): Relayout Window{c08d345 u0 com.THLight.BLE.USBeacon.Writer.Simple.dev/com.THLight.BLE.USBeacon.Writer.Simple.ui.activity.scan.ScanDeviceListActivity}: viewVisibility=0, oldvis=0, req=684x232
01-19 08:39:01.152 V/ZoomWindowDecorView(21992): setLastReportedMergedConfiguration mZoomDisplayHeight: 1600 getDecorView.167590865
01-19 08:39:01.179 D/OplusFullScreenDisplayManager( 1654): adjustWindowParamsLw com.THLight.BLE.USBeacon.Writer.Simple.dev, no change cutoutMode: 0
01-19 08:39:01.179 V/WindowManager( 1654): Relayout Window{db924f9 u0 com.THLight.BLE.USBeacon.Writer.Simple.dev/com.THLight.BLE.USBeacon.Writer.Simple.ui.activity.scan.ScanDeviceListActivity}: viewVisibility=0, oldvis=4, req=720x1600
01-19 08:39:01.193 V/ZoomWindowDecorView(21992): setLastReportedMergedConfiguration mZoomDisplayHeight: 1600 getDecorView.254949423
01-19 08:39:01.216 D/WindowManager( 1654): finishDrawingWindow: Window{db924f9 u0 com.THLight.BLE.USBeacon.Writer.Simple.dev/com.THLight.BLE.USBeacon.Writer.Simple.ui.activity.scan.ScanDeviceListActivity} mDrawState=DRAW_PENDING
01-19 08:39:01.223 D/WindowManager( 1654): finishDrawingWindow: Window{c08d345 u0 com.THLight.BLE.USBeacon.Writer.Simple.dev/com.THLight.BLE.USBeacon.Writer.Simple.ui.activity.scan.ScanDeviceListActivity} mDrawState=DRAW_PENDING
01-19 08:39:01.225 V/OplusZoomWindowManagerService( 1654): onAnimationFinished:  r = ActivityRecord{74e0193 u0 com.THLight.BLE.USBeacon.Writer.Simple.dev/com.THLight.BLE.USBeacon.Writer.Simple.ui.activity.AppStartActivity} t186 f}}
01-19 08:39:01.227 V/OplusZoomWindowManagerService( 1654): onAnimationFinished:  r = ActivityRecord{ff6ef4d u0 com.android.launcher/.Launcher} t6}
01-19 08:39:01.236 I/Quality (21992): Skipped: false 4 cost 72.85706 refreshRate 16842212 bit true processName com.THLight.BLE.USBeacon.Writer.Simple.dev
01-19 08:39:01.240 I/Quality ( 1654): LaunchTime2.0: com.THLight.BLE.USBeacon.Writer.Simple.dev/com.THLight.BLE.USBeacon.Writer.Simple.ui.activity.scan.ScanDeviceListActivity 2 422
01-19 08:39:01.240 I/OplusAppSwitchManagerService( 1654):  handleAppVisible , r = ActivityRecord{7c2a619 u0 com.THLight.BLE.USBeacon.Writer.Simple.dev/com.THLight.BLE.USBeacon.Writer.Simple.ui.activity.scan.ScanDeviceListActivity} t186}
01-19 08:39:01.246 D/OplusStartingWindowManager( 1654): interceptRemoveStartingWindow: packageName=com.THLight.BLE.USBeacon.Writer.Simple.dev, isSnapshot=false, startingSurfaceRunnable=null
01-19 08:39:01.246 D/OplusSplitScreenManagerService( 1654): notifyRemoveStartingWindow mOplusSpiltScreenDnDUI is null, just return!
01-19 08:39:01.257 V/WindowManager( 1654): Relayout Window{3484b20 u0 com.android.launcher/com.android.launcher.Launcher}: viewVisibility=8, oldvis=0, req=720x1600
01-19 08:39:01.264 D/WindowManager( 1654): finishDrawingWindow: Window{c08d345 u0 com.THLight.BLE.USBeacon.Writer.Simple.dev/com.THLight.BLE.USBeacon.Writer.Simple.ui.activity.scan.ScanDeviceListActivity} mDrawState=HAS_DRAWN
01-19 08:39:01.264 I/Quality (21992): Skipped: false 1 cost 18.223888 refreshRate 16739783 bit true processName com.THLight.BLE.USBeacon.Writer.Simple.dev
01-19 08:39:01.294 D/TaskFragmentExtImpl( 1654): remove ActivityRecord{74e0193 u0 com.THLight.BLE.USBeacon.Writer.Simple.dev/com.THLight.BLE.USBeacon.Writer.Simple.ui.activity.AppStartActivity} t-1 f}} to mActivityRecordSum = Counter{ com.THLight.BLE.USBeacon.Writer.Simple.dev/com.THLight.BLE.USBeacon.Writer.Simple.ui.activity.scan.ScanDeviceListActivity(1) }
01-19 08:39:01.307 D/OplusAthena( 1654): com.google.android.gm in recent lock list
01-19 08:39:01.352 D/CameraDelegate( 1654): handleMessage:200
01-19 08:39:01.649 V/WindowManager( 1654): Relayout Window{5d3e6ad u0 Splash Screen com.THLight.BLE.USBeacon.Writer.Simple.dev}: viewVisibility=8, oldvis=0, req=720x1600
01-19 08:39:01.665 D/CoreBackPreview( 1654): Window{5d3e6ad u0 Splash Screen com.THLight.BLE.USBeacon.Writer.Simple.dev EXITING}: Setting back callback null
01-19 08:39:01.665 V/ZoomWindowDecorView( 2315): removeZoomView
01-19 08:39:01.819 I/WindowStateExtImpl( 1654): onSurfaceShowChange show = false mPackageName = com.THLight.BLE.USBeacon.Writer.Simple.dev parentPkgName = com.THLight.BLE.USBeacon.Writer.Simple.dev
01-19 08:39:04.376 D/OplusSmartBrightnessController( 1654): handleMessage MSG_LUX_CHANGED, mLux:219.43369 luxQueue=[221.0, 218.0, 219.0, 217.0, 219.0, 221.0, 221.0]
01-19 08:39:05.933 E/KernelCpuSpeedReader( 1654): Failed to read cpu-freq: /sys/devices/system/cpu/cpu4/cpufreq/stats/time_in_state: open failed: ENOENT (No such file or directory)
01-19 08:39:05.934 E/KernelCpuSpeedReader( 1654): Failed to read cpu-freq: /sys/devices/system/cpu/cpu0/cpufreq/stats/time_in_state: open failed: ENOENT (No such file or directory)
01-19 08:39:06.114 D/CoreBackPreview( 1654): Window{c08d345 u0 com.THLight.BLE.USBeacon.Writer.Simple.dev/com.THLight.BLE.USBeacon.Writer.Simple.ui.activity.scan.ScanDeviceListActivity}: Setting back callback null
01-19 08:39:06.116 V/ZoomWindowDecorView(21992): removeZoomView
01-19 08:39:06.148 V/WindowManager( 1654): Changing focus from Window{c08d345 u0 com.THLight.BLE.USBeacon.Writer.Simple.dev/com.THLight.BLE.USBeacon.Writer.Simple.ui.activity.scan.ScanDeviceListActivity EXITING} to Window{db924f9 u0 com.THLight.BLE.USBeacon.Writer.Simple.dev/com.THLight.BLE.USBeacon.Writer.Simple.ui.activity.scan.ScanDeviceListActivity},diplayid=0
01-19 08:39:06.176 V/WindowManager( 1654): Unknown focus tokens, dropping reportFocusChanged
01-19 08:39:06.181 I/Quality (21992): Skipped: false 3 cost 57.635902 refreshRate 16707832 bit true processName com.THLight.BLE.USBeacon.Writer.Simple.dev
01-19 08:39:06.218 D/InputMethodManagerService( 1654): isSecurity: attribute.packageName=com.THLight.BLE.USBeacon.Writer.Simple.dev mCurMethodId=com.google.android.inputmethod.latin/com.android.inputmethod.latin.LatinIME
01-19 08:39:06.219 D/InputMethodManagerService( 1654): isSecurity= false (  enable=false needShow=false inBlackList=false isExist=false )
01-19 08:39:06.224 V/AutofillInlineSuggestionsRequestSession( 1654): onInputMethodFinishInput() received
01-19 08:39:06.224 V/AutofillInlineSuggestionsRequestSession( 1654): maybeUpdateResponseToImeLocked called
01-19 08:39:06.226 V/AutofillInlineSuggestionsRequestSession( 1654): onInputMethodStartInput() received on 9
01-19 08:39:06.226 V/AutofillInlineSuggestionsRequestSession( 1654): maybeUpdateResponseToImeLocked called
01-19 08:39:06.246 D/InputMethodManagerService( 1654): onHandleImeWindowVisibleStatus: vis = 0, needsToShowImeSwitcher = false
01-19 08:39:07.176 D/OplusSmartBrightnessController( 1654): handleMessage MSG_LUX_CHANGED, mLux:221.60506 luxQueue=[222.0, 220.0, 224.0, 220.0, 222.0]
01-19 08:39:09.377 D/OplusSmartBrightnessController( 1654): handleMessage MSG_LUX_CHANGED, mLux:220.57199 luxQueue=[221.0, 221.0, 220.0, 221.0, 220.0, 220.0, 221.0]
01-19 08:39:10.092 D/PowerManagerService( 1654): userActivityNoUpdateLocked: groupId=0, eventTime=191900647, event=2, flags=0x0, uid=1000
01-19 08:39:10.206 D/OplusFullScreenDisplayManager( 1654): adjustWindowParamsLw com.THLight.BLE.USBeacon.Writer.Simple.dev, no change cutoutMode: 0
01-19 08:39:10.212 V/WindowManager( 1654): Changing focus from Window{db924f9 u0 com.THLight.BLE.USBeacon.Writer.Simple.dev/com.THLight.BLE.USBeacon.Writer.Simple.ui.activity.scan.ScanDeviceListActivity} to Window{1a597bd u0 com.THLight.BLE.USBeacon.Writer.Simple.dev/com.THLight.BLE.USBeacon.Writer.Simple.ui.activity.scan.ScanDeviceListActivity},diplayid=0
01-19 08:39:10.220 I/WindowManager( 1654): addWindow: New client android.os.BinderProxy@2ac0314 : window=Window{1a597bd u0 com.THLight.BLE.USBeacon.Writer.Simple.dev/com.THLight.BLE.USBeacon.Writer.Simple.ui.activity.scan.ScanDeviceListActivity}
01-19 08:39:10.228 D/CoreBackPreview( 1654): Window{1a597bd u0 com.THLight.BLE.USBeacon.Writer.Simple.dev/com.THLight.BLE.USBeacon.Writer.Simple.ui.activity.scan.ScanDeviceListActivity}: Setting back callback OnBackInvokedCallbackInfo{mCallback=android.window.IOnBackInvokedCallback$Stub$Proxy@2cee5f, mPriority=0}
01-19 08:39:10.247 I/Quality (21992): Skipped: false 2 cost 49.23743 refreshRate 16707734 bit true processName com.THLight.BLE.USBeacon.Writer.Simple.dev
01-19 08:39:10.256 D/OplusFullScreenDisplayManager( 1654): adjustWindowParamsLw com.THLight.BLE.USBeacon.Writer.Simple.dev, no change cutoutMode: 0
01-19 08:39:10.256 V/WindowManager( 1654): Relayout Window{1a597bd u0 com.THLight.BLE.USBeacon.Writer.Simple.dev/com.THLight.BLE.USBeacon.Writer.Simple.ui.activity.scan.ScanDeviceListActivity}: viewVisibility=0, oldvis=0, req=684x232
01-19 08:39:10.291 V/ZoomWindowDecorView(21992): setLastReportedMergedConfiguration mZoomDisplayHeight: 1600 getDecorView.167590865
01-19 08:39:10.324 D/WindowManager( 1654): finishDrawingWindow: Window{1a597bd u0 com.THLight.BLE.USBeacon.Writer.Simple.dev/com.THLight.BLE.USBeacon.Writer.Simple.ui.activity.scan.ScanDeviceListActivity} mDrawState=DRAW_PENDING
01-19 08:39:10.329 I/Quality (21992): Skipped: false 4 cost 81.20471 refreshRate 17017690 bit true processName com.THLight.BLE.USBeacon.Writer.Simple.dev
01-19 08:39:10.371 D/WindowManager( 1654): finishDrawingWindow: Window{1a597bd u0 com.THLight.BLE.USBeacon.Writer.Simple.dev/com.THLight.BLE.USBeacon.Writer.Simple.ui.activity.scan.ScanDeviceListActivity} mDrawState=HAS_DRAWN
01-19 08:39:10.976 D/CompatibilityChangeReporter( 1654): Compat change id reported: 177438394; UID 10122; state: DISABLED
01-19 08:39:10.981 D/CompatibilityChangeReporter( 1654): Compat change id reported: 135772972; UID 10122; state: DISABLED
01-19 08:39:10.982 D/CompatibilityChangeReporter( 1654): Compat change id reported: 135754954; UID 10122; state: ENABLED
01-19 08:39:10.983 D/OplusSmartBrightnessController( 1654): handleMessage MSG_LUX_CHANGED, mLux:222.20306 luxQueue=[221.0, 223.0, 221.0, 222.0, 224.0]
01-19 08:39:10.986 D/CompatibilityChangeReporter( 1654): Compat change id reported: 143937733; UID 10122; state: ENABLED
01-19 08:39:10.986 E/ActivityThread( 1654): Failed to find provider info for com.oplus.smartdrive.data.DataProvider
01-19 08:39:11.012 I/ActivityManager( 1654): Start proc 25548:com.google.android.projection.gearhead:shared/u0a122 for broadcast {com.google.android.projection.gearhead/com.google.android.apps.auto.wireless.bluetooth.WifiBluetoothReceiver}
01-19 08:39:11.013 W/ContextImpl( 1654): Calling a method in the system process without a qualified user: android.app.ContextImpl.sendBroadcast:1205 com.android.server.am.OplusAppStartupConfig.sendAbnormalNotify:1520 com.android.server.am.OplusAppStartupConfig.notifyAbnormalInfo:1453 com.android.server.am.OplusAppStartupManager.handleStartAppInfo:5382 com.android.server.am.ProcessListExtImpl.hookHandleProcessStart:234 
01-19 08:39:11.074 D/CompatibilityChangeReporter( 1654): Compat change id reported: 168419799; UID 10122; state: DISABLED
01-19 08:39:11.135 W/BroadcastQueue( 1654): Permission Denial: receiving Intent { act=android.bluetooth.device.action.ACL_CONNECTED flg=0x5000010 (has extras) } to com.oplus.melody/.receiver.BluetoothBroadcastReceiver requires android.permission.BLUETOOTH_CONNECT due to sender com.android.bluetooth (uid 1002)
01-19 08:39:11.289 D/CompatibilityChangeReporter( 1654): Compat change id reported: 161145287; UID 10122; state: DISABLED
01-19 08:39:11.457 D/CompatibilityChangeReporter( 1654): Compat change id reported: 319212206; UID 10122; state: ENABLED
01-19 08:39:11.613 D/CompatibilityChangeReporter( 1654): Compat change id reported: 135634846; UID 10125; state: DISABLED
01-19 08:39:11.614 D/CompatibilityChangeReporter( 1654): Compat change id reported: 177438394; UID 10125; state: DISABLED
01-19 08:39:11.614 D/CompatibilityChangeReporter( 1654): Compat change id reported: 135772972; UID 10125; state: DISABLED
01-19 08:39:11.614 D/CompatibilityChangeReporter( 1654): Compat change id reported: 135754954; UID 10125; state: ENABLED
01-19 08:39:11.614 D/CompatibilityChangeReporter( 1654): Compat change id reported: 143937733; UID 10125; state: ENABLED
01-19 08:39:11.631 I/ActivityManager( 1654): Start proc 25591:com.google.process.gservices/u0a125 for content provider {com.google.android.gsf/com.google.android.gsf.gservices.GservicesProvider}
01-19 08:39:11.810 W/ActivityManager( 1654): Unable to start service Intent { act=com.google.android.gms.gservices.START pkg=com.google.android.gms } U=0: not found
01-19 08:39:11.811 W/ActivityManager( 1654): Unbind failed: could not find connection for android.os.BinderProxy@d044307
01-19 08:39:12.514 I/ActivityManager( 1654): Killing 25212:com.coloros.weather2/u0a179 (adj 945): empty #7
01-19 08:39:12.617 I/ActivityManager( 1654): Process com.oplus.ota (pid 24838) has died: svcb SVC 
01-19 08:39:12.619 I/WallpaperManagerServiceExt( 1654): getFoldWallpaperInfo user=0 which=32 phyDisplay=1
