01-19 08:04:20.747 I/OplusAppSwitchManagerService( 1654): appswitch hasProcess ActivityRecord{647a088 u0 com.THLight.BLE.USBeacon.Writer.Simple.dev/com.THLight.BLE.USBeacon.Writer.Simple.ui.activity.AppStartActivity} t182}
01-19 08:04:20.749 D/ActivityTaskManager( 1654): onWindowFocusChanged Task{3debe46 #182 type=standard A=10152:com.THLight.BLE.USBeacon.Writer.Simple.dev U=0 visible=true visibleRequested=true mode=fullscreen translucent=false sz=1} would transfer to compact
01-19 08:04:20.750 D/OplusAppSwitchListener( 1654): Detect com.android.launcher switch to background
01-19 08:04:20.750 D/OplusEapManager( 1654): mTargetExitName :com.android.launcher
01-19 08:04:20.750 D/VRR [OPlusFrontAppManager]( 1654): OnAppSwitchObserver: onAppExit , info.targetName = com.android.launcher
01-19 08:04:20.750 D/VRR [OPlusFrontAppManager]( 1654): packageName: null
01-19 08:04:20.752 D/VRR [OPlusRefreshRateService]( 1654): handleFrontAppChange pkgName: null
01-19 08:04:20.752 D/VRR [OPlusExternalRefreshRateManager]( 1654): setFrontPackageName pkgName: null CurPkgName: com.android.launcher
01-19 08:04:20.753 E/OplusThermalStats( 1654): Error getting package info: com.THLight.BLE.USBeacon.Writer.Simple.dev
01-19 08:04:20.754 D/OplusAppSwitchListener( 1654): Detect com.THLight.BLE.USBeacon.Writer.Simple.dev switch to foreground
01-19 08:04:20.754 D/OplusEapManager( 1654): mTargetEnterName :com.THLight.BLE.USBeacon.Writer.Simple.dev
01-19 08:04:20.754 D/VRR [OPlusFrontAppManager]( 1654): OnAppSwitchObserver: onAppEnter , info.targetName = com.THLight.BLE.USBeacon.Writer.Simple.dev
01-19 08:04:20.754 D/VRR [OPlusFrontAppManager]( 1654): packageName: com.THLight.BLE.USBeacon.Writer.Simple.dev
01-19 08:04:20.755 D/VRR [OPlusRefreshRateService]( 1654): handleFrontAppChange pkgName: com.THLight.BLE.USBeacon.Writer.Simple.dev
01-19 08:04:20.755 D/VRR [OPlusExternalRefreshRateManager]( 1654): setFrontPackageName pkgName: com.THLight.BLE.USBeacon.Writer.Simple.dev CurPkgName: null
01-19 08:04:20.760 D/OplusKeepAliveManager( 1654): TOP_APP is ProcessRecord{b479da3 19011:com.THLight.BLE.USBeacon.Writer.Simple.dev/u0a152} uid is 10152
01-19 08:04:20.769 W/ContextImpl( 2815): Calling a method in the system process without a qualified user: android.app.ContextImpl.startService:1889 android.content.ContextWrapper.startService:827 u1.c.c:8 u1.c.a:4 y2.b.f:4 
01-19 08:04:20.776 D/CompatibilityChangeReporter( 1654): Compat change id reported: 168419799; UID 1000; state: DISABLED
01-19 08:04:20.778 D/OplusSmartBrightnessController( 1654): handleMessage MSG_LUX_CHANGED, mLux:159.90883 luxQueue=[166.0, 164.0, 163.0, 156.0, 158.0, 152.0]
01-19 08:04:20.893 V/OplusZoomWindowManagerService( 1654): onAnimationFinished:  r = ActivityRecord{647a088 u0 com.THLight.BLE.USBeacon.Writer.Simple.dev/com.THLight.BLE.USBeacon.Writer.Simple.ui.activity.AppStartActivity} t182}
01-19 08:04:20.893 I/OplusAppSwitchManagerService( 1654):  handleAppVisible , r = ActivityRecord{647a088 u0 com.THLight.BLE.USBeacon.Writer.Simple.dev/com.THLight.BLE.USBeacon.Writer.Simple.ui.activity.AppStartActivity} t182}
01-19 08:04:20.896 V/OplusZoomWindowManagerService( 1654): onAnimationFinished:  r = ActivityRecord{ff6ef4d u0 com.android.launcher/.Launcher} t6}
01-19 08:04:20.919 V/WindowManager( 1654): Relayout Window{3484b20 u0 com.android.launcher/com.android.launcher.Launcher}: viewVisibility=8, oldvis=0, req=720x1600
01-19 08:04:21.254 D/CameraDelegate( 1654): handleMessage:200
01-19 08:04:21.526 I/Quality (19011): ActivityThread: createClassLoader delay 428 /data/app/~~U7kXsvBytoRd6n5OYJfWBA==/com.THLight.BLE.USBeacon.Writer.Simple.dev-mJ-TApZ5bSYA7go8bul-kg==/base.apk 19011
01-19 08:04:21.531 I/Quality (19011): ActivityThread: createOrUpdateClassLoaderLocked delay 434 com.THLight.BLE.USBeacon.Writer.Simple.dev 19011
01-19 08:04:21.758 D/CompatibilityChangeReporter( 1654): Compat change id reported: 319212206; UID 10152; state: ENABLED
01-19 08:04:21.766 I/Quality (19011): ActivityThread: bindApplication delay 998 com.THLight.BLE.USBeacon.Writer.Simple.dev 19011
01-19 08:04:21.787 D/OplusActivityManagerServiceEnhance( 1654): setGlThreads detect 19011 19034
01-19 08:04:21.998 I/ActivityTaskManager( 1654): START u0 {cmp=com.THLight.BLE.USBeacon.Writer.Simple.dev/com.THLight.BLE.USBeacon.Writer.Simple.ui.activity.scan.ScanDeviceListActivity mCallingUid=10152} from uid 10152
01-19 08:04:22.002 D/OplusZoomWindowRUSConfigManager( 1654): isSupportZoomModeWithPolicyLocked: target = com.THLight.BLE.USBeacon.Writer.Simple.dev/com.THLight.BLE.USBeacon.Writer.Simple.ui.activity.scan.ScanDeviceListActivity
01-19 08:04:22.002 D/OplusZoomWindowRUSConfigManager( 1654): targetPkg = com.THLight.BLE.USBeacon.Writer.Simple.dev
01-19 08:04:22.003 V/OplusZoomWindowManagerService( 1654): unSupportZoom: false ,callingPid: 19011 ,sourceStack: Task{3debe46 #182 type=standard A=10152:com.THLight.BLE.USBeacon.Writer.Simple.dev U=0 visible=true visibleRequested=true mode=fullscreen translucent=false sz=1}
01-19 08:04:22.005 D/TaskFragmentExtImpl( 1654): add ActivityRecord{6efdddb u0 com.THLight.BLE.USBeacon.Writer.Simple.dev/com.THLight.BLE.USBeacon.Writer.Simple.ui.activity.scan.ScanDeviceListActivity} t182} to mActivityRecordSum = Counter{ com.THLight.BLE.USBeacon.Writer.Simple.dev/com.THLight.BLE.USBeacon.Writer.Simple.ui.activity.AppStartActivity(1) com.THLight.BLE.USBeacon.Writer.Simple.dev/com.THLight.BLE.USBeacon.Writer.Simple.ui.activity.scan.ScanDeviceListActivity(1) }
01-19 08:04:22.007 D/ActivityTaskManager( 1654): getStartingWindowType: newTask=false, taskSwitch=false, processRunning=true, allowTaskSnapshot=true, activityCreated=false, snapshot=null, record:ActivityRecord{6efdddb u0 com.THLight.BLE.USBeacon.Writer.Simple.dev/com.THLight.BLE.USBeacon.Writer.Simple.ui.activity.scan.ScanDeviceListActivity} t182}
01-19 08:04:22.008 D/OplusZoomWindowRUSConfigManager( 1654): isSupportZoomModeWithPolicyLocked: target = com.THLight.BLE.USBeacon.Writer.Simple.dev/com.THLight.BLE.USBeacon.Writer.Simple.ui.activity.scan.ScanDeviceListActivity
01-19 08:04:22.008 D/OplusZoomWindowRUSConfigManager( 1654): targetPkg = com.THLight.BLE.USBeacon.Writer.Simple.dev
01-19 08:04:22.009 V/OplusZoomWindowManagerService( 1654): unSupportZoom: false ,callingPid: 19011 ,sourceStack: Task{3debe46 #182 type=standard A=10152:com.THLight.BLE.USBeacon.Writer.Simple.dev U=0 visible=true visibleRequested=true mode=fullscreen translucent=false sz=2}
01-19 08:04:22.023 D/ActivityTaskManager( 1654): finishIfPossible mOpeningApps remove r=ActivityRecord{647a088 u0 com.THLight.BLE.USBeacon.Writer.Simple.dev/com.THLight.BLE.USBeacon.Writer.Simple.ui.activity.AppStartActivity} t182 f}}
01-19 08:04:22.032 I/Quality (19011): Skipped: true 17 cost 291.33487 refreshRate 16708406 bit true processName com.THLight.BLE.USBeacon.Writer.Simple.dev
01-19 08:04:22.037 W/ActivityTaskManager( 1654): Tried to set launchTime (0) < mLastActivityLaunchTime (189811304)
01-19 08:04:22.041 D/OplusDexOptimizeManager( 1654): Do not in AppLaunchOptList!
01-19 08:04:22.049 V/OplusZoomWindowManagerService( 1654): onAnimationFinished:  r = ActivityRecord{647a088 u0 com.THLight.BLE.USBeacon.Writer.Simple.dev/com.THLight.BLE.USBeacon.Writer.Simple.ui.activity.AppStartActivity} t182 f}}
01-19 08:04:22.049 D/ActivityRecordExtImpl( 1654): setting mUseTransferredAnimation to false for ActivityRecord{6efdddb u0 com.THLight.BLE.USBeacon.Writer.Simple.dev/com.THLight.BLE.USBeacon.Writer.Simple.ui.activity.scan.ScanDeviceListActivity} t182}
01-19 08:04:22.050 I/OplusAppSwitchManagerService( 1654):  handleAppVisible , r = ActivityRecord{6efdddb u0 com.THLight.BLE.USBeacon.Writer.Simple.dev/com.THLight.BLE.USBeacon.Writer.Simple.ui.activity.scan.ScanDeviceListActivity} t182}
01-19 08:04:22.151 D/OplusAppListInterceptManager( 1654): shouldFilterTask
01-19 08:04:22.151 D/OplusAppListInterceptManager( 1654): shouldFilterTask::packageName = com.THLight.BLE.USBeacon.Writer.Simple.dev
01-19 08:04:22.152 D/OplusAppListInterceptManager( 1654): shouldFilterTask
01-19 08:04:22.152 D/OplusAppListInterceptManager( 1654): shouldFilterTask::packageName = com.android.settings
01-19 08:04:22.152 D/OplusSplitScreenManagerService( 1654): com.android.settings unSupportsSplitScreen by blockList or ForbidActivityList
01-19 08:04:22.152 D/OplusAthena( 1654): com.google.android.gm in recent lock list
01-19 08:04:22.254 E/OplusCustomizeRestrictionManager(19011): sInstance is null, start a new sInstance
01-19 08:04:22.260 I/ActivityManager( 1654): Process com.heytap.mcs.appservice (pid 18697) has died: vis IMPF
01-19 08:04:22.262 I/ActivityThread(15681): Removing dead content provider:android.content.ContentProviderProxy@f90dbf5
01-19 08:04:22.308 I/ActivityTaskManager( 1654): START u0 {act=android.content.pm.action.REQUEST_PERMISSIONS pkg=com.google.android.permissioncontroller cmp=com.google.android.permissioncontroller/com.android.permissioncontroller.permission.ui.GrantPermissionsActivity (has extras) mCallingUid=10152} from uid 10152
01-19 08:04:22.324 D/OplusZoomWindowRUSConfigManager( 1654): isSupportZoomModeWithPolicyLocked: target = com.google.android.permissioncontroller/com.android.permissioncontroller.permission.ui.GrantPermissionsActivity
01-19 08:04:22.324 D/OplusZoomWindowRUSConfigManager( 1654): targetPkg = com.google.android.permissioncontroller
01-19 08:04:22.325 V/OplusZoomWindowManagerService( 1654): unSupportZoom: false ,callingPid: 19011 ,sourceStack: Task{3debe46 #182 type=standard A=10152:com.THLight.BLE.USBeacon.Writer.Simple.dev U=0 visible=true visibleRequested=true mode=fullscreen translucent=false sz=2}
01-19 08:04:22.328 D/TaskFragmentExtImpl( 1654): add ActivityRecord{b1ef6f2 u0 com.google.android.permissioncontroller/com.android.permissioncontroller.permission.ui.GrantPermissionsActivity} t182} to mActivityRecordSum = Counter{ com.google.android.permissioncontroller/com.android.permissioncontroller.permission.ui.GrantPermissionsActivity(1) com.THLight.BLE.USBeacon.Writer.Simple.dev/com.THLight.BLE.USBeacon.Writer.Simple.ui.activity.AppStartActivity(1) com.THLight.BLE.USBeacon.Writer.Simple.dev/com.THLight.BLE.USBeacon.Writer.Simple.ui.activity.scan.ScanDeviceListActivity(1) }
01-19 08:04:22.331 D/ActivityTaskManager( 1654): getStartingWindowType: newTask=false, taskSwitch=false, processRunning=true, allowTaskSnapshot=true, activityCreated=false, snapshot=null, record:ActivityRecord{b1ef6f2 u0 com.google.android.permissioncontroller/com.android.permissioncontroller.permission.ui.GrantPermissionsActivity} t182}
01-19 08:04:22.332 D/OplusZoomWindowRUSConfigManager( 1654): isSupportZoomModeWithPolicyLocked: target = com.google.android.permissioncontroller/com.android.permissioncontroller.permission.ui.GrantPermissionsActivity
01-19 08:04:22.332 D/OplusZoomWindowRUSConfigManager( 1654): targetPkg = com.google.android.permissioncontroller
01-19 08:04:22.332 V/OplusZoomWindowManagerService( 1654): unSupportZoom: false ,callingPid: 19011 ,sourceStack: Task{3debe46 #182 type=standard A=10152:com.THLight.BLE.USBeacon.Writer.Simple.dev U=0 visible=true visibleRequested=true mode=fullscreen translucent=false sz=3}
01-19 08:04:22.339 I/Quality ( 1654): LaunchTime2.0: com.THLight.BLE.USBeacon.Writer.Simple.dev/com.THLight.BLE.USBeacon.Writer.Simple.ui.activity.scan.ScanDeviceListActivity 1 1797 NULL, OPEN FILE ERROR...
01-19 08:04:22.361 I/Quality (19011): ActivityThread: activityStart delay 304 com.THLight.BLE.USBeacon.Writer.Simple.dev 19011
01-19 08:04:22.375 D/OplusSmartBrightnessController( 1654): handleMessage MSG_LUX_CHANGED, mLux:157.28818 luxQueue=[156.0, 158.0, 156.0, 157.0, 158.0, 158.0, 158.0]
01-19 08:04:22.381 D/OplusInputMethodUtil(19011): init sDebug to false, init sDebugIme to false, init sAlwaysOn to false
01-19 08:04:22.381 D/OplusInputMethodUtil(19011): updateDebugToClass InputMethodManager.DEBUG = false
01-19 08:04:22.382 D/OplusInputMethodUtil(19011): updateDebugToClass ImeFocusController.DEBUG = false
01-19 08:04:22.382 D/OplusInputMethodUtil(19011): updateDebugToClass BaseInputConnection.DEBUG = false
01-19 08:04:22.382 D/OplusInputMethodUtil(19011): updateDebugToClass ImeFocusController.sDebugIme = false
01-19 08:04:22.424 D/OplusFullScreenDisplayManager( 1654): adjustWindowParamsLw com.THLight.BLE.USBeacon.Writer.Simple.dev, no change cutoutMode: 0
01-19 08:04:22.428 I/WindowManager( 1654): addWindow: New client android.os.BinderProxy@672abb5 : window=Window{222724a u0 com.THLight.BLE.USBeacon.Writer.Simple.dev/com.THLight.BLE.USBeacon.Writer.Simple.ui.activity.scan.ScanDeviceListActivity}
01-19 08:04:22.435 D/CoreBackPreview( 1654): Window{222724a u0 com.THLight.BLE.USBeacon.Writer.Simple.dev/com.THLight.BLE.USBeacon.Writer.Simple.ui.activity.scan.ScanDeviceListActivity}: Setting back callback OnBackInvokedCallbackInfo{mCallback=android.window.IOnBackInvokedCallback$Stub$Proxy@3917ad8, mPriority=0}
01-19 08:04:22.454 W/ActivityTaskManager( 1654): Tried to set launchTime (0) < mLastActivityLaunchTime (189573265)
01-19 08:04:22.459 D/OplusDexOptimizeManager( 1654): Do not in AppLaunchOptList!
01-19 08:04:22.462 I/OplusJoystickManager( 1654): handleApplicationSwitch deprecated!
01-19 08:04:22.462 D/OplusAppSwitchListener( 1654): Detect com.THLight.BLE.USBeacon.Writer.Simple.dev switch to background
01-19 08:04:22.462 D/OplusEapManager( 1654): mTargetExitName :com.THLight.BLE.USBeacon.Writer.Simple.dev
01-19 08:04:22.463 D/VRR [OPlusFrontAppManager]( 1654): OnAppSwitchObserver: onAppExit , info.targetName = com.THLight.BLE.USBeacon.Writer.Simple.dev
01-19 08:04:22.463 D/VRR [OPlusFrontAppManager]( 1654): packageName: null
01-19 08:04:22.463 D/OplusAppSwitchListener( 1654): Detect com.google.android.permissioncontroller switch to foreground
01-19 08:04:22.464 D/VRR [OPlusRefreshRateService]( 1654): handleFrontAppChange pkgName: null
01-19 08:04:22.464 D/OplusEapManager( 1654): mTargetEnterName :com.google.android.permissioncontroller
01-19 08:04:22.464 D/VRR [OPlusFrontAppManager]( 1654): OnAppSwitchObserver: onAppEnter , info.targetName = com.google.android.permissioncontroller
01-19 08:04:22.464 D/VRR [OPlusFrontAppManager]( 1654): packageName: com.google.android.permissioncontroller
01-19 08:04:22.465 D/OplusKeepAliveManager( 1654): TOP_APP is ProcessRecord{565c704 15304:com.google.android.permissioncontroller/u0a221} uid is 10221
01-19 08:04:22.466 E/OplusThermalStats( 1654): Error getting package info: com.google.android.permissioncontroller
01-19 08:04:22.467 D/VRR [OPlusExternalRefreshRateManager]( 1654): setFrontPackageName pkgName: null CurPkgName: com.THLight.BLE.USBeacon.Writer.Simple.dev
01-19 08:04:22.467 D/VRR [OPlusRefreshRateService]( 1654): handleFrontAppChange pkgName: com.google.android.permissioncontroller
01-19 08:04:22.467 D/VRR [OPlusExternalRefreshRateManager]( 1654): setFrontPackageName pkgName: com.google.android.permissioncontroller CurPkgName: null
01-19 08:04:22.505 D/OplusFullScreenDisplayManager( 1654): adjustWindowParamsLw com.THLight.BLE.USBeacon.Writer.Simple.dev, no change cutoutMode: 0
01-19 08:04:22.506 V/WindowManager( 1654): Relayout Window{222724a u0 com.THLight.BLE.USBeacon.Writer.Simple.dev/com.THLight.BLE.USBeacon.Writer.Simple.ui.activity.scan.ScanDeviceListActivity}: viewVisibility=0, oldvis=4, req=720x1600
01-19 08:04:22.531 V/ZoomWindowDecorView(19011): setLastReportedMergedConfiguration mZoomDisplayHeight: 1600 getDecorView.255714929
01-19 08:04:22.570 D/OplusAppListInterceptManager( 1654): shouldFilterTask
01-19 08:04:22.570 D/OplusAppListInterceptManager( 1654): shouldFilterTask::packageName = com.THLight.BLE.USBeacon.Writer.Simple.dev
01-19 08:04:22.571 D/OplusAppListInterceptManager( 1654): shouldFilterTask
01-19 08:04:22.571 D/OplusAppListInterceptManager( 1654): shouldFilterTask::packageName = com.android.settings
01-19 08:04:22.571 D/OplusSplitScreenManagerService( 1654): com.android.settings unSupportsSplitScreen by blockList or ForbidActivityList
01-19 08:04:22.571 D/OplusAthena( 1654): com.google.android.gm in recent lock list
01-19 08:04:22.616 D/OplusFullScreenDisplayManager( 1654): adjustWindowParamsLw com.google.android.permissioncontroller, no change cutoutMode: 0
01-19 08:04:22.619 I/WindowManager( 1654): addWindow: New client android.os.BinderProxy@b475f87 : window=Window{5e8feb4 u0 com.google.android.permissioncontroller/com.android.permissioncontroller.permission.ui.GrantPermissionsActivity}
01-19 08:04:22.621 D/CoreBackPreview( 1654): Window{5e8feb4 u0 com.google.android.permissioncontroller/com.android.permissioncontroller.permission.ui.GrantPermissionsActivity}: Setting back callback OnBackInvokedCallbackInfo{mCallback=android.window.IOnBackInvokedCallback$Stub$Proxy@f8cd652, mPriority=0}
01-19 08:04:22.635 D/OplusFullScreenDisplayManager( 1654): adjustWindowParamsLw com.google.android.permissioncontroller, no change cutoutMode: 0
01-19 08:04:22.635 V/WindowManager( 1654): Relayout Window{5e8feb4 u0 com.google.android.permissioncontroller/com.android.permissioncontroller.permission.ui.GrantPermissionsActivity}: viewVisibility=0, oldvis=4, req=684x0
01-19 08:04:22.646 V/WindowManager( 1654): Changing focus from null to Window{5e8feb4 u0 com.google.android.permissioncontroller/com.android.permissioncontroller.permission.ui.GrantPermissionsActivity},diplayid=0
01-19 08:04:22.655 V/ZoomWindowDecorView(15304): setLastReportedMergedConfiguration mZoomDisplayHeight: 1600 getDecorView.80645706
01-19 08:04:22.661 D/WindowManager( 1654): finishDrawingWindow: Window{5e8feb4 u0 com.google.android.permissioncontroller/com.android.permissioncontroller.permission.ui.GrantPermissionsActivity} mDrawState=DRAW_PENDING
01-19 08:04:22.676 V/OplusZoomWindowManagerService( 1654): onAnimationFinished:  r = ActivityRecord{b1ef6f2 u0 com.google.android.permissioncontroller/com.android.permissioncontroller.permission.ui.GrantPermissionsActivity} t182}
01-19 08:04:22.677 I/Quality ( 1654): LaunchTime2.0: com.google.android.permissioncontroller/com.android.permissioncontroller.permission.ui.GrantPermissionsActivity 1 338
01-19 08:04:22.678 I/OplusAppSwitchManagerService( 1654):  handleAppVisible , r = ActivityRecord{b1ef6f2 u0 com.google.android.permissioncontroller/com.android.permissioncontroller.permission.ui.GrantPermissionsActivity} t182}
01-19 08:04:22.679 I/OplusAppSwitchManagerService( 1654):  handleAppVisible , r = ActivityRecord{b1ef6f2 u0 com.google.android.permissioncontroller/com.android.permissioncontroller.permission.ui.GrantPermissionsActivity} t182}
01-19 08:04:22.702 D/WindowManager( 1654): finishDrawingWindow: Window{222724a u0 com.THLight.BLE.USBeacon.Writer.Simple.dev/com.THLight.BLE.USBeacon.Writer.Simple.ui.activity.scan.ScanDeviceListActivity} mDrawState=DRAW_PENDING
01-19 08:04:22.719 I/Quality (15304): Skipped: false 3 cost 60.109184 refreshRate 16705317 bit true processName com.google.android.permissioncontroller
01-19 08:04:22.729 D/OplusStartingWindowManager( 1654): interceptRemoveStartingWindow: packageName=com.THLight.BLE.USBeacon.Writer.Simple.dev, isSnapshot=false, startingSurfaceRunnable=null
01-19 08:04:22.729 D/OplusSplitScreenManagerService( 1654): notifyRemoveStartingWindow mOplusSpiltScreenDnDUI is null, just return!
01-19 08:04:22.738 D/OplusFullScreenDisplayManager( 1654): adjustWindowParamsLw com.google.android.permissioncontroller, no change cutoutMode: 0
01-19 08:04:22.738 V/WindowManager( 1654): Relayout Window{5e8feb4 u0 com.google.android.permissioncontroller/com.android.permissioncontroller.permission.ui.GrantPermissionsActivity}: viewVisibility=0, oldvis=0, req=684x940
01-19 08:04:22.770 D/WindowManager( 1654): finishDrawingWindow: Window{222724a u0 com.THLight.BLE.USBeacon.Writer.Simple.dev/com.THLight.BLE.USBeacon.Writer.Simple.ui.activity.scan.ScanDeviceListActivity} mDrawState=HAS_DRAWN
01-19 08:04:22.787 D/TaskFragmentExtImpl( 1654): remove ActivityRecord{647a088 u0 com.THLight.BLE.USBeacon.Writer.Simple.dev/com.THLight.BLE.USBeacon.Writer.Simple.ui.activity.AppStartActivity} t-1 f}} to mActivityRecordSum = Counter{ com.google.android.permissioncontroller/com.android.permissioncontroller.permission.ui.GrantPermissionsActivity(1) com.THLight.BLE.USBeacon.Writer.Simple.dev/com.THLight.BLE.USBeacon.Writer.Simple.ui.activity.scan.ScanDeviceListActivity(1) }
01-19 08:04:22.893 D/WindowManager( 1654): finishDrawingWindow: Window{5e8feb4 u0 com.google.android.permissioncontroller/com.android.permissioncontroller.permission.ui.GrantPermissionsActivity} mDrawState=HAS_DRAWN
01-19 08:04:22.896 D/InputMethodManagerService( 1654): isSecurity: attribute.packageName=com.google.android.permissioncontroller mCurMethodId=com.google.android.inputmethod.latin/com.android.inputmethod.latin.LatinIME
01-19 08:04:22.896 D/InputMethodManagerService( 1654): isSecurity= false (  enable=false needShow=false inBlackList=false isExist=false )
01-19 08:04:22.903 D/WindowManager( 1654): finishDrawingWindow: Window{5e8feb4 u0 com.google.android.permissioncontroller/com.android.permissioncontroller.permission.ui.GrantPermissionsActivity} mDrawState=HAS_DRAWN
01-19 08:04:22.912 V/AutofillInlineSuggestionsRequestSession( 1654): onInputMethodFinishInput() received
01-19 08:04:22.912 I/Quality (15304): Skipped: false 11 cost 187.0749 refreshRate 16704943 bit true processName com.google.android.permissioncontroller
01-19 08:04:22.913 V/AutofillInlineSuggestionsRequestSession( 1654): maybeUpdateResponseToImeLocked called
01-19 08:04:22.917 V/AutofillInlineSuggestionsRequestSession( 1654): onInputMethodStartInput() received on 1
01-19 08:04:22.918 V/AutofillInlineSuggestionsRequestSession( 1654): maybeUpdateResponseToImeLocked called
01-19 08:04:22.933 D/InputMethodManagerService( 1654): onHandleImeWindowVisibleStatus: vis = 0, needsToShowImeSwitcher = false
01-19 08:04:22.964 D/CameraDelegate( 1654): handleMessage:200
01-19 08:04:22.988 I/Quality (15304): Skipped: true 2 cost 45.860184 refreshRate 16707527 bit true processName com.google.android.permissioncontroller
01-19 08:04:23.037 I/Quality (15304): Skipped: true 2 cost 43.96207 refreshRate 16706170 bit true processName com.google.android.permissioncontroller
01-19 08:04:23.085 I/Quality (15304): Skipped: true 2 cost 42.50002 refreshRate 16705649 bit true processName com.google.android.permissioncontroller
01-19 08:04:23.101 V/WindowManager( 1654): Relayout Window{35cc59 u0 Splash Screen com.THLight.BLE.USBeacon.Writer.Simple.dev}: viewVisibility=8, oldvis=0, req=720x1600
01-19 08:04:23.116 D/CoreBackPreview( 1654): Window{35cc59 u0 Splash Screen com.THLight.BLE.USBeacon.Writer.Simple.dev EXITING}: Setting back callback null
01-19 08:04:23.116 V/ZoomWindowDecorView( 2315): removeZoomView
01-19 08:04:23.130 I/Quality (15304): Skipped: true 2 cost 36.87023 refreshRate 16705294 bit true processName com.google.android.permissioncontroller
01-19 08:04:23.171 I/Quality (15304): Skipped: true 1 cost 27.851927 refreshRate 16705539 bit true processName com.google.android.permissioncontroller
01-19 08:04:23.174 D/OplusSmartBrightnessController( 1654): handleMessage MSG_LUX_CHANGED, mLux:161.02328 luxQueue=[165.0, 162.0, 158.0, 159.0]
01-19 08:04:23.204 I/Quality (15304): Skipped: true 1 cost 27.964062 refreshRate 16706192 bit true processName com.google.android.permissioncontroller
01-19 08:04:23.241 I/Quality (15304): Skipped: true 1 cost 31.448626 refreshRate 16705728 bit true processName com.google.android.permissioncontroller
01-19 08:04:23.265 I/WindowStateExtImpl( 1654): onSurfaceShowChange show = false mPackageName = com.THLight.BLE.USBeacon.Writer.Simple.dev parentPkgName = com.THLight.BLE.USBeacon.Writer.Simple.dev
01-19 08:04:23.277 I/Quality (15304): Skipped: true 2 cost 33.627377 refreshRate 16705710 bit true processName com.google.android.permissioncontroller
01-19 08:04:23.314 I/Quality (15304): Skipped: true 1 cost 20.214956 refreshRate 16706424 bit true processName com.google.android.permissioncontroller
01-19 08:04:23.348 I/Quality (15304): Skipped: true 1 cost 21.264711 refreshRate 16705834 bit true processName com.google.android.permissioncontroller
01-19 08:04:23.404 I/Quality (15304): Skipped: true 1 cost 26.8289 refreshRate 16705621 bit true processName com.google.android.permissioncontroller
01-19 08:04:23.430 I/Quality (15304): Skipped: true 1 cost 19.355743 refreshRate 16705621 bit true processName com.google.android.permissioncontroller
01-19 08:04:23.482 I/Quality (15304): Skipped: true 1 cost 21.302095 refreshRate 16705941 bit true processName com.google.android.permissioncontroller
01-19 08:04:23.508 D/OplusAthena( 1654): com.google.android.gm in recent lock list
01-19 08:04:24.972 D/PowerManagerService( 1654): userActivityNoUpdateLocked: groupId=0, eventTime=189815527, event=2, flags=0x0, uid=1000
01-19 08:04:25.118 D/PowerManagerService( 1654): userActivityNoUpdateLocked: groupId=0, eventTime=189815678, event=2, flags=0x0, uid=1000
01-19 08:04:25.157 W/BatteryExternalStatsWorker( 1654): error reading Bluetooth stats: 11
01-19 08:04:25.168 I/Quality (15304): Skipped: false 1 cost 22.81819 refreshRate 16705949 bit true processName com.google.android.permissioncontroller
01-19 08:04:25.180 I/OplusJoystickManager( 1654): handleApplicationSwitch deprecated!
01-19 08:04:25.181 D/OplusAppSwitchListener( 1654): Detect com.google.android.permissioncontroller switch to background
01-19 08:04:25.181 D/OplusEapManager( 1654): mTargetExitName :com.google.android.permissioncontroller
01-19 08:04:25.182 V/WindowManager( 1654): Changing focus from Window{5e8feb4 u0 com.google.android.permissioncontroller/com.android.permissioncontroller.permission.ui.GrantPermissionsActivity} to Window{222724a u0 com.THLight.BLE.USBeacon.Writer.Simple.dev/com.THLight.BLE.USBeacon.Writer.Simple.ui.activity.scan.ScanDeviceListActivity},diplayid=0
01-19 08:04:25.186 D/VRR [OPlusFrontAppManager]( 1654): OnAppSwitchObserver: onAppExit , info.targetName = com.google.android.permissioncontroller
01-19 08:04:25.186 D/VRR [OPlusFrontAppManager]( 1654): packageName: null
01-19 08:04:25.186 D/VRR [OPlusRefreshRateService]( 1654): handleFrontAppChange pkgName: null
01-19 08:04:25.186 E/OplusThermalStats( 1654): Error getting package info: com.THLight.BLE.USBeacon.Writer.Simple.dev
01-19 08:04:25.186 D/VRR [OPlusExternalRefreshRateManager]( 1654): setFrontPackageName pkgName: null CurPkgName: com.google.android.permissioncontroller
01-19 08:04:25.188 D/OplusKeepAliveManager( 1654): TOP_APP is ProcessRecord{b479da3 19011:com.THLight.BLE.USBeacon.Writer.Simple.dev/u0a152} uid is 10152
01-19 08:04:25.193 D/TaskFragmentExtImpl( 1654): addColorModeOnResume resume=true pkg = com.THLight.BLE.USBeacon.Writer.Simple.dev
01-19 08:04:25.202 D/OplusAppSwitchListener( 1654): Detect com.THLight.BLE.USBeacon.Writer.Simple.dev switch to foreground
01-19 08:04:25.204 D/OplusEapManager( 1654): mTargetEnterName :com.THLight.BLE.USBeacon.Writer.Simple.dev
01-19 08:04:25.204 D/VRR [OPlusFrontAppManager]( 1654): OnAppSwitchObserver: onAppEnter , info.targetName = com.THLight.BLE.USBeacon.Writer.Simple.dev
01-19 08:04:25.204 D/VRR [OPlusFrontAppManager]( 1654): packageName: com.THLight.BLE.USBeacon.Writer.Simple.dev
01-19 08:04:25.208 D/OplusZoomWindowManagerService( 1654): adjustWindowCropForLeash start: appToken = ActivityRecord{b1ef6f2 u0 com.google.android.permissioncontroller/com.android.permissioncontroller.permission.ui.GrantPermissionsActivity} t182 f}}
01-19 08:04:25.208 D/VRR [OPlusRefreshRateService]( 1654): handleFrontAppChange pkgName: com.THLight.BLE.USBeacon.Writer.Simple.dev
01-19 08:04:25.208 D/VRR [OPlusExternalRefreshRateManager]( 1654): setFrontPackageName pkgName: com.THLight.BLE.USBeacon.Writer.Simple.dev CurPkgName: null
01-19 08:04:25.245 E/KernelCpuSpeedReader( 1654): Failed to read cpu-freq: /sys/devices/system/cpu/cpu4/cpufreq/stats/time_in_state: open failed: ENOENT (No such file or directory)
01-19 08:04:25.246 E/KernelCpuSpeedReader( 1654): Failed to read cpu-freq: /sys/devices/system/cpu/cpu0/cpufreq/stats/time_in_state: open failed: ENOENT (No such file or directory)
01-19 08:04:25.305 V/OplusZoomWindowManagerService( 1654): onAnimationFinished:  r = ActivityRecord{b1ef6f2 u0 com.google.android.permissioncontroller/com.android.permissioncontroller.permission.ui.GrantPermissionsActivity} t182 f}}
01-19 08:04:25.324 D/OplusFullScreenDisplayManager( 1654): adjustWindowParamsLw com.THLight.BLE.USBeacon.Writer.Simple.dev, no change cutoutMode: 0
01-19 08:04:25.327 V/WindowManager( 1654): Changing focus from Window{222724a u0 com.THLight.BLE.USBeacon.Writer.Simple.dev/com.THLight.BLE.USBeacon.Writer.Simple.ui.activity.scan.ScanDeviceListActivity} to Window{a5885be u0 com.THLight.BLE.USBeacon.Writer.Simple.dev/com.THLight.BLE.USBeacon.Writer.Simple.ui.activity.scan.ScanDeviceListActivity},diplayid=0
01-19 08:04:25.332 I/WindowManager( 1654): addWindow: New client android.os.BinderProxy@e77d479 : window=Window{a5885be u0 com.THLight.BLE.USBeacon.Writer.Simple.dev/com.THLight.BLE.USBeacon.Writer.Simple.ui.activity.scan.ScanDeviceListActivity}
01-19 08:04:25.342 I/OplusAppSwitchManagerService( 1654):  handleAppVisible , r = ActivityRecord{6efdddb u0 com.THLight.BLE.USBeacon.Writer.Simple.dev/com.THLight.BLE.USBeacon.Writer.Simple.ui.activity.scan.ScanDeviceListActivity} t182}
01-19 08:04:25.347 I/Quality (19011): Skipped: false 0 cost 4.161538 refreshRate 17016007 bit true processName com.THLight.BLE.USBeacon.Writer.Simple.dev
01-19 08:04:25.350 V/WindowManager( 1654): Relayout Window{5e8feb4 u0 com.google.android.permissioncontroller/com.android.permissioncontroller.permission.ui.GrantPermissionsActivity}: viewVisibility=8, oldvis=0, req=684x940
01-19 08:04:25.359 D/CoreBackPreview( 1654): Window{a5885be u0 com.THLight.BLE.USBeacon.Writer.Simple.dev/com.THLight.BLE.USBeacon.Writer.Simple.ui.activity.scan.ScanDeviceListActivity}: Setting back callback OnBackInvokedCallbackInfo{mCallback=android.window.IOnBackInvokedCallback$Stub$Proxy@aded99c, mPriority=0}
01-19 08:04:25.373 D/CoreBackPreview( 1654): Window{5e8feb4 u0 com.google.android.permissioncontroller/com.android.permissioncontroller.permission.ui.GrantPermissionsActivity}: Setting back callback null
01-19 08:04:25.373 V/ZoomWindowDecorView(15304): removeZoomView
01-19 08:04:25.375 D/OplusSmartBrightnessController( 1654): handleMessage MSG_LUX_CHANGED, mLux:154.78696 luxQueue=[157.0, 161.0, 152.0, 157.0, 150.0, 153.0, 152.0, 156.0]
01-19 08:04:25.394 D/OplusFullScreenDisplayManager( 1654): adjustWindowParamsLw com.THLight.BLE.USBeacon.Writer.Simple.dev, no change cutoutMode: 0
01-19 08:04:25.395 V/WindowManager( 1654): Relayout Window{a5885be u0 com.THLight.BLE.USBeacon.Writer.Simple.dev/com.THLight.BLE.USBeacon.Writer.Simple.ui.activity.scan.ScanDeviceListActivity}: viewVisibility=0, oldvis=0, req=684x232
01-19 08:04:25.405 D/TaskFragmentExtImpl( 1654): remove ActivityRecord{b1ef6f2 u0 com.google.android.permissioncontroller/com.android.permissioncontroller.permission.ui.GrantPermissionsActivity} t-1 f}} to mActivityRecordSum = Counter{ com.THLight.BLE.USBeacon.Writer.Simple.dev/com.THLight.BLE.USBeacon.Writer.Simple.ui.activity.scan.ScanDeviceListActivity(1) }
01-19 08:04:25.414 V/ZoomWindowDecorView(19011): setLastReportedMergedConfiguration mZoomDisplayHeight: 1600 getDecorView.178552627
01-19 08:04:25.494 D/WindowManager( 1654): finishDrawingWindow: Window{a5885be u0 com.THLight.BLE.USBeacon.Writer.Simple.dev/com.THLight.BLE.USBeacon.Writer.Simple.ui.activity.scan.ScanDeviceListActivity} mDrawState=DRAW_PENDING
01-19 08:04:25.537 I/Quality (19011): Skipped: false 7 cost 120.42741 refreshRate 16830137 bit true processName com.THLight.BLE.USBeacon.Writer.Simple.dev
01-19 08:04:25.558 D/WindowManager( 1654): finishDrawingWindow: Window{a5885be u0 com.THLight.BLE.USBeacon.Writer.Simple.dev/com.THLight.BLE.USBeacon.Writer.Simple.ui.activity.scan.ScanDeviceListActivity} mDrawState=HAS_DRAWN
01-19 08:04:25.697 D/CompatibilityChangeReporter( 1654): Compat change id reported: 168419799; UID 10131; state: DISABLED
01-19 08:04:25.702 D/CameraDelegate( 1654): handleMessage:200
01-19 08:04:26.376 D/OplusSmartBrightnessController( 1654): handleMessage MSG_LUX_CHANGED, mLux:157.61218 luxQueue=[155.0, 161.0, 157.0, 157.0, 158.0]
01-19 08:04:26.909 I/ActivityManager( 1654): Killing 18539:com.coloros.phonemanager/u0a210 (adj 935): empty #7
01-19 08:04:27.374 D/OplusSmartBrightnessController( 1654): handleMessage MSG_LUX_CHANGED, mLux:161.20422 luxQueue=[161.0, 159.0, 162.0, 162.0, 162.0]
01-19 08:04:28.174 D/OplusSmartBrightnessController( 1654): handleMessage MSG_LUX_CHANGED, mLux:166.01054 luxQueue=[169.0, 164.0, 166.0, 165.0]
01-19 08:04:28.576 D/TrimMemoryHandler( 1654): Unable do gfx trim on fg process: ProcessRecord{565c704 15304:com.google.android.permissioncontroller/u0a221}, state=6
01-19 08:04:28.687 I/ActivityManager( 1654): Killing 18736:com.android.vending:background/u0a131 (adj 935): empty #7
01-19 08:04:28.975 D/OplusSmartBrightnessController( 1654): handleMessage MSG_LUX_CHANGED, mLux:208.95334 luxQueue=[179.0, 189.0, 222.0, 240.0]
01-19 08:04:29.776 D/OplusSmartBrightnessController( 1654): handleMessage MSG_LUX_CHANGED, mLux:231.51997 luxQueue=[235.0, 234.0, 228.0, 229.0]
01-19 08:04:30.279 E/KernelCpuSpeedReader( 1654): Failed to read cpu-freq: /sys/devices/system/cpu/cpu4/cpufreq/stats/time_in_state: open failed: ENOENT (No such file or directory)
01-19 08:04:30.280 E/KernelCpuSpeedReader( 1654): Failed to read cpu-freq: /sys/devices/system/cpu/cpu0/cpufreq/stats/time_in_state: open failed: ENOENT (No such file or directory)
01-19 08:04:30.353 D/CoreBackPreview( 1654): Window{a5885be u0 com.THLight.BLE.USBeacon.Writer.Simple.dev/com.THLight.BLE.USBeacon.Writer.Simple.ui.activity.scan.ScanDeviceListActivity}: Setting back callback null
01-19 08:04:30.362 V/ZoomWindowDecorView(19011): removeZoomView
01-19 08:04:30.377 V/WindowManager( 1654): Changing focus from Window{a5885be u0 com.THLight.BLE.USBeacon.Writer.Simple.dev/com.THLight.BLE.USBeacon.Writer.Simple.ui.activity.scan.ScanDeviceListActivity EXITING} to Window{222724a u0 com.THLight.BLE.USBeacon.Writer.Simple.dev/com.THLight.BLE.USBeacon.Writer.Simple.ui.activity.scan.ScanDeviceListActivity},diplayid=0
01-19 08:04:30.397 V/WindowManager( 1654): Unknown focus tokens, dropping reportFocusChanged
01-19 08:04:30.406 I/Quality (19011): Skipped: false 2 cost 45.54637 refreshRate 16703767 bit true processName com.THLight.BLE.USBeacon.Writer.Simple.dev
01-19 08:04:30.452 D/InputMethodManagerService( 1654): isSecurity: attribute.packageName=com.THLight.BLE.USBeacon.Writer.Simple.dev mCurMethodId=com.google.android.inputmethod.latin/com.android.inputmethod.latin.LatinIME
01-19 08:04:30.452 D/InputMethodManagerService( 1654): isSecurity= false (  enable=false needShow=false inBlackList=false isExist=false )
01-19 08:04:30.453 D/CompatibilityChangeReporter( 1654): Compat change id reported: 214016041; UID 10152; state: ENABLED
01-19 08:04:30.461 V/AutofillInlineSuggestionsRequestSession( 1654): onInputMethodFinishInput() received
01-19 08:04:30.462 V/AutofillInlineSuggestionsRequestSession( 1654): maybeUpdateResponseToImeLocked called
01-19 08:04:30.464 V/AutofillInlineSuggestionsRequestSession( 1654): onInputMethodStartInput() received on 0
01-19 08:04:30.469 V/AutofillInlineSuggestionsRequestSession( 1654): maybeUpdateResponseToImeLocked called
01-19 08:04:30.483 D/InputMethodManagerService( 1654): onHandleImeWindowVisibleStatus: vis = 0, needsToShowImeSwitcher = false
01-19 08:04:30.977 D/OplusSmartBrightnessController( 1654): handleMessage MSG_LUX_CHANGED, mLux:229.50127 luxQueue=[228.0, 230.0, 230.0, 229.0, 230.0, 230.0]
01-19 08:04:32.246 I/ActivityManager( 1654): Process com.oplus.deepthinker:worker (pid 18703) has died: fg  CEM 
01-19 08:04:32.407 D/PowerManagerService( 1654): userActivityNoUpdateLocked: groupId=0, eventTime=189822962, event=2, flags=0x0, uid=1000
01-19 08:04:32.502 D/PowerManagerService( 1654): userActivityNoUpdateLocked: groupId=0, eventTime=189823062, event=2, flags=0x0, uid=1000
01-19 08:04:32.531 D/OplusInputMethodManagerInternal(19011): get inputMethodManager extension: com.android.internal.view.IInputMethodManager$Stub$Proxy@608b7b4
01-19 08:04:32.678 D/OplusFullScreenDisplayManager( 1654): adjustWindowParamsLw com.THLight.BLE.USBeacon.Writer.Simple.dev, no change cutoutMode: 0
01-19 08:04:32.681 V/WindowManager( 1654): Changing focus from Window{222724a u0 com.THLight.BLE.USBeacon.Writer.Simple.dev/com.THLight.BLE.USBeacon.Writer.Simple.ui.activity.scan.ScanDeviceListActivity} to Window{1e83863 u0 com.THLight.BLE.USBeacon.Writer.Simple.dev/com.THLight.BLE.USBeacon.Writer.Simple.ui.activity.scan.ScanDeviceListActivity},diplayid=0
01-19 08:04:32.688 I/WindowManager( 1654): addWindow: New client android.os.BinderProxy@263c692 : window=Window{1e83863 u0 com.THLight.BLE.USBeacon.Writer.Simple.dev/com.THLight.BLE.USBeacon.Writer.Simple.ui.activity.scan.ScanDeviceListActivity}
01-19 08:04:32.696 D/CoreBackPreview( 1654): Window{1e83863 u0 com.THLight.BLE.USBeacon.Writer.Simple.dev/com.THLight.BLE.USBeacon.Writer.Simple.ui.activity.scan.ScanDeviceListActivity}: Setting back callback OnBackInvokedCallbackInfo{mCallback=android.window.IOnBackInvokedCallback$Stub$Proxy@63b99d5, mPriority=0}
01-19 08:04:32.714 I/Quality (19011): Skipped: false 10 cost 167.29741 refreshRate 16702294 bit true processName com.THLight.BLE.USBeacon.Writer.Simple.dev
01-19 08:04:32.723 D/OplusFullScreenDisplayManager( 1654): adjustWindowParamsLw com.THLight.BLE.USBeacon.Writer.Simple.dev, no change cutoutMode: 0
01-19 08:04:32.723 V/WindowManager( 1654): Relayout Window{1e83863 u0 com.THLight.BLE.USBeacon.Writer.Simple.dev/com.THLight.BLE.USBeacon.Writer.Simple.ui.activity.scan.ScanDeviceListActivity}: viewVisibility=0, oldvis=0, req=684x232
01-19 08:04:32.770 V/ZoomWindowDecorView(19011): setLastReportedMergedConfiguration mZoomDisplayHeight: 1600 getDecorView.178552627
01-19 08:04:32.779 D/OplusSmartBrightnessController( 1654): handleMessage MSG_LUX_CHANGED, mLux:226.02023 luxQueue=[229.0, 228.0, 227.0, 226.0, 227.0, 219.0, 226.0]
01-19 08:04:32.823 D/WindowManager( 1654): finishDrawingWindow: Window{1e83863 u0 com.THLight.BLE.USBeacon.Writer.Simple.dev/com.THLight.BLE.USBeacon.Writer.Simple.ui.activity.scan.ScanDeviceListActivity} mDrawState=DRAW_PENDING
01-19 08:04:32.826 I/Quality (19011): Skipped: false 6 cost 106.60882 refreshRate 16952957 bit true processName com.THLight.BLE.USBeacon.Writer.Simple.dev
01-19 08:04:32.863 D/WindowManager( 1654): finishDrawingWindow: Window{1e83863 u0 com.THLight.BLE.USBeacon.Writer.Simple.dev/com.THLight.BLE.USBeacon.Writer.Simple.ui.activity.scan.ScanDeviceListActivity} mDrawState=HAS_DRAWN
01-19 08:04:33.326 D/CompatibilityChangeReporter( 1654): Compat change id reported: 177438394; UID 10122; state: DISABLED
01-19 08:04:33.327 D/CompatibilityChangeReporter( 1654): Compat change id reported: 135772972; UID 10122; state: DISABLED
01-19 08:04:33.327 D/CompatibilityChangeReporter( 1654): Compat change id reported: 135754954; UID 10122; state: ENABLED
01-19 08:04:33.328 E/ActivityThread( 1654): Failed to find provider info for com.oplus.smartdrive.data.DataProvider
01-19 08:04:33.329 D/CompatibilityChangeReporter( 1654): Compat change id reported: 143937733; UID 10122; state: ENABLED
01-19 08:04:33.353 I/ActivityManager( 1654): Start proc 19070:com.google.android.projection.gearhead:shared/u0a122 for broadcast {com.google.android.projection.gearhead/com.google.android.apps.auto.wireless.bluetooth.WifiBluetoothReceiver}
01-19 08:04:33.354 W/ContextImpl( 1654): Calling a method in the system process without a qualified user: android.app.ContextImpl.sendBroadcast:1205 com.android.server.am.OplusAppStartupConfig.sendAbnormalNotify:1520 com.android.server.am.OplusAppStartupConfig.notifyAbnormalInfo:1453 com.android.server.am.OplusAppStartupManager.handleStartAppInfo:5382 com.android.server.am.ProcessListExtImpl.hookHandleProcessStart:234 
01-19 08:04:33.450 D/CompatibilityChangeReporter( 1654): Compat change id reported: 168419799; UID 10132; state: DISABLED
01-19 08:04:33.456 D/CompatibilityChangeReporter( 1654): Compat change id reported: 177438394; UID 10122; state: DISABLED
01-19 08:04:33.457 D/CompatibilityChangeReporter( 1654): Compat change id reported: 135772972; UID 10122; state: DISABLED
01-19 08:04:33.457 D/CompatibilityChangeReporter( 1654): Compat change id reported: 135754954; UID 10122; state: ENABLED
01-19 08:04:33.458 D/CompatibilityChangeReporter( 1654): Compat change id reported: 143937733; UID 10122; state: ENABLED
01-19 08:04:33.479 I/ActivityManager( 1654): Start proc 19085:com.google.android.projection.gearhead:car/u0a122 for broadcast {com.google.android.projection.gearhead/com.google.android.apps.auto.carservice.gmscorecompat.CarBluetoothReceiver}
01-19 08:04:33.550 W/BroadcastQueue( 1654): Permission Denial: receiving Intent { act=android.bluetooth.device.action.ACL_CONNECTED flg=0x5000010 (has extras) } to com.oplus.melody/.receiver.BluetoothBroadcastReceiver requires android.permission.BLUETOOTH_CONNECT due to sender com.android.bluetooth (uid 1002)
01-19 08:04:33.661 D/CompatibilityChangeReporter( 1654): Compat change id reported: 161145287; UID 10122; state: DISABLED
01-19 08:04:33.817 D/CompatibilityChangeReporter( 1654): Compat change id reported: 319212206; UID 10122; state: ENABLED
01-19 08:04:33.938 D/CompatibilityChangeReporter( 1654): Compat change id reported: 157233955; UID 10122; state: ENABLED
01-19 08:04:34.454 W/ContextImpl( 1654): Calling a method in the system process without a qualified user: android.app.ContextImpl.sendBroadcast:1205 com.android.server.job.controllers.OplusCpuController.notifyHighCpuEventForApp:386 com.android.server.job.controllers.OplusCpuController.handleCpuUpdate:332 com.android.server.job.controllers.OplusCpuController.-$$Nest$mhandleCpuUpdate:0 com.android.server.job.controllers.OplusCpuController$CpuTrackerHandler.handleMessage:256 
01-19 08:04:35.176 D/OplusSmartBrightnessController( 1654): handleMessage MSG_LUX_CHANGED, mLux:220.5804 luxQueue=[218.0, 223.0, 223.0, 220.0, 222.0, 220.0, 218.0]
01-19 08:04:35.456 I/PackageManager( 1654): set persist.sys.package.SHA1 as 25d16a62cce4e8f950960f0f2015413ae6986e09
01-19 08:04:35.467 D/PackageManager( 1654): notifyPackageXmlVerify done. result=true
01-19 08:04:35.839 D/CoreBackPreview( 1654): Window{1e83863 u0 com.THLight.BLE.USBeacon.Writer.Simple.dev/com.THLight.BLE.USBeacon.Writer.Simple.ui.activity.scan.ScanDeviceListActivity}: Setting back callback null
01-19 08:04:35.841 V/ZoomWindowDecorView(19011): removeZoomView
01-19 08:04:35.854 V/WindowManager( 1654): Changing focus from Window{1e83863 u0 com.THLight.BLE.USBeacon.Writer.Simple.dev/com.THLight.BLE.USBeacon.Writer.Simple.ui.activity.scan.ScanDeviceListActivity EXITING} to Window{222724a u0 com.THLight.BLE.USBeacon.Writer.Simple.dev/com.THLight.BLE.USBeacon.Writer.Simple.ui.activity.scan.ScanDeviceListActivity},diplayid=0
01-19 08:04:35.879 V/WindowManager( 1654): Unknown focus tokens, dropping reportFocusChanged
01-19 08:04:35.890 I/ActivityTaskManager( 1654): START u0 {cmp=com.THLight.BLE.USBeacon.Writer.Simple.dev/com.THLight.BLE.USBeacon.Writer.Simple.ui.activity.connect.EditDeviceActivity (has extras) mCallingUid=10152} from uid 10152
01-19 08:04:35.893 D/CompatibilityChangeReporter( 1654): Compat change id reported: 194480991; UID 10152; state: ENABLED
01-19 08:04:35.895 D/OplusZoomWindowRUSConfigManager( 1654): isSupportZoomModeWithPolicyLocked: target = com.THLight.BLE.USBeacon.Writer.Simple.dev/com.THLight.BLE.USBeacon.Writer.Simple.ui.activity.connect.EditDeviceActivity
01-19 08:04:35.895 D/OplusZoomWindowRUSConfigManager( 1654): targetPkg = com.THLight.BLE.USBeacon.Writer.Simple.dev
01-19 08:04:35.895 V/OplusZoomWindowManagerService( 1654): unSupportZoom: false ,callingPid: 19011 ,sourceStack: Task{3debe46 #182 type=standard A=10152:com.THLight.BLE.USBeacon.Writer.Simple.dev U=0 visible=true visibleRequested=true mode=fullscreen translucent=false sz=1}
01-19 08:04:35.896 D/CompatibilityChangeReporter( 1654): Compat change id reported: 197654537; UID 10152; state: ENABLED
01-19 08:04:35.897 D/CompatibilityChangeReporter( 1654): Compat change id reported: 174042980; UID 10152; state: DISABLED
01-19 08:04:35.898 D/CompatibilityChangeReporter( 1654): Compat change id reported: 184838306; UID 10152; state: DISABLED
01-19 08:04:35.898 D/CompatibilityChangeReporter( 1654): Compat change id reported: 185004937; UID 10152; state: DISABLED
01-19 08:04:35.899 D/CompatibilityChangeReporter( 1654): Compat change id reported: 181136395; UID 10152; state: DISABLED
01-19 08:04:35.899 D/CompatibilityChangeReporter( 1654): Compat change id reported: 174042936; UID 10152; state: DISABLED
01-19 08:04:35.901 D/TaskFragmentExtImpl( 1654): add ActivityRecord{551dacf u0 com.THLight.BLE.USBeacon.Writer.Simple.dev/com.THLight.BLE.USBeacon.Writer.Simple.ui.activity.connect.EditDeviceActivity} t182} to mActivityRecordSum = Counter{ com.THLight.BLE.USBeacon.Writer.Simple.dev/com.THLight.BLE.USBeacon.Writer.Simple.ui.activity.connect.EditDeviceActivity(1) com.THLight.BLE.USBeacon.Writer.Simple.dev/com.THLight.BLE.USBeacon.Writer.Simple.ui.activity.scan.ScanDeviceListActivity(1) }
01-19 08:04:35.903 D/ActivityTaskManager( 1654): getStartingWindowType: newTask=false, taskSwitch=false, processRunning=true, allowTaskSnapshot=true, activityCreated=false, snapshot=null, record:ActivityRecord{551dacf u0 com.THLight.BLE.USBeacon.Writer.Simple.dev/com.THLight.BLE.USBeacon.Writer.Simple.ui.activity.connect.EditDeviceActivity} t182}
01-19 08:04:35.903 D/OplusZoomWindowRUSConfigManager( 1654): isSupportZoomModeWithPolicyLocked: target = com.THLight.BLE.USBeacon.Writer.Simple.dev/com.THLight.BLE.USBeacon.Writer.Simple.ui.activity.connect.EditDeviceActivity
01-19 08:04:35.903 D/OplusZoomWindowRUSConfigManager( 1654): targetPkg = com.THLight.BLE.USBeacon.Writer.Simple.dev
01-19 08:04:35.903 V/OplusZoomWindowManagerService( 1654): unSupportZoom: false ,callingPid: 19011 ,sourceStack: Task{3debe46 #182 type=standard A=10152:com.THLight.BLE.USBeacon.Writer.Simple.dev U=0 visible=true visibleRequested=true mode=fullscreen translucent=false sz=2}
01-19 08:04:35.913 D/CompatibilityChangeReporter( 1654): Compat change id reported: 194833441; UID 10152; state: ENABLED
01-19 08:04:35.916 I/Quality (19011): Skipped: false 4 cost 75.83826 refreshRate 16706410 bit true processName com.THLight.BLE.USBeacon.Writer.Simple.dev
01-19 08:04:35.922 W/ActivityTaskManager( 1654): Tried to set launchTime (0) < mLastActivityLaunchTime (189812602)
01-19 08:04:35.937 D/OplusDexOptimizeManager( 1654): Do not in AppLaunchOptList!
01-19 08:04:35.937 D/CompatibilityChangeReporter( 1654): Compat change id reported: 168419799; UID 10152; state: DISABLED
01-19 08:04:35.941 V/WindowManager( 1654): Changing focus from Window{222724a u0 com.THLight.BLE.USBeacon.Writer.Simple.dev/com.THLight.BLE.USBeacon.Writer.Simple.ui.activity.scan.ScanDeviceListActivity} to null,diplayid=0
01-19 08:04:36.055 D/OplusFullScreenDisplayManager( 1654): adjustWindowParamsLw com.THLight.BLE.USBeacon.Writer.Simple.dev, no change cutoutMode: 0
01-19 08:04:36.058 I/WindowManager( 1654): addWindow: New client android.os.BinderProxy@451ee42 : window=Window{686be53 u0 com.THLight.BLE.USBeacon.Writer.Simple.dev/com.THLight.BLE.USBeacon.Writer.Simple.ui.activity.connect.EditDeviceActivity}
01-19 08:04:36.060 D/CoreBackPreview( 1654): Window{686be53 u0 com.THLight.BLE.USBeacon.Writer.Simple.dev/com.THLight.BLE.USBeacon.Writer.Simple.ui.activity.connect.EditDeviceActivity}: Setting back callback OnBackInvokedCallbackInfo{mCallback=android.window.IOnBackInvokedCallback$Stub$Proxy@6241489, mPriority=0}
01-19 08:04:36.594 D/OplusFullScreenDisplayManager( 1654): adjustWindowParamsLw com.THLight.BLE.USBeacon.Writer.Simple.dev, no change cutoutMode: 0
01-19 08:04:36.594 V/WindowManager( 1654): Relayout Window{686be53 u0 com.THLight.BLE.USBeacon.Writer.Simple.dev/com.THLight.BLE.USBeacon.Writer.Simple.ui.activity.connect.EditDeviceActivity}: viewVisibility=0, oldvis=4, req=720x1600
01-19 08:04:36.606 V/ZoomWindowDecorView(19011): setLastReportedMergedConfiguration mZoomDisplayHeight: 1600 getDecorView.26158133
01-19 08:04:36.688 W/ActivityTaskManager( 1654): Activity top resumed state loss timeout for ActivityRecord{551dacf u0 com.THLight.BLE.USBeacon.Writer.Simple.dev/com.THLight.BLE.USBeacon.Writer.Simple.ui.activity.connect.EditDeviceActivity} t182 f}}
01-19 08:04:36.689 W/ActivityTaskManager( 1654): Activity pause timeout for ActivityRecord{551dacf u0 com.THLight.BLE.USBeacon.Writer.Simple.dev/com.THLight.BLE.USBeacon.Writer.Simple.ui.activity.connect.EditDeviceActivity} t182 f}}
01-19 08:04:36.695 V/WindowManager( 1654): Changing focus from null to Window{222724a u0 com.THLight.BLE.USBeacon.Writer.Simple.dev/com.THLight.BLE.USBeacon.Writer.Simple.ui.activity.scan.ScanDeviceListActivity},diplayid=0
01-19 08:04:36.701 D/TaskFragmentExtImpl( 1654): addColorModeOnResume resume=true pkg = com.THLight.BLE.USBeacon.Writer.Simple.dev
01-19 08:04:36.707 I/OplusAppSwitchManagerService( 1654):  handleAppVisible , r = ActivityRecord{6efdddb u0 com.THLight.BLE.USBeacon.Writer.Simple.dev/com.THLight.BLE.USBeacon.Writer.Simple.ui.activity.scan.ScanDeviceListActivity} t182}
01-19 08:04:36.736 I/Quality (19011): ActivityThread: doFrame delay 669 com.THLight.BLE.USBeacon.Writer.Simple.dev 19011
01-19 08:04:36.738 D/WindowManager( 1654): finishDrawingWindow: Window{686be53 u0 com.THLight.BLE.USBeacon.Writer.Simple.dev/com.THLight.BLE.USBeacon.Writer.Simple.ui.activity.connect.EditDeviceActivity} mDrawState=DRAW_PENDING
01-19 08:04:36.744 D/InputMethodManagerService( 1654): isSecurity: attribute.packageName=com.THLight.BLE.USBeacon.Writer.Simple.dev mCurMethodId=com.google.android.inputmethod.latin/com.android.inputmethod.latin.LatinIME
