01-19 08:24:24.668 I/DisplayPowerController[0]( 1654): BrightnessEvent: disp=0, brt=890.0, rcmdBrt=NaN, preBrt=NaN, lux=0.0, preLux=0.0, hbmMax=1.0, hbmMode=off, thrmMax=1.0, flags=, reason=automatic [ auto_adj ]
01-19 08:24:24.668 D/VRR [OPlusRefreshRateService]( 1654): notifyBrightnessChange brightness: 890.0
01-19 08:24:24.672 D/DisplayPowerController[0]( 1654): onChange selfChange=false uri=content://settings/system/screen_brightness
01-19 08:24:24.673 D/OplusDisplayPowerControllerExtImpl( 1654): original brightness:890 final brightness:890.0 scale:1.0 reason:4 darkLevel:0
01-19 08:24:24.675 D/DisplayPowerController[0]( 1654): Brightness [890.0] reason changing to: 'automatic [ auto_adj ]', previous reason: 'automatic'. id=local:0
01-19 08:24:24.675 I/DisplayPowerController[0]( 1654): BrightnessEvent: disp=0, brt=890.0(user_set), rcmdBrt=NaN, preBrt=NaN, lux=0.0, preLux=0.0, hbmMax=1.0, hbmMode=off, thrmMax=1.0, flags=user_set , reason=automatic [ auto_adj ]
01-19 08:24:24.675 D/VRR [OPlusRefreshRateService]( 1654): notifyBrightnessChange brightness: 890.0
01-19 08:24:24.676 D/DisplayManagerService( 1654): Delivering display event: displayId=0, event=4
01-19 08:24:24.830 D/VRR [OPlusSurfaceFlingerController]( 1654):  setTouchIdle : TouchIdleBean{mEnable=true, mHwEnable=false, mSwEnable=true, mAdfrEnable=false, mTimeOut=4000, mContentThreshold=-1, mContentGapMs=500, mBrightnessLimit=200, mNitLimit=-1, mLowestRate=60, mBlackList=[], mReadingWhiteList=[], mSpecialTimeOutMap={}, mSwWhiteMap={}, mSwNegligibleOverlay=[], mHwDisablePanel=[], mAdfrToHwList=[]}
01-19 08:24:25.483 D/ProcessCpuTrackerExtImpl( 1654): mContext is already set, return now! 
01-19 08:24:26.693 D/PowerManagerService( 1654): userActivityNoUpdateLocked: groupId=0, eventTime=191017249, event=2, flags=0x0, uid=1000
01-19 08:24:26.697 E/OplusCustomizeRestrictionManagerService( 1654): isBackButtonDisabled start
01-19 08:24:26.697 I/OplusJoystickManager( 1654): read game pad state for game manager -> false
01-19 08:24:26.697 W/OplusJoystickManager( 1654): mInterceptGamepadKey is false
01-19 08:24:26.698 E/SystemServiceRegistry( 1654): Manager wrapper not available: linearmotor
01-19 08:24:26.699 D/VibratorManagerServiceExtImpl( 1654): is not PrebakedSegment
01-19 08:24:26.699 I/VibratorManagerServiceExtImpl( 1654): vibrate is uid=1000, pid=1654, opPkg=android, effect=Mono{mEffect=Composed{segments=[Step{amplitude=0.0, frequencyHz=0.0, duration=0}, Step{amplitude=-1.0, frequencyHz=0.0, duration=65}], repeat=-1}}, attributes=VibrationAttributes: Usage=TOUCH Audio Usage= USAGE_UNKNOWN Flags=0, token=196348416
01-19 08:24:26.700 D/VibratorManagerServiceExtImpl( 1654): startCustomizeVibratorLocked id= 0,size=1
01-19 08:24:26.700 D/VibratorManagerServiceExtImpl( 1654): startCustomizeVibratorLocked withCallback=false
01-19 08:24:26.701 D/PowerManagerService( 1654): userActivityNoUpdateLocked: groupId=0, eventTime=191017255, event=1, flags=0x0, uid=1000
01-19 08:24:26.750 I/OplusJoystickManager( 1654): read game pad state for game manager -> false
01-19 08:24:26.750 W/OplusJoystickManager( 1654): mInterceptGamepadKey is false
01-19 08:24:26.751 D/AutofillManagerService( 1654): onBackKeyPressed()
01-19 08:24:26.751 V/AutofillUI( 1654): hideSaveUiUiThread(): mSaveUi=null, callback=null, mCallback=Session: [id=591574343, component=ComponentInfo{com.THLight.BLE.USBeacon.Writer.Simple.dev/com.THLight.BLE.USBeacon.Writer.Simple.ui.activity.login.LoginActivity}, state=STATE_ACTIVE]
01-19 08:24:26.771 V/WindowManager( 1654): Changing focus from Window{1ea3031 u0 com.THLight.BLE.USBeacon.Writer.Simple.dev/com.THLight.BLE.USBeacon.Writer.Simple.ui.activity.scan.ScanDeviceListActivity} to null,diplayid=0
01-19 08:24:26.775 D/OplusSmartBrightnessController( 1654): handleMessage MSG_LUX_CHANGED, mLux:413.27197 luxQueue=[524.0, 527.0, 473.0, 399.0, 308.0, 296.0, 279.0]
01-19 08:24:26.783 D/TaskFragmentExtImpl( 1654): addColorModeOnResume resume=true pkg = com.THLight.BLE.USBeacon.Writer.Simple.dev
01-19 08:24:26.794 V/AutofillSession( 1654): updateLocked(591574343): id=1073741825@591574343, action=VIEW_ENTERED, flags=4
01-19 08:24:26.795 V/AutofillSession( 1654): updateLocked(591574343): mCurrentViewId=null, mExpiredResponse=true, viewState=ViewState: [id=1073741825@591574343, state:CHANGED|CHAR_REMOVED|FILLABLE|INLINE_DISABLED, currentValue:[type=1, value=4_chars]]
01-19 08:24:26.795 W/PresentationStatsEventLogger( 1654): Shouldn't be logging AutofillPresentationEventReported again for same event
01-19 08:24:26.795 D/AutofillSession( 1654): Starting a new partition because the response has expired.
01-19 08:24:26.795 D/AutofillSession( 1654): Starting partition or augmented request for view id 1073741825@591574343: CHANGED|CHAR_REMOVED|FILLABLE|INLINE_DISABLED
01-19 08:24:26.795 V/AutofillSession( 1654): Requesting structure for request #5 ,requestId=57, flags=4
01-19 08:24:26.795 V/RemoteInlineSuggestionRenderService( 1654): handlePendingRequest(): com.android.internal.infra.AbstractRemoteService$MyAsyncPendingRequest@cdf3390
01-19 08:24:26.795 V/RemoteInlineSuggestionRenderService( 1654): not scheduling unbind when value is 0
01-19 08:24:26.796 D/AutofillInlineSuggestionsRequestSession( 1654): onCreateInlineSuggestionsRequestLocked called: 1073741825@591574343
01-19 08:24:26.797 D/AutofillInlineSuggestionsRequestSession( 1654): onInlineSuggestionsSessionInvalidated() called.
01-19 08:24:26.804 V/WindowManager( 1654): Relayout Window{4b913ea u0 com.THLight.BLE.USBeacon.Writer.Simple.dev/com.THLight.BLE.USBeacon.Writer.Simple.ui.activity.login.LoginActivity}: viewVisibility=0, oldvis=8, req=720x1600
01-19 08:24:26.812 V/WindowManager( 1654): Changing focus from null to Window{4b913ea u0 com.THLight.BLE.USBeacon.Writer.Simple.dev/com.THLight.BLE.USBeacon.Writer.Simple.ui.activity.login.LoginActivity},diplayid=0
01-19 08:24:26.841 D/WindowManager( 1654): finishDrawingWindow: Window{4b913ea u0 com.THLight.BLE.USBeacon.Writer.Simple.dev/com.THLight.BLE.USBeacon.Writer.Simple.ui.activity.login.LoginActivity} mDrawState=DRAW_PENDING
01-19 08:24:26.852 D/OplusZoomWindowManagerService( 1654): adjustWindowCropForLeash start: appToken = ActivityRecord{c10c72e u0 com.THLight.BLE.USBeacon.Writer.Simple.dev/com.THLight.BLE.USBeacon.Writer.Simple.ui.activity.login.LoginActivity} t185}
01-19 08:24:26.858 D/OplusZoomWindowManagerService( 1654): adjustWindowCropForLeash start: appToken = ActivityRecord{cab05cb u0 com.THLight.BLE.USBeacon.Writer.Simple.dev/com.THLight.BLE.USBeacon.Writer.Simple.ui.activity.scan.ScanDeviceListActivity} t185 f}}
01-19 08:24:26.866 V/AutofillSession( 1654): New structure for requestId 57: android.app.assist.AssistStructure@91a32a7
01-19 08:24:26.868 D/AutofillSession( 1654): createPendingIntent for request 57
01-19 08:24:26.868 D/ContentCapturePerUserService( 1654): Notified activity assist data for activity: Token{566283a ActivityRecord{c10c72e u0 com.THLight.BLE.USBeacon.Writer.Simple.dev/com.THLight.BLE.USBeacon.Writer.Simple.ui.activity.login.LoginActivity} t185}} without a session Id
01-19 08:24:26.932 D/InputMethodManagerService( 1654): isSecurity: attribute.packageName=com.THLight.BLE.USBeacon.Writer.Simple.dev mCurMethodId=com.google.android.inputmethod.latin/com.android.inputmethod.latin.LatinIME
01-19 08:24:26.932 D/InputMethodManagerService( 1654): isSecurity= false (  enable=false needShow=true inBlackList=false isExist=false )
01-19 08:24:26.948 D/AutofillInlineSuggestionsRequestSession( 1654): onInlineSuggestionsRequest() received: InlineSuggestionsRequest { maxSuggestionCount = 9, inlinePresentationSpecs = [InlinePresentationSpec { minSize = 68x88, maxSize = 480x88, style = Bundle[mParcelledData.dataSize=2924] }, InlinePresentationSpec { minSize = 68x88, maxSize = 480x88, style = Bundle[mParcelledData.dataSize=2924] }, InlinePresentationSpec { minSize = 68x88, maxSize = 480x88, style = Bundle[mParcelledData.dataSize=2924] }, InlinePresentationSpec { minSize = 68x88, maxSize = 480x88, style = Bundle[mParcelledData.dataSize=2924] }, InlinePresentationSpec { minSize = 68x88, maxSize = 480x88, style = Bundle[mParcelledData.dataSize=2924] }, InlinePresentationSpec { minSize = 68x88, maxSize = 480x88, style = Bundle[mParcelledData.dataSize=2924] }, InlinePresentationSpec { minSize = 68x88, maxSize = 480x88, style = Bundle[mParcelledData.dataSize=2924] }, InlinePresentationSpec { minSize = 68x88, maxSize = 480x88, style = Bundle[mParcelledData.dataSize=2924] }, InlinePresentationSpec { minSize = 68x88, maxSize = 480x88, style = Bundle[mParcelledData.dataSize=2924] }], hostPackageName = com.google.android.inputmethod.latin, supportedLocales = [en_US], extras = Bundle[EMPTY_PARCEL], hostInputToken = android.os.BinderProxy@424f9ad, hostDisplayId = 0, inlineTooltipPresentationSpec = null }
01-19 08:24:26.948 V/AutofillInlineSuggestionsRequestSession( 1654): maybeUpdateResponseToImeLocked called
01-19 08:24:26.961 V/RemoteFillService( 1654): calling onFillRequest() for id=57
01-19 08:24:26.967 D/InputMethodManagerService( 1654): onHandleImeWindowVisibleStatus: vis = 0, needsToShowImeSwitcher = false
01-19 08:24:27.342 V/OplusZoomWindowManagerService( 1654): onAnimationFinished:  r = ActivityRecord{c10c72e u0 com.THLight.BLE.USBeacon.Writer.Simple.dev/com.THLight.BLE.USBeacon.Writer.Simple.ui.activity.login.LoginActivity} t185}
01-19 08:24:27.343 I/OplusAppSwitchManagerService( 1654):  handleAppVisible , r = ActivityRecord{c10c72e u0 com.THLight.BLE.USBeacon.Writer.Simple.dev/com.THLight.BLE.USBeacon.Writer.Simple.ui.activity.login.LoginActivity} t185}
01-19 08:24:27.345 V/OplusZoomWindowManagerService( 1654): onAnimationFinished:  r = ActivityRecord{cab05cb u0 com.THLight.BLE.USBeacon.Writer.Simple.dev/com.THLight.BLE.USBeacon.Writer.Simple.ui.activity.scan.ScanDeviceListActivity} t185 f}}
01-19 08:24:27.363 V/WindowManager( 1654): Relayout Window{1ea3031 u0 com.THLight.BLE.USBeacon.Writer.Simple.dev/com.THLight.BLE.USBeacon.Writer.Simple.ui.activity.scan.ScanDeviceListActivity}: viewVisibility=8, oldvis=0, req=720x1600
01-19 08:24:27.384 D/CoreBackPreview( 1654): Window{1ea3031 u0 com.THLight.BLE.USBeacon.Writer.Simple.dev/com.THLight.BLE.USBeacon.Writer.Simple.ui.activity.scan.ScanDeviceListActivity}: Setting back callback null
01-19 08:24:27.386 V/ZoomWindowDecorView(21992): removeZoomView
01-19 08:24:27.398 D/TaskFragmentExtImpl( 1654): remove ActivityRecord{cab05cb u0 com.THLight.BLE.USBeacon.Writer.Simple.dev/com.THLight.BLE.USBeacon.Writer.Simple.ui.activity.scan.ScanDeviceListActivity} t-1 f}} to mActivityRecordSum = Counter{ com.THLight.BLE.USBeacon.Writer.Simple.dev/com.THLight.BLE.USBeacon.Writer.Simple.ui.activity.login.LoginActivity(1) }
01-19 08:24:27.894 D/AutofillInlineSuggestionsRequestSession( 1654): onInlineSuggestionsResponseLocked called for:1073741825@591574343
01-19 08:24:27.894 V/AutofillInlineSuggestionsRequestSession( 1654): maybeUpdateResponseToImeLocked called
01-19 08:24:27.894 D/AutofillSession( 1654): Service did not request to wait for delayed fill response.
01-19 08:24:27.895 V/AutofillUI( 1654): hideSaveUiUiThread(): mSaveUi=null, callback=Session: [id=591574343, component=ComponentInfo{com.THLight.BLE.USBeacon.Writer.Simple.dev/com.THLight.BLE.USBeacon.Writer.Simple.ui.activity.login.LoginActivity}, state=STATE_ACTIVE], mCallback=Session: [id=591574343, component=ComponentInfo{com.THLight.BLE.USBeacon.Writer.Simple.dev/com.THLight.BLE.USBeacon.Writer.Simple.ui.activity.login.LoginActivity}, state=STATE_ACTIVE]
01-19 08:24:27.895 V/AutofillSession( 1654): processResponseLocked(): mCurrentViewId=1073741825@591574343,flags=4, reqId=57, resp=FillResponse : [mRequestId=57, saveInfo=SaveInfo: [type=PASSWORD, requiredIds=null, negative style=REJECT, positive style=CONTINUE, optionalIds=[1073741826@591574343, 1073741825@591574343], flags=1, customDescription=CustomDescription: [presentation=android.widget.RemoteViews@e8d9181, transformations=3, updates=N/A, actions=2], validator=RequiredValidators: [validators=[Landroid.service.autofill.InternalValidator;@f627226]], hasClientState, disableDuration=0, flags=1, mSupportInlinePresentations=false],newClientState=null
01-19 08:24:27.895 V/AutofillSession( 1654): notifyFillDialogTriggerIds(): null
01-19 08:24:27.895 V/AutofillSession( 1654): updateTrackedIdsLocked(): {1073741825@591574343, 1073741826@591574343} => null triggerId: null saveOnFinish:true flags: 1 hasSaveInfo: true
01-19 08:24:27.975 D/OplusSmartBrightnessController( 1654): handleMessage MSG_LUX_CHANGED, mLux:242.0926 luxQueue=[268.0, 252.0, 248.0, 236.0, 230.0, 215.0]
01-19 08:24:28.176 D/PowerManagerService( 1654): userActivityNoUpdateLocked: groupId=0, eventTime=191018734, event=2, flags=0x0, uid=1000
01-19 08:24:28.276 V/AutofillInlineSuggestionsRequestSession( 1654): onInputMethodShowInputRequested() received: true
01-19 08:24:28.278 V/AutofillInlineSuggestionsRequestSession( 1654): onInputMethodStartInputView() received
01-19 08:24:28.278 V/AutofillInlineSuggestionsRequestSession( 1654): maybeUpdateResponseToImeLocked called
01-19 08:24:28.278 D/AutofillInlineSuggestionsRequestSession( 1654): maybeNotifyFillUiEventLoked(): hasSuggestionToShow=false, mPreviousHasNonPinSuggestionShow=false
01-19 08:24:28.278 D/AutofillInlineSuggestionsRequestSession( 1654): Send inline response: 0
01-19 08:24:28.368 D/OplusFullScreenDisplayManager( 1654): adjustWindowParamsLw com.THLight.BLE.USBeacon.Writer.Simple.dev, no change cutoutMode: 0
01-19 08:24:28.370 I/WindowManager( 1654): addWindow: New client android.os.BinderProxy@cc14d3f : window=Window{191460c u0 PopupWindow:2416c9a}
01-19 08:24:28.373 D/CoreBackPreview( 1654): Window{191460c u0 PopupWindow:2416c9a}: Setting back callback OnBackInvokedCallbackInfo{mCallback=android.window.IOnBackInvokedCallback$Stub$Proxy@82d096a, mPriority=0}
01-19 08:24:28.373 I/OplusSmartBrightnessController( 1654): brightness accelerate start...
01-19 08:24:28.381 V/AutofillSession( 1654): updateLocked(591574343): id=1073741825@591574343, action=VIEW_ENTERED, flags=4
01-19 08:24:28.382 V/AutofillSession( 1654): updateLocked(591574343): mCurrentViewId=1073741825@591574343, mExpiredResponse=false, viewState=ViewState: [id=1073741825@591574343, state:CHANGED|CHAR_REMOVED|FILLABLE|INLINE_DISABLED|STARTED_PARTITION, currentValue:[type=1, value=4_chars]]
01-19 08:24:28.382 V/PresentationStatsEventLogger( 1654): Log AutofillPresentationEventReported: requestId=57 sessionId=591574343 mNoPresentationEventReason=2 mAvailableCount=0 mCountShown=0 mCountFilteredUserTyping=0 mCountNotShownImePresentationNotDrawn=0 mCountNotShownImeUserNotSeen=0 mDisplayPresentationType=0
01-19 08:24:28.382 V/AutofillSession( 1654): Not starting new partition for view 1073741825@591574343: CHANGED|CHAR_REMOVED|FILLABLE|INLINE_DISABLED|STARTED_PARTITION
01-19 08:24:28.383 I/Quality (21992): Skipped: false 2 cost 43.96687 refreshRate 16709830 bit true processName com.THLight.BLE.USBeacon.Writer.Simple.dev
01-19 08:24:28.396 D/OplusFullScreenDisplayManager( 1654): adjustWindowParamsLw com.THLight.BLE.USBeacon.Writer.Simple.dev, no change cutoutMode: 0
01-19 08:24:28.397 I/WindowManager( 1654): addWindow: New client android.os.BinderProxy@6077e5b : window=Window{f12b6f8 u0 PopupWindow:a0c6ffd}
01-19 08:24:28.400 D/CoreBackPreview( 1654): Window{f12b6f8 u0 PopupWindow:a0c6ffd}: Setting back callback OnBackInvokedCallbackInfo{mCallback=android.window.IOnBackInvokedCallback$Stub$Proxy@d8a5236, mPriority=0}
01-19 08:24:28.406 D/OplusFullScreenDisplayManager( 1654): adjustWindowParamsLw com.THLight.BLE.USBeacon.Writer.Simple.dev, no change cutoutMode: 0
01-19 08:24:28.406 V/WindowManager( 1654): Relayout Window{191460c u0 PopupWindow:2416c9a}: viewVisibility=0, oldvis=0, req=272x156
01-19 08:24:28.438 D/InputMethodManagerService( 1654): onHandleImeWindowVisibleStatus: vis = 9, needsToShowImeSwitcher = false
01-19 08:24:28.439 D/InputMethodManagerService( 1654): onHandleImeWindowVisibleStatus: vis = 9, needsToShowImeSwitcher = false
01-19 08:24:28.445 I/Quality (21992): Skipped: false 3 cost 55.970306 refreshRate 16706779 bit true processName com.THLight.BLE.USBeacon.Writer.Simple.dev
01-19 08:24:28.446 D/WindowManager( 1654): finishDrawingWindow: Window{191460c u0 PopupWindow:2416c9a} mDrawState=DRAW_PENDING
01-19 08:24:28.448 D/OplusFullScreenDisplayManager( 1654): adjustWindowParamsLw com.THLight.BLE.USBeacon.Writer.Simple.dev, no change cutoutMode: 0
01-19 08:24:28.448 V/WindowManager( 1654): Relayout Window{f12b6f8 u0 PopupWindow:a0c6ffd}: viewVisibility=0, oldvis=0, req=80x80
01-19 08:24:28.464 D/OplusFullScreenDisplayManager( 1654): adjustWindowParamsLw com.google.android.inputmethod.latin, no change cutoutMode: 0
01-19 08:24:28.464 V/WindowManager( 1654): Relayout Window{444f6c4 u0 InputMethod}: viewVisibility=0, oldvis=8, req=720x1528
01-19 08:24:28.500 D/WindowManager( 1654): finishDrawingWindow: Window{f12b6f8 u0 PopupWindow:a0c6ffd} mDrawState=DRAW_PENDING
01-19 08:24:28.504 I/Quality (21992): Skipped: false 2 cost 48.450974 refreshRate 16706099 bit true processName com.THLight.BLE.USBeacon.Writer.Simple.dev
01-19 08:24:28.529 D/WindowManager( 1654): finishDrawingWindow: Window{444f6c4 u0 InputMethod} mDrawState=DRAW_PENDING
01-19 08:24:28.556 D/WindowManager( 1654): finishDrawingWindow: Window{191460c u0 PopupWindow:2416c9a} mDrawState=HAS_DRAWN
01-19 08:24:28.560 I/Quality (21992): Skipped: false 3 cost 54.53809 refreshRate 16705811 bit true processName com.THLight.BLE.USBeacon.Writer.Simple.dev
01-19 08:24:28.571 D/WindowManager( 1654): finishDrawingWindow: Window{f12b6f8 u0 PopupWindow:a0c6ffd} mDrawState=HAS_DRAWN
01-19 08:24:28.580 V/WindowStateExtImpl( 1654): notifyWindowStateChange input show
01-19 08:24:28.694 D/InputMethodManagerService( 1654): onHandleImeWindowVisibleStatus: vis = 3, needsToShowImeSwitcher = false
01-19 08:24:29.377 D/OplusSmartBrightnessController( 1654): handleMessage MSG_LUX_CHANGED, mLux:200.02083 luxQueue=[202.0, 194.0, 202.0, 202.0, 199.0, 201.0]
01-19 08:24:29.378 D/OplusDisplayBrightnessGuardStrategy( 1654): handleUpdateBrightness getNextPoint,LargeChanged:true,isRegressionDefaultSpline:false,full:false,HBM:false,count=1,point:(200.02083, 96.98199, 653.4987),target:(540.0699, 132.08095, 890.8799),drag:(384.0, 120.17678, 810.0),large[202.54367,1190.1049],small[337.55417,930.0909]
01-19 08:24:29.379 D/OplusSmartBrightnessController( 1654): handleUpdateBrightness brightness changed:(540.0699, 132.08095, 890.8799)->(200.02083, 96.98199, 653.4987),isReset=false lux=200.02083 luxQ=[202.0, 194.0, 202.0, 202.0, 199.0, 201.0],drag:(384.0, 120.17678, 810.0)
01-19 08:24:29.383 I/OplusSmartBrightnessController( 1654): update target brightness point to : (540.0699, 132.08095, 890.8799)->(200.02083, 96.98199, 653.4987)
01-19 08:24:29.383 I/OplusSmartBrightnessController( 1654): onTargetBrightnessChange brightness change to (200.02083, 96.98199, 653.4987)
01-19 08:24:29.384 I/OplusDisplayBrightnessGuardStrategy( 1654): updateGuardStrategy update guard point: (200.02083, 96.98199, 653.4987)
01-19 08:24:29.384 I/OplusDisplayBrightnessGuardStrategy( 1654): updateGuardStrategy large lux threshold: [ (35.836803, 73.97678, 499.02985), (530.0416, 131.76477, 888.6775) ]
01-19 08:24:29.384 I/OplusDisplayBrightnessGuardStrategy( 1654): updateGuardStrategy small lux threshold: [ (183.60243, 92.877396, 625.9845), (233.02292, 105.23251, 709.06177) ]
01-19 08:24:29.385 I/ColorAutomaticBrightnessController( 1654): updateAutoBrightness: Auto, sendUpdate = true, adjustment = 810.0, AIBrightness = 653, adjustManualBright = 653,ProximityNear=false
01-19 08:24:29.385 D/OplusDisplayPowerControllerExtImpl( 1654): original brightness:653 final brightness:653.0 scale:1.0 reason:4 darkLevel:0
01-19 08:24:29.390 D/OplusDisplayPowerControllerExtImpl( 1654): Animating brightness: target=890->653,rate=123->25,type=automatic,byUse=false local:0
01-19 08:24:29.390 D/DisplayPowerController[0]( 1654): Brightness [653.0] reason changing to: 'automatic [ auto_adj ]', previous reason: 'automatic'. id=local:0
01-19 08:24:29.391 I/DisplayPowerController[0]( 1654): BrightnessEvent: disp=0, brt=653.0, rcmdBrt=NaN, preBrt=NaN, lux=0.0, preLux=0.0, hbmMax=1.0, hbmMode=off, thrmMax=1.0, flags=, reason=automatic [ auto_adj ]
01-19 08:24:29.391 D/VRR [OPlusRefreshRateService]( 1654): notifyBrightnessChange brightness: 653.0
01-19 08:24:29.391 D/VRR [OPlusRefreshRateService]( 1654): notifyNitsChange nits: 96.91039 discrete nits: 131.95952
01-19 08:24:29.392 D/VRR [OPlusRefreshRateService]( 1654): handleBrightnessChange nits: 96.91039
01-19 08:24:29.393 D/OplusFeatureHDREnhanceBrightness( 1654): setAnimating : animating = true
01-19 08:24:29.393 D/OplusFeatureReduceBrightness( 1654): setAnimating : animating = true
01-19 08:24:29.393 D/OplusDisplayBrightnessModel( 1654): new animation! from 131.95952 to 96.91039, is Down animation, Seq = 5, AccelerateScale = 1.0
01-19 08:24:29.412 D/DisplayPowerController[0]( 1654): onChange selfChange=false uri=content://settings/system/screen_brightness
01-19 08:24:29.413 D/OplusDisplayPowerControllerExtImpl( 1654): original brightness:653 final brightness:653.0 scale:1.0 reason:4 darkLevel:0
01-19 08:24:29.415 D/DisplayPowerController[0]( 1654): Brightness [653.0] reason changing to: 'automatic [ auto_adj ]', previous reason: 'automatic'. id=local:0
01-19 08:24:29.415 I/DisplayPowerController[0]( 1654): BrightnessEvent: disp=0, brt=653.0(user_set), rcmdBrt=NaN, preBrt=NaN, lux=0.0, preLux=0.0, hbmMax=1.0, hbmMode=off, thrmMax=1.0, flags=user_set , reason=automatic [ auto_adj ]
01-19 08:24:29.416 D/VRR [OPlusRefreshRateService]( 1654): notifyBrightnessChange brightness: 653.0
01-19 08:24:29.416 D/DisplayManagerService( 1654): Delivering display event: displayId=0, event=4
01-19 08:24:29.429 D/DisplayPowerController[0]( 1654): onChange selfChange=false uri=content://settings/system/screen_brightness
01-19 08:24:29.430 D/OplusDisplayPowerControllerExtImpl( 1654): original brightness:653 final brightness:653.0 scale:1.0 reason:4 darkLevel:0
01-19 08:24:29.431 D/DisplayPowerController[0]( 1654): Brightness [653.0] reason changing to: 'automatic [ auto_adj ]', previous reason: 'automatic'. id=local:0
01-19 08:24:29.431 I/DisplayPowerController[0]( 1654): BrightnessEvent: disp=0, brt=653.0(user_set), rcmdBrt=NaN, preBrt=NaN, lux=0.0, preLux=0.0, hbmMax=1.0, hbmMode=off, thrmMax=1.0, flags=user_set , reason=automatic [ auto_adj ]
01-19 08:24:29.432 D/VRR [OPlusRefreshRateService]( 1654): notifyBrightnessChange brightness: 653.0
01-19 08:24:29.432 D/DisplayManagerService( 1654): Delivering display event: displayId=0, event=4
01-19 08:24:29.440 D/DisplayPowerController[0]( 1654): onChange selfChange=false uri=content://settings/system/screen_brightness
01-19 08:24:29.441 D/OplusDisplayPowerControllerExtImpl( 1654): original brightness:653 final brightness:653.0 scale:1.0 reason:4 darkLevel:0
01-19 08:24:29.442 D/DisplayPowerController[0]( 1654): Brightness [653.0] reason changing to: 'automatic [ auto_adj ]', previous reason: 'automatic'. id=local:0
01-19 08:24:29.442 I/DisplayPowerController[0]( 1654): BrightnessEvent: disp=0, brt=653.0(user_set), rcmdBrt=NaN, preBrt=NaN, lux=0.0, preLux=0.0, hbmMax=1.0, hbmMode=off, thrmMax=1.0, flags=user_set , reason=automatic [ auto_adj ]
01-19 08:24:29.442 D/VRR [OPlusRefreshRateService]( 1654): notifyBrightnessChange brightness: 653.0
01-19 08:24:29.443 D/DisplayManagerService( 1654): Delivering display event: displayId=0, event=4
01-19 08:24:29.452 D/DisplayPowerController[0]( 1654): onChange selfChange=false uri=content://settings/system/screen_brightness
01-19 08:24:29.453 D/OplusDisplayPowerControllerExtImpl( 1654): original brightness:653 final brightness:653.0 scale:1.0 reason:4 darkLevel:0
01-19 08:24:29.455 D/DisplayPowerController[0]( 1654): Brightness [653.0] reason changing to: 'automatic [ auto_adj ]', previous reason: 'automatic'. id=local:0
01-19 08:24:29.455 I/DisplayPowerController[0]( 1654): BrightnessEvent: disp=0, brt=653.0(user_set), rcmdBrt=NaN, preBrt=NaN, lux=0.0, preLux=0.0, hbmMax=1.0, hbmMode=off, thrmMax=1.0, flags=user_set , reason=automatic [ auto_adj ]
01-19 08:24:29.455 D/VRR [OPlusRefreshRateService]( 1654): notifyBrightnessChange brightness: 653.0
01-19 08:24:29.455 D/DisplayManagerService( 1654): Delivering display event: displayId=0, event=4
01-19 08:24:29.471 D/DisplayPowerController[0]( 1654): onChange selfChange=false uri=content://settings/system/screen_brightness
01-19 08:24:29.472 D/OplusDisplayPowerControllerExtImpl( 1654): original brightness:653 final brightness:653.0 scale:1.0 reason:4 darkLevel:0
01-19 08:24:29.473 D/DisplayPowerController[0]( 1654): Brightness [653.0] reason changing to: 'automatic [ auto_adj ]', previous reason: 'automatic'. id=local:0
01-19 08:24:29.473 I/DisplayPowerController[0]( 1654): BrightnessEvent: disp=0, brt=653.0(user_set), rcmdBrt=NaN, preBrt=NaN, lux=0.0, preLux=0.0, hbmMax=1.0, hbmMode=off, thrmMax=1.0, flags=user_set , reason=automatic [ auto_adj ]
01-19 08:24:29.473 D/VRR [OPlusRefreshRateService]( 1654): notifyBrightnessChange brightness: 653.0
01-19 08:24:29.474 D/DisplayManagerService( 1654): Delivering display event: displayId=0, event=4
01-19 08:24:29.493 D/DisplayPowerController[0]( 1654): onChange selfChange=false uri=content://settings/system/screen_brightness
01-19 08:24:29.494 D/OplusDisplayPowerControllerExtImpl( 1654): original brightness:653 final brightness:653.0 scale:1.0 reason:4 darkLevel:0
01-19 08:24:29.495 D/DisplayPowerController[0]( 1654): Brightness [653.0] reason changing to: 'automatic [ auto_adj ]', previous reason: 'automatic'. id=local:0
01-19 08:24:29.496 I/DisplayPowerController[0]( 1654): BrightnessEvent: disp=0, brt=653.0(user_set), rcmdBrt=NaN, preBrt=NaN, lux=0.0, preLux=0.0, hbmMax=1.0, hbmMode=off, thrmMax=1.0, flags=user_set , reason=automatic [ auto_adj ]
01-19 08:24:29.496 D/VRR [OPlusRefreshRateService]( 1654): notifyBrightnessChange brightness: 653.0
01-19 08:24:29.496 D/DisplayManagerService( 1654): Delivering display event: displayId=0, event=4
01-19 08:24:29.501 D/DisplayPowerController[0]( 1654): onChange selfChange=false uri=content://settings/system/screen_brightness
01-19 08:24:29.502 D/OplusDisplayPowerControllerExtImpl( 1654): original brightness:653 final brightness:653.0 scale:1.0 reason:4 darkLevel:0
01-19 08:24:29.503 D/DisplayPowerController[0]( 1654): Brightness [653.0] reason changing to: 'automatic [ auto_adj ]', previous reason: 'automatic'. id=local:0
01-19 08:24:29.503 I/DisplayPowerController[0]( 1654): BrightnessEvent: disp=0, brt=653.0(user_set), rcmdBrt=NaN, preBrt=NaN, lux=0.0, preLux=0.0, hbmMax=1.0, hbmMode=off, thrmMax=1.0, flags=user_set , reason=automatic [ auto_adj ]
01-19 08:24:29.503 D/VRR [OPlusRefreshRateService]( 1654): notifyBrightnessChange brightness: 653.0
01-19 08:24:29.503 D/DisplayManagerService( 1654): Delivering display event: displayId=0, event=4
01-19 08:24:29.519 D/DisplayPowerController[0]( 1654): onChange selfChange=false uri=content://settings/system/screen_brightness
01-19 08:24:29.520 D/OplusDisplayPowerControllerExtImpl( 1654): original brightness:653 final brightness:653.0 scale:1.0 reason:4 darkLevel:0
01-19 08:24:29.521 D/DisplayPowerController[0]( 1654): Brightness [653.0] reason changing to: 'automatic [ auto_adj ]', previous reason: 'automatic'. id=local:0
01-19 08:24:29.521 I/DisplayPowerController[0]( 1654): BrightnessEvent: disp=0, brt=653.0(user_set), rcmdBrt=NaN, preBrt=NaN, lux=0.0, preLux=0.0, hbmMax=1.0, hbmMode=off, thrmMax=1.0, flags=user_set , reason=automatic [ auto_adj ]
01-19 08:24:29.522 D/VRR [OPlusRefreshRateService]( 1654): notifyBrightnessChange brightness: 653.0
01-19 08:24:29.522 D/DisplayManagerService( 1654): Delivering display event: displayId=0, event=4
01-19 08:24:29.531 D/DisplayPowerController[0]( 1654): onChange selfChange=false uri=content://settings/system/screen_brightness
01-19 08:24:29.532 D/OplusDisplayPowerControllerExtImpl( 1654): original brightness:653 final brightness:653.0 scale:1.0 reason:4 darkLevel:0
01-19 08:24:29.533 D/DisplayPowerController[0]( 1654): Brightness [653.0] reason changing to: 'automatic [ auto_adj ]', previous reason: 'automatic'. id=local:0
01-19 08:24:29.533 I/DisplayPowerController[0]( 1654): BrightnessEvent: disp=0, brt=653.0(user_set), rcmdBrt=NaN, preBrt=NaN, lux=0.0, preLux=0.0, hbmMax=1.0, hbmMode=off, thrmMax=1.0, flags=user_set , reason=automatic [ auto_adj ]
01-19 08:24:29.533 D/VRR [OPlusRefreshRateService]( 1654): notifyBrightnessChange brightness: 653.0
01-19 08:24:29.533 D/DisplayManagerService( 1654): Delivering display event: displayId=0, event=4
01-19 08:24:29.550 D/DisplayPowerController[0]( 1654): onChange selfChange=false uri=content://settings/system/screen_brightness
01-19 08:24:29.551 D/OplusDisplayPowerControllerExtImpl( 1654): original brightness:653 final brightness:653.0 scale:1.0 reason:4 darkLevel:0
01-19 08:24:29.553 D/DisplayPowerController[0]( 1654): Brightness [653.0] reason changing to: 'automatic [ auto_adj ]', previous reason: 'automatic'. id=local:0
01-19 08:24:29.553 I/DisplayPowerController[0]( 1654): BrightnessEvent: disp=0, brt=653.0(user_set), rcmdBrt=NaN, preBrt=NaN, lux=0.0, preLux=0.0, hbmMax=1.0, hbmMode=off, thrmMax=1.0, flags=user_set , reason=automatic [ auto_adj ]
01-19 08:24:29.553 D/VRR [OPlusRefreshRateService]( 1654): notifyBrightnessChange brightness: 653.0
01-19 08:24:29.553 D/DisplayManagerService( 1654): Delivering display event: displayId=0, event=4
01-19 08:24:29.564 D/PowerManagerService( 1654): userActivityNoUpdateLocked: groupId=0, eventTime=191020121, event=2, flags=0x0, uid=1000
01-19 08:24:29.567 E/SystemServiceRegistry( 1654): Manager wrapper not available: linearmotor
01-19 08:24:29.568 I/VibratorManagerServiceExtImpl( 1654): vibrate is uid=10147, pid=1654, opPkg=com.google.android.inputmethod.latin, effect=Mono{mEffect=Composed{segments=[Prebaked{effect=CLICK, strength=MEDIUM, fallback=true}], repeat=-1}}, attributes=VibrationAttributes: Usage=TOUCH Audio Usage= USAGE_UNKNOWN Flags=0, token=196348416
01-19 08:24:29.568 D/VibratorManagerServiceExtImpl( 1654): startCustomizeVibratorLocked id= 0,size=1
01-19 08:24:29.568 D/VibratorManagerServiceExtImpl( 1654): startCustomizeVibratorLocked withCallback=false
01-19 08:24:29.569 D/DisplayPowerController[0]( 1654): onChange selfChange=false uri=content://settings/system/screen_brightness
01-19 08:24:29.569 D/OplusDisplayPowerControllerExtImpl( 1654): original brightness:653 final brightness:653.0 scale:1.0 reason:4 darkLevel:0
01-19 08:24:29.570 D/DisplayPowerController[0]( 1654): Brightness [653.0] reason changing to: 'automatic [ auto_adj ]', previous reason: 'automatic'. id=local:0
01-19 08:24:29.570 I/DisplayPowerController[0]( 1654): BrightnessEvent: disp=0, brt=653.0(user_set), rcmdBrt=NaN, preBrt=NaN, lux=0.0, preLux=0.0, hbmMax=1.0, hbmMode=off, thrmMax=1.0, flags=user_set , reason=automatic [ auto_adj ]
01-19 08:24:29.570 D/VRR [OPlusRefreshRateService]( 1654): notifyBrightnessChange brightness: 653.0
01-19 08:24:29.571 D/DisplayManagerService( 1654): Delivering display event: displayId=0, event=4
01-19 08:24:29.580 D/DisplayPowerController[0]( 1654): onChange selfChange=false uri=content://settings/system/screen_brightness
01-19 08:24:29.580 D/OplusDisplayPowerControllerExtImpl( 1654): original brightness:653 final brightness:653.0 scale:1.0 reason:4 darkLevel:0
01-19 08:24:29.581 D/DisplayPowerController[0]( 1654): Brightness [653.0] reason changing to: 'automatic [ auto_adj ]', previous reason: 'automatic'. id=local:0
01-19 08:24:29.581 I/DisplayPowerController[0]( 1654): BrightnessEvent: disp=0, brt=653.0(user_set), rcmdBrt=NaN, preBrt=NaN, lux=0.0, preLux=0.0, hbmMax=1.0, hbmMode=off, thrmMax=1.0, flags=user_set , reason=automatic [ auto_adj ]
01-19 08:24:29.582 D/VRR [OPlusRefreshRateService]( 1654): notifyBrightnessChange brightness: 653.0
01-19 08:24:29.582 D/DisplayManagerService( 1654): Delivering display event: displayId=0, event=4
01-19 08:24:29.609 D/DisplayPowerController[0]( 1654): onChange selfChange=false uri=content://settings/system/screen_brightness
01-19 08:24:29.610 D/OplusDisplayPowerControllerExtImpl( 1654): original brightness:653 final brightness:653.0 scale:1.0 reason:4 darkLevel:0
01-19 08:24:29.611 D/DisplayPowerController[0]( 1654): Brightness [653.0] reason changing to: 'automatic [ auto_adj ]', previous reason: 'automatic'. id=local:0
01-19 08:24:29.611 I/DisplayPowerController[0]( 1654): BrightnessEvent: disp=0, brt=653.0(user_set), rcmdBrt=NaN, preBrt=NaN, lux=0.0, preLux=0.0, hbmMax=1.0, hbmMode=off, thrmMax=1.0, flags=user_set , reason=automatic [ auto_adj ]
01-19 08:24:29.611 D/VRR [OPlusRefreshRateService]( 1654): notifyBrightnessChange brightness: 653.0
01-19 08:24:29.611 D/OplusDisplayPowerControllerExtImpl( 1654): original brightness:653 final brightness:653.0 scale:1.0 reason:4 darkLevel:0
01-19 08:24:29.611 D/DisplayManagerService( 1654): Delivering display event: displayId=0, event=4
01-19 08:24:29.612 D/DisplayPowerController[0]( 1654): Brightness [653.0] reason changing to: 'automatic [ auto_adj ]', previous reason: 'automatic'. id=local:0
01-19 08:24:29.612 I/DisplayPowerController[0]( 1654): BrightnessEvent: disp=0, brt=653.0, rcmdBrt=NaN, preBrt=NaN, lux=0.0, preLux=0.0, hbmMax=1.0, hbmMode=off, thrmMax=1.0, flags=, reason=automatic [ auto_adj ]
01-19 08:24:29.612 D/VRR [OPlusRefreshRateService]( 1654): notifyBrightnessChange brightness: 653.0
01-19 08:24:29.619 D/DisplayPowerController[0]( 1654): onChange selfChange=false uri=content://settings/system/screen_brightness
01-19 08:24:29.619 D/OplusDisplayPowerControllerExtImpl( 1654): original brightness:653 final brightness:653.0 scale:1.0 reason:4 darkLevel:0
01-19 08:24:29.620 D/DisplayPowerController[0]( 1654): Brightness [653.0] reason changing to: 'automatic [ auto_adj ]', previous reason: 'automatic'. id=local:0
01-19 08:24:29.620 I/DisplayPowerController[0]( 1654): BrightnessEvent: disp=0, brt=653.0(user_set), rcmdBrt=NaN, preBrt=NaN, lux=0.0, preLux=0.0, hbmMax=1.0, hbmMode=off, thrmMax=1.0, flags=user_set , reason=automatic [ auto_adj ]
01-19 08:24:29.620 D/VRR [OPlusRefreshRateService]( 1654): notifyBrightnessChange brightness: 653.0
01-19 08:24:29.620 D/DisplayManagerService( 1654): Delivering display event: displayId=0, event=4
01-19 08:24:29.629 D/DisplayPowerController[0]( 1654): onChange selfChange=false uri=content://settings/system/screen_brightness
01-19 08:24:29.629 D/OplusDisplayPowerControllerExtImpl( 1654): original brightness:653 final brightness:653.0 scale:1.0 reason:4 darkLevel:0
01-19 08:24:29.630 D/DisplayPowerController[0]( 1654): Brightness [653.0] reason changing to: 'automatic [ auto_adj ]', previous reason: 'automatic'. id=local:0
01-19 08:24:29.631 I/DisplayPowerController[0]( 1654): BrightnessEvent: disp=0, brt=653.0(user_set), rcmdBrt=NaN, preBrt=NaN, lux=0.0, preLux=0.0, hbmMax=1.0, hbmMode=off, thrmMax=1.0, flags=user_set , reason=automatic [ auto_adj ]
01-19 08:24:29.631 D/VRR [OPlusRefreshRateService]( 1654): notifyBrightnessChange brightness: 653.0
01-19 08:24:29.631 D/DisplayManagerService( 1654): Delivering display event: displayId=0, event=4
01-19 08:24:29.644 D/CoreBackPreview( 1654): Window{f12b6f8 u0 PopupWindow:a0c6ffd}: Setting back callback null
01-19 08:24:29.644 V/ZoomWindowDecorView(21992): removeZoomView
01-19 08:24:29.649 D/DisplayPowerController[0]( 1654): onChange selfChange=false uri=content://settings/system/screen_brightness
01-19 08:24:29.649 D/OplusDisplayPowerControllerExtImpl( 1654): original brightness:653 final brightness:653.0 scale:1.0 reason:4 darkLevel:0
01-19 08:24:29.650 D/DisplayPowerController[0]( 1654): Brightness [653.0] reason changing to: 'automatic [ auto_adj ]', previous reason: 'automatic'. id=local:0
01-19 08:24:29.650 I/DisplayPowerController[0]( 1654): BrightnessEvent: disp=0, brt=653.0(user_set), rcmdBrt=NaN, preBrt=NaN, lux=0.0, preLux=0.0, hbmMax=1.0, hbmMode=off, thrmMax=1.0, flags=user_set , reason=automatic [ auto_adj ]
01-19 08:24:29.650 D/VRR [OPlusRefreshRateService]( 1654): notifyBrightnessChange brightness: 653.0
01-19 08:24:29.650 D/DisplayManagerService( 1654): Delivering display event: displayId=0, event=4
01-19 08:24:29.660 V/AutofillSession( 1654): updateLocked(591574343): id=1073741825@591574343, action=VALUE_CHANGED, flags=128
01-19 08:24:29.660 V/AutofillSession( 1654): updateLocked(591574343): mCurrentViewId=1073741825@591574343, mExpiredResponse=false, viewState=ViewState: [id=1073741825@591574343, state:CHANGED|CHAR_REMOVED|FILLABLE|INLINE_DISABLED|STARTED_PARTITION, currentValue:[type=1, value=4_chars]]
01-19 08:24:29.667 D/DisplayPowerController[0]( 1654): onChange selfChange=false uri=content://settings/system/screen_brightness
01-19 08:24:29.668 D/OplusDisplayPowerControllerExtImpl( 1654): original brightness:653 final brightness:653.0 scale:1.0 reason:4 darkLevel:0
01-19 08:24:29.669 D/DisplayPowerController[0]( 1654): Brightness [653.0] reason changing to: 'automatic [ auto_adj ]', previous reason: 'automatic'. id=local:0
01-19 08:24:29.670 I/DisplayPowerController[0]( 1654): BrightnessEvent: disp=0, brt=653.0(user_set), rcmdBrt=NaN, preBrt=NaN, lux=0.0, preLux=0.0, hbmMax=1.0, hbmMode=off, thrmMax=1.0, flags=user_set , reason=automatic [ auto_adj ]
01-19 08:24:29.670 D/VRR [OPlusRefreshRateService]( 1654): notifyBrightnessChange brightness: 653.0
01-19 08:24:29.670 D/DisplayManagerService( 1654): Delivering display event: displayId=0, event=4
01-19 08:24:29.680 D/DisplayPowerController[0]( 1654): onChange selfChange=false uri=content://settings/system/screen_brightness
01-19 08:24:29.680 D/OplusDisplayPowerControllerExtImpl( 1654): original brightness:653 final brightness:653.0 scale:1.0 reason:4 darkLevel:0
01-19 08:24:29.681 D/DisplayPowerController[0]( 1654): Brightness [653.0] reason changing to: 'automatic [ auto_adj ]', previous reason: 'automatic'. id=local:0
01-19 08:24:29.682 I/DisplayPowerController[0]( 1654): BrightnessEvent: disp=0, brt=653.0(user_set), rcmdBrt=NaN, preBrt=NaN, lux=0.0, preLux=0.0, hbmMax=1.0, hbmMode=off, thrmMax=1.0, flags=user_set , reason=automatic [ auto_adj ]
01-19 08:24:29.682 D/VRR [OPlusRefreshRateService]( 1654): notifyBrightnessChange brightness: 653.0
01-19 08:24:29.682 D/DisplayManagerService( 1654): Delivering display event: displayId=0, event=4
01-19 08:24:29.696 D/DisplayPowerController[0]( 1654): onChange selfChange=false uri=content://settings/system/screen_brightness
01-19 08:24:29.697 D/OplusDisplayPowerControllerExtImpl( 1654): original brightness:653 final brightness:653.0 scale:1.0 reason:4 darkLevel:0
01-19 08:24:29.697 D/DisplayPowerController[0]( 1654): Brightness [653.0] reason changing to: 'automatic [ auto_adj ]', previous reason: 'automatic'. id=local:0
01-19 08:24:29.698 I/DisplayPowerController[0]( 1654): BrightnessEvent: disp=0, brt=653.0(user_set), rcmdBrt=NaN, preBrt=NaN, lux=0.0, preLux=0.0, hbmMax=1.0, hbmMode=off, thrmMax=1.0, flags=user_set , reason=automatic [ auto_adj ]
01-19 08:24:29.698 D/VRR [OPlusRefreshRateService]( 1654): notifyBrightnessChange brightness: 653.0
01-19 08:24:29.698 D/DisplayManagerService( 1654): Delivering display event: displayId=0, event=4
01-19 08:24:29.713 D/DisplayPowerController[0]( 1654): onChange selfChange=false uri=content://settings/system/screen_brightness
01-19 08:24:29.714 D/OplusDisplayPowerControllerExtImpl( 1654): original brightness:653 final brightness:653.0 scale:1.0 reason:4 darkLevel:0
01-19 08:24:29.715 D/DisplayPowerController[0]( 1654): Brightness [653.0] reason changing to: 'automatic [ auto_adj ]', previous reason: 'automatic'. id=local:0
01-19 08:24:29.715 I/DisplayPowerController[0]( 1654): BrightnessEvent: disp=0, brt=653.0(user_set), rcmdBrt=NaN, preBrt=NaN, lux=0.0, preLux=0.0, hbmMax=1.0, hbmMode=off, thrmMax=1.0, flags=user_set , reason=automatic [ auto_adj ]
01-19 08:24:29.715 D/VRR [OPlusRefreshRateService]( 1654): notifyBrightnessChange brightness: 653.0
01-19 08:24:29.715 D/DisplayManagerService( 1654): Delivering display event: displayId=0, event=4
01-19 08:24:29.730 D/DisplayPowerController[0]( 1654): onChange selfChange=false uri=content://settings/system/screen_brightness
01-19 08:24:29.730 D/OplusDisplayPowerControllerExtImpl( 1654): original brightness:653 final brightness:653.0 scale:1.0 reason:4 darkLevel:0
01-19 08:24:29.731 D/DisplayPowerController[0]( 1654): Brightness [653.0] reason changing to: 'automatic [ auto_adj ]', previous reason: 'automatic'. id=local:0
01-19 08:24:29.731 I/DisplayPowerController[0]( 1654): BrightnessEvent: disp=0, brt=653.0(user_set), rcmdBrt=NaN, preBrt=NaN, lux=0.0, preLux=0.0, hbmMax=1.0, hbmMode=off, thrmMax=1.0, flags=user_set , reason=automatic [ auto_adj ]
01-19 08:24:29.731 D/VRR [OPlusRefreshRateService]( 1654): notifyBrightnessChange brightness: 653.0
01-19 08:24:29.732 D/DisplayManagerService( 1654): Delivering display event: displayId=0, event=4
01-19 08:24:29.746 D/DisplayPowerController[0]( 1654): onChange selfChange=false uri=content://settings/system/screen_brightness
01-19 08:24:29.747 D/OplusDisplayPowerControllerExtImpl( 1654): original brightness:653 final brightness:653.0 scale:1.0 reason:4 darkLevel:0
01-19 08:24:29.748 D/DisplayPowerController[0]( 1654): Brightness [653.0] reason changing to: 'automatic [ auto_adj ]', previous reason: 'automatic'. id=local:0
01-19 08:24:29.748 I/DisplayPowerController[0]( 1654): BrightnessEvent: disp=0, brt=653.0(user_set), rcmdBrt=NaN, preBrt=NaN, lux=0.0, preLux=0.0, hbmMax=1.0, hbmMode=off, thrmMax=1.0, flags=user_set , reason=automatic [ auto_adj ]
01-19 08:24:29.748 D/VRR [OPlusRefreshRateService]( 1654): notifyBrightnessChange brightness: 653.0
01-19 08:24:29.748 D/DisplayManagerService( 1654): Delivering display event: displayId=0, event=4
01-19 08:24:29.769 D/DisplayPowerController[0]( 1654): onChange selfChange=false uri=content://settings/system/screen_brightness
01-19 08:24:29.770 D/OplusDisplayPowerControllerExtImpl( 1654): original brightness:653 final brightness:653.0 scale:1.0 reason:4 darkLevel:0
01-19 08:24:29.772 D/DisplayPowerController[0]( 1654): Brightness [653.0] reason changing to: 'automatic [ auto_adj ]', previous reason: 'automatic'. id=local:0
01-19 08:24:29.772 I/DisplayPowerController[0]( 1654): BrightnessEvent: disp=0, brt=653.0(user_set), rcmdBrt=NaN, preBrt=NaN, lux=0.0, preLux=0.0, hbmMax=1.0, hbmMode=off, thrmMax=1.0, flags=user_set , reason=automatic [ auto_adj ]
01-19 08:24:29.772 D/VRR [OPlusRefreshRateService]( 1654): notifyBrightnessChange brightness: 653.0
01-19 08:24:29.773 D/DisplayManagerService( 1654): Delivering display event: displayId=0, event=4
01-19 08:24:29.781 D/DisplayPowerController[0]( 1654): onChange selfChange=false uri=content://settings/system/screen_brightness
01-19 08:24:29.782 D/OplusDisplayPowerControllerExtImpl( 1654): original brightness:653 final brightness:653.0 scale:1.0 reason:4 darkLevel:0
01-19 08:24:29.783 D/DisplayPowerController[0]( 1654): Brightness [653.0] reason changing to: 'automatic [ auto_adj ]', previous reason: 'automatic'. id=local:0
01-19 08:24:29.783 I/DisplayPowerController[0]( 1654): BrightnessEvent: disp=0, brt=653.0(user_set), rcmdBrt=NaN, preBrt=NaN, lux=0.0, preLux=0.0, hbmMax=1.0, hbmMode=off, thrmMax=1.0, flags=user_set , reason=automatic [ auto_adj ]
01-19 08:24:29.783 D/VRR [OPlusRefreshRateService]( 1654): notifyBrightnessChange brightness: 653.0
01-19 08:24:29.784 D/DisplayManagerService( 1654): Delivering display event: displayId=0, event=4
01-19 08:24:29.799 D/DisplayPowerController[0]( 1654): onChange selfChange=false uri=content://settings/system/screen_brightness
01-19 08:24:29.800 D/OplusDisplayPowerControllerExtImpl( 1654): original brightness:653 final brightness:653.0 scale:1.0 reason:4 darkLevel:0
01-19 08:24:29.802 D/DisplayPowerController[0]( 1654): Brightness [653.0] reason changing to: 'automatic [ auto_adj ]', previous reason: 'automatic'. id=local:0
01-19 08:24:29.802 I/DisplayPowerController[0]( 1654): BrightnessEvent: disp=0, brt=653.0(user_set), rcmdBrt=NaN, preBrt=NaN, lux=0.0, preLux=0.0, hbmMax=1.0, hbmMode=off, thrmMax=1.0, flags=user_set , reason=automatic [ auto_adj ]
01-19 08:24:29.802 D/VRR [OPlusRefreshRateService]( 1654): notifyBrightnessChange brightness: 653.0
01-19 08:24:29.802 D/DisplayManagerService( 1654): Delivering display event: displayId=0, event=4
01-19 08:24:29.817 D/OplusWindowContainerControlService( 1654): removeWindowState: com.THLight.BLE.USBeacon.Writer.Simple.dev, count = 1
01-19 08:24:29.818 D/DisplayPowerController[0]( 1654): onChange selfChange=false uri=content://settings/system/screen_brightness
01-19 08:24:29.820 D/OplusDisplayPowerControllerExtImpl( 1654): original brightness:653 final brightness:653.0 scale:1.0 reason:4 darkLevel:0
01-19 08:24:29.822 D/DisplayPowerController[0]( 1654): Brightness [653.0] reason changing to: 'automatic [ auto_adj ]', previous reason: 'automatic'. id=local:0
01-19 08:24:29.822 I/DisplayPowerController[0]( 1654): BrightnessEvent: disp=0, brt=653.0(user_set), rcmdBrt=NaN, preBrt=NaN, lux=0.0, preLux=0.0, hbmMax=1.0, hbmMode=off, thrmMax=1.0, flags=user_set , reason=automatic [ auto_adj ]
01-19 08:24:29.822 D/VRR [OPlusRefreshRateService]( 1654): notifyBrightnessChange brightness: 653.0
01-19 08:24:29.826 D/DisplayManagerService( 1654): Delivering display event: displayId=0, event=4
01-19 08:24:29.836 D/DisplayPowerController[0]( 1654): onChange selfChange=false uri=content://settings/system/screen_brightness
01-19 08:24:29.837 D/OplusDisplayPowerControllerExtImpl( 1654): original brightness:653 final brightness:653.0 scale:1.0 reason:4 darkLevel:0
01-19 08:24:29.838 D/DisplayPowerController[0]( 1654): Brightness [653.0] reason changing to: 'automatic [ auto_adj ]', previous reason: 'automatic'. id=local:0
01-19 08:24:29.838 I/DisplayPowerController[0]( 1654): BrightnessEvent: disp=0, brt=653.0(user_set), rcmdBrt=NaN, preBrt=NaN, lux=0.0, preLux=0.0, hbmMax=1.0, hbmMode=off, thrmMax=1.0, flags=user_set , reason=automatic [ auto_adj ]
01-19 08:24:29.838 D/VRR [OPlusRefreshRateService]( 1654): notifyBrightnessChange brightness: 653.0
01-19 08:24:29.839 D/DisplayManagerService( 1654): Delivering display event: displayId=0, event=4
01-19 08:24:29.848 D/DisplayPowerController[0]( 1654): onChange selfChange=false uri=content://settings/system/screen_brightness
01-19 08:24:29.849 D/OplusDisplayPowerControllerExtImpl( 1654): original brightness:653 final brightness:653.0 scale:1.0 reason:4 darkLevel:0
01-19 08:24:29.851 D/DisplayPowerController[0]( 1654): Brightness [653.0] reason changing to: 'automatic [ auto_adj ]', previous reason: 'automatic'. id=local:0
01-19 08:24:29.851 I/DisplayPowerController[0]( 1654): BrightnessEvent: disp=0, brt=653.0(user_set), rcmdBrt=NaN, preBrt=NaN, lux=0.0, preLux=0.0, hbmMax=1.0, hbmMode=off, thrmMax=1.0, flags=user_set , reason=automatic [ auto_adj ]
01-19 08:24:29.851 D/VRR [OPlusRefreshRateService]( 1654): notifyBrightnessChange brightness: 653.0
01-19 08:24:29.854 D/DisplayManagerService( 1654): Delivering display event: displayId=0, event=4
01-19 08:24:29.865 D/DisplayPowerController[0]( 1654): onChange selfChange=false uri=content://settings/system/screen_brightness
01-19 08:24:29.865 D/OplusDisplayPowerControllerExtImpl( 1654): original brightness:653 final brightness:653.0 scale:1.0 reason:4 darkLevel:0
01-19 08:24:29.866 D/DisplayPowerController[0]( 1654): Brightness [653.0] reason changing to: 'automatic [ auto_adj ]', previous reason: 'automatic'. id=local:0
01-19 08:24:29.866 I/DisplayPowerController[0]( 1654): BrightnessEvent: disp=0, brt=653.0(user_set), rcmdBrt=NaN, preBrt=NaN, lux=0.0, preLux=0.0, hbmMax=1.0, hbmMode=off, thrmMax=1.0, flags=user_set , reason=automatic [ auto_adj ]
01-19 08:24:29.867 D/VRR [OPlusRefreshRateService]( 1654): notifyBrightnessChange brightness: 653.0
01-19 08:24:29.867 D/DisplayManagerService( 1654): Delivering display event: displayId=0, event=4
01-19 08:24:29.880 D/PowerManagerService( 1654): userActivityNoUpdateLocked: groupId=0, eventTime=191020439, event=2, flags=0x0, uid=1000
01-19 08:24:29.882 E/SystemServiceRegistry( 1654): Manager wrapper not available: linearmotor
01-19 08:24:29.883 I/VibratorManagerServiceExtImpl( 1654): vibrate is uid=10147, pid=1654, opPkg=com.google.android.inputmethod.latin, effect=Mono{mEffect=Composed{segments=[Prebaked{effect=CLICK, strength=MEDIUM, fallback=true}], repeat=-1}}, attributes=VibrationAttributes: Usage=TOUCH Audio Usage= USAGE_UNKNOWN Flags=0, token=196348416
01-19 08:24:29.883 D/VibratorManagerServiceExtImpl( 1654): startCustomizeVibratorLocked id= 0,size=1
01-19 08:24:29.883 D/VibratorManagerServiceExtImpl( 1654): startCustomizeVibratorLocked withCallback=false
01-19 08:24:29.886 D/DisplayPowerController[0]( 1654): onChange selfChange=false uri=content://settings/system/screen_brightness
01-19 08:24:29.887 D/OplusDisplayPowerControllerExtImpl( 1654): original brightness:653 final brightness:653.0 scale:1.0 reason:4 darkLevel:0
01-19 08:24:29.888 D/DisplayPowerController[0]( 1654): Brightness [653.0] reason changing to: 'automatic [ auto_adj ]', previous reason: 'automatic'. id=local:0
01-19 08:24:29.888 I/DisplayPowerController[0]( 1654): BrightnessEvent: disp=0, brt=653.0(user_set), rcmdBrt=NaN, preBrt=NaN, lux=0.0, preLux=0.0, hbmMax=1.0, hbmMode=off, thrmMax=1.0, flags=user_set , reason=automatic [ auto_adj ]
01-19 08:24:29.888 D/VRR [OPlusRefreshRateService]( 1654): notifyBrightnessChange brightness: 653.0
01-19 08:24:29.888 D/DisplayManagerService( 1654): Delivering display event: displayId=0, event=4
01-19 08:24:29.897 D/DisplayPowerController[0]( 1654): onChange selfChange=false uri=content://settings/system/screen_brightness
01-19 08:24:29.898 D/OplusDisplayPowerControllerExtImpl( 1654): original brightness:653 final brightness:653.0 scale:1.0 reason:4 darkLevel:0
