01-19 08:19:01.110 I/ActivityManager( 1654): Start proc 22891:com.android.chrome:sandboxed_process0:org.chromium.content.app.SandboxedProcessService0:0/u0ai0 for  {com.android.chrome/org.chromium.content.app.SandboxedProcessService0:0}
01-19 08:19:01.110 W/ActivityManager( 1654): Slow operation: 196ms so far, now at startProcess: starting to update pids map
01-19 08:19:01.110 W/ActivityManager( 1654): Slow operation: 197ms so far, now at startProcess: done updating pids map
01-19 08:19:01.167 E/OplusCustomizeRestrictionManager(22719): sInstance is null, start a new sInstance
01-19 08:19:01.181 D/OplusInputMethodUtil(22719): init sDebug to false, init sDebugIme to false, init sAlwaysOn to false
01-19 08:19:01.181 D/OplusInputMethodUtil(22719): updateDebugToClass InputMethodManager.DEBUG = false
01-19 08:19:01.181 D/OplusInputMethodUtil(22719): updateDebugToClass ImeFocusController.DEBUG = false
01-19 08:19:01.181 D/OplusInputMethodUtil(22719): updateDebugToClass BaseInputConnection.DEBUG = false
01-19 08:19:01.181 D/OplusInputMethodUtil(22719): updateDebugToClass ImeFocusController.sDebugIme = false
01-19 08:19:01.445 I/Quality (22782): ActivityThread: callApplicationOnCreate delay 679 com.android.vending 22782
01-19 08:19:01.449 W/PackageManager( 1654): package unknown uid 10131 pid 22782 call SetEnabledSetting(com.android.vending component = com.android.vending.AssetBrowserActivity, 1, 0)
01-19 08:19:01.707 D/CompatibilityChangeReporter( 1654): Compat change id reported: 319212206; UID 10131; state: ENABLED
01-19 08:19:01.764 D/CompatibilityChangeReporter( 1654): Compat change id reported: 135634846; UID 10125; state: DISABLED
01-19 08:19:01.764 D/CompatibilityChangeReporter( 1654): Compat change id reported: 177438394; UID 10125; state: DISABLED
01-19 08:19:01.764 D/CompatibilityChangeReporter( 1654): Compat change id reported: 135772972; UID 10125; state: DISABLED
01-19 08:19:01.764 D/CompatibilityChangeReporter( 1654): Compat change id reported: 135754954; UID 10125; state: ENABLED
01-19 08:19:01.765 D/CompatibilityChangeReporter( 1654): Compat change id reported: 143937733; UID 10125; state: ENABLED
01-19 08:19:01.786 I/ActivityManager( 1654): Start proc 22963:com.google.process.gapps/u0a125 for content provider {com.google.android.gsf/com.google.android.gsf.settings.GoogleSettingsProvider}
01-19 08:19:01.840 D/CompatibilityChangeReporter( 1654): Compat change id reported: 168419799; UID 10125; state: DISABLED
01-19 08:19:02.057 D/CompatibilityChangeReporter( 1654): Compat change id reported: 201794303; UID 10125; state: ENABLED
01-19 08:19:02.248 I/ActivityManager( 1654): Killing 22592:com.google.android.youtube/u0a144 (adj 935): empty #7
01-19 08:19:02.251 I/ActivityManager( 1654): Killing 22719:com.android.chrome/u0a141 (adj 945): empty #8
01-19 08:19:02.342 D/DisplayManagerService( 1654): Display listener for pid 22719 died.
01-19 08:19:02.345 W/ActivityManager( 1654): Exception when unbinding service com.android.chrome/org.chromium.chrome.browser.customtabs.CustomTabsConnectionService
01-19 08:19:02.345 W/ActivityManager( 1654): android.os.DeadObjectException
01-19 08:19:02.345 W/ActivityManager( 1654): 	at android.os.BinderProxy.transactNative(Native Method)
01-19 08:19:02.345 W/ActivityManager( 1654): 	at android.os.BinderProxy.transact(BinderProxy.java:672)
01-19 08:19:02.345 W/ActivityManager( 1654): 	at android.app.IApplicationThread$Stub$Proxy.scheduleUnbindService(IApplicationThread.java:1503)
01-19 08:19:02.345 W/ActivityManager( 1654): 	at com.android.server.am.ActiveServices.removeConnectionLocked(ActiveServices.java:5223)
01-19 08:19:02.345 W/ActivityManager( 1654): 	at com.android.server.am.ActiveServices.killServicesLocked(ActiveServices.java:5809)
01-19 08:19:02.345 W/ActivityManager( 1654): 	at com.android.server.am.ActivityManagerService.cleanUpApplicationRecordLocked(ActivityManagerService.java:13207)
01-19 08:19:02.345 W/ActivityManager( 1654): 	at com.android.server.am.ActivityManagerService.handleAppDiedLocked(ActivityManagerService.java:3552)
01-19 08:19:02.345 W/ActivityManager( 1654): 	at com.android.server.am.ActivityManagerService.appDiedLocked(ActivityManagerService.java:3713)
01-19 08:19:02.345 W/ActivityManager( 1654): 	at com.android.server.am.ActivityManagerService$AppDeathRecipient.binderDied(ActivityManagerService.java:1573)
01-19 08:19:02.345 W/ActivityManager( 1654): 	at android.os.IBinder$DeathRecipient.binderDied(IBinder.java:317)
01-19 08:19:02.345 W/ActivityManager( 1654): 	at android.os.BinderProxy.sendDeathNotice(BinderProxy.java:799)
01-19 08:19:02.346 W/PackageManager( 1654): package unknown uid 10131 pid 22782 call SetEnabledSetting(com.android.vending component = com.google.android.finsky.activities.DebugActivity, 2, 0)
01-19 08:19:02.350 W/PackageManager( 1654): package unknown uid 10131 pid 22782 call SetEnabledSetting(com.android.vending component = com.google.android.finsky.systemcomponentupdateui.common.SystemComponentUpdateActivity, 0, 0)
01-19 08:19:02.351 W/PackageManager( 1654): package unknown uid 10131 pid 22782 call SetEnabledSetting(com.android.vending component = com.google.android.finsky.systemupdateactivity.SystemUpdateActivity, 2, 0)
01-19 08:19:02.352 W/PackageManager( 1654): package unknown uid 10131 pid 22782 call SetEnabledSetting(com.android.vending component = com.google.android.finsky.hibernation.impl.UnhibernateActivity, 1, 0)
01-19 08:19:02.375 I/ActivityManager( 1654): Killing 22891:com.android.chrome:sandboxed_process0:org.chromium.content.app.SandboxedProcessService0:0/u0a141i-9000 (adj 0): isolated not needed
01-19 08:19:02.409 I/ActivityManager( 1654): Process com.android.chrome:privileged_process0 (pid 22783) has died: fg  SVC 
01-19 08:19:02.417 E/KernelCpuSpeedReader( 1654): Failed to read cpu-freq: /sys/devices/system/cpu/cpu4/cpufreq/stats/time_in_state: open failed: ENOENT (No such file or directory)
01-19 08:19:02.418 E/KernelCpuSpeedReader( 1654): Failed to read cpu-freq: /sys/devices/system/cpu/cpu0/cpufreq/stats/time_in_state: open failed: ENOENT (No such file or directory)
01-19 08:19:02.428 I/ActivityManager( 1654): com.android.vending is exempt from freezer
01-19 08:19:02.428 D/CompatibilityChangeReporter( 1654): Compat change id reported: 135634846; UID 10131; state: DISABLED
01-19 08:19:02.428 D/CompatibilityChangeReporter( 1654): Compat change id reported: 177438394; UID 10131; state: DISABLED
01-19 08:19:02.428 D/CompatibilityChangeReporter( 1654): Compat change id reported: 135772972; UID 10131; state: DISABLED
01-19 08:19:02.428 D/CompatibilityChangeReporter( 1654): Compat change id reported: 135754954; UID 10131; state: ENABLED
01-19 08:19:02.429 D/CompatibilityChangeReporter( 1654): Compat change id reported: 143937733; UID 10131; state: ENABLED
01-19 08:19:02.441 I/ActivityManager( 1654): Start proc 23017:com.android.vending:background/u0a131 for service {com.android.vending/com.google.frameworks.client.data.android.server.play.BackgroundProcessEndpointService}
01-19 08:19:03.117 D/CompatibilityChangeReporter( 1654): Compat change id reported: 194532703; UID 10131; state: ENABLED
01-19 08:19:08.976 D/OplusSmartBrightnessController( 1654): handleMessage MSG_LUX_CHANGED, mLux:546.0033 luxQueue=[547.0, 544.0, 549.0, 544.0, 546.0]
01-19 08:19:10.879 W/BatteryExternalStatsWorker( 1654): error reading Bluetooth stats: 11
01-19 08:19:11.123 I/Quality ( 1123): SFJankCountInfo: 906;0;0-0-0-0-0-0-0-0-0-0;1-0-0-0-0-0-0-0-0-0;2-0-0-0-0-0-0-0-0-0;3-0-0-0-0-0-0-0-0-0;4-0-0-0-0-0-0-0-0-0;5-0-0-0-0-0-0-0-0-0;6-0-0-0-0-0-0-0-0-0;7-0-0-0-0-0-0-0-0-0;8-0-0-0-0-0-0-0-0-0;9-0-0-0-0-0-0-0-0-0;
01-19 08:19:11.693 W/PackageManager( 1654): package unknown uid 10131 pid 22782 call SetEnabledSetting(com.android.vending component = com.google.android.finsky.wearsupport.WearSupportService, 2, 0)
01-19 08:19:11.695 W/PackageManager( 1654): package unknown uid 10131 pid 22782 call SetEnabledSetting(com.android.vending component = com.google.android.finsky.wearsupport.WearChangeListenerService, 2, 0)
01-19 08:19:13.306 E/AppOps  ( 1654): attributionTag  not declared in manifest of com.oplus.exsystemservice
01-19 08:19:13.310 E/AppOps  ( 1654): attributionTag  not declared in manifest of com.oplus.exsystemservice
01-19 08:19:25.796 D/WakeLockCheck( 1654): check
01-19 08:19:27.664 D/CompatibilityChangeReporter( 1654): Compat change id reported: 171306433; UID 10125; state: ENABLED
01-19 08:19:27.665 D/CompatibilityChangeReporter( 1654): Compat change id reported: 218533173; UID 10125; state: ENABLED
01-19 08:19:29.854 W/JobScheduler( 1654): Job didn't exist in JobStore: #com.android.vending/9380
01-19 08:19:42.977 D/OplusSmartBrightnessController( 1654): handleMessage MSG_LUX_CHANGED, mLux:544.4301 luxQueue=[542.0, 545.0, 545.0, 546.0, 545.0, 543.0, 545.0]
01-19 08:19:46.074 E/OplusCustomizeRestrictionManagerService( 1654): getMobileDataMode error :s == null
01-19 08:19:46.084 E/OplusCustomizeRestrictionManagerService( 1654): getMobileDataMode error :s == null
01-19 08:19:46.098 E/OplusCustomizeRestrictionManagerService( 1654): getMobileDataMode error :s == null
01-19 08:19:46.776 D/OplusSmartBrightnessController( 1654): handleMessage MSG_LUX_CHANGED, mLux:546.4013 luxQueue=[547.0, 545.0, 548.0, 547.0, 545.0]
01-19 08:19:47.977 D/OplusSmartBrightnessController( 1654): handleMessage MSG_LUX_CHANGED, mLux:543.83624 luxQueue=[545.0, 542.0, 545.0, 541.0, 544.0, 546.0]
01-19 08:19:51.977 D/OplusSmartBrightnessController( 1654): handleMessage MSG_LUX_CHANGED, mLux:546.40204 luxQueue=[545.0, 545.0, 549.0, 546.0, 547.0]
01-19 08:19:57.293 D/ProcessCpuTrackerExtImpl( 1654): mContext is already set, return now! 
01-19 08:19:59.732 D/CompatibilityChangeReporter( 1654): Compat change id reported: 135634846; UID 10144; state: DISABLED
01-19 08:19:59.732 D/CompatibilityChangeReporter( 1654): Compat change id reported: 177438394; UID 10144; state: DISABLED
01-19 08:19:59.732 D/CompatibilityChangeReporter( 1654): Compat change id reported: 135772972; UID 10144; state: DISABLED
01-19 08:19:59.733 D/CompatibilityChangeReporter( 1654): Compat change id reported: 135754954; UID 10144; state: ENABLED
01-19 08:19:59.736 D/CompatibilityChangeReporter( 1654): Compat change id reported: 143937733; UID 10144; state: ENABLED
01-19 08:19:59.770 I/ActivityManager( 1654): Start proc 23115:com.google.android.youtube/u0a144 for service {com.google.android.youtube/androidx.work.impl.background.systemjob.SystemJobService}
01-19 08:19:59.831 D/CompatibilityChangeReporter( 1654): Compat change id reported: 168419799; UID 10144; state: DISABLED
01-19 08:20:00.028 E/OplusCustomizeRestrictionManagerService( 1654): isBiometricDisabled start
01-19 08:20:00.030 E/OplusCustomizeRestrictionManagerService( 1654): isBiometricDisabled start
01-19 08:20:00.222 D/CompatibilityChangeReporter( 1654): Compat change id reported: 161145287; UID 10144; state: DISABLED
01-19 08:20:00.247 D/CompatibilityChangeReporter( 1654): Compat change id reported: 161252188; UID 10125; state: DISABLED
01-19 08:20:00.430 D/CompatibilityChangeReporter( 1654): Compat change id reported: 194532703; UID 10144; state: ENABLED
01-19 08:20:00.513 D/CompatibilityChangeReporter( 1654): Compat change id reported: 319212206; UID 10144; state: ENABLED
01-19 08:20:00.535 W/JobScheduler( 1654): Job didn't exist in JobStore: #com.google.android.youtube/15458
01-19 08:20:00.558 W/JobScheduler( 1654): Job didn't exist in JobStore: #com.google.android.youtube/15459
01-19 08:20:00.636 V/WindowManager( 1654): Relayout Window{cbdf5b8 u0 OplusPrivacyIconTopLeft}: viewVisibility=8, oldvis=8, req=8x8
01-19 08:20:00.650 V/WindowManager( 1654): Relayout Window{e767333 u0 OplusPrivacyIconTopRight}: viewVisibility=8, oldvis=8, req=8x8
01-19 08:20:00.783 I/ActivityManager( 1654): Killing 22963:com.google.process.gapps/u0a125 (adj 925): empty #7
01-19 08:20:00.919 D/CompatibilityChangeReporter( 1654): Compat change id reported: 183164979; UID 10144; state: ENABLED
01-19 08:20:01.006 E/VerityUtils( 1654): Failed to measure fs-verity, errno 1: /data/app/~~8-hRHdAWNzo1fe5_rtgrPQ==/com.google.android.youtube-wmzdw4mkVk47yGaIz0cwAQ==/base.apk
01-19 08:20:01.008 D/UsageStatsService( 1654): User[0] type=0 b=1768780201006 e=1768782001006 cb=1768742652546 ce=1768782000982 disk=0 all=58
01-19 08:20:01.026 D/UsageStatsService( 1654): User[0] type=0 b=1768780201025 e=1768782001025 cb=1768742652546 ce=1768782000982 disk=0 all=58
01-19 08:20:02.463 D/CompatibilityChangeReporter( 1654): Compat change id reported: 135634846; UID 10141; state: DISABLED
01-19 08:20:02.464 D/CompatibilityChangeReporter( 1654): Compat change id reported: 143937733; UID 10141; state: ENABLED
01-19 08:20:02.478 I/ActivityManager( 1654): Start proc 23392:com.android.chrome/u0a141 for service {com.android.chrome/org.chromium.chrome.browser.customtabs.CustomTabsConnectionService}
01-19 08:20:02.535 D/CompatibilityChangeReporter( 1654): Compat change id reported: 168419799; UID 10141; state: DISABLED
01-19 08:20:02.697 E/ResourcesImplExt(23115): the AssetManager's apkAsset: ApkAssets{path=<empty> and /system/framework/framework-res.apk}
01-19 08:20:02.697 E/ResourcesImplExt(23115): the AssetManager's apkAsset: ApkAssets{path=/my_bigball/overlay/GmsConfigOverlayASI_Infrastructure/GmsConfigOverlayASI_Infrastructure.apk}
01-19 08:20:02.698 E/ResourcesImplExt(23115): the AssetManager's apkAsset: ApkAssets{path=/my_bigball/overlay/GmsConfigOverlayCommonEx/GmsConfigOverlayCommonEx.apk}
01-19 08:20:02.698 E/ResourcesImplExt(23115): the AssetManager's apkAsset: ApkAssets{path=/my_bigball/overlay/GmsConfigOverlayComms/GmsConfigOverlayComms.apk}
01-19 08:20:02.698 E/ResourcesImplExt(23115): the AssetManager's apkAsset: ApkAssets{path=/my_bigball/overlay/GmsConfigOverlayGSA/GmsConfigOverlayGSA.apk}
01-19 08:20:02.698 E/ResourcesImplExt(23115): the AssetManager's apkAsset: ApkAssets{path=/my_bigball/overlay/GmsConfigOverlayNoSafetyCenter/GmsConfigOverlayNoSafetyCenter.apk}
01-19 08:20:02.698 E/ResourcesImplExt(23115): the AssetManager's apkAsset: ApkAssets{path=/product/overlay/CaptivePortalLoginFrameworkOverlay.apk}
01-19 08:20:02.698 E/ResourcesImplExt(23115): the AssetManager's apkAsset: ApkAssets{path=/product/overlay/GoogleExtServicesConfigOverlay.apk}
01-19 08:20:02.698 E/ResourcesImplExt(23115): the AssetManager's apkAsset: ApkAssets{path=/product/overlay/GooglePermissionControllerFrameworkOverlay.apk}
01-19 08:20:02.698 E/ResourcesImplExt(23115): the AssetManager's apkAsset: ApkAssets{path=/product/overlay/ModuleMetadataGoogleOverlay.apk}
01-19 08:20:02.698 E/ResourcesImplExt(23115): the AssetManager's apkAsset: ApkAssets{path=/product/overlay/framework-res__auto_generated_rro_product.apk}
01-19 08:20:02.698 E/ResourcesImplExt(23115): the AssetManager's apkAsset: ApkAssets{path=/vendor/overlay/FrameworkResOverlay/FrameworkResOverlay.apk}
01-19 08:20:02.698 E/ResourcesImplExt(23115): the AssetManager's apkAsset: ApkAssets{path=/my_bigball/overlay/OplusGmsConfigOverlayCommon/OplusGmsConfigOverlayCommon.apk}
01-19 08:20:02.698 E/ResourcesImplExt(23115): the AssetManager's apkAsset: ApkAssets{path=/vendor/overlay/FrameworkResOverlayExt/FrameworkResOverlayExt.apk}
01-19 08:20:02.698 E/ResourcesImplExt(23115): the AssetManager's apkAsset: ApkAssets{path=/product/overlay/android_framework_res_overlay.display.product.21251.apk}
01-19 08:20:02.698 E/ResourcesImplExt(23115): the AssetManager's apkAsset: ApkAssets{path=/product/overlay/framework_res_overlay.21251.apk}
01-19 08:20:02.698 E/ResourcesImplExt(23115): the AssetManager's apkAsset: ApkAssets{path=/system_ext/overlay/framework_res_overlay_Network.apk}
01-19 08:20:02.698 E/ResourcesImplExt(23115): the AssetManager's apkAsset: ApkAssets{path=/system_ext/overlay/ConnectivityBaseOverlay.apk}
01-19 08:20:02.698 E/ResourcesImplExt(23115): the AssetManager's apkAsset: ApkAssets{path=/system_ext/overlay/OplusFrameworkBluetoothResource.apk}
01-19 08:20:02.698 E/ResourcesImplExt(23115): the AssetManager's apkAsset: ApkAssets{path=<empty> and /system/app/mediatek-res/mediatek-res.apk}
01-19 08:20:02.698 E/ResourcesImplExt(23115): the AssetManager's apkAsset: ApkAssets{path=<empty> and /system_ext/framework/oplus-framework-res.apk}
01-19 08:20:02.698 E/ResourcesImplExt(23115): the AssetManager's apkAsset: ApkAssets{path=/product/overlay/oplus_framework_res_rro_oppo.apk}
01-19 08:20:02.698 E/ResourcesImplExt(23115): the AssetManager's apkAsset: ApkAssets{path=<empty> and /data/app/~~8-hRHdAWNzo1fe5_rtgrPQ==/com.google.android.youtube-wmzdw4mkVk47yGaIz0cwAQ==/base.apk}
01-19 08:20:02.698 E/ResourcesImplExt(23115): the AssetManager's apkAsset: ApkAssets{path=<empty> and /data/app/~~8-hRHdAWNzo1fe5_rtgrPQ==/com.google.android.youtube-wmzdw4mkVk47yGaIz0cwAQ==/split_config.arm64_v8a.apk}
01-19 08:20:02.698 E/ResourcesImplExt(23115): the AssetManager's apkAsset: ApkAssets{path=<empty> and /data/app/~~8-hRHdAWNzo1fe5_rtgrPQ==/com.google.android.youtube-wmzdw4mkVk47yGaIz0cwAQ==/split_config.en.apk}
01-19 08:20:02.698 E/ResourcesImplExt(23115): the AssetManager's apkAsset: ApkAssets{path=<empty> and /data/app/~~8-hRHdAWNzo1fe5_rtgrPQ==/com.google.android.youtube-wmzdw4mkVk47yGaIz0cwAQ==/split_config.xhdpi.apk}
01-19 08:20:02.698 E/ResourcesImplExt(23115): the AssetManager's apkAsset: ApkAssets{path=<empty> and /data/app/~~8-hRHdAWNzo1fe5_rtgrPQ==/com.google.android.youtube-wmzdw4mkVk47yGaIz0cwAQ==/split_config.zh.apk}
01-19 08:20:02.698 E/ResourcesImplExt(23115): the AssetManager's apkAsset: ApkAssets{path=/data/resource-cache/com.android.systemui-neutral-LAQg.frro}
01-19 08:20:02.698 E/ResourcesImplExt(23115): the AssetManager's apkAsset: ApkAssets{path=/data/resource-cache/com.android.systemui-accent-rtmp.frro}
01-19 08:20:02.760 D/CompatibilityChangeReporter( 1654): Compat change id reported: 161145287; UID 10141; state: DISABLED
01-19 08:20:02.947 E/AppOps  ( 1654): Bad call made by uid 10141. Package "com.google.android.gms" does not belong to uid 10141.
01-19 08:20:02.955 E/AppOps  ( 1654): Bad call made by uid 10141. Package "com.google.android.gms" does not belong to uid 10141.
01-19 08:20:02.962 E/AppOps  ( 1654): Bad call made by uid 10141. Package "com.google.android.gms" does not belong to uid 10141.
01-19 08:20:03.077 W/JobScheduler( 1654): Job didn't exist in JobStore: #com.google.android.youtube/15465
01-19 08:20:03.079 D/CompatibilityChangeReporter( 1654): Compat change id reported: 135634846; UID 10141; state: DISABLED
01-19 08:20:03.080 D/CompatibilityChangeReporter( 1654): Compat change id reported: 143937733; UID 10141; state: ENABLED
01-19 08:20:03.087 I/ActivityManager( 1654): Killing 22808:com.google.android.adservices.api/u0a42 (adj 965): empty #7
01-19 08:20:03.108 I/ActivityManager( 1654): Start proc 23508:com.android.chrome:privileged_process0/u0a141 for service {com.android.chrome/org.chromium.content.app.PrivilegedProcessService0}
01-19 08:20:03.202 D/CompatibilityChangeReporter( 1654): Compat change id reported: 161252188; UID 10042; state: DISABLED
01-19 08:20:03.204 D/CompatibilityChangeReporter( 1654): Compat change id reported: 135634846; UID 10042; state: DISABLED
01-19 08:20:03.204 D/CompatibilityChangeReporter( 1654): Compat change id reported: 177438394; UID 10042; state: DISABLED
01-19 08:20:03.205 D/CompatibilityChangeReporter( 1654): Compat change id reported: 135772972; UID 10042; state: DISABLED
01-19 08:20:03.205 D/CompatibilityChangeReporter( 1654): Compat change id reported: 135754954; UID 10042; state: ENABLED
01-19 08:20:03.205 D/CompatibilityChangeReporter( 1654): Compat change id reported: 143937733; UID 10042; state: ENABLED
01-19 08:20:03.228 I/ActivityManager( 1654): Start proc 23527:com.google.android.adservices.api/u0a42 for service {com.google.android.adservices.api/com.android.adservices.measurement.MeasurementService}
01-19 08:20:03.278 D/CompatibilityChangeReporter( 1654): Compat change id reported: 168419799; UID 10042; state: DISABLED
01-19 08:20:03.325 W/PackageManager( 1654): package unknown uid 10141 pid 23392 call SetEnabledSetting(com.android.chrome component = org.chromium.chrome.browser.quickactionsearchwidget.QuickActionSearchWidgetProvider$QuickActionSearchWidgetProviderSearch, 1, 0)
01-19 08:20:03.325 I/ActivityManager( 1654): Killing 23392:com.android.chrome/u0a141 (adj 925): empty #7
01-19 08:20:03.326 W/PackageManager( 1654): package unknown uid 10141 pid 23392 call SetEnabledSetting(com.android.chrome component = org.chromium.chrome.browser.quickactionsearchwidget.QuickActionSearchWidgetProvider$QuickActionSearchWidgetProviderDino, 1, 0)
01-19 08:20:03.370 D/DisplayManagerService( 1654): Display listener for pid 23392 died.
01-19 08:20:03.422 I/ActivityManager( 1654): Process com.android.chrome:privileged_process0 (pid 23508) has died: fg  SVC 
01-19 08:20:03.488 W/PackageManager( 1654): package unknown uid 10042 pid 23527 call SetEnabledSetting(com.google.android.adservices.api component = com.android.adservices.service.common.PackageChangedReceiver, 1, 0)
01-19 08:20:13.315 E/AppOps  ( 1654): attributionTag  not declared in manifest of com.oplus.exsystemservice
01-19 08:20:13.324 E/AppOps  ( 1654): attributionTag  not declared in manifest of com.oplus.exsystemservice
01-19 08:20:14.540 I/Quality ( 1123): SFJankCountInfo: 17;0;0-0-0-0-0-0-0-0-0-0;1-0-0-0-0-0-0-0-0-0;2-0-0-0-0-0-0-0-0-0;3-0-0-0-0-0-0-0-0-0;4-0-0-0-0-0-0-0-0-0;5-0-0-0-0-0-0-0-0-0;6-0-0-0-0-0-0-0-0-0;7-0-0-0-0-0-0-0-0-0;8-0-0-0-0-0-0-0-0-0;9-0-0-0-0-0-0-0-0-0;
01-19 08:20:22.577 D/OplusSmartBrightnessController( 1654): handleMessage MSG_LUX_CHANGED, mLux:547.20013 luxQueue=[547.0, 548.0, 547.0, 547.0, 547.0]
01-19 08:20:23.777 D/OplusSmartBrightnessController( 1654): handleMessage MSG_LUX_CHANGED, mLux:545.5018 luxQueue=[545.0, 545.0, 543.0, 547.0, 546.0, 547.0]
01-19 08:20:40.997 D/UsageStatsService( 1654): User[0] type=0 b=1768781909327 e=1768782040996 cb=1768742652546 ce=1768782003202 disk=0 all=1
01-19 08:20:50.003 D/ProcessCpuTrackerExtImpl( 1654): mContext is already set, return now! 
01-19 08:20:50.017 W/BatteryExternalStatsWorker( 1654): error reading Bluetooth stats: 11
01-19 08:20:50.134 E/KernelCpuSpeedReader( 1654): Failed to read cpu-freq: /sys/devices/system/cpu/cpu4/cpufreq/stats/time_in_state: open failed: ENOENT (No such file or directory)
01-19 08:20:50.135 E/KernelCpuSpeedReader( 1654): Failed to read cpu-freq: /sys/devices/system/cpu/cpu0/cpufreq/stats/time_in_state: open failed: ENOENT (No such file or directory)
01-19 08:21:00.043 E/OplusCustomizeRestrictionManagerService( 1654): isBiometricDisabled start
01-19 08:21:00.046 E/OplusCustomizeRestrictionManagerService( 1654): isBiometricDisabled start
01-19 08:21:00.062 D/ProcessCpuTrackerExtImpl( 1654): mContext is already set, return now! 
01-19 08:21:00.651 V/WindowManager( 1654): Relayout Window{cbdf5b8 u0 OplusPrivacyIconTopLeft}: viewVisibility=8, oldvis=8, req=8x8
01-19 08:21:00.664 V/WindowManager( 1654): Relayout Window{e767333 u0 OplusPrivacyIconTopRight}: viewVisibility=8, oldvis=8, req=8x8
01-19 08:21:02.585 W/JobScheduler( 1654): Job didn't exist in JobStore: #com.google.android.youtube/15464
01-19 08:21:06.417 D/ProcessCpuTrackerExtImpl( 1654): mContext is already set, return now! 
01-19 08:21:12.177 D/OplusSmartBrightnessController( 1654): handleMessage MSG_LUX_CHANGED, mLux:530.4851 luxQueue=[541.0, 539.0, 530.0, 525.0, 517.0, 527.0, 534.0]
01-19 08:21:12.977 D/OplusSmartBrightnessController( 1654): handleMessage MSG_LUX_CHANGED, mLux:546.02246 luxQueue=[539.0, 546.0, 553.0, 546.0]
01-19 08:21:13.315 E/AppOps  ( 1654): attributionTag  not declared in manifest of com.oplus.exsystemservice
01-19 08:21:13.324 E/AppOps  ( 1654): attributionTag  not declared in manifest of com.oplus.exsystemservice
01-19 08:21:21.022 I/Quality ( 1123): SFJankCountInfo: 15;0;0-0-0-0-0-0-0-0-0-0;1-0-0-0-0-0-0-0-0-0;2-0-0-0-0-0-0-0-0-0;3-0-0-0-0-0-0-0-0-0;4-0-0-0-0-0-0-0-0-0;5-0-0-0-0-0-0-0-0-0;6-0-0-0-0-0-0-0-0-0;7-0-0-0-0-0-0-0-0-0;8-0-0-0-0-0-0-0-0-0;9-0-0-0-0-0-0-0-0-0;
01-19 08:21:29.177 D/OplusSmartBrightnessController( 1654): handleMessage MSG_LUX_CHANGED, mLux:544.7147 luxQueue=[545.0, 544.0, 544.0, 544.0, 546.0, 545.0, 545.0]
01-19 08:21:55.456 W/BatteryExternalStatsWorker( 1654): error reading Bluetooth stats: 11
01-19 08:21:55.457 D/KernelCpuUidUserSysTimeReader( 1654): Removing uids 10152-10152
01-19 08:21:59.177 D/OplusSmartBrightnessController( 1654): handleMessage MSG_LUX_CHANGED, mLux:545.8005 luxQueue=[545.0, 545.0, 547.0, 546.0, 546.0]
01-19 08:22:00.040 E/OplusCustomizeRestrictionManagerService( 1654): isBiometricDisabled start
01-19 08:22:00.041 E/OplusCustomizeRestrictionManagerService( 1654): isBiometricDisabled start
01-19 08:22:00.054 D/ProcessCpuTrackerExtImpl( 1654): mContext is already set, return now! 
01-19 08:22:00.656 V/WindowManager( 1654): Relayout Window{cbdf5b8 u0 OplusPrivacyIconTopLeft}: viewVisibility=8, oldvis=8, req=8x8
01-19 08:22:00.681 V/WindowManager( 1654): Relayout Window{e767333 u0 OplusPrivacyIconTopRight}: viewVisibility=8, oldvis=8, req=8x8
01-19 08:22:13.314 E/AppOps  ( 1654): attributionTag  not declared in manifest of com.oplus.exsystemservice
01-19 08:22:13.323 E/AppOps  ( 1654): attributionTag  not declared in manifest of com.oplus.exsystemservice
01-19 08:22:15.442 D/ProcessCpuTrackerExtImpl( 1654): mContext is already set, return now! 
01-19 08:22:24.560 I/Quality ( 1123): SFJankCountInfo: 17;0;0-0-0-0-0-0-0-0-0-0;1-0-0-0-0-0-0-0-0-0;2-0-0-0-0-0-0-0-0-0;3-0-0-0-0-0-0-0-0-0;4-0-0-0-0-0-0-0-0-0;5-0-0-0-0-0-0-0-0-0;6-0-0-0-0-0-0-0-0-0;7-0-0-0-0-0-0-0-0-0;8-0-0-0-0-0-0-0-0-0;9-0-0-0-0-0-0-0-0-0;
01-19 08:22:24.583 D/ProcessCpuTrackerExtImpl( 1654): mContext is already set, return now! 
01-19 08:22:28.377 D/OplusSmartBrightnessController( 1654): handleMessage MSG_LUX_CHANGED, mLux:543.5743 luxQueue=[541.0, 545.0, 545.0, 543.0, 545.0, 541.0, 545.0]
01-19 08:22:38.703 D/ProcessCpuTrackerExtImpl( 1654): mContext is already set, return now! 
01-19 08:22:40.996 D/UsageStatsService( 1654): User[0] type=0 b=1768781909327 e=1768782160995 cb=1768742652546 ce=1768782131426 disk=0 all=1
01-19 08:22:54.775 D/OplusSmartBrightnessController( 1654): handleMessage MSG_LUX_CHANGED, mLux:541.1435 luxQueue=[540.0, 541.0, 541.0, 543.0, 541.0, 541.0, 541.0]
01-19 08:22:54.810 D/ProcessCpuTrackerExtImpl( 1654): mContext is already set, return now! 
01-19 08:22:54.817 D/OplusThermalStats( 1654): AnalizyPosition reach max limit, mAnalizyPosition=400 res=0
01-19 08:23:00.026 E/OplusCustomizeRestrictionManagerService( 1654): isBiometricDisabled start
01-19 08:23:00.028 E/OplusCustomizeRestrictionManagerService( 1654): isBiometricDisabled start
01-19 08:23:00.065 D/ProcessCpuTrackerExtImpl( 1654): mContext is already set, return now! 
01-19 08:23:00.650 V/WindowManager( 1654): Relayout Window{cbdf5b8 u0 OplusPrivacyIconTopLeft}: viewVisibility=8, oldvis=8, req=8x8
01-19 08:23:00.690 V/WindowManager( 1654): Relayout Window{e767333 u0 OplusPrivacyIconTopRight}: viewVisibility=8, oldvis=8, req=8x8
01-19 08:23:07.575 D/ProcessCpuTrackerExtImpl( 1654): mContext is already set, return now! 
01-19 08:23:13.313 E/AppOps  ( 1654): attributionTag  not declared in manifest of com.oplus.exsystemservice
01-19 08:23:13.322 E/AppOps  ( 1654): attributionTag  not declared in manifest of com.oplus.exsystemservice
01-19 08:23:21.977 D/OplusSmartBrightnessController( 1654): handleMessage MSG_LUX_CHANGED, mLux:543.40314 luxQueue=[542.0, 542.0, 547.0, 543.0, 543.0]
01-19 08:23:28.016 I/Quality ( 1123): SFJankCountInfo: 21;0;0-0-0-0-0-0-0-0-0-0;1-0-0-0-0-0-0-0-0-0;2-0-0-0-0-0-0-0-0-0;3-0-0-0-0-0-0-0-0-0;4-0-0-0-0-0-0-0-0-0;5-0-0-0-0-0-0-0-0-0;6-0-0-0-0-0-0-0-0-0;7-0-0-0-0-0-0-0-0-0;8-0-0-0-0-0-0-0-0-0;9-0-0-0-0-0-0-0-0-0;
01-19 08:23:41.977 D/OplusSmartBrightnessController( 1654): handleMessage MSG_LUX_CHANGED, mLux:545.8009 luxQueue=[544.0, 546.0, 546.0, 547.0, 546.0]
01-19 08:23:43.777 D/OplusSmartBrightnessController( 1654): handleMessage MSG_LUX_CHANGED, mLux:540.86176 luxQueue=[537.0, 541.0, 540.0, 545.0, 541.0, 540.0, 542.0]
01-19 08:23:50.977 D/OplusSmartBrightnessController( 1654): handleMessage MSG_LUX_CHANGED, mLux:542.80457 luxQueue=[547.0, 543.0, 542.0, 541.0, 541.0]
01-19 08:24:00.025 E/OplusCustomizeRestrictionManagerService( 1654): isBiometricDisabled start
01-19 08:24:00.026 E/OplusCustomizeRestrictionManagerService( 1654): isBiometricDisabled start
01-19 08:24:00.075 D/ProcessCpuTrackerExtImpl( 1654): mContext is already set, return now! 
01-19 08:24:00.657 V/WindowManager( 1654): Relayout Window{cbdf5b8 u0 OplusPrivacyIconTopLeft}: viewVisibility=8, oldvis=8, req=8x8
01-19 08:24:00.681 V/WindowManager( 1654): Relayout Window{e767333 u0 OplusPrivacyIconTopRight}: viewVisibility=8, oldvis=8, req=8x8
01-19 08:24:05.887 D/ProcessCpuTrackerExtImpl( 1654): mContext is already set, return now! 
01-19 08:24:06.177 D/OplusSmartBrightnessController( 1654): handleMessage MSG_LUX_CHANGED, mLux:545.6017 luxQueue=[547.0, 544.0, 547.0, 544.0, 546.0]
01-19 08:24:13.314 E/AppOps  ( 1654): attributionTag  not declared in manifest of com.oplus.exsystemservice
01-19 08:24:13.324 E/AppOps  ( 1654): attributionTag  not declared in manifest of com.oplus.exsystemservice
01-19 08:24:16.397 D/ProcessCpuTrackerExtImpl( 1654): mContext is already set, return now! 
01-19 08:24:22.577 D/OplusSmartBrightnessController( 1654): handleMessage MSG_LUX_CHANGED, mLux:540.7179 luxQueue=[541.0, 542.0, 536.0, 542.0, 542.0, 541.0, 541.0]
01-19 08:24:24.324 D/PowerManagerService( 1654): userActivityNoUpdateLocked: groupId=0, eventTime=191014876, event=2, flags=0x0, uid=1000
01-19 08:24:24.325 D/DisplayManagerServiceExtImpl( 1654): request size(1,1),dpc=com.android.server.display.DisplayPowerController@484ef97 size(0,1),flags=0X200F,id(0,0,local:0), phase=1, enable=true, ready=false,prox=false policy=BRIGHT,dozeState=UNKNOWN,screenBrightnessOverride=-1.000000,useAuto=true,lowPower=false,lowPowerFactor=1.000000
01-19 08:24:24.326 I/OplusSmartBrightnessController( 1654): handleBrightnessTotalRateType: dim->automatic
01-19 08:24:24.326 D/OplusDisplayPowerControllerExtImpl( 1654): original brightness:890 final brightness:890.0 scale:1.0 reason:4 darkLevel:0
01-19 08:24:24.328 D/OplusDisplayPowerControllerExtImpl( 1654): Animating brightness: target=13->890,rate=123->2600,type=automatic,byUse=false local:0
01-19 08:24:24.328 D/DisplayPowerController[0]( 1654): Brightness [890.0] reason changing to: 'automatic [ auto_adj ]', previous reason: 'automatic [ dim ]'. id=local:0
01-19 08:24:24.328 I/DisplayPowerController[0]( 1654): BrightnessEvent: disp=0, brt=890.0, rcmdBrt=NaN, preBrt=NaN, lux=0.0, preLux=0.0, hbmMax=1.0, hbmMode=off, thrmMax=1.0, flags=, reason=automatic [ auto_adj ]
01-19 08:24:24.328 D/OplusDisplayPowerControllerExtImpl( 1654): RECORD:onUpdatePowerState policy:3 state:2 brightness:890
01-19 08:24:24.328 D/VRR [OPlusRefreshRateService]( 1654): notifyBrightnessChange brightness: 890.0
01-19 08:24:24.328 D/VRR [OPlusRefreshRateService]( 1654): notifyNitsChange nits: 131.95952 discrete nits: 2.6263962
01-19 08:24:24.329 D/VRR [OPlusRefreshRateService]( 1654): handleBrightnessChange nits: 131.95952
01-19 08:24:24.342 D/OplusFeatureHDREnhanceBrightness( 1654): setAnimating : animating = true
01-19 08:24:24.342 D/OplusFeatureReduceBrightness( 1654): setAnimating : animating = true
01-19 08:24:24.344 E/DisplayManagerServiceExtImpl( 1654): can't get service binder: oppposcreenmode
01-19 08:24:24.344 E/DisplayManagerServiceExtImpl( 1654): can't get service interface: opscreenmode
01-19 08:24:24.348 D/DisplayPowerController[0]( 1654): onChange selfChange=false uri=content://settings/system/screen_brightness
01-19 08:24:24.349 D/OplusDisplayPowerControllerExtImpl( 1654): original brightness:890 final brightness:890.0 scale:1.0 reason:4 darkLevel:0
01-19 08:24:24.350 D/OplusDisplayPowerControllerExtImpl( 1654): Animating brightness: target=890->890,rate=2600->123,type=automatic,byUse=false local:0
01-19 08:24:24.350 D/DisplayPowerController[0]( 1654): Brightness [890.0] reason changing to: 'automatic [ auto_adj ]', previous reason: 'automatic'. id=local:0
01-19 08:24:24.350 I/DisplayPowerController[0]( 1654): BrightnessEvent: disp=0, brt=890.0(user_set), rcmdBrt=NaN, preBrt=NaN, lux=0.0, preLux=0.0, hbmMax=1.0, hbmMode=off, thrmMax=1.0, flags=user_set , reason=automatic [ auto_adj ]
01-19 08:24:24.350 D/VRR [OPlusRefreshRateService]( 1654): notifyBrightnessChange brightness: 890.0
01-19 08:24:24.350 D/DisplayManagerService( 1654): Delivering display event: displayId=0, event=4
01-19 08:24:24.360 E/DisplayManagerServiceExtImpl( 1654): can't get service binder: oppposcreenmode
01-19 08:24:24.360 E/DisplayManagerServiceExtImpl( 1654): can't get service interface: opscreenmode
01-19 08:24:24.363 D/DisplayPowerController[0]( 1654): onChange selfChange=false uri=content://settings/system/screen_brightness
01-19 08:24:24.364 D/OplusDisplayPowerControllerExtImpl( 1654): original brightness:890 final brightness:890.0 scale:1.0 reason:4 darkLevel:0
01-19 08:24:24.366 D/DisplayPowerController[0]( 1654): Brightness [890.0] reason changing to: 'automatic [ auto_adj ]', previous reason: 'automatic'. id=local:0
01-19 08:24:24.366 I/DisplayPowerController[0]( 1654): BrightnessEvent: disp=0, brt=890.0(user_set), rcmdBrt=NaN, preBrt=NaN, lux=0.0, preLux=0.0, hbmMax=1.0, hbmMode=off, thrmMax=1.0, flags=user_set , reason=automatic [ auto_adj ]
01-19 08:24:24.366 D/VRR [OPlusRefreshRateService]( 1654): notifyBrightnessChange brightness: 890.0
01-19 08:24:24.366 D/DisplayManagerService( 1654): Delivering display event: displayId=0, event=4
01-19 08:24:24.380 D/OplusDisplayPanelFeature( 1654): setDisplayPanelFeatureValue +++, ID:184, value:8
01-19 08:24:24.382 D/DisplayPowerController[0]( 1654): onChange selfChange=false uri=content://settings/system/screen_brightness
01-19 08:24:24.382 D/OplusDisplayPowerControllerExtImpl( 1654): original brightness:890 final brightness:890.0 scale:1.0 reason:4 darkLevel:0
01-19 08:24:24.383 D/DisplayPowerController[0]( 1654): Brightness [890.0] reason changing to: 'automatic [ auto_adj ]', previous reason: 'automatic'. id=local:0
01-19 08:24:24.383 I/DisplayPowerController[0]( 1654): BrightnessEvent: disp=0, brt=890.0(user_set), rcmdBrt=NaN, preBrt=NaN, lux=0.0, preLux=0.0, hbmMax=1.0, hbmMode=off, thrmMax=1.0, flags=user_set , reason=automatic [ auto_adj ]
01-19 08:24:24.383 D/VRR [OPlusRefreshRateService]( 1654): notifyBrightnessChange brightness: 890.0
01-19 08:24:24.383 D/DisplayManagerService( 1654): Delivering display event: displayId=0, event=4
01-19 08:24:24.398 D/DisplayPowerController[0]( 1654): onChange selfChange=false uri=content://settings/system/screen_brightness
01-19 08:24:24.398 D/OplusDisplayPowerControllerExtImpl( 1654): original brightness:890 final brightness:890.0 scale:1.0 reason:4 darkLevel:0
01-19 08:24:24.399 D/DisplayPowerController[0]( 1654): Brightness [890.0] reason changing to: 'automatic [ auto_adj ]', previous reason: 'automatic'. id=local:0
01-19 08:24:24.399 I/DisplayPowerController[0]( 1654): BrightnessEvent: disp=0, brt=890.0(user_set), rcmdBrt=NaN, preBrt=NaN, lux=0.0, preLux=0.0, hbmMax=1.0, hbmMode=off, thrmMax=1.0, flags=user_set , reason=automatic [ auto_adj ]
01-19 08:24:24.399 D/VRR [OPlusRefreshRateService]( 1654): notifyBrightnessChange brightness: 890.0
01-19 08:24:24.400 D/DisplayManagerService( 1654): Delivering display event: displayId=0, event=4
01-19 08:24:24.415 D/DisplayPowerController[0]( 1654): onChange selfChange=false uri=content://settings/system/screen_brightness
01-19 08:24:24.415 D/OplusDisplayPowerControllerExtImpl( 1654): original brightness:890 final brightness:890.0 scale:1.0 reason:4 darkLevel:0
01-19 08:24:24.416 D/DisplayPowerController[0]( 1654): Brightness [890.0] reason changing to: 'automatic [ auto_adj ]', previous reason: 'automatic'. id=local:0
01-19 08:24:24.416 I/DisplayPowerController[0]( 1654): BrightnessEvent: disp=0, brt=890.0(user_set), rcmdBrt=NaN, preBrt=NaN, lux=0.0, preLux=0.0, hbmMax=1.0, hbmMode=off, thrmMax=1.0, flags=user_set , reason=automatic [ auto_adj ]
01-19 08:24:24.417 D/VRR [OPlusRefreshRateService]( 1654): notifyBrightnessChange brightness: 890.0
01-19 08:24:24.417 D/DisplayManagerService( 1654): Delivering display event: displayId=0, event=4
01-19 08:24:24.425 D/PowerManagerService( 1654): userActivityNoUpdateLocked: groupId=0, eventTime=191014985, event=2, flags=0x0, uid=1000
01-19 08:24:24.431 D/DisplayPowerController[0]( 1654): onChange selfChange=false uri=content://settings/system/screen_brightness
01-19 08:24:24.432 D/OplusDisplayPowerControllerExtImpl( 1654): original brightness:890 final brightness:890.0 scale:1.0 reason:4 darkLevel:0
01-19 08:24:24.432 D/DisplayPowerController[0]( 1654): Brightness [890.0] reason changing to: 'automatic [ auto_adj ]', previous reason: 'automatic'. id=local:0
01-19 08:24:24.433 I/DisplayPowerController[0]( 1654): BrightnessEvent: disp=0, brt=890.0(user_set), rcmdBrt=NaN, preBrt=NaN, lux=0.0, preLux=0.0, hbmMax=1.0, hbmMode=off, thrmMax=1.0, flags=user_set , reason=automatic [ auto_adj ]
01-19 08:24:24.433 D/VRR [OPlusRefreshRateService]( 1654): notifyBrightnessChange brightness: 890.0
01-19 08:24:24.433 D/DisplayManagerService( 1654): Delivering display event: displayId=0, event=4
01-19 08:24:24.448 D/DisplayPowerController[0]( 1654): onChange selfChange=false uri=content://settings/system/screen_brightness
01-19 08:24:24.448 D/OplusDisplayPowerControllerExtImpl( 1654): original brightness:890 final brightness:890.0 scale:1.0 reason:4 darkLevel:0
01-19 08:24:24.449 D/DisplayPowerController[0]( 1654): Brightness [890.0] reason changing to: 'automatic [ auto_adj ]', previous reason: 'automatic'. id=local:0
01-19 08:24:24.449 I/DisplayPowerController[0]( 1654): BrightnessEvent: disp=0, brt=890.0(user_set), rcmdBrt=NaN, preBrt=NaN, lux=0.0, preLux=0.0, hbmMax=1.0, hbmMode=off, thrmMax=1.0, flags=user_set , reason=automatic [ auto_adj ]
01-19 08:24:24.450 D/VRR [OPlusRefreshRateService]( 1654): notifyBrightnessChange brightness: 890.0
01-19 08:24:24.450 D/DisplayManagerService( 1654): Delivering display event: displayId=0, event=4
01-19 08:24:24.465 D/DisplayPowerController[0]( 1654): onChange selfChange=false uri=content://settings/system/screen_brightness
01-19 08:24:24.465 D/OplusDisplayPowerControllerExtImpl( 1654): original brightness:890 final brightness:890.0 scale:1.0 reason:4 darkLevel:0
01-19 08:24:24.466 D/DisplayPowerController[0]( 1654): Brightness [890.0] reason changing to: 'automatic [ auto_adj ]', previous reason: 'automatic'. id=local:0
01-19 08:24:24.466 I/DisplayPowerController[0]( 1654): BrightnessEvent: disp=0, brt=890.0(user_set), rcmdBrt=NaN, preBrt=NaN, lux=0.0, preLux=0.0, hbmMax=1.0, hbmMode=off, thrmMax=1.0, flags=user_set , reason=automatic [ auto_adj ]
01-19 08:24:24.466 D/VRR [OPlusRefreshRateService]( 1654): notifyBrightnessChange brightness: 890.0
01-19 08:24:24.467 D/DisplayManagerService( 1654): Delivering display event: displayId=0, event=4
01-19 08:24:24.483 D/DisplayPowerController[0]( 1654): onChange selfChange=false uri=content://settings/system/screen_brightness
01-19 08:24:24.483 D/OplusDisplayPowerControllerExtImpl( 1654): original brightness:890 final brightness:890.0 scale:1.0 reason:4 darkLevel:0
01-19 08:24:24.484 D/DisplayPowerController[0]( 1654): Brightness [890.0] reason changing to: 'automatic [ auto_adj ]', previous reason: 'automatic'. id=local:0
01-19 08:24:24.484 I/DisplayPowerController[0]( 1654): BrightnessEvent: disp=0, brt=890.0(user_set), rcmdBrt=NaN, preBrt=NaN, lux=0.0, preLux=0.0, hbmMax=1.0, hbmMode=off, thrmMax=1.0, flags=user_set , reason=automatic [ auto_adj ]
01-19 08:24:24.484 D/VRR [OPlusRefreshRateService]( 1654): notifyBrightnessChange brightness: 890.0
01-19 08:24:24.485 D/DisplayManagerService( 1654): Delivering display event: displayId=0, event=4
01-19 08:24:24.492 D/DisplayPowerController[0]( 1654): onChange selfChange=false uri=content://settings/system/screen_brightness
01-19 08:24:24.493 D/OplusDisplayPowerControllerExtImpl( 1654): original brightness:890 final brightness:890.0 scale:1.0 reason:4 darkLevel:0
01-19 08:24:24.494 D/DisplayPowerController[0]( 1654): Brightness [890.0] reason changing to: 'automatic [ auto_adj ]', previous reason: 'automatic'. id=local:0
01-19 08:24:24.495 I/DisplayPowerController[0]( 1654): BrightnessEvent: disp=0, brt=890.0(user_set), rcmdBrt=NaN, preBrt=NaN, lux=0.0, preLux=0.0, hbmMax=1.0, hbmMode=off, thrmMax=1.0, flags=user_set , reason=automatic [ auto_adj ]
01-19 08:24:24.495 D/VRR [OPlusRefreshRateService]( 1654): notifyBrightnessChange brightness: 890.0
01-19 08:24:24.495 D/DisplayManagerService( 1654): Delivering display event: displayId=0, event=4
01-19 08:24:24.503 D/DisplayPowerController[0]( 1654): onChange selfChange=false uri=content://settings/system/screen_brightness
01-19 08:24:24.503 D/OplusDisplayPowerControllerExtImpl( 1654): original brightness:890 final brightness:890.0 scale:1.0 reason:4 darkLevel:0
01-19 08:24:24.504 D/DisplayPowerController[0]( 1654): Brightness [890.0] reason changing to: 'automatic [ auto_adj ]', previous reason: 'automatic'. id=local:0
01-19 08:24:24.504 I/DisplayPowerController[0]( 1654): BrightnessEvent: disp=0, brt=890.0(user_set), rcmdBrt=NaN, preBrt=NaN, lux=0.0, preLux=0.0, hbmMax=1.0, hbmMode=off, thrmMax=1.0, flags=user_set , reason=automatic [ auto_adj ]
01-19 08:24:24.504 D/VRR [OPlusRefreshRateService]( 1654): notifyBrightnessChange brightness: 890.0
01-19 08:24:24.504 D/DisplayManagerService( 1654): Delivering display event: displayId=0, event=4
01-19 08:24:24.522 D/DisplayPowerController[0]( 1654): onChange selfChange=false uri=content://settings/system/screen_brightness
01-19 08:24:24.523 D/OplusDisplayPowerControllerExtImpl( 1654): original brightness:890 final brightness:890.0 scale:1.0 reason:4 darkLevel:0
01-19 08:24:24.524 D/DisplayPowerController[0]( 1654): Brightness [890.0] reason changing to: 'automatic [ auto_adj ]', previous reason: 'automatic'. id=local:0
01-19 08:24:24.524 I/DisplayPowerController[0]( 1654): BrightnessEvent: disp=0, brt=890.0(user_set), rcmdBrt=NaN, preBrt=NaN, lux=0.0, preLux=0.0, hbmMax=1.0, hbmMode=off, thrmMax=1.0, flags=user_set , reason=automatic [ auto_adj ]
01-19 08:24:24.524 D/VRR [OPlusRefreshRateService]( 1654): notifyBrightnessChange brightness: 890.0
01-19 08:24:24.524 D/DisplayManagerService( 1654): Delivering display event: displayId=0, event=4
01-19 08:24:24.541 D/DisplayPowerController[0]( 1654): onChange selfChange=false uri=content://settings/system/screen_brightness
01-19 08:24:24.541 D/OplusDisplayPowerControllerExtImpl( 1654): original brightness:890 final brightness:890.0 scale:1.0 reason:4 darkLevel:0
01-19 08:24:24.543 D/DisplayPowerController[0]( 1654): Brightness [890.0] reason changing to: 'automatic [ auto_adj ]', previous reason: 'automatic'. id=local:0
01-19 08:24:24.544 I/DisplayPowerController[0]( 1654): BrightnessEvent: disp=0, brt=890.0(user_set), rcmdBrt=NaN, preBrt=NaN, lux=0.0, preLux=0.0, hbmMax=1.0, hbmMode=off, thrmMax=1.0, flags=user_set , reason=automatic [ auto_adj ]
01-19 08:24:24.544 D/VRR [OPlusRefreshRateService]( 1654): notifyBrightnessChange brightness: 890.0
01-19 08:24:24.544 D/DisplayManagerService( 1654): Delivering display event: displayId=0, event=4
01-19 08:24:24.556 D/DisplayPowerController[0]( 1654): onChange selfChange=false uri=content://settings/system/screen_brightness
01-19 08:24:24.557 D/OplusDisplayPowerControllerExtImpl( 1654): original brightness:890 final brightness:890.0 scale:1.0 reason:4 darkLevel:0
01-19 08:24:24.558 D/DisplayPowerController[0]( 1654): Brightness [890.0] reason changing to: 'automatic [ auto_adj ]', previous reason: 'automatic'. id=local:0
01-19 08:24:24.558 I/DisplayPowerController[0]( 1654): BrightnessEvent: disp=0, brt=890.0(user_set), rcmdBrt=NaN, preBrt=NaN, lux=0.0, preLux=0.0, hbmMax=1.0, hbmMode=off, thrmMax=1.0, flags=user_set , reason=automatic [ auto_adj ]
01-19 08:24:24.558 D/VRR [OPlusRefreshRateService]( 1654): notifyBrightnessChange brightness: 890.0
01-19 08:24:24.558 D/DisplayManagerService( 1654): Delivering display event: displayId=0, event=4
01-19 08:24:24.572 D/DisplayPowerController[0]( 1654): onChange selfChange=false uri=content://settings/system/screen_brightness
01-19 08:24:24.573 D/OplusDisplayPowerControllerExtImpl( 1654): original brightness:890 final brightness:890.0 scale:1.0 reason:4 darkLevel:0
01-19 08:24:24.574 D/DisplayPowerController[0]( 1654): Brightness [890.0] reason changing to: 'automatic [ auto_adj ]', previous reason: 'automatic'. id=local:0
01-19 08:24:24.574 I/DisplayPowerController[0]( 1654): BrightnessEvent: disp=0, brt=890.0(user_set), rcmdBrt=NaN, preBrt=NaN, lux=0.0, preLux=0.0, hbmMax=1.0, hbmMode=off, thrmMax=1.0, flags=user_set , reason=automatic [ auto_adj ]
01-19 08:24:24.574 D/VRR [OPlusRefreshRateService]( 1654): notifyBrightnessChange brightness: 890.0
01-19 08:24:24.575 D/DisplayManagerService( 1654): Delivering display event: displayId=0, event=4
01-19 08:24:24.589 D/DisplayPowerController[0]( 1654): onChange selfChange=false uri=content://settings/system/screen_brightness
01-19 08:24:24.590 D/OplusDisplayPowerControllerExtImpl( 1654): original brightness:890 final brightness:890.0 scale:1.0 reason:4 darkLevel:0
01-19 08:24:24.591 D/DisplayPowerController[0]( 1654): Brightness [890.0] reason changing to: 'automatic [ auto_adj ]', previous reason: 'automatic'. id=local:0
01-19 08:24:24.591 I/DisplayPowerController[0]( 1654): BrightnessEvent: disp=0, brt=890.0(user_set), rcmdBrt=NaN, preBrt=NaN, lux=0.0, preLux=0.0, hbmMax=1.0, hbmMode=off, thrmMax=1.0, flags=user_set , reason=automatic [ auto_adj ]
01-19 08:24:24.591 D/VRR [OPlusRefreshRateService]( 1654): notifyBrightnessChange brightness: 890.0
01-19 08:24:24.592 D/DisplayManagerService( 1654): Delivering display event: displayId=0, event=4
01-19 08:24:24.607 D/DisplayPowerController[0]( 1654): onChange selfChange=false uri=content://settings/system/screen_brightness
01-19 08:24:24.608 D/OplusDisplayPowerControllerExtImpl( 1654): original brightness:890 final brightness:890.0 scale:1.0 reason:4 darkLevel:0
01-19 08:24:24.610 D/DisplayPowerController[0]( 1654): Brightness [890.0] reason changing to: 'automatic [ auto_adj ]', previous reason: 'automatic'. id=local:0
01-19 08:24:24.610 I/DisplayPowerController[0]( 1654): BrightnessEvent: disp=0, brt=890.0(user_set), rcmdBrt=NaN, preBrt=NaN, lux=0.0, preLux=0.0, hbmMax=1.0, hbmMode=off, thrmMax=1.0, flags=user_set , reason=automatic [ auto_adj ]
01-19 08:24:24.610 D/VRR [OPlusRefreshRateService]( 1654): notifyBrightnessChange brightness: 890.0
01-19 08:24:24.611 D/DisplayManagerService( 1654): Delivering display event: displayId=0, event=4
01-19 08:24:24.624 D/DisplayPowerController[0]( 1654): onChange selfChange=false uri=content://settings/system/screen_brightness
01-19 08:24:24.625 D/OplusDisplayPowerControllerExtImpl( 1654): original brightness:890 final brightness:890.0 scale:1.0 reason:4 darkLevel:0
01-19 08:24:24.627 D/DisplayPowerController[0]( 1654): Brightness [890.0] reason changing to: 'automatic [ auto_adj ]', previous reason: 'automatic'. id=local:0
01-19 08:24:24.627 I/DisplayPowerController[0]( 1654): BrightnessEvent: disp=0, brt=890.0(user_set), rcmdBrt=NaN, preBrt=NaN, lux=0.0, preLux=0.0, hbmMax=1.0, hbmMode=off, thrmMax=1.0, flags=user_set , reason=automatic [ auto_adj ]
01-19 08:24:24.627 D/VRR [OPlusRefreshRateService]( 1654): notifyBrightnessChange brightness: 890.0
01-19 08:24:24.628 D/DisplayManagerService( 1654): Delivering display event: displayId=0, event=4
01-19 08:24:24.640 D/DisplayPowerController[0]( 1654): onChange selfChange=false uri=content://settings/system/screen_brightness
01-19 08:24:24.641 D/OplusDisplayPowerControllerExtImpl( 1654): original brightness:890 final brightness:890.0 scale:1.0 reason:4 darkLevel:0
01-19 08:24:24.644 D/DisplayPowerController[0]( 1654): Brightness [890.0] reason changing to: 'automatic [ auto_adj ]', previous reason: 'automatic'. id=local:0
01-19 08:24:24.645 I/DisplayPowerController[0]( 1654): BrightnessEvent: disp=0, brt=890.0(user_set), rcmdBrt=NaN, preBrt=NaN, lux=0.0, preLux=0.0, hbmMax=1.0, hbmMode=off, thrmMax=1.0, flags=user_set , reason=automatic [ auto_adj ]
01-19 08:24:24.645 D/VRR [OPlusRefreshRateService]( 1654): notifyBrightnessChange brightness: 890.0
01-19 08:24:24.645 D/DisplayManagerService( 1654): Delivering display event: displayId=0, event=4
01-19 08:24:24.656 D/DisplayPowerController[0]( 1654): onChange selfChange=false uri=content://settings/system/screen_brightness
01-19 08:24:24.656 D/OplusDisplayPowerControllerExtImpl( 1654): original brightness:890 final brightness:890.0 scale:1.0 reason:4 darkLevel:0
01-19 08:24:24.658 D/DisplayPowerController[0]( 1654): Brightness [890.0] reason changing to: 'automatic [ auto_adj ]', previous reason: 'automatic'. id=local:0
01-19 08:24:24.658 I/DisplayPowerController[0]( 1654): BrightnessEvent: disp=0, brt=890.0(user_set), rcmdBrt=NaN, preBrt=NaN, lux=0.0, preLux=0.0, hbmMax=1.0, hbmMode=off, thrmMax=1.0, flags=user_set , reason=automatic [ auto_adj ]
01-19 08:24:24.658 D/VRR [OPlusRefreshRateService]( 1654): notifyBrightnessChange brightness: 890.0
01-19 08:24:24.659 D/DisplayManagerService( 1654): Delivering display event: displayId=0, event=4
01-19 08:24:24.666 D/OplusFeatureHDREnhanceBrightness( 1654): setAnimating : animating = false
01-19 08:24:24.666 D/OplusFeatureReduceBrightness( 1654): setAnimating : animating = false
01-19 08:24:24.666 I/OplusSmartBrightnessController( 1654): setHDRAnimatingState = false
01-19 08:24:24.667 D/OplusDisplayPowerControllerExtImpl( 1654): original brightness:890 final brightness:890.0 scale:1.0 reason:4 darkLevel:0
01-19 08:24:24.668 D/DisplayPowerController[0]( 1654): Brightness [890.0] reason changing to: 'automatic [ auto_adj ]', previous reason: 'automatic'. id=local:0
