01-19 08:40:17.252 I/bt_btm  ( 2751): LogMsg: btm_ble_process_adv_pkt: pkt_data_len: 30
01-19 08:40:17.252 D/DisplayPowerController[0]( 1654): onChange selfChange=false uri=content://settings/system/screen_brightness
01-19 08:40:17.252 V/bt_stack( 2751): [VERBOSE1:btm_ble_gap.cc(2613)] btm_ble_process_adv_addr: bda=60:**:**:**:6b:9d addr_type=0
01-19 08:40:17.252 I/bt_btm  ( 2751): LogMsg: btm_ble_process_adv_pkt: pkt_data_len: 19
01-19 08:40:17.253 I/bt_btif ( 2751): LogMsg: bta_dm_observe_results_cb
01-19 08:40:17.253 I/bt_btif ( 2751): LogMsg: btif_ble_scanner_update_COD 60:77:71:fc:6b:9d cod is 0x000000
01-19 08:40:17.253 I/bt_btif ( 2751): LogMsg: btif_ble_scanner_update_COD cod in config 0x001f00, status=0
01-19 08:40:17.253 I/bt_btif ( 2751): LogMsg: btif_ble_scanner_update_COD invalid cod 0x0, use cod 0x1f00 in config
01-19 08:40:17.253 I/bt_btif ( 2751): LogMsg: bta_scan_results_cb_impl : type 0 channel 0
01-19 08:40:17.253 I/bt_btif ( 2751): LogMsg: bta_scan_results_cb_impl: HAL bt_gatt_callbacks->scanner->scan_result_cb
01-19 08:40:17.253 D/OplusDisplayPowerControllerExtImpl( 1654): original brightness:794 final brightness:794.0 scale:1.0 reason:4 darkLevel:0
01-19 08:40:17.254 D/BtGatt.GattService( 2751): onScanResult() - eventType=0x1b, addressType=0, address=60:77:71:FC:6B:9D, primaryPhy=1, secondaryPhy=0, advertisingSid=0xff, txPower=127, rssi=-35, periodicAdvInt=0x0, originalAddress=60:77:71:FC:6B:9D, type=0, channel=0
01-19 08:40:17.255 V/BtGatt.GattService( 2751): Skipping data matching denylist: ScanRecord [mAdvertiseFlags=6, mServiceUuids=null, mServiceSolicitationUuids=[], mManufacturerSpecificData={76=[2, 21, 103, 72, -94, 2, -118, 62, 79, -106, -105, 9, 88, 85, 3, -10, -83, 105, 0, 0, 0, 30, -48]}, mServiceData={}, mTxPowerLevel=5, mDeviceName=USBeacon, mTDSData=null]
01-19 08:40:17.255 I/BtGatt.GattService( 2751): Skipping client for location deny list
01-19 08:40:17.255 D/AALCust ( 1443): aal_backlight_bits, specialConfig:12
01-19 08:40:17.255 D/AAL     ( 1443): onBacklightChanged: 768/1023 -> 794/1023(phy:794/4095)
01-19 08:40:17.255 D/DisplayPowerController[0]( 1654): Brightness [794.0] reason changing to: 'automatic [ auto_adj ]', previous reason: 'automatic'. id=local:0
01-19 08:40:17.255 I/DisplayPowerController[0]( 1654): BrightnessEvent: disp=0, brt=794.0(user_set), rcmdBrt=NaN, preBrt=NaN, lux=0.0, preLux=0.0, hbmMax=1.0, hbmMode=off, thrmMax=1.0, flags=user_set , reason=automatic [ auto_adj ]
01-19 08:40:17.256 D/VRR [OPlusRefreshRateService]( 1654): notifyBrightnessChange brightness: 794.0
01-19 08:40:17.256 D/DisplayManagerService( 1654): Delivering display event: displayId=0, event=4
01-19 08:40:17.262 V/bt_stack( 2751): [VERBOSE1:btm_ble_gap.cc(2613)] btm_ble_process_adv_addr: bda=f0:**:**:**:a1:18 addr_type=0
01-19 08:40:17.262 I/bt_btm  ( 2751): LogMsg: btm_ble_process_adv_pkt: pkt_data_len: 24
01-19 08:40:17.263 V/bt_stack( 2751): [VERBOSE1:btm_ble_gap.cc(2613)] btm_ble_process_adv_addr: bda=f0:**:**:**:a1:18 addr_type=0
01-19 08:40:17.263 I/bt_btm  ( 2751): LogMsg: btm_ble_process_adv_pkt: pkt_data_len: 0
01-19 08:40:17.263 I/bt_btif ( 2751): LogMsg: interop_mtk_match_addr_byconfig:[MtkLeDeviceTypeAdjust] check f0:**:**:**:a1:18 in 33:ee:55
01-19 08:40:17.263 I/bt_btm  ( 2751): LogMsg: btm_find_dev: bda=f0:b3:ec:28:a1:18 is not found
01-19 08:40:17.264 I/bt_btm  ( 2751): LogMsg: btm_find_dev: bda=f0:b3:ec:28:a1:18 is not found
01-19 08:40:17.264 I/bt_btif ( 2751): LogMsg: bta_dm_observe_results_cb
01-19 08:40:17.264 I/bt_btif ( 2751): LogMsg: btif_ble_scanner_update_COD f0:b3:ec:28:a1:18 cod is 0x000000
01-19 08:40:17.264 I/bt_btif ( 2751): LogMsg: btif_ble_scanner_update_COD cod in config 0x001f00, status=0
01-19 08:40:17.264 I/bt_btif ( 2751): LogMsg: btif_ble_scanner_update_COD invalid cod 0x0, use cod 0x1f00 in config
01-19 08:40:17.264 I/bt_btif ( 2751): LogMsg: bta_scan_results_cb_impl : type 0 channel 0
01-19 08:40:17.264 I/bt_btif ( 2751): LogMsg: bta_scan_results_cb_impl: HAL bt_gatt_callbacks->scanner->scan_result_cb
01-19 08:40:17.264 D/BtGatt.GattService( 2751): onScanResult() - eventType=0x1b, addressType=0, address=F0:B3:EC:28:A1:18, primaryPhy=1, secondaryPhy=0, advertisingSid=0xff, txPower=127, rssi=-83, periodicAdvInt=0x0, originalAddress=F0:B3:EC:28:A1:18, type=0, channel=0
01-19 08:40:17.265 D/BtGatt.GattService( 2751): Skipping client: permission=true matches=false
01-19 08:40:17.272 D/AAL     ( 1443): 01-19 08:40:17.222 BL= 181,ESS= 256, 01-19 08:40:17.239 BL= 191,ESS= 256, 01-19 08:40:17.256 BL= 198,ESS= 256, 
01-19 08:40:17.329 D/BoundBrokerSvc( 7017): onUnbind: Intent { act=com.google.android.gms.common.BIND_SHARED_PREFS pkg=com.google.android.gms }
01-19 08:40:17.363 V/bt_stack( 2751): [VERBOSE1:btm_ble_gap.cc(2613)] btm_ble_process_adv_addr: bda=60:**:**:**:6b:9d addr_type=0
01-19 08:40:17.363 I/bt_btm  ( 2751): LogMsg: btm_ble_process_adv_pkt: pkt_data_len: 30
01-19 08:40:17.364 V/bt_stack( 2751): [VERBOSE1:btm_ble_gap.cc(2613)] btm_ble_process_adv_addr: bda=60:**:**:**:6b:9d addr_type=0
01-19 08:40:17.364 I/bt_btm  ( 2751): LogMsg: btm_ble_process_adv_pkt: pkt_data_len: 19
01-19 08:40:17.364 I/bt_btif ( 2751): LogMsg: bta_dm_observe_results_cb
01-19 08:40:17.364 I/bt_btif ( 2751): LogMsg: btif_ble_scanner_update_COD 60:77:71:fc:6b:9d cod is 0x000000
01-19 08:40:17.365 I/bt_btif ( 2751): LogMsg: btif_ble_scanner_update_COD cod in config 0x001f00, status=0
01-19 08:40:17.365 I/bt_btif ( 2751): LogMsg: btif_ble_scanner_update_COD invalid cod 0x0, use cod 0x1f00 in config
01-19 08:40:17.365 I/bt_btif ( 2751): LogMsg: bta_scan_results_cb_impl : type 0 channel 0
01-19 08:40:17.365 I/bt_btif ( 2751): LogMsg: bta_scan_results_cb_impl: HAL bt_gatt_callbacks->scanner->scan_result_cb
01-19 08:40:17.365 D/BtGatt.GattService( 2751): onScanResult() - eventType=0x1b, addressType=0, address=60:77:71:FC:6B:9D, primaryPhy=1, secondaryPhy=0, advertisingSid=0xff, txPower=127, rssi=-38, periodicAdvInt=0x0, originalAddress=60:77:71:FC:6B:9D, type=0, channel=0
01-19 08:40:17.367 V/BtGatt.GattService( 2751): Skipping data matching denylist: ScanRecord [mAdvertiseFlags=6, mServiceUuids=null, mServiceSolicitationUuids=[], mManufacturerSpecificData={76=[2, 21, 103, 72, -94, 2, -118, 62, 79, -106, -105, 9, 88, 85, 3, -10, -83, 105, 0, 0, 0, 30, -48]}, mServiceData={}, mTxPowerLevel=5, mDeviceName=USBeacon, mTDSData=null]
01-19 08:40:17.367 I/BtGatt.GattService( 2751): Skipping client for location deny list
01-19 08:40:17.444 D/VRR [OPlusSurfaceFlingerController]( 1654):  setTouchIdle : TouchIdleBean{mEnable=true, mHwEnable=false, mSwEnable=true, mAdfrEnable=false, mTimeOut=4000, mContentThreshold=-1, mContentGapMs=500, mBrightnessLimit=200, mNitLimit=-1, mLowestRate=60, mBlackList=[], mReadingWhiteList=[], mSpecialTimeOutMap={}, mSwWhiteMap={}, mSwNegligibleOverlay=[], mHwDisablePanel=[], mAdfrToHwList=[]}
01-19 08:40:17.445 D/VRR [OTI-HW]( 1123): isStateReady 0
01-19 08:40:17.445 D/VRR [OTI-HW]( 1123): rate range: min {id=0, hwcId=0, resolution=720x1600, refreshRate=60.00 Hz, dpi=269.21x269.21, group=0} cur {id=0, hwcId=0, resolution=720x1600, refreshRate=60.00 Hz, dpi=269.21x269.21, group=0} max {id=0, hwcId=0, resolution=720x1600, refreshRate=60.00 Hz, dpi=269.21x269.21, group=0}
01-19 08:40:17.445 D/VRR [OTI-HW]( 1123): keep rate.
01-19 08:40:17.549 V/bt_stack( 2751): [VERBOSE1:btm_ble_gap.cc(2613)] btm_ble_process_adv_addr: bda=6a:**:**:**:9f:90 addr_type=1
01-19 08:40:17.550 I/bt_btm  ( 2751): LogMsg: btm_ble_process_adv_pkt: pkt_data_len: 18
01-19 08:40:17.550 V/bt_stack( 2751): [VERBOSE1:btm_ble_gap.cc(2613)] btm_ble_process_adv_addr: bda=6a:**:**:**:9f:90 addr_type=1
01-19 08:40:17.551 I/bt_btm  ( 2751): LogMsg: btm_ble_process_adv_pkt: pkt_data_len: 0
01-19 08:40:17.551 I/bt_btif ( 2751): LogMsg: bta_dm_observe_results_cb
01-19 08:40:17.551 I/bt_btif ( 2751): LogMsg: btif_ble_scanner_update_COD 6a:af:89:63:9f:90 cod is 0x000000
01-19 08:40:17.551 I/bt_btif ( 2751): LogMsg: btif_ble_scanner_update_COD cod in config 0x001f00, status=0
01-19 08:40:17.551 I/bt_btif ( 2751): LogMsg: btif_ble_scanner_update_COD invalid cod 0x0, use cod 0x1f00 in config
01-19 08:40:17.552 I/bt_btif ( 2751): LogMsg: bta_scan_results_cb_impl : type 0 channel 0
01-19 08:40:17.552 I/bt_btif ( 2751): LogMsg: bta_scan_results_cb_impl: HAL bt_gatt_callbacks->scanner->scan_result_cb
01-19 08:40:17.553 D/BtGatt.GattService( 2751): onScanResult() - eventType=0x1b, addressType=1, address=6A:AF:89:63:9F:90, primaryPhy=1, secondaryPhy=0, advertisingSid=0xff, txPower=127, rssi=-92, periodicAdvInt=0x0, originalAddress=6A:AF:89:63:9F:90, type=0, channel=0
01-19 08:40:17.554 D/BtGatt.GattService( 2751): Skipping client: permission=true matches=false
01-19 08:40:17.564 V/bt_stack( 2751): [VERBOSE1:btm_ble_gap.cc(2613)] btm_ble_process_adv_addr: bda=60:**:**:**:6b:9d addr_type=0
01-19 08:40:17.564 I/bt_btm  ( 2751): LogMsg: btm_ble_process_adv_pkt: pkt_data_len: 30
01-19 08:40:17.565 V/bt_stack( 2751): [VERBOSE1:btm_ble_gap.cc(2613)] btm_ble_process_adv_addr: bda=60:**:**:**:6b:9d addr_type=0
01-19 08:40:17.566 I/bt_btm  ( 2751): LogMsg: btm_ble_process_adv_pkt: pkt_data_len: 19
01-19 08:40:17.566 I/bt_btif ( 2751): LogMsg: bta_dm_observe_results_cb
01-19 08:40:17.566 I/bt_btif ( 2751): LogMsg: btif_ble_scanner_update_COD 60:77:71:fc:6b:9d cod is 0x000000
01-19 08:40:17.566 I/bt_btif ( 2751): LogMsg: btif_ble_scanner_update_COD cod in config 0x001f00, status=0
01-19 08:40:17.566 I/bt_btif ( 2751): LogMsg: btif_ble_scanner_update_COD invalid cod 0x0, use cod 0x1f00 in config
01-19 08:40:17.567 I/bt_btif ( 2751): LogMsg: bta_scan_results_cb_impl : type 0 channel 0
01-19 08:40:17.567 I/bt_btif ( 2751): LogMsg: bta_scan_results_cb_impl: HAL bt_gatt_callbacks->scanner->scan_result_cb
01-19 08:40:17.568 D/BtGatt.GattService( 2751): onScanResult() - eventType=0x1b, addressType=0, address=60:77:71:FC:6B:9D, primaryPhy=1, secondaryPhy=0, advertisingSid=0xff, txPower=127, rssi=-36, periodicAdvInt=0x0, originalAddress=60:77:71:FC:6B:9D, type=0, channel=0
01-19 08:40:17.569 V/BtGatt.GattService( 2751): Skipping data matching denylist: ScanRecord [mAdvertiseFlags=6, mServiceUuids=null, mServiceSolicitationUuids=[], mManufacturerSpecificData={76=[2, 21, 103, 72, -94, 2, -118, 62, 79, -106, -105, 9, 88, 85, 3, -10, -83, 105, 0, 0, 0, 30, -48]}, mServiceData={}, mTxPowerLevel=5, mDeviceName=USBeacon, mTDSData=null]
01-19 08:40:17.569 I/BtGatt.GattService( 2751): Skipping client for location deny list
01-19 08:40:17.571 V/bt_stack( 2751): [VERBOSE1:btm_ble_gap.cc(2613)] btm_ble_process_adv_addr: bda=fe:**:**:**:11:29 addr_type=1
01-19 08:40:17.572 I/bt_btm  ( 2751): LogMsg: btm_ble_process_adv_pkt: pkt_data_len: 31
01-19 08:40:17.572 I/bt_btif ( 2751): LogMsg: bta_dm_observe_results_cb
01-19 08:40:17.572 I/bt_btif ( 2751): LogMsg: btif_ble_scanner_update_COD fe:fe:58:2c:11:29 cod is 0x000000
01-19 08:40:17.572 I/bt_btif ( 2751): LogMsg: btif_ble_scanner_update_COD cod in config 0x001f00, status=0
01-19 08:40:17.572 I/bt_btif ( 2751): LogMsg: btif_ble_scanner_update_COD invalid cod 0x0, use cod 0x1f00 in config
01-19 08:40:17.575 I/bt_btif ( 2751): LogMsg: bta_scan_results_cb_impl : type 0 channel 0
01-19 08:40:17.575 I/bt_btif ( 2751): LogMsg: bta_scan_results_cb_impl: HAL bt_gatt_callbacks->scanner->scan_result_cb
01-19 08:40:17.576 D/BtGatt.GattService( 2751): onScanResult() - eventType=0x10, addressType=1, address=FE:FE:58:2C:11:29, primaryPhy=1, secondaryPhy=0, advertisingSid=0xff, txPower=127, rssi=-93, periodicAdvInt=0x0, originalAddress=FE:FE:58:2C:11:29, type=0, channel=0
01-19 08:40:17.577 D/BtGatt.GattService( 2751): Skipping client: permission=true matches=false
01-19 08:40:17.596 V/bt_stack( 2751): [VERBOSE1:btm_ble_gap.cc(2613)] btm_ble_process_adv_addr: bda=7c:**:**:**:cd:91 addr_type=1
01-19 08:40:17.597 I/bt_btm  ( 2751): LogMsg: btm_ble_process_adv_pkt: pkt_data_len: 17
01-19 08:40:17.597 V/bt_stack( 2751): [VERBOSE1:btm_ble_gap.cc(2613)] btm_ble_process_adv_addr: bda=7c:**:**:**:cd:91 addr_type=1
01-19 08:40:17.597 I/bt_btm  ( 2751): LogMsg: btm_ble_process_adv_pkt: pkt_data_len: 0
01-19 08:40:17.597 I/bt_btif ( 2751): LogMsg: bta_dm_observe_results_cb
01-19 08:40:17.597 I/bt_btif ( 2751): LogMsg: btif_ble_scanner_update_COD 7c:30:e6:aa:cd:91 cod is 0x000000
01-19 08:40:17.598 I/bt_btif ( 2751): LogMsg: btif_ble_scanner_update_COD cod in config 0x000000, status=1
01-19 08:40:17.598 I/bt_btif ( 2751): LogMsg: btif_ble_scanner_update_COD invalid cod 0x0, use cod 0x0 in config
01-19 08:40:17.598 I/bt_btif ( 2751): LogMsg: btif_ble_scanner_update_COD cod is again 0, set as unclassified
01-19 08:40:17.598 I/bt_btif ( 2751): LogMsg: btif_ble_scanner_update_COD cod change 0x0=>0x1f00, update config
01-19 08:40:17.598 V/bt_stack( 2751): [VERBOSE1:btif_config.cc(499)] btif_config_get_bin: cannot find string for section 7c:30:e6:aa:cd:91, key LinkKey
01-19 08:40:17.599 I/bt_btif ( 2751): LogMsg: bta_scan_results_cb_impl dev_type change 0x0=>0x2, update config
01-19 08:40:17.599 V/bt_stack( 2751): [VERBOSE1:btif_config.cc(499)] btif_config_get_bin: cannot find string for section 7c:30:e6:aa:cd:91, key LinkKey
01-19 08:40:17.599 I/bt_btif ( 2751): LogMsg: btif_in_fetch_bonded_ble_device Found a LE device: 7c:30:e6:aa:cd:91
01-19 08:40:17.600 V/bt_stack( 2751): [VERBOSE1:btif_config.cc(499)] btif_config_get_bin: cannot find string for section 7c:30:e6:aa:cd:91, key LE_KEY_PENC
01-19 08:40:17.600 V/bt_stack( 2751): [VERBOSE1:btif_config.cc(499)] btif_config_get_bin: cannot find string for section 7c:30:e6:aa:cd:91, key LE_KEY_PID
01-19 08:40:17.600 V/bt_stack( 2751): [VERBOSE1:btif_config.cc(499)] btif_config_get_bin: cannot find string for section 7c:30:e6:aa:cd:91, key LE_KEY_LID
01-19 08:40:17.600 V/bt_stack( 2751): [VERBOSE1:btif_config.cc(499)] btif_config_get_bin: cannot find string for section 7c:30:e6:aa:cd:91, key LE_KEY_PCSRK
01-19 08:40:17.600 V/bt_stack( 2751): [VERBOSE1:btif_config.cc(499)] btif_config_get_bin: cannot find string for section 7c:30:e6:aa:cd:91, key LE_KEY_LENC
01-19 08:40:17.600 V/bt_stack( 2751): [VERBOSE1:btif_config.cc(499)] btif_config_get_bin: cannot find string for section 7c:30:e6:aa:cd:91, key LE_KEY_LCSRK
01-19 08:40:17.600 I/bt_btif ( 2751): LogMsg: bta_scan_results_cb_impl : type 0 channel 0
01-19 08:40:17.600 I/bt_btif ( 2751): LogMsg: bta_scan_results_cb_impl: HAL bt_gatt_callbacks->scanner->scan_result_cb
01-19 08:40:17.601 D/BtGatt.GattService( 2751): onScanResult() - eventType=0x1b, addressType=1, address=7C:30:E6:AA:CD:91, primaryPhy=1, secondaryPhy=0, advertisingSid=0xff, txPower=127, rssi=-91, periodicAdvInt=0x0, originalAddress=7C:30:E6:AA:CD:91, type=0, channel=0
01-19 08:40:17.601 D/BtGatt.GattService( 2751): Skipping client: permission=true matches=false
01-19 08:40:17.605 V/bt_stack( 2751): [VERBOSE1:btm_ble_gap.cc(2613)] btm_ble_process_adv_addr: bda=f0:**:**:**:1d:b0 addr_type=1
01-19 08:40:17.605 I/bt_btm  ( 2751): LogMsg: btm_ble_process_adv_pkt: pkt_data_len: 8
01-19 08:40:17.605 I/bt_btif ( 2751): LogMsg: bta_dm_observe_results_cb
01-19 08:40:17.605 I/bt_btif ( 2751): LogMsg: btif_ble_scanner_update_COD f0:9d:c5:3b:1d:b0 cod is 0x000000
01-19 08:40:17.606 I/bt_btif ( 2751): LogMsg: btif_ble_scanner_update_COD cod in config 0x000000, status=1
01-19 08:40:17.606 I/bt_btif ( 2751): LogMsg: btif_ble_scanner_update_COD invalid cod 0x0, use cod 0x0 in config
01-19 08:40:17.606 I/bt_btif ( 2751): LogMsg: btif_ble_scanner_update_COD cod is again 0, set as unclassified
01-19 08:40:17.606 I/bt_btif ( 2751): LogMsg: btif_ble_scanner_update_COD cod change 0x0=>0x1f00, update config
01-19 08:40:17.606 V/bt_stack( 2751): [VERBOSE1:btif_config.cc(499)] btif_config_get_bin: cannot find string for section f0:9d:c5:3b:1d:b0, key LinkKey
01-19 08:40:17.608 V/bt_stack( 2751): [VERBOSE1:btm_ble_gap.cc(2613)] btm_ble_process_adv_addr: bda=60:**:**:**:6a:ce addr_type=0
01-19 08:40:17.608 I/bt_btif ( 2751): LogMsg: bta_scan_results_cb_impl dev_type change 0x0=>0x2, update config
01-19 08:40:17.608 I/bt_btm  ( 2751): LogMsg: btm_ble_process_adv_pkt: pkt_data_len: 30
01-19 08:40:17.609 V/bt_stack( 2751): [VERBOSE1:btif_config.cc(499)] btif_config_get_bin: cannot find string for section f0:9d:c5:3b:1d:b0, key LinkKey
01-19 08:40:17.609 V/bt_stack( 2751): [VERBOSE1:btm_ble_gap.cc(2613)] btm_ble_process_adv_addr: bda=60:**:**:**:6a:ce addr_type=0
01-19 08:40:17.609 I/bt_btif ( 2751): LogMsg: btif_in_fetch_bonded_ble_device Found a LE device: f0:9d:c5:3b:1d:b0
01-19 08:40:17.609 I/bt_btm  ( 2751): LogMsg: btm_ble_process_adv_pkt: pkt_data_len: 0
01-19 08:40:17.609 V/bt_stack( 2751): [VERBOSE1:btif_config.cc(499)] btif_config_get_bin: cannot find string for section f0:9d:c5:3b:1d:b0, key LE_KEY_PENC
01-19 08:40:17.609 V/bt_stack( 2751): [VERBOSE1:btif_config.cc(499)] btif_config_get_bin: cannot find string for section f0:9d:c5:3b:1d:b0, key LE_KEY_PID
01-19 08:40:17.609 V/bt_stack( 2751): [VERBOSE1:btif_config.cc(499)] btif_config_get_bin: cannot find string for section f0:9d:c5:3b:1d:b0, key LE_KEY_LID
01-19 08:40:17.610 V/bt_stack( 2751): [VERBOSE1:btif_config.cc(499)] btif_config_get_bin: cannot find string for section f0:9d:c5:3b:1d:b0, key LE_KEY_PCSRK
01-19 08:40:17.610 V/bt_stack( 2751): [VERBOSE1:btif_config.cc(499)] btif_config_get_bin: cannot find string for section f0:9d:c5:3b:1d:b0, key LE_KEY_LENC
01-19 08:40:17.610 I/bt_btif ( 2751): LogMsg: bta_dm_observe_results_cb
01-19 08:40:17.610 I/bt_btif ( 2751): LogMsg: btif_ble_scanner_update_COD 60:77:71:fc:6a:ce cod is 0x000000
01-19 08:40:17.610 V/bt_stack( 2751): [VERBOSE1:btif_config.cc(499)] btif_config_get_bin: cannot find string for section f0:9d:c5:3b:1d:b0, key LE_KEY_LCSRK
01-19 08:40:17.611 I/bt_btif ( 2751): LogMsg: btif_ble_scanner_update_COD cod in config 0x001f00, status=0
01-19 08:40:17.611 I/bt_btif ( 2751): LogMsg: bta_scan_results_cb_impl : type 0 channel 0
01-19 08:40:17.611 I/bt_btif ( 2751): LogMsg: btif_ble_scanner_update_COD invalid cod 0x0, use cod 0x1f00 in config
01-19 08:40:17.611 I/bt_btif ( 2751): LogMsg: bta_scan_results_cb_impl: HAL bt_gatt_callbacks->scanner->scan_result_cb
01-19 08:40:17.611 D/BtGatt.GattService( 2751): onScanResult() - eventType=0x10, addressType=1, address=F0:9D:C5:3B:1D:B0, primaryPhy=1, secondaryPhy=0, advertisingSid=0xff, txPower=127, rssi=-91, periodicAdvInt=0x0, originalAddress=F0:9D:C5:3B:1D:B0, type=0, channel=0
01-19 08:40:17.612 D/BtGatt.GattService( 2751): Skipping client: permission=true matches=false
01-19 08:40:17.614 I/bt_btif ( 2751): LogMsg: bta_scan_results_cb_impl : type 0 channel 0
01-19 08:40:17.614 V/bt_stack( 2751): [VERBOSE1:btm_ble_gap.cc(2613)] btm_ble_process_adv_addr: bda=5a:**:**:**:86:ea addr_type=1
01-19 08:40:17.614 I/bt_btif ( 2751): LogMsg: bta_scan_results_cb_impl: HAL bt_gatt_callbacks->scanner->scan_result_cb
01-19 08:40:17.614 I/bt_btm  ( 2751): LogMsg: btm_ble_process_adv_pkt: pkt_data_len: 27
01-19 08:40:17.614 I/bt_btif ( 2751): LogMsg: bta_dm_observe_results_cb
01-19 08:40:17.614 I/bt_btif ( 2751): LogMsg: btif_ble_scanner_update_COD 5a:ed:73:48:86:ea cod is 0x000000
01-19 08:40:17.614 D/BtGatt.GattService( 2751): onScanResult() - eventType=0x1b, addressType=0, address=60:77:71:FC:6A:CE, primaryPhy=1, secondaryPhy=0, advertisingSid=0xff, txPower=127, rssi=-46, periodicAdvInt=0x0, originalAddress=60:77:71:FC:6A:CE, type=0, channel=0
01-19 08:40:17.614 I/bt_btif ( 2751): LogMsg: btif_ble_scanner_update_COD cod in config 0x001f00, status=0
01-19 08:40:17.614 I/bt_btif ( 2751): LogMsg: btif_ble_scanner_update_COD invalid cod 0x0, use cod 0x1f00 in config
01-19 08:40:17.616 V/BtGatt.GattService( 2751): Skipping data matching denylist: ScanRecord [mAdvertiseFlags=6, mServiceUuids=null, mServiceSolicitationUuids=[], mManufacturerSpecificData={76=[2, 21, 82, 110, 48, 114, -26, -55, 73, 55, -87, 25, 64, 117, 6, -47, -12, 80, 0, 0, 0, 0, -48]}, mServiceData={}, mTxPowerLevel=-2147483648, mDeviceName=null, mTDSData=null]
01-19 08:40:17.616 I/BtGatt.GattService( 2751): Skipping client for location deny list
01-19 08:40:17.617 I/bt_btif ( 2751): LogMsg: bta_scan_results_cb_impl : type 0 channel 0
01-19 08:40:17.617 V/bt_stack( 2751): [VERBOSE1:btm_ble_gap.cc(2613)] btm_ble_process_adv_addr: bda=3f:**:**:**:16:b2 addr_type=1
01-19 08:40:17.617 I/bt_btm  ( 2751): LogMsg: btm_ble_process_adv_pkt: pkt_data_len: 15
01-19 08:40:17.617 I/bt_btif ( 2751): LogMsg: bta_scan_results_cb_impl: HAL bt_gatt_callbacks->scanner->scan_result_cb
01-19 08:40:17.618 I/bt_btif ( 2751): LogMsg: bta_dm_observe_results_cb
01-19 08:40:17.618 I/bt_btif ( 2751): LogMsg: btif_ble_scanner_update_COD 3f:ce:4c:6e:16:b2 cod is 0x000000
01-19 08:40:17.618 I/bt_btif ( 2751): LogMsg: btif_ble_scanner_update_COD cod in config 0x001f00, status=0
01-19 08:40:17.618 I/bt_btif ( 2751): LogMsg: btif_ble_scanner_update_COD invalid cod 0x0, use cod 0x1f00 in config
01-19 08:40:17.618 D/BtGatt.GattService( 2751): onScanResult() - eventType=0x10, addressType=1, address=5A:ED:73:48:86:EA, primaryPhy=1, secondaryPhy=0, advertisingSid=0xff, txPower=127, rssi=-48, periodicAdvInt=0x0, originalAddress=5A:ED:73:48:86:EA, type=0, channel=0
01-19 08:40:17.619 D/BtGatt.GattService( 2751): Skipping client: permission=true matches=false
01-19 08:40:17.623 I/bt_btif ( 2751): LogMsg: bta_scan_results_cb_impl : type 0 channel 0
01-19 08:40:17.624 I/bt_btif ( 2751): LogMsg: bta_scan_results_cb_impl: HAL bt_gatt_callbacks->scanner->scan_result_cb
01-19 08:40:17.624 D/BtGatt.GattService( 2751): onScanResult() - eventType=0x10, addressType=1, address=3F:CE:4C:6E:16:B2, primaryPhy=1, secondaryPhy=0, advertisingSid=0xff, txPower=127, rssi=-86, periodicAdvInt=0x0, originalAddress=3F:CE:4C:6E:16:B2, type=0, channel=0
01-19 08:40:17.624 D/BtGatt.GattService( 2751): Skipping client: permission=true matches=false
01-19 08:40:17.643 V/bt_stack( 2751): [VERBOSE1:btm_ble_gap.cc(2613)] btm_ble_process_adv_addr: bda=f0:**:**:**:a1:18 addr_type=0
01-19 08:40:17.643 I/bt_btm  ( 2751): LogMsg: btm_ble_process_adv_pkt: pkt_data_len: 24
01-19 08:40:17.643 V/bt_stack( 2751): [VERBOSE1:btm_ble_gap.cc(2613)] btm_ble_process_adv_addr: bda=f0:**:**:**:a1:18 addr_type=0
01-19 08:40:17.643 I/bt_btm  ( 2751): LogMsg: btm_ble_process_adv_pkt: pkt_data_len: 0
01-19 08:40:17.644 I/bt_btif ( 2751): LogMsg: interop_mtk_match_addr_byconfig:[MtkLeDeviceTypeAdjust] check f0:**:**:**:a1:18 in 33:ee:55
01-19 08:40:17.644 I/bt_btm  ( 2751): LogMsg: btm_find_dev: bda=f0:b3:ec:28:a1:18 is not found
01-19 08:40:17.644 I/bt_btm  ( 2751): LogMsg: btm_find_dev: bda=f0:b3:ec:28:a1:18 is not found
01-19 08:40:17.644 I/bt_btif ( 2751): LogMsg: bta_dm_observe_results_cb
01-19 08:40:17.644 I/bt_btif ( 2751): LogMsg: btif_ble_scanner_update_COD f0:b3:ec:28:a1:18 cod is 0x000000
01-19 08:40:17.644 I/bt_btif ( 2751): LogMsg: btif_ble_scanner_update_COD cod in config 0x001f00, status=0
01-19 08:40:17.644 I/bt_btif ( 2751): LogMsg: btif_ble_scanner_update_COD invalid cod 0x0, use cod 0x1f00 in config
01-19 08:40:17.644 I/bt_btif ( 2751): LogMsg: bta_scan_results_cb_impl : type 0 channel 0
01-19 08:40:17.644 I/bt_btif ( 2751): LogMsg: bta_scan_results_cb_impl: HAL bt_gatt_callbacks->scanner->scan_result_cb
01-19 08:40:17.645 D/BtGatt.GattService( 2751): onScanResult() - eventType=0x1b, addressType=0, address=F0:B3:EC:28:A1:18, primaryPhy=1, secondaryPhy=0, advertisingSid=0xff, txPower=127, rssi=-88, periodicAdvInt=0x0, originalAddress=F0:B3:EC:28:A1:18, type=0, channel=0
01-19 08:40:17.645 D/BtGatt.GattService( 2751): Skipping client: permission=true matches=false
01-19 08:40:17.666 V/bt_stack( 2751): [VERBOSE1:btm_ble_gap.cc(2613)] btm_ble_process_adv_addr: bda=60:**:**:**:6b:9d addr_type=0
01-19 08:40:17.666 I/bt_btm  ( 2751): LogMsg: btm_ble_process_adv_pkt: pkt_data_len: 30
01-19 08:40:17.667 V/bt_stack( 2751): [VERBOSE1:btm_ble_gap.cc(2613)] btm_ble_process_adv_addr: bda=60:**:**:**:6b:9d addr_type=0
01-19 08:40:17.667 I/bt_btm  ( 2751): LogMsg: btm_ble_process_adv_pkt: pkt_data_len: 19
01-19 08:40:17.667 I/bt_btif ( 2751): LogMsg: bta_dm_observe_results_cb
01-19 08:40:17.667 I/bt_btif ( 2751): LogMsg: btif_ble_scanner_update_COD 60:77:71:fc:6b:9d cod is 0x000000
01-19 08:40:17.668 I/bt_btif ( 2751): LogMsg: btif_ble_scanner_update_COD cod in config 0x001f00, status=0
01-19 08:40:17.668 I/bt_btif ( 2751): LogMsg: btif_ble_scanner_update_COD invalid cod 0x0, use cod 0x1f00 in config
01-19 08:40:17.668 I/bt_btif ( 2751): LogMsg: bta_scan_results_cb_impl : type 0 channel 0
01-19 08:40:17.668 I/bt_btif ( 2751): LogMsg: bta_scan_results_cb_impl: HAL bt_gatt_callbacks->scanner->scan_result_cb
01-19 08:40:17.669 D/BtGatt.GattService( 2751): onScanResult() - eventType=0x1b, addressType=0, address=60:77:71:FC:6B:9D, primaryPhy=1, secondaryPhy=0, advertisingSid=0xff, txPower=127, rssi=-35, periodicAdvInt=0x0, originalAddress=60:77:71:FC:6B:9D, type=0, channel=0
01-19 08:40:17.670 V/BtGatt.GattService( 2751): Skipping data matching denylist: ScanRecord [mAdvertiseFlags=6, mServiceUuids=null, mServiceSolicitationUuids=[], mManufacturerSpecificData={76=[2, 21, 103, 72, -94, 2, -118, 62, 79, -106, -105, 9, 88, 85, 3, -10, -83, 105, 0, 0, 0, 30, -48]}, mServiceData={}, mTxPowerLevel=5, mDeviceName=USBeacon, mTDSData=null]
01-19 08:40:17.670 I/BtGatt.GattService( 2751): Skipping client for location deny list
01-19 08:40:17.676 V/bt_stack( 2751): [VERBOSE1:btm_ble_gap.cc(2613)] btm_ble_process_adv_addr: bda=4b:**:**:**:38:76 addr_type=1
01-19 08:40:17.676 I/bt_btm  ( 2751): LogMsg: btm_ble_process_adv_pkt: pkt_data_len: 18
01-19 08:40:17.676 V/bt_stack( 2751): [VERBOSE1:btm_ble_gap.cc(2613)] btm_ble_process_adv_addr: bda=4b:**:**:**:38:76 addr_type=1
01-19 08:40:17.676 I/bt_btm  ( 2751): LogMsg: btm_ble_process_adv_pkt: pkt_data_len: 0
01-19 08:40:17.677 I/bt_btif ( 2751): LogMsg: bta_dm_observe_results_cb
01-19 08:40:17.677 I/bt_btif ( 2751): LogMsg: btif_ble_scanner_update_COD 4b:f2:87:a2:38:76 cod is 0x000000
01-19 08:40:17.677 I/bt_btif ( 2751): LogMsg: btif_ble_scanner_update_COD cod in config 0x001f00, status=0
01-19 08:40:17.677 I/bt_btif ( 2751): LogMsg: btif_ble_scanner_update_COD invalid cod 0x0, use cod 0x1f00 in config
01-19 08:40:17.678 I/bt_btif ( 2751): LogMsg: bta_scan_results_cb_impl : type 0 channel 0
01-19 08:40:17.678 I/bt_btif ( 2751): LogMsg: bta_scan_results_cb_impl: HAL bt_gatt_callbacks->scanner->scan_result_cb
01-19 08:40:17.678 D/BtGatt.GattService( 2751): onScanResult() - eventType=0x1b, addressType=1, address=4B:F2:87:A2:38:76, primaryPhy=1, secondaryPhy=0, advertisingSid=0xff, txPower=127, rssi=-48, periodicAdvInt=0x0, originalAddress=4B:F2:87:A2:38:76, type=0, channel=0
01-19 08:40:17.679 D/BtGatt.GattService( 2751): Skipping client: permission=true matches=false
01-19 08:40:17.704 V/bt_stack( 2751): [VERBOSE1:btm_ble_gap.cc(2613)] btm_ble_process_adv_addr: bda=50:**:**:**:cb:82 addr_type=1
01-19 08:40:17.704 I/bt_btm  ( 2751): LogMsg: btm_ble_process_adv_pkt: pkt_data_len: 19
01-19 08:40:17.704 V/bt_stack( 2751): [VERBOSE1:btm_ble_gap.cc(2613)] btm_ble_process_adv_addr: bda=50:**:**:**:cb:82 addr_type=1
01-19 08:40:17.704 I/bt_btm  ( 2751): LogMsg: btm_ble_process_adv_pkt: pkt_data_len: 0
01-19 08:40:17.705 I/bt_btif ( 2751): LogMsg: bta_dm_observe_results_cb
01-19 08:40:17.705 I/bt_btif ( 2751): LogMsg: btif_ble_scanner_update_COD 50:79:8b:e6:cb:82 cod is 0x000000
01-19 08:40:17.705 I/bt_btif ( 2751): LogMsg: btif_ble_scanner_update_COD cod in config 0x001f00, status=0
01-19 08:40:17.705 I/bt_btif ( 2751): LogMsg: btif_ble_scanner_update_COD invalid cod 0x0, use cod 0x1f00 in config
01-19 08:40:17.705 I/bt_btif ( 2751): LogMsg: bta_scan_results_cb_impl : type 0 channel 0
01-19 08:40:17.706 I/bt_btif ( 2751): LogMsg: bta_scan_results_cb_impl: HAL bt_gatt_callbacks->scanner->scan_result_cb
01-19 08:40:17.707 D/BtGatt.GattService( 2751): onScanResult() - eventType=0x1b, addressType=1, address=50:79:8B:E6:CB:82, primaryPhy=1, secondaryPhy=0, advertisingSid=0xff, txPower=127, rssi=-68, periodicAdvInt=0x0, originalAddress=50:79:8B:E6:CB:82, type=0, channel=0
01-19 08:40:17.708 D/BtGatt.GattService( 2751): Skipping client: permission=true matches=false
01-19 08:40:17.717 V/bt_stack( 2751): [VERBOSE1:btm_ble_gap.cc(2613)] btm_ble_process_adv_addr: bda=60:**:**:**:6a:ce addr_type=0
01-19 08:40:17.718 I/bt_btm  ( 2751): LogMsg: btm_ble_process_adv_pkt: pkt_data_len: 30
01-19 08:40:17.719 V/bt_stack( 2751): [VERBOSE1:btm_ble_gap.cc(2613)] btm_ble_process_adv_addr: bda=60:**:**:**:6a:ce addr_type=0
01-19 08:40:17.719 I/bt_btm  ( 2751): LogMsg: btm_ble_process_adv_pkt: pkt_data_len: 0
01-19 08:40:17.719 I/bt_btif ( 2751): LogMsg: bta_dm_observe_results_cb
01-19 08:40:17.719 I/bt_btif ( 2751): LogMsg: btif_ble_scanner_update_COD 60:77:71:fc:6a:ce cod is 0x000000
01-19 08:40:17.719 I/bt_btif ( 2751): LogMsg: btif_ble_scanner_update_COD cod in config 0x001f00, status=0
01-19 08:40:17.719 I/bt_btif ( 2751): LogMsg: btif_ble_scanner_update_COD invalid cod 0x0, use cod 0x1f00 in config
01-19 08:40:17.720 I/bt_btif ( 2751): LogMsg: bta_scan_results_cb_impl : type 0 channel 0
01-19 08:40:17.720 I/bt_btif ( 2751): LogMsg: bta_scan_results_cb_impl: HAL bt_gatt_callbacks->scanner->scan_result_cb
01-19 08:40:17.720 V/bt_stack( 2751): [VERBOSE1:btm_ble_gap.cc(2613)] btm_ble_process_adv_addr: bda=6c:**:**:**:ab:86 addr_type=1
01-19 08:40:17.720 I/bt_btm  ( 2751): LogMsg: btm_ble_process_adv_pkt: pkt_data_len: 18
01-19 08:40:17.720 D/BtGatt.GattService( 2751): onScanResult() - eventType=0x1b, addressType=0, address=60:77:71:FC:6A:CE, primaryPhy=1, secondaryPhy=0, advertisingSid=0xff, txPower=127, rssi=-62, periodicAdvInt=0x0, originalAddress=60:77:71:FC:6A:CE, type=0, channel=0
01-19 08:40:17.721 V/bt_stack( 2751): [VERBOSE1:btm_ble_gap.cc(2613)] btm_ble_process_adv_addr: bda=6c:**:**:**:ab:86 addr_type=1
01-19 08:40:17.721 V/BtGatt.GattService( 2751): Skipping data matching denylist: ScanRecord [mAdvertiseFlags=6, mServiceUuids=null, mServiceSolicitationUuids=[], mManufacturerSpecificData={76=[2, 21, 82, 110, 48, 114, -26, -55, 73, 55, -87, 25, 64, 117, 6, -47, -12, 80, 0, 0, 0, 0, -48]}, mServiceData={}, mTxPowerLevel=-2147483648, mDeviceName=null, mTDSData=null]
01-19 08:40:17.721 I/bt_btm  ( 2751): LogMsg: btm_ble_process_adv_pkt: pkt_data_len: 0
01-19 08:40:17.722 I/BtGatt.GattService( 2751): Skipping client for location deny list
01-19 08:40:17.722 I/bt_btif ( 2751): LogMsg: bta_dm_observe_results_cb
01-19 08:40:17.722 I/bt_btif ( 2751): LogMsg: btif_ble_scanner_update_COD 6c:e9:75:69:ab:86 cod is 0x000000
01-19 08:40:17.722 I/bt_btif ( 2751): LogMsg: btif_ble_scanner_update_COD cod in config 0x001f00, status=0
01-19 08:40:17.722 I/bt_btif ( 2751): LogMsg: btif_ble_scanner_update_COD invalid cod 0x0, use cod 0x1f00 in config
01-19 08:40:17.726 I/bt_btif ( 2751): LogMsg: bta_scan_results_cb_impl : type 0 channel 0
01-19 08:40:17.727 I/bt_btif ( 2751): LogMsg: bta_scan_results_cb_impl: HAL bt_gatt_callbacks->scanner->scan_result_cb
01-19 08:40:17.727 D/BtGatt.GattService( 2751): onScanResult() - eventType=0x1b, addressType=1, address=6C:E9:75:69:AB:86, primaryPhy=1, secondaryPhy=0, advertisingSid=0xff, txPower=127, rssi=-52, periodicAdvInt=0x0, originalAddress=6C:E9:75:69:AB:86, type=0, channel=0
01-19 08:40:17.728 D/BtGatt.GattService( 2751): Skipping client: permission=true matches=false
01-19 08:40:17.731 V/bt_stack( 2751): [VERBOSE1:btm_ble_gap.cc(2613)] btm_ble_process_adv_addr: bda=54:**:**:**:96:19 addr_type=1
01-19 08:40:17.732 I/bt_btm  ( 2751): LogMsg: btm_ble_process_adv_pkt: pkt_data_len: 18
01-19 08:40:17.733 V/bt_stack( 2751): [VERBOSE1:btm_ble_gap.cc(2613)] btm_ble_process_adv_addr: bda=54:**:**:**:96:19 addr_type=1
01-19 08:40:17.733 I/bt_btm  ( 2751): LogMsg: btm_ble_process_adv_pkt: pkt_data_len: 0
01-19 08:40:17.733 I/bt_btif ( 2751): LogMsg: bta_dm_observe_results_cb
01-19 08:40:17.733 I/bt_btif ( 2751): LogMsg: btif_ble_scanner_update_COD 54:c3:3a:9a:96:19 cod is 0x000000
01-19 08:40:17.733 I/bt_btif ( 2751): LogMsg: btif_ble_scanner_update_COD cod in config 0x001f00, status=0
01-19 08:40:17.734 I/bt_btif ( 2751): LogMsg: btif_ble_scanner_update_COD invalid cod 0x0, use cod 0x1f00 in config
01-19 08:40:17.734 I/bt_btif ( 2751): LogMsg: bta_scan_results_cb_impl : type 0 channel 0
01-19 08:40:17.734 I/bt_btif ( 2751): LogMsg: bta_scan_results_cb_impl: HAL bt_gatt_callbacks->scanner->scan_result_cb
01-19 08:40:17.735 D/BtGatt.GattService( 2751): onScanResult() - eventType=0x1b, addressType=1, address=54:C3:3A:9A:96:19, primaryPhy=1, secondaryPhy=0, advertisingSid=0xff, txPower=127, rssi=-72, periodicAdvInt=0x0, originalAddress=54:C3:3A:9A:96:19, type=0, channel=0
01-19 08:40:17.736 D/BtGatt.GattService( 2751): Skipping client: permission=true matches=false
01-19 08:40:17.738 V/bt_stack( 2751): [VERBOSE1:btm_ble_gap.cc(2613)] btm_ble_process_adv_addr: bda=7b:**:**:**:f6:2d addr_type=1
01-19 08:40:17.738 I/bt_btm  ( 2751): LogMsg: btm_ble_process_adv_pkt: pkt_data_len: 17
01-19 08:40:17.739 V/bt_stack( 2751): [VERBOSE1:btm_ble_gap.cc(2613)] btm_ble_process_adv_addr: bda=7b:**:**:**:f6:2d addr_type=1
01-19 08:40:17.740 I/bt_btm  ( 2751): LogMsg: btm_ble_process_adv_pkt: pkt_data_len: 0
01-19 08:40:17.740 I/bt_btif ( 2751): LogMsg: bta_dm_observe_results_cb
01-19 08:40:17.740 I/bt_btif ( 2751): LogMsg: btif_ble_scanner_update_COD 7b:c5:24:8f:f6:2d cod is 0x000000
01-19 08:40:17.740 I/bt_btif ( 2751): LogMsg: btif_ble_scanner_update_COD cod in config 0x001f00, status=0
01-19 08:40:17.740 I/bt_btif ( 2751): LogMsg: btif_ble_scanner_update_COD invalid cod 0x0, use cod 0x1f00 in config
01-19 08:40:17.741 I/bt_btif ( 2751): LogMsg: bta_scan_results_cb_impl : type 0 channel 0
01-19 08:40:17.741 I/bt_btif ( 2751): LogMsg: bta_scan_results_cb_impl: HAL bt_gatt_callbacks->scanner->scan_result_cb
01-19 08:40:17.741 D/BtGatt.GattService( 2751): onScanResult() - eventType=0x1b, addressType=1, address=7B:C5:24:8F:F6:2D, primaryPhy=1, secondaryPhy=0, advertisingSid=0xff, txPower=127, rssi=-74, periodicAdvInt=0x0, originalAddress=7B:C5:24:8F:F6:2D, type=0, channel=0
01-19 08:40:17.742 D/BtGatt.GattService( 2751): Skipping client: permission=true matches=false
01-19 08:40:17.768 V/bt_stack( 2751): [VERBOSE1:btm_ble_gap.cc(2613)] btm_ble_process_adv_addr: bda=60:**:**:**:6b:9d addr_type=0
01-19 08:40:17.768 I/bt_btm  ( 2751): LogMsg: btm_ble_process_adv_pkt: pkt_data_len: 30
01-19 08:40:17.769 V/bt_stack( 2751): [VERBOSE1:btm_ble_gap.cc(2613)] btm_ble_process_adv_addr: bda=60:**:**:**:6b:9d addr_type=0
01-19 08:40:17.769 I/bt_btm  ( 2751): LogMsg: btm_ble_process_adv_pkt: pkt_data_len: 19
01-19 08:40:17.769 I/bt_btif ( 2751): LogMsg: bta_dm_observe_results_cb
01-19 08:40:17.769 I/bt_btif ( 2751): LogMsg: btif_ble_scanner_update_COD 60:77:71:fc:6b:9d cod is 0x000000
01-19 08:40:17.769 I/bt_btif ( 2751): LogMsg: btif_ble_scanner_update_COD cod in config 0x001f00, status=0
01-19 08:40:17.769 I/bt_btif ( 2751): LogMsg: btif_ble_scanner_update_COD invalid cod 0x0, use cod 0x1f00 in config
01-19 08:40:17.770 I/bt_btif ( 2751): LogMsg: bta_scan_results_cb_impl : type 0 channel 0
01-19 08:40:17.771 I/bt_btif ( 2751): LogMsg: bta_scan_results_cb_impl: HAL bt_gatt_callbacks->scanner->scan_result_cb
01-19 08:40:17.771 D/BtGatt.GattService( 2751): onScanResult() - eventType=0x1b, addressType=0, address=60:77:71:FC:6B:9D, primaryPhy=1, secondaryPhy=0, advertisingSid=0xff, txPower=127, rssi=-37, periodicAdvInt=0x0, originalAddress=60:77:71:FC:6B:9D, type=0, channel=0
01-19 08:40:17.773 V/BtGatt.GattService( 2751): Skipping data matching denylist: ScanRecord [mAdvertiseFlags=6, mServiceUuids=null, mServiceSolicitationUuids=[], mManufacturerSpecificData={76=[2, 21, 103, 72, -94, 2, -118, 62, 79, -106, -105, 9, 88, 85, 3, -10, -83, 105, 0, 0, 0, 30, -48]}, mServiceData={}, mTxPowerLevel=5, mDeviceName=USBeacon, mTDSData=null]
01-19 08:40:17.773 I/BtGatt.GattService( 2751): Skipping client for location deny list
01-19 08:40:17.794 D/AppSwitchObserverHelper(23265): packageName: com.THLight.BLE.USBeacon.Writer.Simple.dev,com.android.launcher
01-19 08:40:17.797 V/bt_stack( 2751): [VERBOSE1:btm_ble_gap.cc(2613)] btm_ble_process_adv_addr: bda=5a:**:**:**:86:ea addr_type=1
01-19 08:40:17.797 I/bt_btm  ( 2751): LogMsg: btm_ble_process_adv_pkt: pkt_data_len: 27
01-19 08:40:17.797 I/bt_btif ( 2751): LogMsg: bta_dm_observe_results_cb
01-19 08:40:17.797 I/bt_btif ( 2751): LogMsg: btif_ble_scanner_update_COD 5a:ed:73:48:86:ea cod is 0x000000
01-19 08:40:17.797 I/bt_btif ( 2751): LogMsg: btif_ble_scanner_update_COD cod in config 0x001f00, status=0
01-19 08:40:17.797 I/bt_btif ( 2751): LogMsg: btif_ble_scanner_update_COD invalid cod 0x0, use cod 0x1f00 in config
01-19 08:40:17.798 I/bt_btif ( 2751): LogMsg: bta_scan_results_cb_impl : type 0 channel 0
01-19 08:40:17.798 I/bt_btif ( 2751): LogMsg: bta_scan_results_cb_impl: HAL bt_gatt_callbacks->scanner->scan_result_cb
01-19 08:40:17.798 D/BtGatt.GattService( 2751): onScanResult() - eventType=0x10, addressType=1, address=5A:ED:73:48:86:EA, primaryPhy=1, secondaryPhy=0, advertisingSid=0xff, txPower=127, rssi=-48, periodicAdvInt=0x0, originalAddress=5A:ED:73:48:86:EA, type=0, channel=0
01-19 08:40:17.800 D/BtGatt.GattService( 2751): Skipping client: permission=true matches=false
01-19 08:40:17.800 V/bt_stack( 2751): [VERBOSE1:btm_ble_gap.cc(2613)] btm_ble_process_adv_addr: bda=3f:**:**:**:16:b2 addr_type=1
01-19 08:40:17.800 I/bt_btm  ( 2751): LogMsg: btm_ble_process_adv_pkt: pkt_data_len: 15
01-19 08:40:17.800 I/bt_btif ( 2751): LogMsg: bta_dm_observe_results_cb
01-19 08:40:17.800 I/bt_btif ( 2751): LogMsg: btif_ble_scanner_update_COD 3f:ce:4c:6e:16:b2 cod is 0x000000
01-19 08:40:17.800 I/bt_btif ( 2751): LogMsg: btif_ble_scanner_update_COD cod in config 0x001f00, status=0
01-19 08:40:17.800 I/bt_btif ( 2751): LogMsg: btif_ble_scanner_update_COD invalid cod 0x0, use cod 0x1f00 in config
01-19 08:40:17.801 I/bt_btif ( 2751): LogMsg: bta_scan_results_cb_impl : type 0 channel 0
01-19 08:40:17.801 I/bt_btif ( 2751): LogMsg: bta_scan_results_cb_impl: HAL bt_gatt_callbacks->scanner->scan_result_cb
01-19 08:40:17.802 D/BtGatt.GattService( 2751): onScanResult() - eventType=0x10, addressType=1, address=3F:CE:4C:6E:16:B2, primaryPhy=1, secondaryPhy=0, advertisingSid=0xff, txPower=127, rssi=-63, periodicAdvInt=0x0, originalAddress=3F:CE:4C:6E:16:B2, type=0, channel=0
01-19 08:40:17.803 D/BtGatt.GattService( 2751): Skipping client: permission=true matches=false
01-19 08:40:17.822 V/bt_stack( 2751): [VERBOSE1:btm_ble_gap.cc(2613)] btm_ble_process_adv_addr: bda=60:**:**:**:6a:ce addr_type=0
01-19 08:40:17.822 I/bt_btm  ( 2751): LogMsg: btm_ble_process_adv_pkt: pkt_data_len: 30
01-19 08:40:17.823 V/bt_stack( 2751): [VERBOSE1:btm_ble_gap.cc(2613)] btm_ble_process_adv_addr: bda=60:**:**:**:6a:ce addr_type=0
01-19 08:40:17.823 I/bt_btm  ( 2751): LogMsg: btm_ble_process_adv_pkt: pkt_data_len: 0
01-19 08:40:17.823 I/bt_btif ( 2751): LogMsg: bta_dm_observe_results_cb
01-19 08:40:17.823 I/bt_btif ( 2751): LogMsg: btif_ble_scanner_update_COD 60:77:71:fc:6a:ce cod is 0x000000
01-19 08:40:17.824 I/bt_btif ( 2751): LogMsg: btif_ble_scanner_update_COD cod in config 0x001f00, status=0
01-19 08:40:17.824 I/bt_btif ( 2751): LogMsg: btif_ble_scanner_update_COD invalid cod 0x0, use cod 0x1f00 in config
01-19 08:40:17.825 I/bt_btif ( 2751): LogMsg: bta_scan_results_cb_impl : type 0 channel 0
01-19 08:40:17.826 I/bt_btif ( 2751): LogMsg: bta_scan_results_cb_impl: HAL bt_gatt_callbacks->scanner->scan_result_cb
01-19 08:40:17.826 D/BtGatt.GattService( 2751): onScanResult() - eventType=0x1b, addressType=0, address=60:77:71:FC:6A:CE, primaryPhy=1, secondaryPhy=0, advertisingSid=0xff, txPower=127, rssi=-47, periodicAdvInt=0x0, originalAddress=60:77:71:FC:6A:CE, type=0, channel=0
01-19 08:40:17.827 V/BtGatt.GattService( 2751): Skipping data matching denylist: ScanRecord [mAdvertiseFlags=6, mServiceUuids=null, mServiceSolicitationUuids=[], mManufacturerSpecificData={76=[2, 21, 82, 110, 48, 114, -26, -55, 73, 55, -87, 25, 64, 117, 6, -47, -12, 80, 0, 0, 0, 0, -48]}, mServiceData={}, mTxPowerLevel=-2147483648, mDeviceName=null, mTDSData=null]
01-19 08:40:17.827 I/BtGatt.GattService( 2751): Skipping client for location deny list
01-19 08:40:17.848 V/bt_stack( 2751): [VERBOSE1:btm_ble_gap.cc(2613)] btm_ble_process_adv_addr: bda=6a:**:**:**:9f:90 addr_type=1
01-19 08:40:17.848 I/bt_btm  ( 2751): LogMsg: btm_ble_process_adv_pkt: pkt_data_len: 18
01-19 08:40:17.849 V/bt_stack( 2751): [VERBOSE1:btm_ble_gap.cc(2613)] btm_ble_process_adv_addr: bda=6a:**:**:**:9f:90 addr_type=1
01-19 08:40:17.849 I/bt_btm  ( 2751): LogMsg: btm_ble_process_adv_pkt: pkt_data_len: 0
01-19 08:40:17.849 I/bt_btif ( 2751): LogMsg: bta_dm_observe_results_cb
01-19 08:40:17.849 I/bt_btif ( 2751): LogMsg: btif_ble_scanner_update_COD 6a:af:89:63:9f:90 cod is 0x000000
01-19 08:40:17.849 I/bt_btif ( 2751): LogMsg: btif_ble_scanner_update_COD cod in config 0x001f00, status=0
01-19 08:40:17.849 I/bt_btif ( 2751): LogMsg: btif_ble_scanner_update_COD invalid cod 0x0, use cod 0x1f00 in config
01-19 08:40:17.850 I/bt_btif ( 2751): LogMsg: bta_scan_results_cb_impl : type 0 channel 0
01-19 08:40:17.850 I/bt_btif ( 2751): LogMsg: bta_scan_results_cb_impl: HAL bt_gatt_callbacks->scanner->scan_result_cb
01-19 08:40:17.850 D/BtGatt.GattService( 2751): onScanResult() - eventType=0x1b, addressType=1, address=6A:AF:89:63:9F:90, primaryPhy=1, secondaryPhy=0, advertisingSid=0xff, txPower=127, rssi=-93, periodicAdvInt=0x0, originalAddress=6A:AF:89:63:9F:90, type=0, channel=0
01-19 08:40:17.851 D/BtGatt.GattService( 2751): Skipping client: permission=true matches=false
01-19 08:40:17.858 V/bt_stack( 2751): [VERBOSE1:btm_ble_gap.cc(2613)] btm_ble_process_adv_addr: bda=78:**:**:**:68:8b addr_type=1
01-19 08:40:17.858 I/bt_btm  ( 2751): LogMsg: btm_ble_process_adv_pkt: pkt_data_len: 19
01-19 08:40:17.859 V/bt_stack( 2751): [VERBOSE1:btm_ble_gap.cc(2613)] btm_ble_process_adv_addr: bda=78:**:**:**:68:8b addr_type=1
01-19 08:40:17.859 I/bt_btm  ( 2751): LogMsg: btm_ble_process_adv_pkt: pkt_data_len: 21
01-19 08:40:17.859 I/bt_btif ( 2751): LogMsg: bta_dm_observe_results_cb
01-19 08:40:17.859 I/bt_btif ( 2751): LogMsg: btif_ble_scanner_update_COD 78:ed:7e:c6:68:8b cod is 0x000000
01-19 08:40:17.859 I/bt_btif ( 2751): LogMsg: btif_ble_scanner_update_COD cod in config 0x001f00, status=0
01-19 08:40:17.859 I/bt_btif ( 2751): LogMsg: btif_ble_scanner_update_COD invalid cod 0x0, use cod 0x1f00 in config
01-19 08:40:17.860 I/bt_btif ( 2751): LogMsg: bta_scan_results_cb_impl : type 0 channel 0
01-19 08:40:17.860 I/bt_btif ( 2751): LogMsg: bta_scan_results_cb_impl: HAL bt_gatt_callbacks->scanner->scan_result_cb
01-19 08:40:17.860 E/KernelCpuSpeedReader( 1654): Failed to read cpu-freq: /sys/devices/system/cpu/cpu4/cpufreq/stats/time_in_state: open failed: ENOENT (No such file or directory)
01-19 08:40:17.860 D/BtGatt.GattService( 2751): onScanResult() - eventType=0x1b, addressType=1, address=78:ED:7E:C6:68:8B, primaryPhy=1, secondaryPhy=0, advertisingSid=0xff, txPower=127, rssi=-88, periodicAdvInt=0x0, originalAddress=78:ED:7E:C6:68:8B, type=0, channel=0
01-19 08:40:17.861 E/KernelCpuSpeedReader( 1654): Failed to read cpu-freq: /sys/devices/system/cpu/cpu0/cpufreq/stats/time_in_state: open failed: ENOENT (No such file or directory)
01-19 08:40:17.861 D/BtGatt.GattService( 2751): Skipping client: permission=true matches=false
01-19 08:40:17.867 E/Battery (23265): AppStats: Uid = 10130; pkgName = com.THLight.BLE.USBeacon.Writer.Simple.dev; CpuFgTime = 0 ms; CpuBgTime = 0 ms.
01-19 08:40:17.868 E/Battery (23265): AppStats: Uid = 10130; pkgName = com.THLight.BLE.USBeacon.Writer.Simple.dev; CpuKernelFgTime = 0 ms; CpuKernelBgTime = 0 ms.
01-19 08:40:17.868 E/Battery (23265): AppStats: Uid = 10130; pkgName = com.THLight.BLE.USBeacon.Writer.Simple.dev; CpuUserFgTime = 0 ms ; CpuUserBgTime = 0 ms.
01-19 08:40:17.868 E/Battery (23265): AppStats: Uid = 10130; pkgName = com.THLight.BLE.USBeacon.Writer.Simple.dev; CpuFgPower = 0.0 mAh.; CpuBgPower = 0.0 mAh.
01-19 08:40:17.868 E/Battery (23265): AppStats: Uid = 10130; pkgName = com.THLight.BLE.USBeacon.Writer.Simple.dev; AlarmFgWakeupCount = 0; AlarmBgWakeupCount = 0
01-19 08:40:17.868 E/Battery (23265): AppStats: Uid = 10130; pkgName = com.THLight.BLE.USBeacon.Writer.Simple.dev; JobFgCount = 0; JobBgCount = 0; JobFgTime = 0; JobBgTime = 0
01-19 08:40:17.868 E/Battery (23265): AppStats: Uid = 10130; pkgName = com.THLight.BLE.USBeacon.Writer.Simple.dev; SyncFgCount = 0; SyncBgCount = 0; SyncFgTime = 0; SyncBgTime = 0
01-19 08:40:17.868 E/Battery (23265): AppStats: Uid = 10130; pkgName = com.THLight.BLE.USBeacon.Writer.Simple.dev; WakeLockFgTime = 0 ms; WakeLockFgPower = 0.0 mAh.; WakeLockBgTime = 0 ms; WakeLockBgPower = 0.0 mAh.
01-19 08:40:17.868 E/Battery (23265): AppStats: Uid = 10130; pkgName = com.THLight.BLE.USBeacon.Writer.Simple.dev; ScreenFgTime = 31620722 ms; ScreenFgPower = 535.7955672222222 mAh.
01-19 08:40:17.869 E/Battery (23265): AppStats: Uid = 10130; pkgName = com.THLight.BLE.USBeacon.Writer.Simple.dev; FgWifiRxBytes = -226 Bytes; BgWifiRxBytes = 163 Bytes; FgWifiTxBytes = -1653 Bytes; BgWifiTxBytes = 1454 Bytes; FgWifiRxPackets = -1 ; BgWifiRxPackets = 1 ; FgWifiTxPackets = -24 ; BgWifiTxPackets = 23 ; FgWiFiScanTimeMs = 0 ; BgWiFiScanTimeMs = 0 ; FgWiFiBatchScanTimeMs = 0 ; BgWiFiBatchScanTimeMs = 0 
01-19 08:40:17.869 E/Battery (23265): AppStats: Uid = 10130; pkgName = com.THLight.BLE.USBeacon.Writer.Simple.dev; FgWifiRxPacketsPower = -1.1249999806750566E-4 mAh; BgWifiRxPacketsPower = 1.1249999806750566E-4 mAh; FgWifiTxPacketsPower = -0.0027000000700354576 mAh; BgWifiTxPacketsPower = 0.0025875000283122063 mAh; FgWifiScanPower = 0.0 mAh; BgWifiScanPower = 0.0 mAh; FgWifiBatchScanPower = 0.0 mAh; BgWifiBatchScanPower = 0.0 mAh; FgWiFiTotalPower = -0.0028125000681029633 mAh; BgWiFiTotalPower = 0.002700000026379712 mAh.
01-19 08:40:17.869 E/Battery (23265): AppStats: Uid = 10130; pkgName = com.THLight.BLE.USBeacon.Writer.Simple.dev; FgGpsTime = 0 ms; BgGpsTime = 0 ms.
01-19 08:40:17.869 E/Battery (23265): AppStats: Uid = 10130; pkgName = com.THLight.BLE.USBeacon.Writer.Simple.dev; FgGpsPower = 0.0 mAh; BgGpsPower = 0.0 mAh.
01-19 08:40:17.869 E/Battery (23265): AppStats: Uid = 10130; pkgName = com.THLight.BLE.USBeacon.Writer.Simple.dev; FgSensorTime = 0 ms; BgSensorTime = 0 ms.
01-19 08:40:17.869 E/Battery (23265): AppStats: Uid = 10130; pkgName = com.THLight.BLE.USBeacon.Writer.Simple.dev; FgSensorPower = 0.0 mAh; BgSensorPower = 0.0 mAh.
01-19 08:40:17.869 E/Battery (23265): AppStats: Uid = 10130; pkgName = com.THLight.BLE.USBeacon.Writer.Simple.dev; FgCameraTime = 0 ms; BgCameraTime = 0 ms
01-19 08:40:17.869 E/Battery (23265): AppStats: Uid = 10130; pkgName = com.THLight.BLE.USBeacon.Writer.Simple.dev; FgCameraPower = 0.0 mAh; BgCameraPower = 0.0 mAh
01-19 08:40:17.869 E/Battery (23265): AppStats: Uid = 10130; pkgName = com.THLight.BLE.USBeacon.Writer.Simple.dev; FgFlashLightTime = 0 ms; BgFlashLightTime = 0 ms
01-19 08:40:17.869 E/Battery (23265): AppStats: Uid = 10130; pkgName = com.THLight.BLE.USBeacon.Writer.Simple.dev; FgFlashLightPower = 0.0 mAh; BgFlashLightPower = 0.0 mAh
01-19 08:40:17.872 V/bt_stack( 2751): [VERBOSE1:btm_ble_gap.cc(2613)] btm_ble_process_adv_addr: bda=60:**:**:**:6b:9d addr_type=0
01-19 08:40:17.873 I/bt_btm  ( 2751): LogMsg: btm_ble_process_adv_pkt: pkt_data_len: 30
01-19 08:40:17.873 V/bt_stack( 2751): [VERBOSE1:btm_ble_gap.cc(2613)] btm_ble_process_adv_addr: bda=60:**:**:**:6b:9d addr_type=0
01-19 08:40:17.873 I/bt_btm  ( 2751): LogMsg: btm_ble_process_adv_pkt: pkt_data_len: 19
01-19 08:40:17.873 I/bt_btif ( 2751): LogMsg: bta_dm_observe_results_cb
01-19 08:40:17.873 I/bt_btif ( 2751): LogMsg: btif_ble_scanner_update_COD 60:77:71:fc:6b:9d cod is 0x000000
01-19 08:40:17.873 I/bt_btif ( 2751): LogMsg: btif_ble_scanner_update_COD cod in config 0x001f00, status=0
01-19 08:40:17.874 I/bt_btif ( 2751): LogMsg: btif_ble_scanner_update_COD invalid cod 0x0, use cod 0x1f00 in config
01-19 08:40:17.874 I/bt_btif ( 2751): LogMsg: bta_scan_results_cb_impl : type 0 channel 0
01-19 08:40:17.875 I/bt_btif ( 2751): LogMsg: bta_scan_results_cb_impl: HAL bt_gatt_callbacks->scanner->scan_result_cb
01-19 08:40:17.875 D/BtGatt.GattService( 2751): onScanResult() - eventType=0x1b, addressType=0, address=60:77:71:FC:6B:9D, primaryPhy=1, secondaryPhy=0, advertisingSid=0xff, txPower=127, rssi=-35, periodicAdvInt=0x0, originalAddress=60:77:71:FC:6B:9D, type=0, channel=0
01-19 08:40:17.876 V/BtGatt.GattService( 2751): Skipping data matching denylist: ScanRecord [mAdvertiseFlags=6, mServiceUuids=null, mServiceSolicitationUuids=[], mManufacturerSpecificData={76=[2, 21, 103, 72, -94, 2, -118, 62, 79, -106, -105, 9, 88, 85, 3, -10, -83, 105, 0, 0, 0, 30, -48]}, mServiceData={}, mTxPowerLevel=5, mDeviceName=USBeacon, mTDSData=null]
01-19 08:40:17.876 I/BtGatt.GattService( 2751): Skipping client for location deny list
01-19 08:40:17.953 V/bt_stack( 2751): [VERBOSE1:btm_ble_gap.cc(2613)] btm_ble_process_adv_addr: bda=4b:**:**:**:38:76 addr_type=1
01-19 08:40:17.953 I/bt_btm  ( 2751): LogMsg: btm_ble_process_adv_pkt: pkt_data_len: 18
01-19 08:40:17.953 V/bt_stack( 2751): [VERBOSE1:btm_ble_gap.cc(2613)] btm_ble_process_adv_addr: bda=4b:**:**:**:38:76 addr_type=1
01-19 08:40:17.954 I/bt_btm  ( 2751): LogMsg: btm_ble_process_adv_pkt: pkt_data_len: 0
01-19 08:40:17.954 I/bt_btif ( 2751): LogMsg: bta_dm_observe_results_cb
01-19 08:40:17.954 I/bt_btif ( 2751): LogMsg: btif_ble_scanner_update_COD 4b:f2:87:a2:38:76 cod is 0x000000
01-19 08:40:17.954 I/bt_btif ( 2751): LogMsg: btif_ble_scanner_update_COD cod in config 0x001f00, status=0
01-19 08:40:17.954 I/bt_btif ( 2751): LogMsg: btif_ble_scanner_update_COD invalid cod 0x0, use cod 0x1f00 in config
01-19 08:40:17.954 I/bt_btif ( 2751): LogMsg: bta_scan_results_cb_impl : type 0 channel 0
