--------- beginning of system
01-19 08:18:28.623 I/Quality (21992): Skipped: false 3 cost 54.93236 refreshRate 16706342 bit true processName com.THLight.BLE.USBeacon.Writer.Simple.dev
01-19 08:18:28.630 W/ActivityTaskManager( 1654): Tried to set launchTime (0) < mLastActivityLaunchTime (190651435)
01-19 08:18:28.644 D/OplusDexOptimizeManager( 1654): Do not in AppLaunchOptList!
01-19 08:18:28.648 V/WindowManager( 1654): Changing focus from Window{1ea3031 u0 com.THLight.BLE.USBeacon.Writer.Simple.dev/com.THLight.BLE.USBeacon.Writer.Simple.ui.activity.scan.ScanDeviceListActivity} to null,diplayid=0
01-19 08:18:28.658 D/InputMethodManagerService( 1654): isSecurity: attribute.packageName=com.THLight.BLE.USBeacon.Writer.Simple.dev mCurMethodId=com.google.android.inputmethod.latin/com.android.inputmethod.latin.LatinIME
01-19 08:18:28.658 D/InputMethodManagerService( 1654): isSecurity= false (  enable=false needShow=false inBlackList=false isExist=false )
01-19 08:18:28.661 V/AutofillInlineSuggestionsRequestSession( 1654): onInputMethodFinishInput() received
01-19 08:18:28.666 V/AutofillInlineSuggestionsRequestSession( 1654): onInputMethodStartInput() received on 2
01-19 08:18:28.727 D/OplusFullScreenDisplayManager( 1654): adjustWindowParamsLw com.THLight.BLE.USBeacon.Writer.Simple.dev, no change cutoutMode: 0
01-19 08:18:28.730 I/WindowManager( 1654): addWindow: New client android.os.BinderProxy@31d9a74 : window=Window{2624b9d u0 com.THLight.BLE.USBeacon.Writer.Simple.dev/com.THLight.BLE.USBeacon.Writer.Simple.ui.activity.connect.EditDeviceActivity}
01-19 08:18:28.733 D/CoreBackPreview( 1654): Window{2624b9d u0 com.THLight.BLE.USBeacon.Writer.Simple.dev/com.THLight.BLE.USBeacon.Writer.Simple.ui.activity.connect.EditDeviceActivity}: Setting back callback OnBackInvokedCallbackInfo{mCallback=android.window.IOnBackInvokedCallback$Stub$Proxy@3038be3, mPriority=0}
01-19 08:18:28.737 I/Quality (21992): Skipped: false 1 cost 18.905846 refreshRate 16706216 bit true processName com.THLight.BLE.USBeacon.Writer.Simple.dev
01-19 08:18:28.975 D/OplusSmartBrightnessController( 1654): handleMessage MSG_LUX_CHANGED, mLux:540.0699 luxQueue=[536.0, 534.0, 535.0, 555.0]
01-19 08:18:28.975 D/OplusDisplayBrightnessGuardStrategy( 1654): handleUpdateBrightness getNextPoint,LargeChanged:true,isRegressionDefaultSpline:false,full:false,HBM:false,count=0,point:(540.0699, 132.08095, 890.8799),target:(172.35187, 90.10991, 607.2309),drag:(384.0, 120.17678, 810.0),large[31.225311,474.70374],small[87.675934,353.763]
01-19 08:18:28.975 D/OplusSmartBrightnessController( 1654): handleUpdateBrightness brightness changed:(172.35187, 90.10991, 607.2309)->(540.0699, 132.08095, 890.8799),isReset=false lux=540.0699 luxQ=[536.0, 534.0, 535.0, 555.0],drag:(384.0, 120.17678, 810.0)
01-19 08:18:28.976 I/OplusSmartBrightnessController( 1654): update target brightness point to : (172.35187, 90.10991, 607.2309)->(540.0699, 132.08095, 890.8799)
01-19 08:18:28.976 I/OplusSmartBrightnessController( 1654): onTargetBrightnessChange brightness change to (540.0699, 132.08095, 890.8799)
01-19 08:18:28.976 I/OplusDisplayBrightnessGuardStrategy( 1654): updateGuardStrategy update guard point: (540.0699, 132.08095, 890.8799)
01-19 08:18:28.976 I/OplusDisplayBrightnessGuardStrategy( 1654): updateGuardStrategy large lux threshold: [ (202.54367, 97.6127, 657.7535), (1190.1049, 191.35013, 1297.9767) ]
01-19 08:18:28.976 I/OplusDisplayBrightnessGuardStrategy( 1654): updateGuardStrategy small lux threshold: [ (506.31726, 130.74661, 881.7391), (605.07336, 133.18277, 898.3595) ]
01-19 08:18:28.977 I/ColorAutomaticBrightnessController( 1654): updateAutoBrightness: Auto, sendUpdate = true, adjustment = 810.0, AIBrightness = 890, adjustManualBright = 890,ProximityNear=false
01-19 08:18:28.977 D/OplusDisplayPowerControllerExtImpl( 1654): original brightness:890 final brightness:890.0 scale:1.0 reason:4 darkLevel:0
01-19 08:18:28.979 D/OplusDisplayPowerControllerExtImpl( 1654): Animating brightness: target=607->890,rate=25->123,type=automatic,byUse=false local:0
01-19 08:18:28.979 D/DisplayPowerController[0]( 1654): Brightness [890.0] reason changing to: 'automatic [ auto_adj ]', previous reason: 'automatic'. id=local:0
01-19 08:18:28.979 I/DisplayPowerController[0]( 1654): BrightnessEvent: disp=0, brt=890.0, rcmdBrt=NaN, preBrt=NaN, lux=0.0, preLux=0.0, hbmMax=1.0, hbmMode=off, thrmMax=1.0, flags=, reason=automatic [ auto_adj ]
01-19 08:18:28.979 D/VRR [OPlusRefreshRateService]( 1654): notifyBrightnessChange brightness: 890.0
01-19 08:18:28.979 D/VRR [OPlusRefreshRateService]( 1654): notifyNitsChange nits: 131.95952 discrete nits: 90.07661
01-19 08:18:28.980 D/VRR [OPlusRefreshRateService]( 1654): handleBrightnessChange nits: 131.95952
01-19 08:18:28.986 D/OplusFeatureHDREnhanceBrightness( 1654): setAnimating : animating = true
01-19 08:18:28.986 D/OplusFeatureReduceBrightness( 1654): setAnimating : animating = true
01-19 08:18:28.986 D/OplusDisplayBrightnessModel( 1654): new animation! from 90.07661 to 131.95952, is Up animation, Seq = 4, AccelerateScale = 1.0
01-19 08:18:29.000 D/OplusFullScreenDisplayManager( 1654): adjustWindowParamsLw com.THLight.BLE.USBeacon.Writer.Simple.dev, no change cutoutMode: 0
01-19 08:18:29.000 V/WindowManager( 1654): Relayout Window{2624b9d u0 com.THLight.BLE.USBeacon.Writer.Simple.dev/com.THLight.BLE.USBeacon.Writer.Simple.ui.activity.connect.EditDeviceActivity}: viewVisibility=0, oldvis=4, req=720x1600
01-19 08:18:29.008 D/DisplayPowerController[0]( 1654): onChange selfChange=false uri=content://settings/system/screen_brightness
01-19 08:18:29.008 D/OplusDisplayPowerControllerExtImpl( 1654): original brightness:890 final brightness:890.0 scale:1.0 reason:4 darkLevel:0
01-19 08:18:29.009 D/DisplayPowerController[0]( 1654): Brightness [890.0] reason changing to: 'automatic [ auto_adj ]', previous reason: 'automatic'. id=local:0
01-19 08:18:29.009 I/DisplayPowerController[0]( 1654): BrightnessEvent: disp=0, brt=890.0(user_set), rcmdBrt=NaN, preBrt=NaN, lux=0.0, preLux=0.0, hbmMax=1.0, hbmMode=off, thrmMax=1.0, flags=user_set , reason=automatic [ auto_adj ]
01-19 08:18:29.009 D/VRR [OPlusRefreshRateService]( 1654): notifyBrightnessChange brightness: 890.0
01-19 08:18:29.010 D/DisplayManagerService( 1654): Delivering display event: displayId=0, event=4
01-19 08:18:29.012 V/ZoomWindowDecorView(21992): setLastReportedMergedConfiguration mZoomDisplayHeight: 1600 getDecorView.66828905
01-19 08:18:29.023 D/DisplayPowerController[0]( 1654): onChange selfChange=false uri=content://settings/system/screen_brightness
01-19 08:18:29.025 D/OplusDisplayPowerControllerExtImpl( 1654): original brightness:890 final brightness:890.0 scale:1.0 reason:4 darkLevel:0
01-19 08:18:29.025 D/DisplayPowerController[0]( 1654): Brightness [890.0] reason changing to: 'automatic [ auto_adj ]', previous reason: 'automatic'. id=local:0
01-19 08:18:29.026 I/DisplayPowerController[0]( 1654): BrightnessEvent: disp=0, brt=890.0(user_set), rcmdBrt=NaN, preBrt=NaN, lux=0.0, preLux=0.0, hbmMax=1.0, hbmMode=off, thrmMax=1.0, flags=user_set , reason=automatic [ auto_adj ]
01-19 08:18:29.026 D/VRR [OPlusRefreshRateService]( 1654): notifyBrightnessChange brightness: 890.0
01-19 08:18:29.026 D/DisplayManagerService( 1654): Delivering display event: displayId=0, event=4
01-19 08:18:29.040 D/DisplayPowerController[0]( 1654): onChange selfChange=false uri=content://settings/system/screen_brightness
01-19 08:18:29.041 D/OplusDisplayPowerControllerExtImpl( 1654): original brightness:890 final brightness:890.0 scale:1.0 reason:4 darkLevel:0
01-19 08:18:29.042 D/DisplayPowerController[0]( 1654): Brightness [890.0] reason changing to: 'automatic [ auto_adj ]', previous reason: 'automatic'. id=local:0
01-19 08:18:29.042 I/DisplayPowerController[0]( 1654): BrightnessEvent: disp=0, brt=890.0(user_set), rcmdBrt=NaN, preBrt=NaN, lux=0.0, preLux=0.0, hbmMax=1.0, hbmMode=off, thrmMax=1.0, flags=user_set , reason=automatic [ auto_adj ]
01-19 08:18:29.042 D/VRR [OPlusRefreshRateService]( 1654): notifyBrightnessChange brightness: 890.0
01-19 08:18:29.042 D/DisplayManagerService( 1654): Delivering display event: displayId=0, event=4
01-19 08:18:29.054 V/WindowOrientationListener( 1654): onSensorChanged mDesiredRotation = 4
01-19 08:18:29.056 D/DisplayPowerController[0]( 1654): onChange selfChange=false uri=content://settings/system/screen_brightness
01-19 08:18:29.057 D/OplusDisplayPowerControllerExtImpl( 1654): original brightness:890 final brightness:890.0 scale:1.0 reason:4 darkLevel:0
01-19 08:18:29.058 D/DisplayPowerController[0]( 1654): Brightness [890.0] reason changing to: 'automatic [ auto_adj ]', previous reason: 'automatic'. id=local:0
01-19 08:18:29.058 I/DisplayPowerController[0]( 1654): BrightnessEvent: disp=0, brt=890.0(user_set), rcmdBrt=NaN, preBrt=NaN, lux=0.0, preLux=0.0, hbmMax=1.0, hbmMode=off, thrmMax=1.0, flags=user_set , reason=automatic [ auto_adj ]
01-19 08:18:29.058 D/VRR [OPlusRefreshRateService]( 1654): notifyBrightnessChange brightness: 890.0
01-19 08:18:29.058 D/DisplayManagerService( 1654): Delivering display event: displayId=0, event=4
01-19 08:18:29.073 D/DisplayPowerController[0]( 1654): onChange selfChange=false uri=content://settings/system/screen_brightness
01-19 08:18:29.074 D/OplusDisplayPowerControllerExtImpl( 1654): original brightness:890 final brightness:890.0 scale:1.0 reason:4 darkLevel:0
01-19 08:18:29.074 D/DisplayPowerController[0]( 1654): Brightness [890.0] reason changing to: 'automatic [ auto_adj ]', previous reason: 'automatic'. id=local:0
01-19 08:18:29.075 I/DisplayPowerController[0]( 1654): BrightnessEvent: disp=0, brt=890.0(user_set), rcmdBrt=NaN, preBrt=NaN, lux=0.0, preLux=0.0, hbmMax=1.0, hbmMode=off, thrmMax=1.0, flags=user_set , reason=automatic [ auto_adj ]
01-19 08:18:29.075 D/VRR [OPlusRefreshRateService]( 1654): notifyBrightnessChange brightness: 890.0
01-19 08:18:29.075 D/DisplayManagerService( 1654): Delivering display event: displayId=0, event=4
01-19 08:18:29.091 D/DisplayPowerController[0]( 1654): onChange selfChange=false uri=content://settings/system/screen_brightness
01-19 08:18:29.092 D/OplusDisplayPowerControllerExtImpl( 1654): original brightness:890 final brightness:890.0 scale:1.0 reason:4 darkLevel:0
01-19 08:18:29.093 D/DisplayPowerController[0]( 1654): Brightness [890.0] reason changing to: 'automatic [ auto_adj ]', previous reason: 'automatic'. id=local:0
01-19 08:18:29.093 I/DisplayPowerController[0]( 1654): BrightnessEvent: disp=0, brt=890.0(user_set), rcmdBrt=NaN, preBrt=NaN, lux=0.0, preLux=0.0, hbmMax=1.0, hbmMode=off, thrmMax=1.0, flags=user_set , reason=automatic [ auto_adj ]
01-19 08:18:29.093 D/VRR [OPlusRefreshRateService]( 1654): notifyBrightnessChange brightness: 890.0
01-19 08:18:29.093 D/DisplayManagerService( 1654): Delivering display event: displayId=0, event=4
01-19 08:18:29.107 D/DisplayPowerController[0]( 1654): onChange selfChange=false uri=content://settings/system/screen_brightness
01-19 08:18:29.107 D/OplusDisplayPowerControllerExtImpl( 1654): original brightness:890 final brightness:890.0 scale:1.0 reason:4 darkLevel:0
01-19 08:18:29.108 D/DisplayPowerController[0]( 1654): Brightness [890.0] reason changing to: 'automatic [ auto_adj ]', previous reason: 'automatic'. id=local:0
01-19 08:18:29.108 I/DisplayPowerController[0]( 1654): BrightnessEvent: disp=0, brt=890.0(user_set), rcmdBrt=NaN, preBrt=NaN, lux=0.0, preLux=0.0, hbmMax=1.0, hbmMode=off, thrmMax=1.0, flags=user_set , reason=automatic [ auto_adj ]
01-19 08:18:29.108 D/VRR [OPlusRefreshRateService]( 1654): notifyBrightnessChange brightness: 890.0
01-19 08:18:29.109 D/DisplayManagerService( 1654): Delivering display event: displayId=0, event=4
01-19 08:18:29.118 D/WindowManager( 1654): finishDrawingWindow: Window{2624b9d u0 com.THLight.BLE.USBeacon.Writer.Simple.dev/com.THLight.BLE.USBeacon.Writer.Simple.ui.activity.connect.EditDeviceActivity} mDrawState=DRAW_PENDING
01-19 08:18:29.121 I/Quality (21992): Skipped: false 22 cost 370.11215 refreshRate 16701984 bit true processName com.THLight.BLE.USBeacon.Writer.Simple.dev
01-19 08:18:29.123 D/DisplayPowerController[0]( 1654): onChange selfChange=false uri=content://settings/system/screen_brightness
01-19 08:18:29.123 D/OplusDisplayPowerControllerExtImpl( 1654): original brightness:890 final brightness:890.0 scale:1.0 reason:4 darkLevel:0
01-19 08:18:29.124 D/DisplayPowerController[0]( 1654): Brightness [890.0] reason changing to: 'automatic [ auto_adj ]', previous reason: 'automatic'. id=local:0
01-19 08:18:29.124 I/DisplayPowerController[0]( 1654): BrightnessEvent: disp=0, brt=890.0(user_set), rcmdBrt=NaN, preBrt=NaN, lux=0.0, preLux=0.0, hbmMax=1.0, hbmMode=off, thrmMax=1.0, flags=user_set , reason=automatic [ auto_adj ]
01-19 08:18:29.124 D/VRR [OPlusRefreshRateService]( 1654): notifyBrightnessChange brightness: 890.0
01-19 08:18:29.125 D/DisplayManagerService( 1654): Delivering display event: displayId=0, event=4
01-19 08:18:29.140 D/DisplayPowerController[0]( 1654): onChange selfChange=false uri=content://settings/system/screen_brightness
01-19 08:18:29.140 D/OplusDisplayPowerControllerExtImpl( 1654): original brightness:890 final brightness:890.0 scale:1.0 reason:4 darkLevel:0
01-19 08:18:29.142 D/DisplayPowerController[0]( 1654): Brightness [890.0] reason changing to: 'automatic [ auto_adj ]', previous reason: 'automatic'. id=local:0
01-19 08:18:29.143 I/DisplayPowerController[0]( 1654): BrightnessEvent: disp=0, brt=890.0(user_set), rcmdBrt=NaN, preBrt=NaN, lux=0.0, preLux=0.0, hbmMax=1.0, hbmMode=off, thrmMax=1.0, flags=user_set , reason=automatic [ auto_adj ]
01-19 08:18:29.143 D/VRR [OPlusRefreshRateService]( 1654): notifyBrightnessChange brightness: 890.0
01-19 08:18:29.143 D/DisplayManagerService( 1654): Delivering display event: displayId=0, event=4
01-19 08:18:29.153 W/NotificationService( 1654): Blocking custom toast from package com.THLight.BLE.USBeacon.Writer.Simple.dev due to package not in the foreground at time the toast was posted
01-19 08:18:29.157 D/DisplayPowerController[0]( 1654): onChange selfChange=false uri=content://settings/system/screen_brightness
01-19 08:18:29.158 D/OplusDisplayPowerControllerExtImpl( 1654): original brightness:890 final brightness:890.0 scale:1.0 reason:4 darkLevel:0
01-19 08:18:29.159 D/DisplayPowerController[0]( 1654): Brightness [890.0] reason changing to: 'automatic [ auto_adj ]', previous reason: 'automatic'. id=local:0
01-19 08:18:29.159 I/DisplayPowerController[0]( 1654): BrightnessEvent: disp=0, brt=890.0(user_set), rcmdBrt=NaN, preBrt=NaN, lux=0.0, preLux=0.0, hbmMax=1.0, hbmMode=off, thrmMax=1.0, flags=user_set , reason=automatic [ auto_adj ]
01-19 08:18:29.159 D/VRR [OPlusRefreshRateService]( 1654): notifyBrightnessChange brightness: 890.0
01-19 08:18:29.160 D/DisplayManagerService( 1654): Delivering display event: displayId=0, event=4
01-19 08:18:29.165 V/WindowManager( 1654): Changing focus from null to Window{1ea3031 u0 com.THLight.BLE.USBeacon.Writer.Simple.dev/com.THLight.BLE.USBeacon.Writer.Simple.ui.activity.scan.ScanDeviceListActivity},diplayid=0
01-19 08:18:29.171 D/TaskFragmentExtImpl( 1654): addColorModeOnResume resume=true pkg = com.THLight.BLE.USBeacon.Writer.Simple.dev
01-19 08:18:29.173 D/DisplayPowerController[0]( 1654): onChange selfChange=false uri=content://settings/system/screen_brightness
01-19 08:18:29.174 D/OplusDisplayPowerControllerExtImpl( 1654): original brightness:890 final brightness:890.0 scale:1.0 reason:4 darkLevel:0
01-19 08:18:29.175 D/DisplayPowerController[0]( 1654): Brightness [890.0] reason changing to: 'automatic [ auto_adj ]', previous reason: 'automatic'. id=local:0
01-19 08:18:29.175 I/DisplayPowerController[0]( 1654): BrightnessEvent: disp=0, brt=890.0(user_set), rcmdBrt=NaN, preBrt=NaN, lux=0.0, preLux=0.0, hbmMax=1.0, hbmMode=off, thrmMax=1.0, flags=user_set , reason=automatic [ auto_adj ]
01-19 08:18:29.175 D/VRR [OPlusRefreshRateService]( 1654): notifyBrightnessChange brightness: 890.0
01-19 08:18:29.177 I/OplusAppSwitchManagerService( 1654):  handleAppVisible , r = ActivityRecord{cab05cb u0 com.THLight.BLE.USBeacon.Writer.Simple.dev/com.THLight.BLE.USBeacon.Writer.Simple.ui.activity.scan.ScanDeviceListActivity} t185}
01-19 08:18:29.185 D/DisplayManagerService( 1654): Delivering display event: displayId=0, event=4
01-19 08:18:29.191 D/DisplayPowerController[0]( 1654): onChange selfChange=false uri=content://settings/system/screen_brightness
01-19 08:18:29.192 D/OplusDisplayPowerControllerExtImpl( 1654): original brightness:890 final brightness:890.0 scale:1.0 reason:4 darkLevel:0
01-19 08:18:29.193 D/DisplayPowerController[0]( 1654): Brightness [890.0] reason changing to: 'automatic [ auto_adj ]', previous reason: 'automatic'. id=local:0
01-19 08:18:29.193 I/DisplayPowerController[0]( 1654): BrightnessEvent: disp=0, brt=890.0(user_set), rcmdBrt=NaN, preBrt=NaN, lux=0.0, preLux=0.0, hbmMax=1.0, hbmMode=off, thrmMax=1.0, flags=user_set , reason=automatic [ auto_adj ]
01-19 08:18:29.193 D/VRR [OPlusRefreshRateService]( 1654): notifyBrightnessChange brightness: 890.0
01-19 08:18:29.193 D/DisplayManagerService( 1654): Delivering display event: displayId=0, event=4
01-19 08:18:29.209 D/DisplayPowerController[0]( 1654): onChange selfChange=false uri=content://settings/system/screen_brightness
01-19 08:18:29.211 D/OplusDisplayPowerControllerExtImpl( 1654): original brightness:890 final brightness:890.0 scale:1.0 reason:4 darkLevel:0
01-19 08:18:29.213 D/DisplayPowerController[0]( 1654): Brightness [890.0] reason changing to: 'automatic [ auto_adj ]', previous reason: 'automatic'. id=local:0
01-19 08:18:29.213 I/DisplayPowerController[0]( 1654): BrightnessEvent: disp=0, brt=890.0(user_set), rcmdBrt=NaN, preBrt=NaN, lux=0.0, preLux=0.0, hbmMax=1.0, hbmMode=off, thrmMax=1.0, flags=user_set , reason=automatic [ auto_adj ]
01-19 08:18:29.213 D/VRR [OPlusRefreshRateService]( 1654): notifyBrightnessChange brightness: 890.0
01-19 08:18:29.213 D/DisplayManagerService( 1654): Delivering display event: displayId=0, event=4
01-19 08:18:29.219 D/InputMethodManagerService( 1654): isSecurity: attribute.packageName=com.THLight.BLE.USBeacon.Writer.Simple.dev mCurMethodId=com.google.android.inputmethod.latin/com.android.inputmethod.latin.LatinIME
01-19 08:18:29.219 D/InputMethodManagerService( 1654): isSecurity= false (  enable=false needShow=false inBlackList=false isExist=false )
01-19 08:18:29.221 V/AutofillInlineSuggestionsRequestSession( 1654): onInputMethodFinishInput() received
01-19 08:18:29.222 I/Quality (21992): Skipped: false 0 cost 6.221231 refreshRate 16708347 bit true processName com.THLight.BLE.USBeacon.Writer.Simple.dev
01-19 08:18:29.224 D/DisplayPowerController[0]( 1654): onChange selfChange=false uri=content://settings/system/screen_brightness
01-19 08:18:29.224 D/OplusDisplayPowerControllerExtImpl( 1654): original brightness:890 final brightness:890.0 scale:1.0 reason:4 darkLevel:0
01-19 08:18:29.224 D/OplusFullScreenDisplayManager( 1654): adjustWindowParamsLw com.THLight.BLE.USBeacon.Writer.Simple.dev, no change cutoutMode: 0
01-19 08:18:29.224 V/WindowManager( 1654): Relayout Window{1ea3031 u0 com.THLight.BLE.USBeacon.Writer.Simple.dev/com.THLight.BLE.USBeacon.Writer.Simple.ui.activity.scan.ScanDeviceListActivity}: viewVisibility=0, oldvis=0, req=720x1600
01-19 08:18:29.225 V/AutofillInlineSuggestionsRequestSession( 1654): onInputMethodStartInput() received on 2
01-19 08:18:29.225 D/DisplayPowerController[0]( 1654): Brightness [890.0] reason changing to: 'automatic [ auto_adj ]', previous reason: 'automatic'. id=local:0
01-19 08:18:29.225 I/DisplayPowerController[0]( 1654): BrightnessEvent: disp=0, brt=890.0(user_set), rcmdBrt=NaN, preBrt=NaN, lux=0.0, preLux=0.0, hbmMax=1.0, hbmMode=off, thrmMax=1.0, flags=user_set , reason=automatic [ auto_adj ]
01-19 08:18:29.225 D/VRR [OPlusRefreshRateService]( 1654): notifyBrightnessChange brightness: 890.0
01-19 08:18:29.225 D/DisplayManagerService( 1654): Delivering display event: displayId=0, event=4
01-19 08:18:29.243 D/DisplayPowerController[0]( 1654): onChange selfChange=false uri=content://settings/system/screen_brightness
01-19 08:18:29.244 D/OplusDisplayPowerControllerExtImpl( 1654): original brightness:890 final brightness:890.0 scale:1.0 reason:4 darkLevel:0
01-19 08:18:29.245 D/DisplayPowerController[0]( 1654): Brightness [890.0] reason changing to: 'automatic [ auto_adj ]', previous reason: 'automatic'. id=local:0
01-19 08:18:29.245 I/DisplayPowerController[0]( 1654): BrightnessEvent: disp=0, brt=890.0(user_set), rcmdBrt=NaN, preBrt=NaN, lux=0.0, preLux=0.0, hbmMax=1.0, hbmMode=off, thrmMax=1.0, flags=user_set , reason=automatic [ auto_adj ]
01-19 08:18:29.245 D/VRR [OPlusRefreshRateService]( 1654): notifyBrightnessChange brightness: 890.0
01-19 08:18:29.245 D/DisplayManagerService( 1654): Delivering display event: displayId=0, event=4
01-19 08:18:29.253 I/Quality (21992): Skipped: false 1 cost 16.81392 refreshRate 16707965 bit true processName com.THLight.BLE.USBeacon.Writer.Simple.dev
01-19 08:18:29.258 D/DisplayPowerController[0]( 1654): onChange selfChange=false uri=content://settings/system/screen_brightness
01-19 08:18:29.259 D/OplusDisplayPowerControllerExtImpl( 1654): original brightness:890 final brightness:890.0 scale:1.0 reason:4 darkLevel:0
01-19 08:18:29.260 D/DisplayPowerController[0]( 1654): Brightness [890.0] reason changing to: 'automatic [ auto_adj ]', previous reason: 'automatic'. id=local:0
01-19 08:18:29.260 I/DisplayPowerController[0]( 1654): BrightnessEvent: disp=0, brt=890.0(user_set), rcmdBrt=NaN, preBrt=NaN, lux=0.0, preLux=0.0, hbmMax=1.0, hbmMode=off, thrmMax=1.0, flags=user_set , reason=automatic [ auto_adj ]
01-19 08:18:29.260 D/VRR [OPlusRefreshRateService]( 1654): notifyBrightnessChange brightness: 890.0
01-19 08:18:29.260 D/DisplayManagerService( 1654): Delivering display event: displayId=0, event=4
01-19 08:18:29.277 D/DisplayPowerController[0]( 1654): onChange selfChange=false uri=content://settings/system/screen_brightness
01-19 08:18:29.278 D/OplusDisplayPowerControllerExtImpl( 1654): original brightness:890 final brightness:890.0 scale:1.0 reason:4 darkLevel:0
01-19 08:18:29.279 D/DisplayPowerController[0]( 1654): Brightness [890.0] reason changing to: 'automatic [ auto_adj ]', previous reason: 'automatic'. id=local:0
01-19 08:18:29.279 I/DisplayPowerController[0]( 1654): BrightnessEvent: disp=0, brt=890.0(user_set), rcmdBrt=NaN, preBrt=NaN, lux=0.0, preLux=0.0, hbmMax=1.0, hbmMode=off, thrmMax=1.0, flags=user_set , reason=automatic [ auto_adj ]
01-19 08:18:29.279 D/VRR [OPlusRefreshRateService]( 1654): notifyBrightnessChange brightness: 890.0
01-19 08:18:29.279 D/DisplayManagerService( 1654): Delivering display event: displayId=0, event=4
01-19 08:18:29.296 D/DisplayPowerController[0]( 1654): onChange selfChange=false uri=content://settings/system/screen_brightness
01-19 08:18:29.296 D/OplusDisplayPowerControllerExtImpl( 1654): original brightness:890 final brightness:890.0 scale:1.0 reason:4 darkLevel:0
01-19 08:18:29.297 D/DisplayPowerController[0]( 1654): Brightness [890.0] reason changing to: 'automatic [ auto_adj ]', previous reason: 'automatic'. id=local:0
01-19 08:18:29.297 I/DisplayPowerController[0]( 1654): BrightnessEvent: disp=0, brt=890.0(user_set), rcmdBrt=NaN, preBrt=NaN, lux=0.0, preLux=0.0, hbmMax=1.0, hbmMode=off, thrmMax=1.0, flags=user_set , reason=automatic [ auto_adj ]
01-19 08:18:29.297 D/VRR [OPlusRefreshRateService]( 1654): notifyBrightnessChange brightness: 890.0
01-19 08:18:29.297 D/DisplayManagerService( 1654): Delivering display event: displayId=0, event=4
01-19 08:18:29.307 D/DisplayPowerController[0]( 1654): onChange selfChange=false uri=content://settings/system/screen_brightness
01-19 08:18:29.307 D/OplusDisplayPowerControllerExtImpl( 1654): original brightness:890 final brightness:890.0 scale:1.0 reason:4 darkLevel:0
01-19 08:18:29.308 D/DisplayPowerController[0]( 1654): Brightness [890.0] reason changing to: 'automatic [ auto_adj ]', previous reason: 'automatic'. id=local:0
01-19 08:18:29.308 I/DisplayPowerController[0]( 1654): BrightnessEvent: disp=0, brt=890.0(user_set), rcmdBrt=NaN, preBrt=NaN, lux=0.0, preLux=0.0, hbmMax=1.0, hbmMode=off, thrmMax=1.0, flags=user_set , reason=automatic [ auto_adj ]
01-19 08:18:29.308 D/VRR [OPlusRefreshRateService]( 1654): notifyBrightnessChange brightness: 890.0
01-19 08:18:29.309 D/DisplayManagerService( 1654): Delivering display event: displayId=0, event=4
01-19 08:18:29.315 V/ZoomWindowDecorView(21992): removeZoomView
01-19 08:18:29.315 D/CoreBackPreview( 1654): Window{2624b9d u0 com.THLight.BLE.USBeacon.Writer.Simple.dev/com.THLight.BLE.USBeacon.Writer.Simple.ui.activity.connect.EditDeviceActivity}: Setting back callback null
01-19 08:18:29.323 D/DisplayPowerController[0]( 1654): onChange selfChange=false uri=content://settings/system/screen_brightness
01-19 08:18:29.324 D/OplusDisplayPowerControllerExtImpl( 1654): original brightness:890 final brightness:890.0 scale:1.0 reason:4 darkLevel:0
01-19 08:18:29.325 D/DisplayPowerController[0]( 1654): Brightness [890.0] reason changing to: 'automatic [ auto_adj ]', previous reason: 'automatic'. id=local:0
01-19 08:18:29.325 I/DisplayPowerController[0]( 1654): BrightnessEvent: disp=0, brt=890.0(user_set), rcmdBrt=NaN, preBrt=NaN, lux=0.0, preLux=0.0, hbmMax=1.0, hbmMode=off, thrmMax=1.0, flags=user_set , reason=automatic [ auto_adj ]
01-19 08:18:29.325 D/VRR [OPlusRefreshRateService]( 1654): notifyBrightnessChange brightness: 890.0
01-19 08:18:29.327 D/DisplayManagerService( 1654): Delivering display event: displayId=0, event=4
01-19 08:18:29.328 D/TaskFragmentExtImpl( 1654): remove ActivityRecord{3819844 u0 com.THLight.BLE.USBeacon.Writer.Simple.dev/com.THLight.BLE.USBeacon.Writer.Simple.ui.activity.connect.EditDeviceActivity} t-1 f}} to mActivityRecordSum = Counter{ com.THLight.BLE.USBeacon.Writer.Simple.dev/com.THLight.BLE.USBeacon.Writer.Simple.ui.activity.login.LoginActivity(1) com.THLight.BLE.USBeacon.Writer.Simple.dev/com.THLight.BLE.USBeacon.Writer.Simple.ui.activity.scan.ScanDeviceListActivity(1) }
01-19 08:18:29.332 I/Quality (21992): Skipped: true 2 cost 45.878967 refreshRate 16707763 bit true processName com.THLight.BLE.USBeacon.Writer.Simple.dev
01-19 08:18:29.341 D/DisplayPowerController[0]( 1654): onChange selfChange=false uri=content://settings/system/screen_brightness
01-19 08:18:29.343 D/OplusDisplayPowerControllerExtImpl( 1654): original brightness:890 final brightness:890.0 scale:1.0 reason:4 darkLevel:0
01-19 08:18:29.344 D/DisplayPowerController[0]( 1654): Brightness [890.0] reason changing to: 'automatic [ auto_adj ]', previous reason: 'automatic'. id=local:0
01-19 08:18:29.344 I/DisplayPowerController[0]( 1654): BrightnessEvent: disp=0, brt=890.0(user_set), rcmdBrt=NaN, preBrt=NaN, lux=0.0, preLux=0.0, hbmMax=1.0, hbmMode=off, thrmMax=1.0, flags=user_set , reason=automatic [ auto_adj ]
01-19 08:18:29.344 D/VRR [OPlusRefreshRateService]( 1654): notifyBrightnessChange brightness: 890.0
01-19 08:18:29.344 D/DisplayManagerService( 1654): Delivering display event: displayId=0, event=4
01-19 08:18:29.357 D/DisplayPowerController[0]( 1654): onChange selfChange=false uri=content://settings/system/screen_brightness
01-19 08:18:29.358 D/OplusDisplayPowerControllerExtImpl( 1654): original brightness:890 final brightness:890.0 scale:1.0 reason:4 darkLevel:0
01-19 08:18:29.358 D/DisplayPowerController[0]( 1654): Brightness [890.0] reason changing to: 'automatic [ auto_adj ]', previous reason: 'automatic'. id=local:0
01-19 08:18:29.359 I/DisplayPowerController[0]( 1654): BrightnessEvent: disp=0, brt=890.0(user_set), rcmdBrt=NaN, preBrt=NaN, lux=0.0, preLux=0.0, hbmMax=1.0, hbmMode=off, thrmMax=1.0, flags=user_set , reason=automatic [ auto_adj ]
01-19 08:18:29.359 D/VRR [OPlusRefreshRateService]( 1654): notifyBrightnessChange brightness: 890.0
01-19 08:18:29.359 D/DisplayManagerService( 1654): Delivering display event: displayId=0, event=4
01-19 08:18:29.378 D/DisplayPowerController[0]( 1654): onChange selfChange=false uri=content://settings/system/screen_brightness
01-19 08:18:29.378 D/OplusDisplayPowerControllerExtImpl( 1654): original brightness:890 final brightness:890.0 scale:1.0 reason:4 darkLevel:0
01-19 08:18:29.379 D/DisplayPowerController[0]( 1654): Brightness [890.0] reason changing to: 'automatic [ auto_adj ]', previous reason: 'automatic'. id=local:0
01-19 08:18:29.379 I/DisplayPowerController[0]( 1654): BrightnessEvent: disp=0, brt=890.0(user_set), rcmdBrt=NaN, preBrt=NaN, lux=0.0, preLux=0.0, hbmMax=1.0, hbmMode=off, thrmMax=1.0, flags=user_set , reason=automatic [ auto_adj ]
01-19 08:18:29.379 D/VRR [OPlusRefreshRateService]( 1654): notifyBrightnessChange brightness: 890.0
01-19 08:18:29.379 D/DisplayManagerService( 1654): Delivering display event: displayId=0, event=4
01-19 08:18:29.391 D/DisplayPowerController[0]( 1654): onChange selfChange=false uri=content://settings/system/screen_brightness
01-19 08:18:29.391 D/OplusDisplayPowerControllerExtImpl( 1654): original brightness:890 final brightness:890.0 scale:1.0 reason:4 darkLevel:0
01-19 08:18:29.392 D/DisplayPowerController[0]( 1654): Brightness [890.0] reason changing to: 'automatic [ auto_adj ]', previous reason: 'automatic'. id=local:0
01-19 08:18:29.392 I/DisplayPowerController[0]( 1654): BrightnessEvent: disp=0, brt=890.0(user_set), rcmdBrt=NaN, preBrt=NaN, lux=0.0, preLux=0.0, hbmMax=1.0, hbmMode=off, thrmMax=1.0, flags=user_set , reason=automatic [ auto_adj ]
01-19 08:18:29.392 D/VRR [OPlusRefreshRateService]( 1654): notifyBrightnessChange brightness: 890.0
01-19 08:18:29.392 D/DisplayManagerService( 1654): Delivering display event: displayId=0, event=4
01-19 08:18:29.407 D/DisplayPowerController[0]( 1654): onChange selfChange=false uri=content://settings/system/screen_brightness
01-19 08:18:29.408 D/OplusDisplayPowerControllerExtImpl( 1654): original brightness:890 final brightness:890.0 scale:1.0 reason:4 darkLevel:0
01-19 08:18:29.408 D/DisplayPowerController[0]( 1654): Brightness [890.0] reason changing to: 'automatic [ auto_adj ]', previous reason: 'automatic'. id=local:0
01-19 08:18:29.409 I/DisplayPowerController[0]( 1654): BrightnessEvent: disp=0, brt=890.0(user_set), rcmdBrt=NaN, preBrt=NaN, lux=0.0, preLux=0.0, hbmMax=1.0, hbmMode=off, thrmMax=1.0, flags=user_set , reason=automatic [ auto_adj ]
01-19 08:18:29.409 D/VRR [OPlusRefreshRateService]( 1654): notifyBrightnessChange brightness: 890.0
01-19 08:18:29.409 D/DisplayManagerService( 1654): Delivering display event: displayId=0, event=4
01-19 08:18:29.424 D/DisplayPowerController[0]( 1654): onChange selfChange=false uri=content://settings/system/screen_brightness
01-19 08:18:29.424 D/OplusDisplayPowerControllerExtImpl( 1654): original brightness:890 final brightness:890.0 scale:1.0 reason:4 darkLevel:0
01-19 08:18:29.425 D/DisplayPowerController[0]( 1654): Brightness [890.0] reason changing to: 'automatic [ auto_adj ]', previous reason: 'automatic'. id=local:0
01-19 08:18:29.426 I/DisplayPowerController[0]( 1654): BrightnessEvent: disp=0, brt=890.0(user_set), rcmdBrt=NaN, preBrt=NaN, lux=0.0, preLux=0.0, hbmMax=1.0, hbmMode=off, thrmMax=1.0, flags=user_set , reason=automatic [ auto_adj ]
01-19 08:18:29.426 D/VRR [OPlusRefreshRateService]( 1654): notifyBrightnessChange brightness: 890.0
01-19 08:18:29.426 D/DisplayManagerService( 1654): Delivering display event: displayId=0, event=4
01-19 08:18:29.444 D/DisplayPowerController[0]( 1654): onChange selfChange=false uri=content://settings/system/screen_brightness
01-19 08:18:29.444 D/OplusDisplayPowerControllerExtImpl( 1654): original brightness:890 final brightness:890.0 scale:1.0 reason:4 darkLevel:0
01-19 08:18:29.445 D/DisplayPowerController[0]( 1654): Brightness [890.0] reason changing to: 'automatic [ auto_adj ]', previous reason: 'automatic'. id=local:0
01-19 08:18:29.445 I/DisplayPowerController[0]( 1654): BrightnessEvent: disp=0, brt=890.0(user_set), rcmdBrt=NaN, preBrt=NaN, lux=0.0, preLux=0.0, hbmMax=1.0, hbmMode=off, thrmMax=1.0, flags=user_set , reason=automatic [ auto_adj ]
01-19 08:18:29.445 D/VRR [OPlusRefreshRateService]( 1654): notifyBrightnessChange brightness: 890.0
01-19 08:18:29.445 D/DisplayManagerService( 1654): Delivering display event: displayId=0, event=4
01-19 08:18:29.459 D/DisplayPowerController[0]( 1654): onChange selfChange=false uri=content://settings/system/screen_brightness
01-19 08:18:29.460 D/OplusDisplayPowerControllerExtImpl( 1654): original brightness:890 final brightness:890.0 scale:1.0 reason:4 darkLevel:0
01-19 08:18:29.460 D/DisplayPowerController[0]( 1654): Brightness [890.0] reason changing to: 'automatic [ auto_adj ]', previous reason: 'automatic'. id=local:0
01-19 08:18:29.460 I/DisplayPowerController[0]( 1654): BrightnessEvent: disp=0, brt=890.0(user_set), rcmdBrt=NaN, preBrt=NaN, lux=0.0, preLux=0.0, hbmMax=1.0, hbmMode=off, thrmMax=1.0, flags=user_set , reason=automatic [ auto_adj ]
01-19 08:18:29.461 D/VRR [OPlusRefreshRateService]( 1654): notifyBrightnessChange brightness: 890.0
01-19 08:18:29.461 D/DisplayManagerService( 1654): Delivering display event: displayId=0, event=4
01-19 08:18:29.474 D/DisplayPowerController[0]( 1654): onChange selfChange=false uri=content://settings/system/screen_brightness
01-19 08:18:29.475 D/OplusDisplayPowerControllerExtImpl( 1654): original brightness:890 final brightness:890.0 scale:1.0 reason:4 darkLevel:0
01-19 08:18:29.476 D/DisplayPowerController[0]( 1654): Brightness [890.0] reason changing to: 'automatic [ auto_adj ]', previous reason: 'automatic'. id=local:0
01-19 08:18:29.476 I/DisplayPowerController[0]( 1654): BrightnessEvent: disp=0, brt=890.0(user_set), rcmdBrt=NaN, preBrt=NaN, lux=0.0, preLux=0.0, hbmMax=1.0, hbmMode=off, thrmMax=1.0, flags=user_set , reason=automatic [ auto_adj ]
01-19 08:18:29.476 D/VRR [OPlusRefreshRateService]( 1654): notifyBrightnessChange brightness: 890.0
01-19 08:18:29.476 D/DisplayManagerService( 1654): Delivering display event: displayId=0, event=4
01-19 08:18:29.491 D/DisplayPowerController[0]( 1654): onChange selfChange=false uri=content://settings/system/screen_brightness
01-19 08:18:29.491 D/OplusDisplayPowerControllerExtImpl( 1654): original brightness:890 final brightness:890.0 scale:1.0 reason:4 darkLevel:0
01-19 08:18:29.492 D/DisplayPowerController[0]( 1654): Brightness [890.0] reason changing to: 'automatic [ auto_adj ]', previous reason: 'automatic'. id=local:0
01-19 08:18:29.492 I/DisplayPowerController[0]( 1654): BrightnessEvent: disp=0, brt=890.0(user_set), rcmdBrt=NaN, preBrt=NaN, lux=0.0, preLux=0.0, hbmMax=1.0, hbmMode=off, thrmMax=1.0, flags=user_set , reason=automatic [ auto_adj ]
01-19 08:18:29.493 D/VRR [OPlusRefreshRateService]( 1654): notifyBrightnessChange brightness: 890.0
01-19 08:18:29.493 D/DisplayManagerService( 1654): Delivering display event: displayId=0, event=4
01-19 08:18:29.508 D/DisplayPowerController[0]( 1654): onChange selfChange=false uri=content://settings/system/screen_brightness
01-19 08:18:29.509 D/OplusDisplayPowerControllerExtImpl( 1654): original brightness:890 final brightness:890.0 scale:1.0 reason:4 darkLevel:0
01-19 08:18:29.510 D/DisplayPowerController[0]( 1654): Brightness [890.0] reason changing to: 'automatic [ auto_adj ]', previous reason: 'automatic'. id=local:0
01-19 08:18:29.510 I/DisplayPowerController[0]( 1654): BrightnessEvent: disp=0, brt=890.0(user_set), rcmdBrt=NaN, preBrt=NaN, lux=0.0, preLux=0.0, hbmMax=1.0, hbmMode=off, thrmMax=1.0, flags=user_set , reason=automatic [ auto_adj ]
01-19 08:18:29.510 D/VRR [OPlusRefreshRateService]( 1654): notifyBrightnessChange brightness: 890.0
01-19 08:18:29.510 D/DisplayManagerService( 1654): Delivering display event: displayId=0, event=4
01-19 08:18:29.524 D/DisplayPowerController[0]( 1654): onChange selfChange=false uri=content://settings/system/screen_brightness
01-19 08:18:29.525 D/OplusDisplayPowerControllerExtImpl( 1654): original brightness:890 final brightness:890.0 scale:1.0 reason:4 darkLevel:0
01-19 08:18:29.526 D/DisplayPowerController[0]( 1654): Brightness [890.0] reason changing to: 'automatic [ auto_adj ]', previous reason: 'automatic'. id=local:0
01-19 08:18:29.526 I/DisplayPowerController[0]( 1654): BrightnessEvent: disp=0, brt=890.0(user_set), rcmdBrt=NaN, preBrt=NaN, lux=0.0, preLux=0.0, hbmMax=1.0, hbmMode=off, thrmMax=1.0, flags=user_set , reason=automatic [ auto_adj ]
01-19 08:18:29.526 D/VRR [OPlusRefreshRateService]( 1654): notifyBrightnessChange brightness: 890.0
01-19 08:18:29.526 D/DisplayManagerService( 1654): Delivering display event: displayId=0, event=4
01-19 08:18:29.541 D/DisplayPowerController[0]( 1654): onChange selfChange=false uri=content://settings/system/screen_brightness
01-19 08:18:29.542 D/OplusDisplayPowerControllerExtImpl( 1654): original brightness:890 final brightness:890.0 scale:1.0 reason:4 darkLevel:0
01-19 08:18:29.543 D/DisplayPowerController[0]( 1654): Brightness [890.0] reason changing to: 'automatic [ auto_adj ]', previous reason: 'automatic'. id=local:0
01-19 08:18:29.543 I/DisplayPowerController[0]( 1654): BrightnessEvent: disp=0, brt=890.0(user_set), rcmdBrt=NaN, preBrt=NaN, lux=0.0, preLux=0.0, hbmMax=1.0, hbmMode=off, thrmMax=1.0, flags=user_set , reason=automatic [ auto_adj ]
01-19 08:18:29.543 D/VRR [OPlusRefreshRateService]( 1654): notifyBrightnessChange brightness: 890.0
01-19 08:18:29.543 D/DisplayManagerService( 1654): Delivering display event: displayId=0, event=4
01-19 08:18:29.559 D/DisplayPowerController[0]( 1654): onChange selfChange=false uri=content://settings/system/screen_brightness
01-19 08:18:29.559 D/OplusDisplayPowerControllerExtImpl( 1654): original brightness:890 final brightness:890.0 scale:1.0 reason:4 darkLevel:0
01-19 08:18:29.560 D/DisplayPowerController[0]( 1654): Brightness [890.0] reason changing to: 'automatic [ auto_adj ]', previous reason: 'automatic'. id=local:0
01-19 08:18:29.560 I/DisplayPowerController[0]( 1654): BrightnessEvent: disp=0, brt=890.0(user_set), rcmdBrt=NaN, preBrt=NaN, lux=0.0, preLux=0.0, hbmMax=1.0, hbmMode=off, thrmMax=1.0, flags=user_set , reason=automatic [ auto_adj ]
01-19 08:18:29.560 D/VRR [OPlusRefreshRateService]( 1654): notifyBrightnessChange brightness: 890.0
01-19 08:18:29.561 D/DisplayManagerService( 1654): Delivering display event: displayId=0, event=4
01-19 08:18:29.575 D/DisplayPowerController[0]( 1654): onChange selfChange=false uri=content://settings/system/screen_brightness
01-19 08:18:29.576 D/OplusDisplayPowerControllerExtImpl( 1654): original brightness:890 final brightness:890.0 scale:1.0 reason:4 darkLevel:0
01-19 08:18:29.577 D/DisplayPowerController[0]( 1654): Brightness [890.0] reason changing to: 'automatic [ auto_adj ]', previous reason: 'automatic'. id=local:0
01-19 08:18:29.577 I/DisplayPowerController[0]( 1654): BrightnessEvent: disp=0, brt=890.0(user_set), rcmdBrt=NaN, preBrt=NaN, lux=0.0, preLux=0.0, hbmMax=1.0, hbmMode=off, thrmMax=1.0, flags=user_set , reason=automatic [ auto_adj ]
01-19 08:18:29.577 D/VRR [OPlusRefreshRateService]( 1654): notifyBrightnessChange brightness: 890.0
01-19 08:18:29.577 D/DisplayManagerService( 1654): Delivering display event: displayId=0, event=4
01-19 08:18:29.591 D/DisplayPowerController[0]( 1654): onChange selfChange=false uri=content://settings/system/screen_brightness
01-19 08:18:29.591 D/OplusDisplayPowerControllerExtImpl( 1654): original brightness:890 final brightness:890.0 scale:1.0 reason:4 darkLevel:0
01-19 08:18:29.592 D/DisplayPowerController[0]( 1654): Brightness [890.0] reason changing to: 'automatic [ auto_adj ]', previous reason: 'automatic'. id=local:0
01-19 08:18:29.592 I/DisplayPowerController[0]( 1654): BrightnessEvent: disp=0, brt=890.0(user_set), rcmdBrt=NaN, preBrt=NaN, lux=0.0, preLux=0.0, hbmMax=1.0, hbmMode=off, thrmMax=1.0, flags=user_set , reason=automatic [ auto_adj ]
01-19 08:18:29.593 D/VRR [OPlusRefreshRateService]( 1654): notifyBrightnessChange brightness: 890.0
01-19 08:18:29.593 D/DisplayManagerService( 1654): Delivering display event: displayId=0, event=4
01-19 08:18:29.609 D/DisplayPowerController[0]( 1654): onChange selfChange=false uri=content://settings/system/screen_brightness
01-19 08:18:29.609 D/OplusDisplayPowerControllerExtImpl( 1654): original brightness:890 final brightness:890.0 scale:1.0 reason:4 darkLevel:0
01-19 08:18:29.610 D/DisplayPowerController[0]( 1654): Brightness [890.0] reason changing to: 'automatic [ auto_adj ]', previous reason: 'automatic'. id=local:0
01-19 08:18:29.610 I/DisplayPowerController[0]( 1654): BrightnessEvent: disp=0, brt=890.0(user_set), rcmdBrt=NaN, preBrt=NaN, lux=0.0, preLux=0.0, hbmMax=1.0, hbmMode=off, thrmMax=1.0, flags=user_set , reason=automatic [ auto_adj ]
01-19 08:18:29.611 D/VRR [OPlusRefreshRateService]( 1654): notifyBrightnessChange brightness: 890.0
01-19 08:18:29.611 D/DisplayManagerService( 1654): Delivering display event: displayId=0, event=4
01-19 08:18:29.625 D/DisplayPowerController[0]( 1654): onChange selfChange=false uri=content://settings/system/screen_brightness
01-19 08:18:29.626 D/OplusDisplayPowerControllerExtImpl( 1654): original brightness:890 final brightness:890.0 scale:1.0 reason:4 darkLevel:0
01-19 08:18:29.627 D/DisplayPowerController[0]( 1654): Brightness [890.0] reason changing to: 'automatic [ auto_adj ]', previous reason: 'automatic'. id=local:0
01-19 08:18:29.627 I/DisplayPowerController[0]( 1654): BrightnessEvent: disp=0, brt=890.0(user_set), rcmdBrt=NaN, preBrt=NaN, lux=0.0, preLux=0.0, hbmMax=1.0, hbmMode=off, thrmMax=1.0, flags=user_set , reason=automatic [ auto_adj ]
01-19 08:18:29.627 D/VRR [OPlusRefreshRateService]( 1654): notifyBrightnessChange brightness: 890.0
01-19 08:18:29.628 D/DisplayManagerService( 1654): Delivering display event: displayId=0, event=4
01-19 08:18:29.642 D/DisplayPowerController[0]( 1654): onChange selfChange=false uri=content://settings/system/screen_brightness
01-19 08:18:29.643 D/OplusDisplayPowerControllerExtImpl( 1654): original brightness:890 final brightness:890.0 scale:1.0 reason:4 darkLevel:0
01-19 08:18:29.643 D/DisplayPowerController[0]( 1654): Brightness [890.0] reason changing to: 'automatic [ auto_adj ]', previous reason: 'automatic'. id=local:0
01-19 08:18:29.644 I/DisplayPowerController[0]( 1654): BrightnessEvent: disp=0, brt=890.0(user_set), rcmdBrt=NaN, preBrt=NaN, lux=0.0, preLux=0.0, hbmMax=1.0, hbmMode=off, thrmMax=1.0, flags=user_set , reason=automatic [ auto_adj ]
01-19 08:18:29.644 D/VRR [OPlusRefreshRateService]( 1654): notifyBrightnessChange brightness: 890.0
01-19 08:18:29.644 D/DisplayManagerService( 1654): Delivering display event: displayId=0, event=4
01-19 08:18:29.658 D/DisplayPowerController[0]( 1654): onChange selfChange=false uri=content://settings/system/screen_brightness
01-19 08:18:29.658 D/OplusDisplayPowerControllerExtImpl( 1654): original brightness:890 final brightness:890.0 scale:1.0 reason:4 darkLevel:0
01-19 08:18:29.660 D/DisplayPowerController[0]( 1654): Brightness [890.0] reason changing to: 'automatic [ auto_adj ]', previous reason: 'automatic'. id=local:0
01-19 08:18:29.660 I/DisplayPowerController[0]( 1654): BrightnessEvent: disp=0, brt=890.0(user_set), rcmdBrt=NaN, preBrt=NaN, lux=0.0, preLux=0.0, hbmMax=1.0, hbmMode=off, thrmMax=1.0, flags=user_set , reason=automatic [ auto_adj ]
01-19 08:18:29.660 D/VRR [OPlusRefreshRateService]( 1654): notifyBrightnessChange brightness: 890.0
01-19 08:18:29.661 D/DisplayManagerService( 1654): Delivering display event: displayId=0, event=4
01-19 08:18:29.677 D/DisplayPowerController[0]( 1654): onChange selfChange=false uri=content://settings/system/screen_brightness
01-19 08:18:29.678 D/OplusDisplayPowerControllerExtImpl( 1654): original brightness:890 final brightness:890.0 scale:1.0 reason:4 darkLevel:0
01-19 08:18:29.679 D/DisplayPowerController[0]( 1654): Brightness [890.0] reason changing to: 'automatic [ auto_adj ]', previous reason: 'automatic'. id=local:0
01-19 08:18:29.679 I/DisplayPowerController[0]( 1654): BrightnessEvent: disp=0, brt=890.0(user_set), rcmdBrt=NaN, preBrt=NaN, lux=0.0, preLux=0.0, hbmMax=1.0, hbmMode=off, thrmMax=1.0, flags=user_set , reason=automatic [ auto_adj ]
01-19 08:18:29.679 D/VRR [OPlusRefreshRateService]( 1654): notifyBrightnessChange brightness: 890.0
01-19 08:18:29.679 D/DisplayManagerService( 1654): Delivering display event: displayId=0, event=4
01-19 08:18:29.692 D/DisplayPowerController[0]( 1654): onChange selfChange=false uri=content://settings/system/screen_brightness
01-19 08:18:29.692 D/OplusDisplayPowerControllerExtImpl( 1654): original brightness:890 final brightness:890.0 scale:1.0 reason:4 darkLevel:0
01-19 08:18:29.694 D/DisplayPowerController[0]( 1654): Brightness [890.0] reason changing to: 'automatic [ auto_adj ]', previous reason: 'automatic'. id=local:0
01-19 08:18:29.694 I/DisplayPowerController[0]( 1654): BrightnessEvent: disp=0, brt=890.0(user_set), rcmdBrt=NaN, preBrt=NaN, lux=0.0, preLux=0.0, hbmMax=1.0, hbmMode=off, thrmMax=1.0, flags=user_set , reason=automatic [ auto_adj ]
01-19 08:18:29.694 D/VRR [OPlusRefreshRateService]( 1654): notifyBrightnessChange brightness: 890.0
01-19 08:18:29.694 D/DisplayManagerService( 1654): Delivering display event: displayId=0, event=4
01-19 08:18:29.708 D/DisplayPowerController[0]( 1654): onChange selfChange=false uri=content://settings/system/screen_brightness
01-19 08:18:29.708 D/OplusDisplayPowerControllerExtImpl( 1654): original brightness:890 final brightness:890.0 scale:1.0 reason:4 darkLevel:0
01-19 08:18:29.710 D/DisplayPowerController[0]( 1654): Brightness [890.0] reason changing to: 'automatic [ auto_adj ]', previous reason: 'automatic'. id=local:0
01-19 08:18:29.710 I/DisplayPowerController[0]( 1654): BrightnessEvent: disp=0, brt=890.0(user_set), rcmdBrt=NaN, preBrt=NaN, lux=0.0, preLux=0.0, hbmMax=1.0, hbmMode=off, thrmMax=1.0, flags=user_set , reason=automatic [ auto_adj ]
01-19 08:18:29.710 D/VRR [OPlusRefreshRateService]( 1654): notifyBrightnessChange brightness: 890.0
01-19 08:18:29.711 D/DisplayManagerService( 1654): Delivering display event: displayId=0, event=4
01-19 08:18:29.725 D/DisplayPowerController[0]( 1654): onChange selfChange=false uri=content://settings/system/screen_brightness
01-19 08:18:29.725 D/OplusDisplayPowerControllerExtImpl( 1654): original brightness:890 final brightness:890.0 scale:1.0 reason:4 darkLevel:0
01-19 08:18:29.726 D/DisplayPowerController[0]( 1654): Brightness [890.0] reason changing to: 'automatic [ auto_adj ]', previous reason: 'automatic'. id=local:0
01-19 08:18:29.726 I/DisplayPowerController[0]( 1654): BrightnessEvent: disp=0, brt=890.0(user_set), rcmdBrt=NaN, preBrt=NaN, lux=0.0, preLux=0.0, hbmMax=1.0, hbmMode=off, thrmMax=1.0, flags=user_set , reason=automatic [ auto_adj ]
01-19 08:18:29.726 D/VRR [OPlusRefreshRateService]( 1654): notifyBrightnessChange brightness: 890.0
01-19 08:18:29.727 D/DisplayManagerService( 1654): Delivering display event: displayId=0, event=4
01-19 08:18:29.741 D/DisplayPowerController[0]( 1654): onChange selfChange=false uri=content://settings/system/screen_brightness
01-19 08:18:29.742 D/OplusDisplayPowerControllerExtImpl( 1654): original brightness:890 final brightness:890.0 scale:1.0 reason:4 darkLevel:0
01-19 08:18:29.744 D/DisplayPowerController[0]( 1654): Brightness [890.0] reason changing to: 'automatic [ auto_adj ]', previous reason: 'automatic'. id=local:0
01-19 08:18:29.744 I/DisplayPowerController[0]( 1654): BrightnessEvent: disp=0, brt=890.0(user_set), rcmdBrt=NaN, preBrt=NaN, lux=0.0, preLux=0.0, hbmMax=1.0, hbmMode=off, thrmMax=1.0, flags=user_set , reason=automatic [ auto_adj ]
01-19 08:18:29.744 D/VRR [OPlusRefreshRateService]( 1654): notifyBrightnessChange brightness: 890.0
01-19 08:18:29.744 D/DisplayManagerService( 1654): Delivering display event: displayId=0, event=4
01-19 08:18:29.763 D/DisplayPowerController[0]( 1654): onChange selfChange=false uri=content://settings/system/screen_brightness
01-19 08:18:29.764 D/OplusDisplayPowerControllerExtImpl( 1654): original brightness:890 final brightness:890.0 scale:1.0 reason:4 darkLevel:0
01-19 08:18:29.764 D/DisplayPowerController[0]( 1654): Brightness [890.0] reason changing to: 'automatic [ auto_adj ]', previous reason: 'automatic'. id=local:0
01-19 08:18:29.764 I/DisplayPowerController[0]( 1654): BrightnessEvent: disp=0, brt=890.0(user_set), rcmdBrt=NaN, preBrt=NaN, lux=0.0, preLux=0.0, hbmMax=1.0, hbmMode=off, thrmMax=1.0, flags=user_set , reason=automatic [ auto_adj ]
01-19 08:18:29.765 D/VRR [OPlusRefreshRateService]( 1654): notifyBrightnessChange brightness: 890.0
01-19 08:18:29.765 D/DisplayManagerService( 1654): Delivering display event: displayId=0, event=4
01-19 08:18:29.775 D/OplusSmartBrightnessController( 1654): handleMessage MSG_LUX_CHANGED, mLux:569.15247 luxQueue=[571.0, 570.0, 586.0, 549.0]
01-19 08:18:29.775 D/DisplayPowerController[0]( 1654): onChange selfChange=false uri=content://settings/system/screen_brightness
01-19 08:18:29.775 D/OplusDisplayPowerControllerExtImpl( 1654): original brightness:890 final brightness:890.0 scale:1.0 reason:4 darkLevel:0
01-19 08:18:29.776 D/DisplayPowerController[0]( 1654): Brightness [890.0] reason changing to: 'automatic [ auto_adj ]', previous reason: 'automatic'. id=local:0
01-19 08:18:29.776 I/DisplayPowerController[0]( 1654): BrightnessEvent: disp=0, brt=890.0(user_set), rcmdBrt=NaN, preBrt=NaN, lux=0.0, preLux=0.0, hbmMax=1.0, hbmMode=off, thrmMax=1.0, flags=user_set , reason=automatic [ auto_adj ]
01-19 08:18:29.776 D/VRR [OPlusRefreshRateService]( 1654): notifyBrightnessChange brightness: 890.0
01-19 08:18:29.777 D/DisplayManagerService( 1654): Delivering display event: displayId=0, event=4
01-19 08:18:29.792 D/DisplayPowerController[0]( 1654): onChange selfChange=false uri=content://settings/system/screen_brightness
01-19 08:18:29.792 D/OplusDisplayPowerControllerExtImpl( 1654): original brightness:890 final brightness:890.0 scale:1.0 reason:4 darkLevel:0
