01-19 08:04:36.744 D/InputMethodManagerService( 1654): isSecurity= false (  enable=false needShow=false inBlackList=false isExist=false )
01-19 08:04:36.748 I/Quality (19011): Skipped: false 40 cost 674.0375 refreshRate 16698792 bit true processName com.THLight.BLE.USBeacon.Writer.Simple.dev
01-19 08:04:36.748 V/AutofillInlineSuggestionsRequestSession( 1654): onInputMethodFinishInput() received
01-19 08:04:36.750 V/AutofillInlineSuggestionsRequestSession( 1654): maybeUpdateResponseToImeLocked called
01-19 08:04:36.752 V/AutofillInlineSuggestionsRequestSession( 1654): onInputMethodStartInput() received on 0
01-19 08:04:36.752 V/AutofillInlineSuggestionsRequestSession( 1654): maybeUpdateResponseToImeLocked called
01-19 08:04:36.806 I/Quality (19011): Skipped: false 0 cost 5.239385 refreshRate 16704761 bit true processName com.THLight.BLE.USBeacon.Writer.Simple.dev
01-19 08:04:36.815 D/OplusFullScreenDisplayManager( 1654): adjustWindowParamsLw com.THLight.BLE.USBeacon.Writer.Simple.dev, no change cutoutMode: 0
01-19 08:04:36.815 V/WindowManager( 1654): Relayout Window{222724a u0 com.THLight.BLE.USBeacon.Writer.Simple.dev/com.THLight.BLE.USBeacon.Writer.Simple.ui.activity.scan.ScanDeviceListActivity}: viewVisibility=0, oldvis=0, req=720x1600
01-19 08:04:36.836 D/OplusFullScreenDisplayManager( 1654): adjustWindowParamsLw com.THLight.BLE.USBeacon.Writer.Simple.dev, no change cutoutMode: 0
01-19 08:04:36.839 I/WindowManager( 1654): addWindow: New client android.os.BinderProxy@f4ef354 : window=Window{9b962fd u0 Toast}
01-19 08:04:36.841 D/CoreBackPreview( 1654): Window{9b962fd u0 Toast}: Setting back callback OnBackInvokedCallbackInfo{mCallback=android.window.IOnBackInvokedCallback$Stub$Proxy@48be243, mPriority=0}
01-19 08:04:36.847 I/Quality (19011): Skipped: false 2 cost 38.346794 refreshRate 16705798 bit true processName com.THLight.BLE.USBeacon.Writer.Simple.dev
01-19 08:04:36.852 D/OplusFullScreenDisplayManager( 1654): adjustWindowParamsLw com.THLight.BLE.USBeacon.Writer.Simple.dev, no change cutoutMode: 0
01-19 08:04:36.852 V/WindowManager( 1654): Relayout Window{9b962fd u0 Toast}: viewVisibility=0, oldvis=0, req=247x102
01-19 08:04:36.898 D/WindowManager( 1654): finishDrawingWindow: Window{9b962fd u0 Toast} mDrawState=DRAW_PENDING
01-19 08:04:36.902 I/Quality (19011): Skipped: false 2 cost 42.97195 refreshRate 16706229 bit true processName com.THLight.BLE.USBeacon.Writer.Simple.dev
01-19 08:04:36.919 D/WindowManager( 1654): finishDrawingWindow: Window{9b962fd u0 Toast} mDrawState=HAS_DRAWN
01-19 08:04:36.924 D/WindowManager( 1654): Acquiring screen wakelock due to Window{9b962fd u0 Toast}
01-19 08:04:36.924 D/OplusAONSmartDim( 1654): onWakeLockAcquireLocked: lock=24988041, flags=0x2000000a, packageName=android, tag="WindowManager", ws=WorkSource{10152}, uid=1000, pid=1654
01-19 08:04:36.979 D/CoreBackPreview( 1654): Window{686be53 u0 com.THLight.BLE.USBeacon.Writer.Simple.dev/com.THLight.BLE.USBeacon.Writer.Simple.ui.activity.connect.EditDeviceActivity}: Setting back callback null
01-19 08:04:36.979 V/ZoomWindowDecorView(19011): removeZoomView
01-19 08:04:36.991 D/TaskFragmentExtImpl( 1654): remove ActivityRecord{551dacf u0 com.THLight.BLE.USBeacon.Writer.Simple.dev/com.THLight.BLE.USBeacon.Writer.Simple.ui.activity.connect.EditDeviceActivity} t-1 f}} to mActivityRecordSum = Counter{ com.THLight.BLE.USBeacon.Writer.Simple.dev/com.THLight.BLE.USBeacon.Writer.Simple.ui.activity.scan.ScanDeviceListActivity(1) }
01-19 08:04:36.992 I/Quality (19011): Skipped: true 2 cost 49.117462 refreshRate 16706845 bit true processName com.THLight.BLE.USBeacon.Writer.Simple.dev
01-19 08:04:38.073 D/CompatibilityChangeReporter( 1654): Compat change id reported: 168419799; UID 10122; state: DISABLED
01-19 08:04:38.776 D/OplusSmartBrightnessController( 1654): handleMessage MSG_LUX_CHANGED, mLux:222.40683 luxQueue=[224.0, 221.0, 221.0, 221.0, 225.0]
01-19 08:04:39.023 D/PowerManagerService( 1654): userActivityNoUpdateLocked: groupId=0, eventTime=189829578, event=2, flags=0x0, uid=1000
01-19 08:04:39.159 D/OplusFullScreenDisplayManager( 1654): adjustWindowParamsLw com.THLight.BLE.USBeacon.Writer.Simple.dev, no change cutoutMode: 0
01-19 08:04:39.164 V/WindowManager( 1654): Changing focus from Window{222724a u0 com.THLight.BLE.USBeacon.Writer.Simple.dev/com.THLight.BLE.USBeacon.Writer.Simple.ui.activity.scan.ScanDeviceListActivity} to Window{7c4cf20 u0 com.THLight.BLE.USBeacon.Writer.Simple.dev/com.THLight.BLE.USBeacon.Writer.Simple.ui.activity.scan.ScanDeviceListActivity},diplayid=0
01-19 08:04:39.174 I/WindowManager( 1654): addWindow: New client android.os.BinderProxy@55fbe23 : window=Window{7c4cf20 u0 com.THLight.BLE.USBeacon.Writer.Simple.dev/com.THLight.BLE.USBeacon.Writer.Simple.ui.activity.scan.ScanDeviceListActivity}
01-19 08:04:39.182 D/CoreBackPreview( 1654): Window{7c4cf20 u0 com.THLight.BLE.USBeacon.Writer.Simple.dev/com.THLight.BLE.USBeacon.Writer.Simple.ui.activity.scan.ScanDeviceListActivity}: Setting back callback OnBackInvokedCallbackInfo{mCallback=android.window.IOnBackInvokedCallback$Stub$Proxy@27072aa, mPriority=0}
01-19 08:04:39.190 I/Quality (19011): Skipped: false 2 cost 44.794735 refreshRate 16707707 bit true processName com.THLight.BLE.USBeacon.Writer.Simple.dev
01-19 08:04:39.196 D/OplusFullScreenDisplayManager( 1654): adjustWindowParamsLw com.THLight.BLE.USBeacon.Writer.Simple.dev, no change cutoutMode: 0
01-19 08:04:39.196 V/WindowManager( 1654): Relayout Window{7c4cf20 u0 com.THLight.BLE.USBeacon.Writer.Simple.dev/com.THLight.BLE.USBeacon.Writer.Simple.ui.activity.scan.ScanDeviceListActivity}: viewVisibility=0, oldvis=0, req=684x232
01-19 08:04:39.215 V/ZoomWindowDecorView(19011): setLastReportedMergedConfiguration mZoomDisplayHeight: 1600 getDecorView.178552627
01-19 08:04:39.240 D/WindowManager( 1654): finishDrawingWindow: Window{7c4cf20 u0 com.THLight.BLE.USBeacon.Writer.Simple.dev/com.THLight.BLE.USBeacon.Writer.Simple.ui.activity.scan.ScanDeviceListActivity} mDrawState=DRAW_PENDING
01-19 08:04:39.244 I/Quality (19011): Skipped: false 2 cost 48.65231 refreshRate 16707707 bit true processName com.THLight.BLE.USBeacon.Writer.Simple.dev
01-19 08:04:39.297 D/WindowManager( 1654): finishDrawingWindow: Window{7c4cf20 u0 com.THLight.BLE.USBeacon.Writer.Simple.dev/com.THLight.BLE.USBeacon.Writer.Simple.ui.activity.scan.ScanDeviceListActivity} mDrawState=HAS_DRAWN
01-19 08:04:39.724 D/OplusAppListInterceptManager( 1654): shouldFilterTask
01-19 08:04:39.725 D/OplusAppListInterceptManager( 1654): shouldFilterTask::packageName = com.THLight.BLE.USBeacon.Writer.Simple.dev
01-19 08:04:39.726 D/OplusAppListInterceptManager( 1654): shouldFilterTask
01-19 08:04:39.726 D/OplusAppListInterceptManager( 1654): shouldFilterTask::packageName = com.android.settings
01-19 08:04:39.726 D/OplusSplitScreenManagerService( 1654): com.android.settings unSupportsSplitScreen by blockList or ForbidActivityList
01-19 08:04:39.726 D/OplusAppListInterceptManager( 1654): shouldFilterTask
01-19 08:04:39.726 D/OplusAppListInterceptManager( 1654): shouldFilterTask::packageName = com.android.settings
01-19 08:04:39.728 D/CompatibilityChangeReporter( 1654): Compat change id reported: 197654537; UID 1000; state: ENABLED
01-19 08:04:39.728 D/OplusSplitScreenManagerService( 1654): com.android.settings unSupportsSplitScreen by blockList or ForbidActivityList
01-19 08:04:39.728 D/OplusSplitScreenManagerService( 1654): com.android.settings unSupportsSplitScreen by blockList or ForbidActivityList
01-19 08:04:39.728 D/OplusAppListInterceptManager( 1654): shouldFilterTask
01-19 08:04:39.728 D/OplusAppListInterceptManager( 1654): shouldFilterTask::packageName = no.nordicsemi.android.mcp
01-19 08:04:39.728 D/OplusAppListInterceptManager( 1654): shouldFilterTask
01-19 08:04:39.728 D/OplusAppListInterceptManager( 1654): shouldFilterTask::packageName = com.google.android.googlequicksearchbox
01-19 08:04:39.729 D/OplusAthena( 1654): com.google.android.gm in recent lock list
01-19 08:04:39.729 D/OplusAppListInterceptManager( 1654): shouldFilterTask
01-19 08:04:39.729 D/OplusAppListInterceptManager( 1654): shouldFilterTask::packageName = com.google.android.gm
01-19 08:04:40.296 V/ZoomWindowDecorView(19011): removeZoomView
01-19 08:04:40.315 D/CoreBackPreview( 1654): Window{9b962fd u0 Toast}: Setting back callback null
01-19 08:04:40.325 W/NotificationService( 1654): Toast already killed. pkg=com.THLight.BLE.USBeacon.Writer.Simple.dev token=android.os.BinderProxy@8e2da5a
01-19 08:04:40.326 I/Quality (19011): Skipped: false 1 cost 25.938671 refreshRate 16700714 bit true processName com.THLight.BLE.USBeacon.Writer.Simple.dev
01-19 08:04:40.829 D/WindowManager( 1654): Releasing screen wakelock due to Window{9b962fd u0 Toast}
01-19 08:04:40.829 D/OplusAONSmartDim( 1654): onWakeLockReleaseLocked: lock=24988041, flags=0x2000000a, packageName=android, tag="WindowManager", ws=WorkSource{10152}, uid=1000, pid=1654
01-19 08:04:40.830 D/PowerManagerService( 1654): userActivityNoUpdateLocked: groupId=0, eventTime=189831391, event=0, flags=0x1, uid=1000
01-19 08:04:40.937 W/WindowManager( 1654): Unable to start animation, surface is null or no children.
01-19 08:04:40.997 D/UsageStatsService( 1654): User[0] type=0 b=1768780913240 e=1768781080995 cb=1768742652546 ce=1768781076990 disk=0 all=25
01-19 08:04:42.063 D/CoreBackPreview( 1654): Window{7c4cf20 u0 com.THLight.BLE.USBeacon.Writer.Simple.dev/com.THLight.BLE.USBeacon.Writer.Simple.ui.activity.scan.ScanDeviceListActivity}: Setting back callback null
01-19 08:04:42.065 V/ZoomWindowDecorView(19011): removeZoomView
01-19 08:04:42.085 V/WindowManager( 1654): Changing focus from Window{7c4cf20 u0 com.THLight.BLE.USBeacon.Writer.Simple.dev/com.THLight.BLE.USBeacon.Writer.Simple.ui.activity.scan.ScanDeviceListActivity EXITING} to Window{222724a u0 com.THLight.BLE.USBeacon.Writer.Simple.dev/com.THLight.BLE.USBeacon.Writer.Simple.ui.activity.scan.ScanDeviceListActivity},diplayid=0
01-19 08:04:42.110 V/WindowManager( 1654): Unknown focus tokens, dropping reportFocusChanged
01-19 08:04:42.114 I/ActivityTaskManager( 1654): START u0 {cmp=com.THLight.BLE.USBeacon.Writer.Simple.dev/com.THLight.BLE.USBeacon.Writer.Simple.ui.activity.connect.EditDeviceActivity (has extras) mCallingUid=10152} from uid 10152
01-19 08:04:42.118 D/OplusZoomWindowRUSConfigManager( 1654): isSupportZoomModeWithPolicyLocked: target = com.THLight.BLE.USBeacon.Writer.Simple.dev/com.THLight.BLE.USBeacon.Writer.Simple.ui.activity.connect.EditDeviceActivity
01-19 08:04:42.118 D/OplusZoomWindowRUSConfigManager( 1654): targetPkg = com.THLight.BLE.USBeacon.Writer.Simple.dev
01-19 08:04:42.118 V/OplusZoomWindowManagerService( 1654): unSupportZoom: false ,callingPid: 19011 ,sourceStack: Task{3debe46 #182 type=standard A=10152:com.THLight.BLE.USBeacon.Writer.Simple.dev U=0 visible=true visibleRequested=true mode=fullscreen translucent=false sz=1}
01-19 08:04:42.121 D/TaskFragmentExtImpl( 1654): add ActivityRecord{1d4c24f u0 com.THLight.BLE.USBeacon.Writer.Simple.dev/com.THLight.BLE.USBeacon.Writer.Simple.ui.activity.connect.EditDeviceActivity} t182} to mActivityRecordSum = Counter{ com.THLight.BLE.USBeacon.Writer.Simple.dev/com.THLight.BLE.USBeacon.Writer.Simple.ui.activity.connect.EditDeviceActivity(1) com.THLight.BLE.USBeacon.Writer.Simple.dev/com.THLight.BLE.USBeacon.Writer.Simple.ui.activity.scan.ScanDeviceListActivity(1) }
01-19 08:04:42.123 D/ActivityTaskManager( 1654): getStartingWindowType: newTask=false, taskSwitch=false, processRunning=true, allowTaskSnapshot=true, activityCreated=false, snapshot=null, record:ActivityRecord{1d4c24f u0 com.THLight.BLE.USBeacon.Writer.Simple.dev/com.THLight.BLE.USBeacon.Writer.Simple.ui.activity.connect.EditDeviceActivity} t182}
01-19 08:04:42.123 D/OplusZoomWindowRUSConfigManager( 1654): isSupportZoomModeWithPolicyLocked: target = com.THLight.BLE.USBeacon.Writer.Simple.dev/com.THLight.BLE.USBeacon.Writer.Simple.ui.activity.connect.EditDeviceActivity
01-19 08:04:42.123 D/OplusZoomWindowRUSConfigManager( 1654): targetPkg = com.THLight.BLE.USBeacon.Writer.Simple.dev
01-19 08:04:42.123 V/OplusZoomWindowManagerService( 1654): unSupportZoom: false ,callingPid: 19011 ,sourceStack: Task{3debe46 #182 type=standard A=10152:com.THLight.BLE.USBeacon.Writer.Simple.dev U=0 visible=true visibleRequested=true mode=fullscreen translucent=false sz=2}
01-19 08:04:42.138 I/Quality (19011): Skipped: false 3 cost 66.06828 refreshRate 16708055 bit true processName com.THLight.BLE.USBeacon.Writer.Simple.dev
01-19 08:04:42.144 W/ActivityTaskManager( 1654): Tried to set launchTime (0) < mLastActivityLaunchTime (189826498)
01-19 08:04:42.149 D/OplusDexOptimizeManager( 1654): Do not in AppLaunchOptList!
01-19 08:04:42.153 V/WindowManager( 1654): Changing focus from Window{222724a u0 com.THLight.BLE.USBeacon.Writer.Simple.dev/com.THLight.BLE.USBeacon.Writer.Simple.ui.activity.scan.ScanDeviceListActivity} to null,diplayid=0
01-19 08:04:42.216 D/OplusFullScreenDisplayManager( 1654): adjustWindowParamsLw com.THLight.BLE.USBeacon.Writer.Simple.dev, no change cutoutMode: 0
01-19 08:04:42.218 I/WindowManager( 1654): addWindow: New client android.os.BinderProxy@cb3759d : window=Window{aad1a12 u0 com.THLight.BLE.USBeacon.Writer.Simple.dev/com.THLight.BLE.USBeacon.Writer.Simple.ui.activity.connect.EditDeviceActivity}
01-19 08:04:42.221 D/CoreBackPreview( 1654): Window{aad1a12 u0 com.THLight.BLE.USBeacon.Writer.Simple.dev/com.THLight.BLE.USBeacon.Writer.Simple.ui.activity.connect.EditDeviceActivity}: Setting back callback OnBackInvokedCallbackInfo{mCallback=android.window.IOnBackInvokedCallback$Stub$Proxy@9ee9be0, mPriority=0}
01-19 08:04:42.470 D/OplusFullScreenDisplayManager( 1654): adjustWindowParamsLw com.THLight.BLE.USBeacon.Writer.Simple.dev, no change cutoutMode: 0
01-19 08:04:42.471 V/WindowManager( 1654): Relayout Window{aad1a12 u0 com.THLight.BLE.USBeacon.Writer.Simple.dev/com.THLight.BLE.USBeacon.Writer.Simple.ui.activity.connect.EditDeviceActivity}: viewVisibility=0, oldvis=4, req=720x1600
01-19 08:04:42.483 V/ZoomWindowDecorView(19011): setLastReportedMergedConfiguration mZoomDisplayHeight: 1600 getDecorView.33444400
01-19 08:04:42.579 D/WindowManager( 1654): finishDrawingWindow: Window{aad1a12 u0 com.THLight.BLE.USBeacon.Writer.Simple.dev/com.THLight.BLE.USBeacon.Writer.Simple.ui.activity.connect.EditDeviceActivity} mDrawState=DRAW_PENDING
01-19 08:04:42.581 I/Quality (19011): Skipped: false 20 cost 342.97974 refreshRate 16697822 bit true processName com.THLight.BLE.USBeacon.Writer.Simple.dev
01-19 08:04:42.605 D/CompatibilityChangeReporter( 1654): Compat change id reported: 128611929; UID 10152; state: ENABLED
01-19 08:04:42.605 W/NotificationService( 1654): Blocking custom toast from package com.THLight.BLE.USBeacon.Writer.Simple.dev due to package not in the foreground at time the toast was posted
01-19 08:04:42.615 V/WindowManager( 1654): Changing focus from null to Window{222724a u0 com.THLight.BLE.USBeacon.Writer.Simple.dev/com.THLight.BLE.USBeacon.Writer.Simple.ui.activity.scan.ScanDeviceListActivity},diplayid=0
01-19 08:04:42.621 D/TaskFragmentExtImpl( 1654): addColorModeOnResume resume=true pkg = com.THLight.BLE.USBeacon.Writer.Simple.dev
01-19 08:04:42.626 I/OplusAppSwitchManagerService( 1654):  handleAppVisible , r = ActivityRecord{6efdddb u0 com.THLight.BLE.USBeacon.Writer.Simple.dev/com.THLight.BLE.USBeacon.Writer.Simple.ui.activity.scan.ScanDeviceListActivity} t182}
01-19 08:04:42.650 D/InputMethodManagerService( 1654): isSecurity: attribute.packageName=com.THLight.BLE.USBeacon.Writer.Simple.dev mCurMethodId=com.google.android.inputmethod.latin/com.android.inputmethod.latin.LatinIME
01-19 08:04:42.650 D/InputMethodManagerService( 1654): isSecurity= false (  enable=false needShow=false inBlackList=false isExist=false )
01-19 08:04:42.653 V/AutofillInlineSuggestionsRequestSession( 1654): onInputMethodFinishInput() received
01-19 08:04:42.653 V/AutofillInlineSuggestionsRequestSession( 1654): maybeUpdateResponseToImeLocked called
01-19 08:04:42.656 V/AutofillInlineSuggestionsRequestSession( 1654): onInputMethodStartInput() received on 0
01-19 08:04:42.656 V/AutofillInlineSuggestionsRequestSession( 1654): maybeUpdateResponseToImeLocked called
01-19 08:04:42.720 D/CoreBackPreview( 1654): Window{aad1a12 u0 com.THLight.BLE.USBeacon.Writer.Simple.dev/com.THLight.BLE.USBeacon.Writer.Simple.ui.activity.connect.EditDeviceActivity}: Setting back callback null
01-19 08:04:42.720 V/ZoomWindowDecorView(19011): removeZoomView
01-19 08:04:42.736 I/Quality (19011): Skipped: true 2 cost 46.08782 refreshRate 16705973 bit true processName com.THLight.BLE.USBeacon.Writer.Simple.dev
01-19 08:04:42.736 D/TaskFragmentExtImpl( 1654): remove ActivityRecord{1d4c24f u0 com.THLight.BLE.USBeacon.Writer.Simple.dev/com.THLight.BLE.USBeacon.Writer.Simple.ui.activity.connect.EditDeviceActivity} t-1 f}} to mActivityRecordSum = Counter{ com.THLight.BLE.USBeacon.Writer.Simple.dev/com.THLight.BLE.USBeacon.Writer.Simple.ui.activity.scan.ScanDeviceListActivity(1) }
01-19 08:04:42.774 D/OplusSmartBrightnessController( 1654): handleMessage MSG_LUX_CHANGED, mLux:227.17725 luxQueue=[227.0, 225.0, 231.0, 229.0, 225.0, 226.0]
01-19 08:04:44.176 D/OplusSmartBrightnessController( 1654): handleMessage MSG_LUX_CHANGED, mLux:230.80641 luxQueue=[232.0, 230.0, 233.0, 228.0, 231.0]
01-19 08:04:44.251 D/PowerManagerService( 1654): userActivityNoUpdateLocked: groupId=0, eventTime=189834807, event=2, flags=0x0, uid=1000
01-19 08:04:44.356 D/PowerManagerService( 1654): userActivityNoUpdateLocked: groupId=0, eventTime=189834916, event=2, flags=0x0, uid=1000
01-19 08:04:44.374 D/OplusFullScreenDisplayManager( 1654): adjustWindowParamsLw com.THLight.BLE.USBeacon.Writer.Simple.dev, no change cutoutMode: 0
01-19 08:04:44.377 V/WindowManager( 1654): Changing focus from Window{222724a u0 com.THLight.BLE.USBeacon.Writer.Simple.dev/com.THLight.BLE.USBeacon.Writer.Simple.ui.activity.scan.ScanDeviceListActivity} to Window{ec1942f u0 com.THLight.BLE.USBeacon.Writer.Simple.dev/com.THLight.BLE.USBeacon.Writer.Simple.ui.activity.scan.ScanDeviceListActivity},diplayid=0
01-19 08:04:44.382 I/WindowManager( 1654): addWindow: New client android.os.BinderProxy@9d5420e : window=Window{ec1942f u0 com.THLight.BLE.USBeacon.Writer.Simple.dev/com.THLight.BLE.USBeacon.Writer.Simple.ui.activity.scan.ScanDeviceListActivity}
01-19 08:04:44.387 D/CoreBackPreview( 1654): Window{ec1942f u0 com.THLight.BLE.USBeacon.Writer.Simple.dev/com.THLight.BLE.USBeacon.Writer.Simple.ui.activity.scan.ScanDeviceListActivity}: Setting back callback OnBackInvokedCallbackInfo{mCallback=android.window.IOnBackInvokedCallback$Stub$Proxy@b283741, mPriority=0}
01-19 08:04:44.395 I/Quality (19011): Skipped: false 1 cost 20.836893 refreshRate 16707624 bit true processName com.THLight.BLE.USBeacon.Writer.Simple.dev
01-19 08:04:44.404 D/OplusFullScreenDisplayManager( 1654): adjustWindowParamsLw com.THLight.BLE.USBeacon.Writer.Simple.dev, no change cutoutMode: 0
01-19 08:04:44.405 V/WindowManager( 1654): Relayout Window{ec1942f u0 com.THLight.BLE.USBeacon.Writer.Simple.dev/com.THLight.BLE.USBeacon.Writer.Simple.ui.activity.scan.ScanDeviceListActivity}: viewVisibility=0, oldvis=0, req=684x232
01-19 08:04:44.420 V/ZoomWindowDecorView(19011): setLastReportedMergedConfiguration mZoomDisplayHeight: 1600 getDecorView.178552627
01-19 08:04:44.434 D/WindowManager( 1654): finishDrawingWindow: Window{ec1942f u0 com.THLight.BLE.USBeacon.Writer.Simple.dev/com.THLight.BLE.USBeacon.Writer.Simple.ui.activity.scan.ScanDeviceListActivity} mDrawState=DRAW_PENDING
01-19 08:04:44.438 I/Quality (19011): Skipped: false 1 cost 29.795109 refreshRate 16707624 bit true processName com.THLight.BLE.USBeacon.Writer.Simple.dev
01-19 08:04:44.458 D/WindowManager( 1654): finishDrawingWindow: Window{ec1942f u0 com.THLight.BLE.USBeacon.Writer.Simple.dev/com.THLight.BLE.USBeacon.Writer.Simple.ui.activity.scan.ScanDeviceListActivity} mDrawState=HAS_DRAWN
01-19 08:04:45.018 E/ActivityThread( 1654): Failed to find provider info for com.oplus.smartdrive.data.DataProvider
01-19 08:04:45.065 W/BroadcastQueue( 1654): Permission Denial: receiving Intent { act=android.bluetooth.device.action.ACL_CONNECTED flg=0x5000010 (has extras) } to com.oplus.melody/.receiver.BluetoothBroadcastReceiver requires android.permission.BLUETOOTH_CONNECT due to sender com.android.bluetooth (uid 1002)
01-19 08:04:47.531 D/CoreBackPreview( 1654): Window{ec1942f u0 com.THLight.BLE.USBeacon.Writer.Simple.dev/com.THLight.BLE.USBeacon.Writer.Simple.ui.activity.scan.ScanDeviceListActivity}: Setting back callback null
01-19 08:04:47.534 V/ZoomWindowDecorView(19011): removeZoomView
01-19 08:04:47.547 V/WindowManager( 1654): Changing focus from Window{ec1942f u0 com.THLight.BLE.USBeacon.Writer.Simple.dev/com.THLight.BLE.USBeacon.Writer.Simple.ui.activity.scan.ScanDeviceListActivity EXITING} to Window{222724a u0 com.THLight.BLE.USBeacon.Writer.Simple.dev/com.THLight.BLE.USBeacon.Writer.Simple.ui.activity.scan.ScanDeviceListActivity},diplayid=0
01-19 08:04:47.573 V/WindowManager( 1654): Unknown focus tokens, dropping reportFocusChanged
01-19 08:04:47.578 I/ActivityTaskManager( 1654): START u0 {cmp=com.THLight.BLE.USBeacon.Writer.Simple.dev/com.THLight.BLE.USBeacon.Writer.Simple.ui.activity.connect.EditDeviceActivity (has extras) mCallingUid=10152} from uid 10152
01-19 08:04:47.582 D/OplusZoomWindowRUSConfigManager( 1654): isSupportZoomModeWithPolicyLocked: target = com.THLight.BLE.USBeacon.Writer.Simple.dev/com.THLight.BLE.USBeacon.Writer.Simple.ui.activity.connect.EditDeviceActivity
01-19 08:04:47.582 D/OplusZoomWindowRUSConfigManager( 1654): targetPkg = com.THLight.BLE.USBeacon.Writer.Simple.dev
01-19 08:04:47.582 V/OplusZoomWindowManagerService( 1654): unSupportZoom: false ,callingPid: 19011 ,sourceStack: Task{3debe46 #182 type=standard A=10152:com.THLight.BLE.USBeacon.Writer.Simple.dev U=0 visible=true visibleRequested=true mode=fullscreen translucent=false sz=1}
01-19 08:04:47.585 D/TaskFragmentExtImpl( 1654): add ActivityRecord{11328a0 u0 com.THLight.BLE.USBeacon.Writer.Simple.dev/com.THLight.BLE.USBeacon.Writer.Simple.ui.activity.connect.EditDeviceActivity} t182} to mActivityRecordSum = Counter{ com.THLight.BLE.USBeacon.Writer.Simple.dev/com.THLight.BLE.USBeacon.Writer.Simple.ui.activity.connect.EditDeviceActivity(1) com.THLight.BLE.USBeacon.Writer.Simple.dev/com.THLight.BLE.USBeacon.Writer.Simple.ui.activity.scan.ScanDeviceListActivity(1) }
01-19 08:04:47.587 D/ActivityTaskManager( 1654): getStartingWindowType: newTask=false, taskSwitch=false, processRunning=true, allowTaskSnapshot=true, activityCreated=false, snapshot=null, record:ActivityRecord{11328a0 u0 com.THLight.BLE.USBeacon.Writer.Simple.dev/com.THLight.BLE.USBeacon.Writer.Simple.ui.activity.connect.EditDeviceActivity} t182}
01-19 08:04:47.587 D/OplusZoomWindowRUSConfigManager( 1654): isSupportZoomModeWithPolicyLocked: target = com.THLight.BLE.USBeacon.Writer.Simple.dev/com.THLight.BLE.USBeacon.Writer.Simple.ui.activity.connect.EditDeviceActivity
01-19 08:04:47.587 D/OplusZoomWindowRUSConfigManager( 1654): targetPkg = com.THLight.BLE.USBeacon.Writer.Simple.dev
01-19 08:04:47.587 V/OplusZoomWindowManagerService( 1654): unSupportZoom: false ,callingPid: 19011 ,sourceStack: Task{3debe46 #182 type=standard A=10152:com.THLight.BLE.USBeacon.Writer.Simple.dev U=0 visible=true visibleRequested=true mode=fullscreen translucent=false sz=2}
01-19 08:04:47.599 I/Quality (19011): Skipped: false 3 cost 64.62966 refreshRate 16707129 bit true processName com.THLight.BLE.USBeacon.Writer.Simple.dev
01-19 08:04:47.605 W/ActivityTaskManager( 1654): Tried to set launchTime (0) < mLastActivityLaunchTime (189832711)
01-19 08:04:47.610 D/OplusDexOptimizeManager( 1654): Do not in AppLaunchOptList!
01-19 08:04:47.614 V/WindowManager( 1654): Changing focus from Window{222724a u0 com.THLight.BLE.USBeacon.Writer.Simple.dev/com.THLight.BLE.USBeacon.Writer.Simple.ui.activity.scan.ScanDeviceListActivity} to null,diplayid=0
01-19 08:04:47.677 D/OplusFullScreenDisplayManager( 1654): adjustWindowParamsLw com.THLight.BLE.USBeacon.Writer.Simple.dev, no change cutoutMode: 0
01-19 08:04:47.680 I/WindowManager( 1654): addWindow: New client android.os.BinderProxy@bf070f7 : window=Window{dd58b64 u0 com.THLight.BLE.USBeacon.Writer.Simple.dev/com.THLight.BLE.USBeacon.Writer.Simple.ui.activity.connect.EditDeviceActivity}
01-19 08:04:47.682 D/CoreBackPreview( 1654): Window{dd58b64 u0 com.THLight.BLE.USBeacon.Writer.Simple.dev/com.THLight.BLE.USBeacon.Writer.Simple.ui.activity.connect.EditDeviceActivity}: Setting back callback OnBackInvokedCallbackInfo{mCallback=android.window.IOnBackInvokedCallback$Stub$Proxy@3946a82, mPriority=0}
01-19 08:04:47.931 D/OplusFullScreenDisplayManager( 1654): adjustWindowParamsLw com.THLight.BLE.USBeacon.Writer.Simple.dev, no change cutoutMode: 0
01-19 08:04:47.931 V/WindowManager( 1654): Relayout Window{dd58b64 u0 com.THLight.BLE.USBeacon.Writer.Simple.dev/com.THLight.BLE.USBeacon.Writer.Simple.ui.activity.connect.EditDeviceActivity}: viewVisibility=0, oldvis=4, req=720x1600
01-19 08:04:47.944 V/ZoomWindowDecorView(19011): setLastReportedMergedConfiguration mZoomDisplayHeight: 1600 getDecorView.140725775
01-19 08:04:48.043 D/WindowManager( 1654): finishDrawingWindow: Window{dd58b64 u0 com.THLight.BLE.USBeacon.Writer.Simple.dev/com.THLight.BLE.USBeacon.Writer.Simple.ui.activity.connect.EditDeviceActivity} mDrawState=DRAW_PENDING
01-19 08:04:48.045 I/Quality (19011): Skipped: false 20 cost 343.69525 refreshRate 16701489 bit true processName com.THLight.BLE.USBeacon.Writer.Simple.dev
01-19 08:04:48.069 W/NotificationService( 1654): Blocking custom toast from package com.THLight.BLE.USBeacon.Writer.Simple.dev due to package not in the foreground at time the toast was posted
01-19 08:04:48.079 V/WindowManager( 1654): Changing focus from null to Window{222724a u0 com.THLight.BLE.USBeacon.Writer.Simple.dev/com.THLight.BLE.USBeacon.Writer.Simple.ui.activity.scan.ScanDeviceListActivity},diplayid=0
01-19 08:04:48.084 D/TaskFragmentExtImpl( 1654): addColorModeOnResume resume=true pkg = com.THLight.BLE.USBeacon.Writer.Simple.dev
01-19 08:04:48.089 I/OplusAppSwitchManagerService( 1654):  handleAppVisible , r = ActivityRecord{6efdddb u0 com.THLight.BLE.USBeacon.Writer.Simple.dev/com.THLight.BLE.USBeacon.Writer.Simple.ui.activity.scan.ScanDeviceListActivity} t182}
01-19 08:04:48.109 D/OplusFullScreenDisplayManager( 1654): adjustWindowParamsLw com.THLight.BLE.USBeacon.Writer.Simple.dev, no change cutoutMode: 0
01-19 08:04:48.109 V/WindowManager( 1654): Relayout Window{222724a u0 com.THLight.BLE.USBeacon.Writer.Simple.dev/com.THLight.BLE.USBeacon.Writer.Simple.ui.activity.scan.ScanDeviceListActivity}: viewVisibility=0, oldvis=0, req=720x1600
01-19 08:04:48.120 D/InputMethodManagerService( 1654): isSecurity: attribute.packageName=com.THLight.BLE.USBeacon.Writer.Simple.dev mCurMethodId=com.google.android.inputmethod.latin/com.android.inputmethod.latin.LatinIME
01-19 08:04:48.120 D/InputMethodManagerService( 1654): isSecurity= false (  enable=false needShow=false inBlackList=false isExist=false )
01-19 08:04:48.123 V/AutofillInlineSuggestionsRequestSession( 1654): onInputMethodFinishInput() received
01-19 08:04:48.123 V/AutofillInlineSuggestionsRequestSession( 1654): maybeUpdateResponseToImeLocked called
01-19 08:04:48.127 V/AutofillInlineSuggestionsRequestSession( 1654): onInputMethodStartInput() received on 0
01-19 08:04:48.127 V/AutofillInlineSuggestionsRequestSession( 1654): maybeUpdateResponseToImeLocked called
01-19 08:04:48.183 V/ZoomWindowDecorView(19011): removeZoomView
01-19 08:04:48.183 D/CoreBackPreview( 1654): Window{dd58b64 u0 com.THLight.BLE.USBeacon.Writer.Simple.dev/com.THLight.BLE.USBeacon.Writer.Simple.ui.activity.connect.EditDeviceActivity}: Setting back callback null
01-19 08:04:48.199 I/Quality (19011): Skipped: true 2 cost 46.611862 refreshRate 16707260 bit true processName com.THLight.BLE.USBeacon.Writer.Simple.dev
01-19 08:04:48.200 D/TaskFragmentExtImpl( 1654): remove ActivityRecord{11328a0 u0 com.THLight.BLE.USBeacon.Writer.Simple.dev/com.THLight.BLE.USBeacon.Writer.Simple.ui.activity.connect.EditDeviceActivity} t-1 f}} to mActivityRecordSum = Counter{ com.THLight.BLE.USBeacon.Writer.Simple.dev/com.THLight.BLE.USBeacon.Writer.Simple.ui.activity.scan.ScanDeviceListActivity(1) }
01-19 08:04:48.976 D/OplusSmartBrightnessController( 1654): handleMessage MSG_LUX_CHANGED, mLux:233.80376 luxQueue=[236.0, 232.0, 234.0, 233.0, 234.0]
01-19 08:04:51.315 W/WindowManager( 1654): removeWindowToken: Attempted to remove non-existing token: android.os.Binder@12dbf66
01-19 08:04:51.578 D/OplusSmartBrightnessController( 1654): handleMessage MSG_LUX_CHANGED, mLux:210.80289 luxQueue=[233.0, 220.0, 196.0, 194.0, 208.0, 214.0, 208.0]
01-19 08:04:52.977 D/OplusSmartBrightnessController( 1654): handleMessage MSG_LUX_CHANGED, mLux:205.737 luxQueue=[207.0, 208.0, 208.0, 208.0, 207.0, 202.0, 200.0]
01-19 08:04:54.579 D/OplusSmartBrightnessController( 1654): handleMessage MSG_LUX_CHANGED, mLux:210.22037 luxQueue=[208.0, 207.0, 212.0, 209.0, 215.0]
01-19 08:04:56.227 D/PowerManagerService( 1654): userActivityNoUpdateLocked: groupId=0, eventTime=189846785, event=2, flags=0x0, uid=1000
01-19 08:04:56.286 D/OplusFullScreenDisplayManager( 1654): adjustWindowParamsLw com.THLight.BLE.USBeacon.Writer.Simple.dev, no change cutoutMode: 0
01-19 08:04:56.288 V/WindowManager( 1654): Changing focus from Window{222724a u0 com.THLight.BLE.USBeacon.Writer.Simple.dev/com.THLight.BLE.USBeacon.Writer.Simple.ui.activity.scan.ScanDeviceListActivity} to Window{4d241e7 u0 com.THLight.BLE.USBeacon.Writer.Simple.dev/com.THLight.BLE.USBeacon.Writer.Simple.ui.activity.scan.ScanDeviceListActivity},diplayid=0
01-19 08:04:56.293 I/WindowManager( 1654): addWindow: New client android.os.BinderProxy@7d9b3a6 : window=Window{4d241e7 u0 com.THLight.BLE.USBeacon.Writer.Simple.dev/com.THLight.BLE.USBeacon.Writer.Simple.ui.activity.scan.ScanDeviceListActivity}
01-19 08:04:56.298 D/CoreBackPreview( 1654): Window{4d241e7 u0 com.THLight.BLE.USBeacon.Writer.Simple.dev/com.THLight.BLE.USBeacon.Writer.Simple.ui.activity.scan.ScanDeviceListActivity}: Setting back callback OnBackInvokedCallbackInfo{mCallback=android.window.IOnBackInvokedCallback$Stub$Proxy@e8ab739, mPriority=0}
01-19 08:04:56.306 I/Quality (19011): Skipped: false 1 cost 20.262768 refreshRate 16666667 bit true processName com.THLight.BLE.USBeacon.Writer.Simple.dev
01-19 08:04:56.315 D/OplusFullScreenDisplayManager( 1654): adjustWindowParamsLw com.THLight.BLE.USBeacon.Writer.Simple.dev, no change cutoutMode: 0
01-19 08:04:56.316 V/WindowManager( 1654): Relayout Window{4d241e7 u0 com.THLight.BLE.USBeacon.Writer.Simple.dev/com.THLight.BLE.USBeacon.Writer.Simple.ui.activity.scan.ScanDeviceListActivity}: viewVisibility=0, oldvis=0, req=684x232
01-19 08:04:56.331 V/ZoomWindowDecorView(19011): setLastReportedMergedConfiguration mZoomDisplayHeight: 1600 getDecorView.178552627
01-19 08:04:56.353 D/WindowManager( 1654): finishDrawingWindow: Window{4d241e7 u0 com.THLight.BLE.USBeacon.Writer.Simple.dev/com.THLight.BLE.USBeacon.Writer.Simple.ui.activity.scan.ScanDeviceListActivity} mDrawState=DRAW_PENDING
01-19 08:04:56.357 I/Quality (19011): Skipped: false 2 cost 37.239048 refreshRate 16707756 bit true processName com.THLight.BLE.USBeacon.Writer.Simple.dev
01-19 08:04:56.383 D/WindowManager( 1654): finishDrawingWindow: Window{4d241e7 u0 com.THLight.BLE.USBeacon.Writer.Simple.dev/com.THLight.BLE.USBeacon.Writer.Simple.ui.activity.scan.ScanDeviceListActivity} mDrawState=HAS_DRAWN
01-19 08:04:56.492 E/ActivityThread( 1654): Failed to find provider info for com.oplus.smartdrive.data.DataProvider
01-19 08:04:56.591 W/BroadcastQueue( 1654): Permission Denial: receiving Intent { act=android.bluetooth.device.action.ACL_CONNECTED flg=0x5000010 (has extras) } to com.oplus.melody/.receiver.BluetoothBroadcastReceiver requires android.permission.BLUETOOTH_CONNECT due to sender com.android.bluetooth (uid 1002)
01-19 08:04:56.883 D/ProcessCpuTrackerExtImpl( 1654): mContext is already set, return now! 
01-19 08:04:57.774 D/OplusSmartBrightnessController( 1654): handleMessage MSG_LUX_CHANGED, mLux:206.25894 luxQueue=[202.0, 206.0, 208.0, 208.0, 206.0, 205.0, 208.0, 207.0]
01-19 08:04:58.575 D/OplusSmartBrightnessController( 1654): handleMessage MSG_LUX_CHANGED, mLux:210.00833 luxQueue=[209.0, 210.0, 208.0, 213.0]
01-19 08:04:59.011 D/CoreBackPreview( 1654): Window{4d241e7 u0 com.THLight.BLE.USBeacon.Writer.Simple.dev/com.THLight.BLE.USBeacon.Writer.Simple.ui.activity.scan.ScanDeviceListActivity}: Setting back callback null
01-19 08:04:59.012 V/ZoomWindowDecorView(19011): removeZoomView
01-19 08:04:59.023 V/WindowManager( 1654): Changing focus from Window{4d241e7 u0 com.THLight.BLE.USBeacon.Writer.Simple.dev/com.THLight.BLE.USBeacon.Writer.Simple.ui.activity.scan.ScanDeviceListActivity EXITING} to Window{222724a u0 com.THLight.BLE.USBeacon.Writer.Simple.dev/com.THLight.BLE.USBeacon.Writer.Simple.ui.activity.scan.ScanDeviceListActivity},diplayid=0
01-19 08:04:59.042 V/WindowManager( 1654): Unknown focus tokens, dropping reportFocusChanged
01-19 08:04:59.046 I/ActivityTaskManager( 1654): START u0 {cmp=com.THLight.BLE.USBeacon.Writer.Simple.dev/com.THLight.BLE.USBeacon.Writer.Simple.ui.activity.connect.EditDeviceActivity (has extras) mCallingUid=10152} from uid 10152
01-19 08:04:59.050 D/OplusZoomWindowRUSConfigManager( 1654): isSupportZoomModeWithPolicyLocked: target = com.THLight.BLE.USBeacon.Writer.Simple.dev/com.THLight.BLE.USBeacon.Writer.Simple.ui.activity.connect.EditDeviceActivity
01-19 08:04:59.050 D/OplusZoomWindowRUSConfigManager( 1654): targetPkg = com.THLight.BLE.USBeacon.Writer.Simple.dev
01-19 08:04:59.050 V/OplusZoomWindowManagerService( 1654): unSupportZoom: false ,callingPid: 19011 ,sourceStack: Task{3debe46 #182 type=standard A=10152:com.THLight.BLE.USBeacon.Writer.Simple.dev U=0 visible=true visibleRequested=true mode=fullscreen translucent=false sz=1}
01-19 08:04:59.053 D/TaskFragmentExtImpl( 1654): add ActivityRecord{b96619e u0 com.THLight.BLE.USBeacon.Writer.Simple.dev/com.THLight.BLE.USBeacon.Writer.Simple.ui.activity.connect.EditDeviceActivity} t182} to mActivityRecordSum = Counter{ com.THLight.BLE.USBeacon.Writer.Simple.dev/com.THLight.BLE.USBeacon.Writer.Simple.ui.activity.connect.EditDeviceActivity(1) com.THLight.BLE.USBeacon.Writer.Simple.dev/com.THLight.BLE.USBeacon.Writer.Simple.ui.activity.scan.ScanDeviceListActivity(1) }
01-19 08:04:59.055 D/ActivityTaskManager( 1654): getStartingWindowType: newTask=false, taskSwitch=false, processRunning=true, allowTaskSnapshot=true, activityCreated=false, snapshot=null, record:ActivityRecord{b96619e u0 com.THLight.BLE.USBeacon.Writer.Simple.dev/com.THLight.BLE.USBeacon.Writer.Simple.ui.activity.connect.EditDeviceActivity} t182}
01-19 08:04:59.055 D/OplusZoomWindowRUSConfigManager( 1654): isSupportZoomModeWithPolicyLocked: target = com.THLight.BLE.USBeacon.Writer.Simple.dev/com.THLight.BLE.USBeacon.Writer.Simple.ui.activity.connect.EditDeviceActivity
01-19 08:04:59.055 D/OplusZoomWindowRUSConfigManager( 1654): targetPkg = com.THLight.BLE.USBeacon.Writer.Simple.dev
01-19 08:04:59.055 V/OplusZoomWindowManagerService( 1654): unSupportZoom: false ,callingPid: 19011 ,sourceStack: Task{3debe46 #182 type=standard A=10152:com.THLight.BLE.USBeacon.Writer.Simple.dev U=0 visible=true visibleRequested=true mode=fullscreen translucent=false sz=2}
01-19 08:04:59.067 I/Quality (19011): Skipped: false 3 cost 55.326744 refreshRate 16709528 bit true processName com.THLight.BLE.USBeacon.Writer.Simple.dev
01-19 08:04:59.074 W/ActivityTaskManager( 1654): Tried to set launchTime (0) < mLastActivityLaunchTime (189838171)
01-19 08:04:59.080 D/OplusDexOptimizeManager( 1654): Do not in AppLaunchOptList!
01-19 08:04:59.084 V/WindowManager( 1654): Changing focus from Window{222724a u0 com.THLight.BLE.USBeacon.Writer.Simple.dev/com.THLight.BLE.USBeacon.Writer.Simple.ui.activity.scan.ScanDeviceListActivity} to null,diplayid=0
01-19 08:04:59.095 D/InputMethodManagerService( 1654): isSecurity: attribute.packageName=com.THLight.BLE.USBeacon.Writer.Simple.dev mCurMethodId=com.google.android.inputmethod.latin/com.android.inputmethod.latin.LatinIME
01-19 08:04:59.095 D/InputMethodManagerService( 1654): isSecurity= false (  enable=false needShow=false inBlackList=false isExist=false )
01-19 08:04:59.100 V/AutofillInlineSuggestionsRequestSession( 1654): onInputMethodFinishInput() received
01-19 08:04:59.103 V/AutofillInlineSuggestionsRequestSession( 1654): maybeUpdateResponseToImeLocked called
01-19 08:04:59.106 V/AutofillInlineSuggestionsRequestSession( 1654): onInputMethodStartInput() received on 0
01-19 08:04:59.106 V/AutofillInlineSuggestionsRequestSession( 1654): maybeUpdateResponseToImeLocked called
01-19 08:04:59.165 D/OplusFullScreenDisplayManager( 1654): adjustWindowParamsLw com.THLight.BLE.USBeacon.Writer.Simple.dev, no change cutoutMode: 0
01-19 08:04:59.168 I/WindowManager( 1654): addWindow: New client android.os.BinderProxy@63d1402 : window=Window{fa65113 u0 com.THLight.BLE.USBeacon.Writer.Simple.dev/com.THLight.BLE.USBeacon.Writer.Simple.ui.activity.connect.EditDeviceActivity}
01-19 08:04:59.171 D/CoreBackPreview( 1654): Window{fa65113 u0 com.THLight.BLE.USBeacon.Writer.Simple.dev/com.THLight.BLE.USBeacon.Writer.Simple.ui.activity.connect.EditDeviceActivity}: Setting back callback OnBackInvokedCallbackInfo{mCallback=android.window.IOnBackInvokedCallback$Stub$Proxy@fdec549, mPriority=0}
01-19 08:04:59.175 I/Quality (19011): Skipped: false 1 cost 18.592384 refreshRate 16713250 bit true processName com.THLight.BLE.USBeacon.Writer.Simple.dev
01-19 08:04:59.459 D/OplusFullScreenDisplayManager( 1654): adjustWindowParamsLw com.THLight.BLE.USBeacon.Writer.Simple.dev, no change cutoutMode: 0
01-19 08:04:59.459 V/WindowManager( 1654): Relayout Window{fa65113 u0 com.THLight.BLE.USBeacon.Writer.Simple.dev/com.THLight.BLE.USBeacon.Writer.Simple.ui.activity.connect.EditDeviceActivity}: viewVisibility=0, oldvis=4, req=720x1600
01-19 08:04:59.472 V/ZoomWindowDecorView(19011): setLastReportedMergedConfiguration mZoomDisplayHeight: 1600 getDecorView.234224611
01-19 08:04:59.571 D/WindowManager( 1654): finishDrawingWindow: Window{fa65113 u0 com.THLight.BLE.USBeacon.Writer.Simple.dev/com.THLight.BLE.USBeacon.Writer.Simple.ui.activity.connect.EditDeviceActivity} mDrawState=DRAW_PENDING
01-19 08:04:59.574 I/Quality (19011): Skipped: false 23 cost 395.5181 refreshRate 16706292 bit true processName com.THLight.BLE.USBeacon.Writer.Simple.dev
01-19 08:04:59.607 W/NotificationService( 1654): Blocking custom toast from package com.THLight.BLE.USBeacon.Writer.Simple.dev due to package not in the foreground at time the toast was posted
01-19 08:04:59.617 V/WindowManager( 1654): Changing focus from null to Window{222724a u0 com.THLight.BLE.USBeacon.Writer.Simple.dev/com.THLight.BLE.USBeacon.Writer.Simple.ui.activity.scan.ScanDeviceListActivity},diplayid=0
01-19 08:04:59.623 D/TaskFragmentExtImpl( 1654): addColorModeOnResume resume=true pkg = com.THLight.BLE.USBeacon.Writer.Simple.dev
01-19 08:04:59.627 I/OplusAppSwitchManagerService( 1654):  handleAppVisible , r = ActivityRecord{6efdddb u0 com.THLight.BLE.USBeacon.Writer.Simple.dev/com.THLight.BLE.USBeacon.Writer.Simple.ui.activity.scan.ScanDeviceListActivity} t182}
01-19 08:04:59.652 D/OplusFullScreenDisplayManager( 1654): adjustWindowParamsLw com.THLight.BLE.USBeacon.Writer.Simple.dev, no change cutoutMode: 0
01-19 08:04:59.652 V/WindowManager( 1654): Relayout Window{222724a u0 com.THLight.BLE.USBeacon.Writer.Simple.dev/com.THLight.BLE.USBeacon.Writer.Simple.ui.activity.scan.ScanDeviceListActivity}: viewVisibility=0, oldvis=0, req=720x1600
01-19 08:04:59.679 D/InputMethodManagerService( 1654): isSecurity: attribute.packageName=com.THLight.BLE.USBeacon.Writer.Simple.dev mCurMethodId=com.google.android.inputmethod.latin/com.android.inputmethod.latin.LatinIME
01-19 08:04:59.679 D/InputMethodManagerService( 1654): isSecurity= false (  enable=false needShow=false inBlackList=false isExist=false )
01-19 08:04:59.682 V/AutofillInlineSuggestionsRequestSession( 1654): onInputMethodFinishInput() received
01-19 08:04:59.683 V/AutofillInlineSuggestionsRequestSession( 1654): maybeUpdateResponseToImeLocked called
01-19 08:04:59.685 V/AutofillInlineSuggestionsRequestSession( 1654): onInputMethodStartInput() received on 0
01-19 08:04:59.686 V/AutofillInlineSuggestionsRequestSession( 1654): maybeUpdateResponseToImeLocked called
01-19 08:04:59.743 V/ZoomWindowDecorView(19011): removeZoomView
01-19 08:04:59.745 D/CoreBackPreview( 1654): Window{fa65113 u0 com.THLight.BLE.USBeacon.Writer.Simple.dev/com.THLight.BLE.USBeacon.Writer.Simple.ui.activity.connect.EditDeviceActivity}: Setting back callback null
01-19 08:04:59.759 I/Quality (19011): Skipped: true 2 cost 45.80884 refreshRate 16704900 bit true processName com.THLight.BLE.USBeacon.Writer.Simple.dev
01-19 08:04:59.759 D/TaskFragmentExtImpl( 1654): remove ActivityRecord{b96619e u0 com.THLight.BLE.USBeacon.Writer.Simple.dev/com.THLight.BLE.USBeacon.Writer.Simple.ui.activity.connect.EditDeviceActivity} t-1 f}} to mActivityRecordSum = Counter{ com.THLight.BLE.USBeacon.Writer.Simple.dev/com.THLight.BLE.USBeacon.Writer.Simple.ui.activity.scan.ScanDeviceListActivity(1) }
01-19 08:05:00.019 E/OplusCustomizeRestrictionManagerService( 1654): isBiometricDisabled start
01-19 08:05:00.021 E/OplusCustomizeRestrictionManagerService( 1654): isBiometricDisabled start
01-19 08:05:00.237 D/PowerManagerService( 1654): userActivityNoUpdateLocked: groupId=0, eventTime=189850794, event=2, flags=0x0, uid=1000
01-19 08:05:00.361 D/PowerManagerService( 1654): userActivityNoUpdateLocked: groupId=0, eventTime=189850920, event=2, flags=0x0, uid=1000
01-19 08:05:00.379 D/OplusFullScreenDisplayManager( 1654): adjustWindowParamsLw com.THLight.BLE.USBeacon.Writer.Simple.dev, no change cutoutMode: 0
01-19 08:05:00.381 V/WindowManager( 1654): Changing focus from Window{222724a u0 com.THLight.BLE.USBeacon.Writer.Simple.dev/com.THLight.BLE.USBeacon.Writer.Simple.ui.activity.scan.ScanDeviceListActivity} to Window{ed4a175 u0 com.THLight.BLE.USBeacon.Writer.Simple.dev/com.THLight.BLE.USBeacon.Writer.Simple.ui.activity.scan.ScanDeviceListActivity},diplayid=0
01-19 08:05:00.385 I/WindowManager( 1654): addWindow: New client android.os.BinderProxy@a1ec0ac : window=Window{ed4a175 u0 com.THLight.BLE.USBeacon.Writer.Simple.dev/com.THLight.BLE.USBeacon.Writer.Simple.ui.activity.scan.ScanDeviceListActivity}
01-19 08:05:00.389 D/CoreBackPreview( 1654): Window{ed4a175 u0 com.THLight.BLE.USBeacon.Writer.Simple.dev/com.THLight.BLE.USBeacon.Writer.Simple.ui.activity.scan.ScanDeviceListActivity}: Setting back callback OnBackInvokedCallbackInfo{mCallback=android.window.IOnBackInvokedCallback$Stub$Proxy@15aea57, mPriority=0}
01-19 08:05:00.400 I/Quality (19011): Skipped: false 1 cost 18.016214 refreshRate 16705916 bit true processName com.THLight.BLE.USBeacon.Writer.Simple.dev
01-19 08:05:00.407 D/OplusFullScreenDisplayManager( 1654): adjustWindowParamsLw com.THLight.BLE.USBeacon.Writer.Simple.dev, no change cutoutMode: 0
01-19 08:05:00.407 V/WindowManager( 1654): Relayout Window{ed4a175 u0 com.THLight.BLE.USBeacon.Writer.Simple.dev/com.THLight.BLE.USBeacon.Writer.Simple.ui.activity.scan.ScanDeviceListActivity}: viewVisibility=0, oldvis=0, req=684x232
01-19 08:05:00.421 V/ZoomWindowDecorView(19011): setLastReportedMergedConfiguration mZoomDisplayHeight: 1600 getDecorView.178552627
01-19 08:05:00.435 D/WindowManager( 1654): finishDrawingWindow: Window{ed4a175 u0 com.THLight.BLE.USBeacon.Writer.Simple.dev/com.THLight.BLE.USBeacon.Writer.Simple.ui.activity.scan.ScanDeviceListActivity} mDrawState=DRAW_PENDING
01-19 08:05:00.436 I/Quality (19011): Skipped: false 1 cost 21.483027 refreshRate 16705630 bit true processName com.THLight.BLE.USBeacon.Writer.Simple.dev
01-19 08:05:00.462 D/WindowManager( 1654): finishDrawingWindow: Window{ed4a175 u0 com.THLight.BLE.USBeacon.Writer.Simple.dev/com.THLight.BLE.USBeacon.Writer.Simple.ui.activity.scan.ScanDeviceListActivity} mDrawState=HAS_DRAWN
01-19 08:05:00.585 V/WindowManager( 1654): Relayout Window{cbdf5b8 u0 OplusPrivacyIconTopLeft}: viewVisibility=8, oldvis=8, req=8x8
01-19 08:05:00.598 V/WindowManager( 1654): Relayout Window{e767333 u0 OplusPrivacyIconTopRight}: viewVisibility=8, oldvis=8, req=8x8
01-19 08:05:02.938 D/CoreBackPreview( 1654): Window{ed4a175 u0 com.THLight.BLE.USBeacon.Writer.Simple.dev/com.THLight.BLE.USBeacon.Writer.Simple.ui.activity.scan.ScanDeviceListActivity}: Setting back callback null
01-19 08:05:02.940 V/ZoomWindowDecorView(19011): removeZoomView
01-19 08:05:02.954 V/WindowManager( 1654): Changing focus from Window{ed4a175 u0 com.THLight.BLE.USBeacon.Writer.Simple.dev/com.THLight.BLE.USBeacon.Writer.Simple.ui.activity.scan.ScanDeviceListActivity EXITING} to Window{222724a u0 com.THLight.BLE.USBeacon.Writer.Simple.dev/com.THLight.BLE.USBeacon.Writer.Simple.ui.activity.scan.ScanDeviceListActivity},diplayid=0
01-19 08:05:02.976 V/WindowManager( 1654): Unknown focus tokens, dropping reportFocusChanged
01-19 08:05:02.980 I/ActivityTaskManager( 1654): START u0 {cmp=com.THLight.BLE.USBeacon.Writer.Simple.dev/com.THLight.BLE.USBeacon.Writer.Simple.ui.activity.connect.EditDeviceActivity (has extras) mCallingUid=10152} from uid 10152
01-19 08:05:02.984 D/OplusZoomWindowRUSConfigManager( 1654): isSupportZoomModeWithPolicyLocked: target = com.THLight.BLE.USBeacon.Writer.Simple.dev/com.THLight.BLE.USBeacon.Writer.Simple.ui.activity.connect.EditDeviceActivity
01-19 08:05:02.984 D/OplusZoomWindowRUSConfigManager( 1654): targetPkg = com.THLight.BLE.USBeacon.Writer.Simple.dev
01-19 08:05:02.985 V/OplusZoomWindowManagerService( 1654): unSupportZoom: false ,callingPid: 19011 ,sourceStack: Task{3debe46 #182 type=standard A=10152:com.THLight.BLE.USBeacon.Writer.Simple.dev U=0 visible=true visibleRequested=true mode=fullscreen translucent=false sz=1}
01-19 08:05:02.987 D/TaskFragmentExtImpl( 1654): add ActivityRecord{e7a83f u0 com.THLight.BLE.USBeacon.Writer.Simple.dev/com.THLight.BLE.USBeacon.Writer.Simple.ui.activity.connect.EditDeviceActivity} t182} to mActivityRecordSum = Counter{ com.THLight.BLE.USBeacon.Writer.Simple.dev/com.THLight.BLE.USBeacon.Writer.Simple.ui.activity.connect.EditDeviceActivity(1) com.THLight.BLE.USBeacon.Writer.Simple.dev/com.THLight.BLE.USBeacon.Writer.Simple.ui.activity.scan.ScanDeviceListActivity(1) }
01-19 08:05:02.989 D/ActivityTaskManager( 1654): getStartingWindowType: newTask=false, taskSwitch=false, processRunning=true, allowTaskSnapshot=true, activityCreated=false, snapshot=null, record:ActivityRecord{e7a83f u0 com.THLight.BLE.USBeacon.Writer.Simple.dev/com.THLight.BLE.USBeacon.Writer.Simple.ui.activity.connect.EditDeviceActivity} t182}
01-19 08:05:02.989 D/OplusZoomWindowRUSConfigManager( 1654): isSupportZoomModeWithPolicyLocked: target = com.THLight.BLE.USBeacon.Writer.Simple.dev/com.THLight.BLE.USBeacon.Writer.Simple.ui.activity.connect.EditDeviceActivity
01-19 08:05:02.990 D/OplusZoomWindowRUSConfigManager( 1654): targetPkg = com.THLight.BLE.USBeacon.Writer.Simple.dev
01-19 08:05:02.990 V/OplusZoomWindowManagerService( 1654): unSupportZoom: false ,callingPid: 19011 ,sourceStack: Task{3debe46 #182 type=standard A=10152:com.THLight.BLE.USBeacon.Writer.Simple.dev U=0 visible=true visibleRequested=true mode=fullscreen translucent=false sz=2}
01-19 08:05:03.002 I/Quality (19011): Skipped: false 3 cost 64.74168 refreshRate 16703031 bit true processName com.THLight.BLE.USBeacon.Writer.Simple.dev
01-19 08:05:03.009 W/ActivityTaskManager( 1654): Tried to set launchTime (0) < mLastActivityLaunchTime (189849641)
01-19 08:05:03.014 D/OplusDexOptimizeManager( 1654): Do not in AppLaunchOptList!
01-19 08:05:03.018 V/WindowManager( 1654): Changing focus from Window{222724a u0 com.THLight.BLE.USBeacon.Writer.Simple.dev/com.THLight.BLE.USBeacon.Writer.Simple.ui.activity.scan.ScanDeviceListActivity} to null,diplayid=0
01-19 08:05:03.083 D/OplusFullScreenDisplayManager( 1654): adjustWindowParamsLw com.THLight.BLE.USBeacon.Writer.Simple.dev, no change cutoutMode: 0
01-19 08:05:03.085 I/WindowManager( 1654): addWindow: New client android.os.BinderProxy@47ea30d : window=Window{8a792c2 u0 com.THLight.BLE.USBeacon.Writer.Simple.dev/com.THLight.BLE.USBeacon.Writer.Simple.ui.activity.connect.EditDeviceActivity}
01-19 08:05:03.088 D/CoreBackPreview( 1654): Window{8a792c2 u0 com.THLight.BLE.USBeacon.Writer.Simple.dev/com.THLight.BLE.USBeacon.Writer.Simple.ui.activity.connect.EditDeviceActivity}: Setting back callback OnBackInvokedCallbackInfo{mCallback=android.window.IOnBackInvokedCallback$Stub$Proxy@1a3fc10, mPriority=0}
01-19 08:05:03.331 D/OplusFullScreenDisplayManager( 1654): adjustWindowParamsLw com.THLight.BLE.USBeacon.Writer.Simple.dev, no change cutoutMode: 0
01-19 08:05:03.331 V/WindowManager( 1654): Relayout Window{8a792c2 u0 com.THLight.BLE.USBeacon.Writer.Simple.dev/com.THLight.BLE.USBeacon.Writer.Simple.ui.activity.connect.EditDeviceActivity}: viewVisibility=0, oldvis=4, req=720x1600
01-19 08:05:03.342 V/ZoomWindowDecorView(19011): setLastReportedMergedConfiguration mZoomDisplayHeight: 1600 getDecorView.204294191
01-19 08:05:03.439 D/WindowManager( 1654): finishDrawingWindow: Window{8a792c2 u0 com.THLight.BLE.USBeacon.Writer.Simple.dev/com.THLight.BLE.USBeacon.Writer.Simple.ui.activity.connect.EditDeviceActivity} mDrawState=DRAW_PENDING
01-19 08:05:03.441 I/Quality (19011): Skipped: false 20 cost 336.27798 refreshRate 16698709 bit true processName com.THLight.BLE.USBeacon.Writer.Simple.dev
01-19 08:05:03.464 W/NotificationService( 1654): Blocking custom toast from package com.THLight.BLE.USBeacon.Writer.Simple.dev due to package not in the foreground at time the toast was posted
