01-19 15:35:42.603 I/libPowerHal( 1025): [setGPUFreq] Soft min/max = (1, 0); Hard min/max = (2, 0)
01-19 15:35:42.603 I/libPowerHal( 1025): [setGPUFreq] final min/max = (1, 0)
01-19 15:35:42.603 I/libPowerHal( 1025): MTKPOWER_HINT_APP_TOUCH: set gpu opp level: 1
01-19 15:35:42.604 I/libPowerHal( 1025): MTKPOWER_HINT_APP_TOUCH: set gpu opp level max: 0
01-19 15:35:42.605 D/OGG_Detector( 1654): D:done mCurrStatus: 0
01-19 15:35:42.607 I/libPowerHal( 1025): MTKPOWER_HINT_APP_TOUCH: cpu_ctrl set cpu freq: 2139000 -1 1491000 -1
01-19 15:35:42.609 I/mtkpower_client( 1654): perf_lock_acq, hdl:13525, dur:0, num:4, tid:2356
01-19 15:35:42.609 I/libPowerHal( 1025): [setGPUFreq] INTERACTION user set gpu freq min:0, max:-1
01-19 15:35:42.610 I/libPowerHal( 1025): INTERACTION: set gpu opp level: 0
01-19 15:35:42.610 I/libPowerHal( 1025): INTERACTION: set gpu opp level max: 0
01-19 15:35:42.610 I/libPowerHal( 1025): [setGPUFreq] Soft min/max = (0, 0); Hard min/max = (2, 0)
01-19 15:35:42.610 I/libPowerHal( 1025): [setGPUFreq] final min/max = (0, 0)
01-19 15:35:42.610 I/libPowerHal( 1025): INTERACTION: set gpu opp level: 0
01-19 15:35:42.610 I/libPowerHal( 1025): INTERACTION: set gpu opp level max: 0
01-19 15:35:42.611 I/libPowerHal( 1025): [perfLockRel] hdl:13525, idx:0
01-19 15:35:42.612 I/libPowerHal( 1025): [setGPUFreq] INTERACTION user set gpu freq min:0, max:-1
01-19 15:35:42.612 I/libPowerHal( 1025): INTERACTION: set gpu opp level max: 0
01-19 15:35:42.612 I/libPowerHal( 1025): [setGPUFreq] Soft min/max = (0, 0); Hard min/max = (2, 0)
01-19 15:35:42.612 I/libPowerHal( 1025): [setGPUFreq] final min/max = (0, 0)
01-19 15:35:42.612 I/libPowerHal( 1025): INTERACTION: set gpu opp level: 0
01-19 15:35:42.612 I/libPowerHal( 1025): INTERACTION: set gpu opp level max: 0
01-19 15:35:42.613 I/mtkpower_client( 1654): ret_hdl:13530
01-19 15:35:42.613 I/libPowerHal( 1025): cmdSetting - unknown cmd:2004100, scmd:(null) ,param_1:2
01-19 15:35:42.673 I/libPowerHal( 1025): [perfLockRel] hdl:13527, idx:1
01-19 15:35:42.673 I/libPowerHal( 1025): [unsetGPUFreq] current min:0, max:0; scn_gpu_min:1, scn_gpu_max:-1; scn_gpu_min(HL):-1, scn_gpu_max(HL):-1
01-19 15:35:42.673 I/libPowerHal( 1025): [setGPUFreq] Soft min/max = (0, 0); Hard min/max = (2, 0)
01-19 15:35:42.673 I/libPowerHal( 1025): [setGPUFreq] final min/max = (0, 0)
01-19 15:35:42.673 I/libPowerHal( 1025): MTKPOWER_HINT_APP_TOUCH: set gpu opp level: 0
01-19 15:35:42.673 I/libPowerHal( 1025): MTKPOWER_HINT_APP_TOUCH: set gpu opp level max: 0
01-19 15:35:42.674 I/libPowerHal( 1025): [PD] MTKPOWER_HINT_APP_TOUCH update cmd:3408600 param:0
01-19 15:35:42.691 I/mtkpower@impl( 1025): [powerd_req] TIMER_MSG_PERF_LOCK_TIMEOUT hdl:13528
01-19 15:35:42.691 I/libPowerHal( 1025): [perfLockRel] hdl:13528, idx:2
01-19 15:35:42.691 I/libPowerHal( 1025): [unsetGPUFreq] current min:0, max:0; scn_gpu_min:0, scn_gpu_max:-1; scn_gpu_min(HL):-1, scn_gpu_max(HL):-1
01-19 15:35:42.691 I/libPowerHal( 1025): [setGPUFreq] Soft min/max = (0, 0); Hard min/max = (2, 0)
01-19 15:35:42.691 I/libPowerHal( 1025): [setGPUFreq] final min/max = (0, 0)
01-19 15:35:42.691 I/libPowerHal( 1025): INTERACTION: set gpu opp level: 0
01-19 15:35:42.691 I/libPowerHal( 1025): INTERACTION: set gpu opp level max: 0
01-19 15:35:42.692 I/mtkpower@impl( 1025): [powerd_req] TIMER_MSG_PERF_LOCK_TIMEOUT hdl:13529
01-19 15:35:42.692 I/libPowerHal( 1025): [perfLockRel] hdl:13529, idx:3
01-19 15:35:42.692 I/libPowerHal( 1025): INTERACTION: cpu_ctrl set cpu freq: -1 -1 -1 -1
01-19 15:35:42.692 I/libPowerHal( 1025): [unsetGPUFreq] current min:0, max:0; scn_gpu_min:0, scn_gpu_max:-1; scn_gpu_min(HL):-1, scn_gpu_max(HL):-1
01-19 15:35:42.692 I/libPowerHal( 1025): INTERACTION: set gpu opp level: 2
01-19 15:35:42.692 I/libPowerHal( 1025): INTERACTION: set gpu opp level max: 0
01-19 15:35:42.693 I/libPowerHal( 1025): [setGPUFreq] Soft min/max = (2, 0); Hard min/max = (2, 0)
01-19 15:35:42.693 I/libPowerHal( 1025): [setGPUFreq] final min/max = (2, 0)
01-19 15:35:42.693 I/libPowerHal( 1025): INTERACTION: set gpu opp level: 2
01-19 15:35:42.693 I/libPowerHal( 1025): INTERACTION: set gpu opp level max: 0
01-19 15:35:42.693 I/libPowerHal( 1025): [PD] INTERACTION update cmd:1000000, param:-1
01-19 15:35:42.693 I/libPowerHal( 1025): [PD] INTERACTION update cmd:2020000 param:1
01-19 15:35:42.693 I/libPowerHal( 1025): [PD] INTERACTION update cmd:1000000 param:-1
01-19 15:35:42.702 I/SurfaceFlinger( 1123): [SF client] NEW(0xb4000072c693fe00) for (20021:com.THLight.BLE.USBeacon.Writer.Simple.dev)
01-19 15:35:42.707 D/WindowManager(20021): Add to mViews: DecorView@9ae048e[ScanDeviceListActivity],pkg= com.THLight.BLE.USBeacon.Writer.Simple.dev
01-19 15:35:42.715 D/OplusFullScreenDisplayManager( 1654): adjustWindowParamsLw com.THLight.BLE.USBeacon.Writer.Simple.dev, no change cutoutMode: 0
01-19 15:35:42.720 V/WindowManager( 1654): Changing focus from Window{1f0631 u0 com.THLight.BLE.USBeacon.Writer.Simple.dev/com.THLight.BLE.USBeacon.Writer.Simple.ui.activity.scan.ScanDeviceListActivity} to Window{b2ff6f4 u0 com.THLight.BLE.USBeacon.Writer.Simple.dev/com.THLight.BLE.USBeacon.Writer.Simple.ui.activity.scan.ScanDeviceListActivity},diplayid=0
01-19 15:35:42.727 D/Theia.NoFocusWindow( 1654): FocusWindowErrorScene cancelCheckFreezeScreen
01-19 15:35:42.727 I/WindowManager( 1654): addWindow: New client android.os.BinderProxy@c6a10c7 : window=Window{b2ff6f4 u0 com.THLight.BLE.USBeacon.Writer.Simple.dev/com.THLight.BLE.USBeacon.Writer.Simple.ui.activity.scan.ScanDeviceListActivity}
01-19 15:35:42.731 D/ViewRootImplExtImpl(20021): onDisplayChanged -1 for VRI android.view.ViewRootImpl@82fb3af
01-19 15:35:42.735 D/InputEventReceiver(20021): Input log is disabled
01-19 15:35:42.736 I/System.out(20021): onScanDeviceItemClick :  : null
01-19 15:35:42.739 D/CoreBackPreview( 1654): Window{b2ff6f4 u0 com.THLight.BLE.USBeacon.Writer.Simple.dev/com.THLight.BLE.USBeacon.Writer.Simple.ui.activity.scan.ScanDeviceListActivity}: Setting back callback OnBackInvokedCallbackInfo{mCallback=android.window.IOnBackInvokedCallback$Stub$Proxy@6633bde, mPriority=0}
01-19 15:35:42.740 D/BluetoothGatt(20021): connect() - device: 60:77:71:FC:68:CF, auto: false
01-19 15:35:42.740 D/BluetoothGatt(20021): registerApp()
01-19 15:35:42.740 D/BluetoothGatt(20021): registerApp() - UUID=08afe62e-16fa-4ae1-865a-9069e3ea5058
01-19 15:35:42.744 D/BtGatt.GattService( 2751): registerClient() - UUID=08afe62e-16fa-4ae1-865a-9069e3ea5058
01-19 15:35:42.747 D/Layer   ( 1123): reparent to null sequence=10295, seq[1], name=Surface(name=53ed7a StatusBar)/@0x47c2944 - animation-leash of insets_animation#10295
01-19 15:35:42.747 D/Layer   ( 1123): reparent to null sequence=10296, seq[2], name=Surface(name=91d88c3 NavigationBar0)/@0xc087a2d - animation-leash of insets_animation#10296
01-19 15:35:42.747 I/bluetooth( 2751): GATT_Register: Allocated name:GattClient uuid:d827eb33-3e96-b182-9d51-b889f42c0b6a gatt_if:8 eatt_support:0
01-19 15:35:42.748 I/bt_btif ( 2751): LogMsg: operator(): HAL bt_gatt_callbacks->client->register_client_cb
01-19 15:35:42.748 D/BtGatt.GattService( 2751): onClientRegistered() - UUID=08afe62e-16fa-4ae1-865a-9069e3ea5058, clientIf=8
01-19 15:35:42.750 D/BluetoothGatt(20021): onClientRegistered() - status=0 clientIf=8
01-19 15:35:42.752 I/Quality (20021): Skipped: false 2 cost 43.96228 refreshRate 16707230 bit true processName com.THLight.BLE.USBeacon.Writer.Simple.dev
01-19 15:35:42.760 D/BtGatt.GattService( 2751): clientConnect() - address=60:77:71:FC:68:CF, isDirect=true, opportunistic=false, phy=1
01-19 15:35:42.761 D/BtGatt.GattService( 2751): Gatt Logging: metric_id=5, app=com.THLight.BLE.USBeacon.Writer.Simple.dev
01-19 15:35:42.761 D/BtGatt.GattService( 2751): Gatt Logging: metric_id=5, session_index=8, connection state=1
01-19 15:35:42.762 D/OplusFullScreenDisplayManager( 1654): adjustWindowParamsLw com.THLight.BLE.USBeacon.Writer.Simple.dev, no change cutoutMode: 0
01-19 15:35:42.762 V/WindowManager( 1654): Relayout Window{b2ff6f4 u0 com.THLight.BLE.USBeacon.Writer.Simple.dev/com.THLight.BLE.USBeacon.Writer.Simple.ui.activity.scan.ScanDeviceListActivity}: viewVisibility=0, oldvis=0, req=684x232
01-19 15:35:42.763 I/bt_btif_gattc( 2751): btif_gattc_open_impl: Transport=2, device type=2, address type =0, phy=1
01-19 15:35:42.763 I/bt_btif ( 2751): LogMsg: BTA_GATTC_Open: client_if=8 is_direct=1 remote_bda=60:77:71:fc:68:cf
01-19 15:35:42.764 V/bt_stack( 2751): [VERBOSE1:bta_gattc_main.cc(314)] bta_gattc_sm_execute: State 0x00, Event 0x1f00
01-19 15:35:42.764 I/bt_stack( 2751): [INFO:gatt_api.cc(1170)] GATT_Connectgatt_if=8, address=xx:xx:xx:xx:68:cf, is_direct 1
01-19 15:35:42.764 I/bt_btm  ( 2751): LogMsg: BTM_BackgroundResolvingConnectPrepare: enter 
01-19 15:35:42.764 I/bt_btm  ( 2751): LogMsg: btm_ble_resolving_list_load_dev: btm_cb.ble_ctr_cb.privacy_mode = 2
01-19 15:35:42.764 I/bt_btm  ( 2751): LogMsg: btm_ble_resolving_list_load_dev: privacy 1.2: Device not a RPA enabled device
01-19 15:35:42.764 I/bt_btm  ( 2751): LogMsg: BTM_BackgroundResolvingConnectPrepare: check resolving_list 0
01-19 15:35:42.765 I/BufferQueueDebug( 1123): [com.THLight.BLE.USBeacon.Writer.Simple.dev/com.THLight.BLE.USBeacon.Writer.Simple.ui.activity.scan.ScanDeviceListActivity#10302](this:0xb4000072c69ff9e8,id:-1,api:0,p:-1,c:-1) BufferQueue core=(1123:/system/bin/surfaceflinger)
01-19 15:35:42.765 I/bt_btif ( 2751): LogMsg: Remote device: 60:77:71:fc:68:cf GATT client supported features 0x00
01-19 15:35:42.765 I/bt_stack( 2751): [INFO:gatt_attr.cc(883)] gatt_sr_init_cl_status: bda=60:77:71:fc:68:cf, cl_supp_feat=0000, aware=1
01-19 15:35:42.766 I/bt_btif ( 2751): LogMsg: Remote device: 60:77:71:fc:68:cf GATT server supported features 0x00
01-19 15:35:42.766 V/bt_stack( 2751): [VERBOSE1:gatt_main.cc(1054)] gatt_get_ch_state: ch_state=0
01-19 15:35:42.766 V/bt_stack( 2751): [VERBOSE1:gatt_main.cc(1045)] gatt_set_ch_state: old=0 new=0x02
01-19 15:35:42.766 V/bt_stack( 2751): [VERBOSE1:gatt_main.cc(1054)] gatt_get_ch_state: ch_state=2
01-19 15:35:42.766 V/bt_stack( 2751): [VERBOSE2:btm_ble_bgconn.cc(556)] BTM_SetLeConnectionModeToFast
01-19 15:35:42.766 I/bt_btm  ( 2751): LogMsg: btm_ble_stop_auto_conn
01-19 15:35:42.767 I/bt_btm  ( 2751): LogMsg: BTM_AcceptListAdd, isOshare(address)=0,oshare_address(00:**:**:**:00:00)
01-19 15:35:42.767 I/bt_btm  ( 2751): LogMsg: btm_bda_to_acl: bda=60:77:71:fc:68:cf transport=2
01-19 15:35:42.767 I/bt_btm  ( 2751): LogMsg: btm_bda_to_acl: bda=60:77:71:fc:68:cf transport=2 not found in acl_db
01-19 15:35:42.767 I/bt_btm  ( 2751): LogMsg: btm_bda_to_acl: bda=60:77:71:fc:68:cf transport=2
01-19 15:35:42.767 I/bt_btm  ( 2751): LogMsg: btm_bda_to_acl: bda=60:77:71:fc:68:cf transport=2 not found in acl_db
01-19 15:35:42.767 I/bt_btm  ( 2751): LogMsg: BTM_IsLEAudioDeviceInWhiteList: No LE Audio device is in whitelist
01-19 15:35:42.768 I/bt_btm  ( 2751): LogMsg: btm_ble_start_auto_conn after, scan_int = 48, scan_win = 48 isBleOshare(0)oshare_address(00:**:**:**:00:00)
01-19 15:35:42.768 V/bt_stack( 2751): [VERBOSE1:connection_manager.cc(59)] scheduling timer %spc:0x6fd7c10acc
01-19 15:35:42.769 I/bluetooth( 2751): gatt_update_app_use_link_flag: check_acl_link is false, no need to check
01-19 15:35:42.769 V/bt_stack( 2751): [VERBOSE1:gatt_main.cc(1054)] gatt_get_ch_state: ch_state=2
01-19 15:35:42.769 D/[BT]    ( 1001): mtk_bt_op: BT_VND_OP_LPM_WAKE_SET_STATE
01-19 15:35:42.769 V/bt_stack( 2751): [VERBOSE1:bta_gattc_main.cc(350)] bta_gattc_sm_execute: GATTC State Change: 0x00 -> 0x01 after Event 0x1f00
01-19 15:35:42.790 D/BufferQueueConsumer(20021): [](id:4e350000000c,api:0,p:-1,c:20021) connect: controlledByApp=false
01-19 15:35:42.791 E/IPCThreadState(20021): attemptIncStrongHandle(84): Not supported
01-19 15:35:42.794 V/ZoomWindowDecorView(20021): setLastReportedMergedConfiguration mZoomDisplayHeight: 1600 getDecorView.162399374
01-19 15:35:42.800 D/VRI[ScanDeviceListActivity](20021): registerCallbacksForSync syncBuffer=false
01-19 15:35:42.819 I/FocusResolver( 1654): updateFocusedWindow,  on display 0, reason: Waiting for window because NO_WINDOW, result:   FocusedWindows: <none>
01-19 15:35:42.822 D/BLASTBufferQueue(20021): [VRI[ScanDeviceListActivity]#12](f:0,a:1) acquireNextBufferLocked size=812x360 mFrameNumber=1 applyTransaction=true mTimestamp=216893382415773(auto) mPendingTransactions.size=0 graphicBufferId=85989540233313 transform=0
01-19 15:35:42.823 D/VRI[ScanDeviceListActivity](20021): Received frameCommittedCallback lastAttemptedDrawFrameNum=1 didProduceBuffer=true syncBuffer=false
01-19 15:35:42.825 W/Parcel  (20021): Expecting binder but got null!
01-19 15:35:42.826 D/VRI[ScanDeviceListActivity](20021): draw finished.
01-19 15:35:42.827 D/VRI[ScanDeviceListActivity](20021): onFocusEvent false
01-19 15:35:42.829 D/WindowManager( 1654): finishDrawingWindow: Window{b2ff6f4 u0 com.THLight.BLE.USBeacon.Writer.Simple.dev/com.THLight.BLE.USBeacon.Writer.Simple.ui.activity.scan.ScanDeviceListActivity} mDrawState=DRAW_PENDING
01-19 15:35:42.833 D/BufferStateLayer( 1123): com.THLight.BLE.USBeacon.Writer.Simple.dev/com.THLight.BLE.USBeacon.Writer.Simple.ui.activity.scan.ScanDeviceListActivity#10302 setBuffer frameId=1, bufferId=85989540233313 fenceId=367, w= 812, h=360
01-19 15:35:42.834 D/OplusLayer( 1123): (10302,com.THLight.BLE.USBeacon.Writer.Simple.dev/com.THLight.BLE.USBeacon.Writer.Simple.ui.activity.scan.ScanDeviceListActivity#10302,com.THLight.BLE.USBeacon.Writer.Simple.dev) setBuffer
01-19 15:35:42.837 I/Quality (20021): Skipped: false 4 cost 78.07195 refreshRate 16960164 bit true processName com.THLight.BLE.USBeacon.Writer.Simple.dev
01-19 15:35:42.850 D/OplusLayer( 1123): ~Layer() sequence=10296, name=Surface(name=91d88c3 NavigationBar0)/@0xc087a2d - animation-leash of insets_animation#10296
01-19 15:35:42.850 D/OplusLayer( 1123): ~Layer() sequence=10295, name=Surface(name=53ed7a StatusBar)/@0x47c2944 - animation-leash of insets_animation#10295
01-19 15:35:42.871 I/libPowerHal( 1025): [setGPUFreq] INTERACTION user set gpu freq min:0, max:-1
01-19 15:35:42.871 I/libPowerHal( 1025): INTERACTION: set gpu opp level: 0
01-19 15:35:42.871 I/libPowerHal( 1025): INTERACTION: set gpu opp level max: 0
01-19 15:35:42.872 I/libPowerHal( 1025): [setGPUFreq] Soft min/max = (0, 0); Hard min/max = (2, 0)
01-19 15:35:42.872 I/libPowerHal( 1025): [setGPUFreq] final min/max = (0, 0)
01-19 15:35:42.872 I/libPowerHal( 1025): INTERACTION: set gpu opp level: 0
01-19 15:35:42.872 I/libPowerHal( 1025): INTERACTION: set gpu opp level max: 0
01-19 15:35:42.872 I/libPowerHal( 1025): INTERACTION: cpu_ctrl set cpu freq: 2139000 -1 1491000 -1
01-19 15:35:42.873 I/libPowerHal( 1025): [setGPUFreq] INTERACTION user set gpu freq min:0, max:-1
01-19 15:35:42.873 I/libPowerHal( 1025): INTERACTION: set gpu opp level max: 0
01-19 15:35:42.873 I/libPowerHal( 1025): [setGPUFreq] Soft min/max = (0, 0); Hard min/max = (2, 0)
01-19 15:35:42.873 I/libPowerHal( 1025): [setGPUFreq] final min/max = (0, 0)
01-19 15:35:42.873 I/libPowerHal( 1025): INTERACTION: set gpu opp level: 0
01-19 15:35:42.874 I/libPowerHal( 1025): INTERACTION: set gpu opp level max: 0
01-19 15:35:42.876 D/VRI[ScanDeviceListActivity](20021): registerCallbacksForSync syncBuffer=false
01-19 15:35:42.887 W/View    ( 2315): requestLayout() improperly called by android.widget.ProgressBar{c487ab5 V.ED..... ......ID 0,0-48,24 #7f0b090a app:id/stat_battery_view} during layout: running second layout pass
01-19 15:35:42.893 D/VRI[ScanDeviceListActivity](20021): Received frameCommittedCallback lastAttemptedDrawFrameNum=4 didProduceBuffer=true syncBuffer=false
01-19 15:35:42.893 D/VRI[ScanDeviceListActivity](20021): draw finished.
01-19 15:35:42.894 D/WindowManager( 1654): finishDrawingWindow: Window{b2ff6f4 u0 com.THLight.BLE.USBeacon.Writer.Simple.dev/com.THLight.BLE.USBeacon.Writer.Simple.ui.activity.scan.ScanDeviceListActivity} mDrawState=HAS_DRAWN
01-19 15:35:42.902 I/FocusResolver( 1654): updateFocusedWindow, b2ff6f4 com.THLight.BLE.USBeacon.Writer.Simple.dev/com.THLight.BLE.USBeacon.Writer.Simple.ui.activity.scan.ScanDeviceListActivity on display 0, reason: Window became focusable. Previous reason: NOT_VISIBLE, result:   FocusedWindows:
01-19 15:35:42.902 I/FocusResolver( 1654):     displayId=0, name='b2ff6f4 com.THLight.BLE.USBeacon.Writer.Simple.dev/com.THLight.BLE.USBeacon.Writer.Simple.ui.activity.scan.ScanDeviceListActivity'
01-19 15:35:42.902 I/DispPerfService( 1123): updateLayerMask 0
01-19 15:35:42.904 D/VRI[ScanDeviceListActivity](20021): onFocusEvent true
01-19 15:35:42.953 I/mtkpower@impl( 1025): [powerd_req] TIMER_MSG_PERF_LOCK_TIMEOUT hdl:13531
01-19 15:35:42.953 I/libPowerHal( 1025): [perfLockRel] hdl:13531, idx:1
01-19 15:35:42.954 I/libPowerHal( 1025): [unsetGPUFreq] current min:0, max:0; scn_gpu_min:0, scn_gpu_max:-1; scn_gpu_min(HL):-1, scn_gpu_max(HL):-1
01-19 15:35:42.954 I/libPowerHal( 1025): [setGPUFreq] Soft min/max = (0, 0); Hard min/max = (2, 0)
01-19 15:35:42.954 I/libPowerHal( 1025): [setGPUFreq] final min/max = (0, 0)
01-19 15:35:42.954 I/libPowerHal( 1025): INTERACTION: set gpu opp level: 0
01-19 15:35:42.954 I/libPowerHal( 1025): INTERACTION: set gpu opp level max: 0
01-19 15:35:42.954 I/mtkpower@impl( 1025): [powerd_req] TIMER_MSG_PERF_LOCK_TIMEOUT hdl:13532
01-19 15:35:42.954 I/libPowerHal( 1025): [perfLockRel] hdl:13532, idx:2
01-19 15:35:42.955 I/libPowerHal( 1025): INTERACTION: cpu_ctrl set cpu freq: -1 -1 -1 -1
01-19 15:35:42.955 I/libPowerHal( 1025): [unsetGPUFreq] current min:0, max:0; scn_gpu_min:0, scn_gpu_max:-1; scn_gpu_min(HL):-1, scn_gpu_max(HL):-1
01-19 15:35:42.955 I/libPowerHal( 1025): INTERACTION: set gpu opp level: 2
01-19 15:35:42.955 I/libPowerHal( 1025): INTERACTION: set gpu opp level max: 0
01-19 15:35:42.955 I/libPowerHal( 1025): [setGPUFreq] Soft min/max = (2, 0); Hard min/max = (2, 0)
01-19 15:35:42.955 I/libPowerHal( 1025): [setGPUFreq] final min/max = (2, 0)
01-19 15:35:42.955 I/libPowerHal( 1025): INTERACTION: set gpu opp level: 2
01-19 15:35:42.955 I/libPowerHal( 1025): INTERACTION: set gpu opp level max: 0
01-19 15:35:42.955 I/libPowerHal( 1025): [PD] INTERACTION update cmd:1000000, param:-1
01-19 15:35:42.955 I/libPowerHal( 1025): [PD] INTERACTION update cmd:2020000 param:1
01-19 15:35:42.955 I/libPowerHal( 1025): [PD] INTERACTION update cmd:1000000 param:-1
01-19 15:35:43.034 D/Layer   ( 1123): reparent to null sequence=10303, seq[25], name=Surface(name=b2ff6f4 com.THLight.BLE.USBeacon.Writer.Simple.dev/com.THLight.BLE.USBeacon.Writer.Simple.ui.activity.scan.ScanDeviceListActivity)/@0x8e337ea - animation-leash of window_animation#10303
01-19 15:35:43.034 D/Layer   ( 1123): reparent to null sequence=10305, seq[11], name=Surface(name=Dim Layer for - Task=231)/@0xec4c978 - animation-leash of dimmer#10305
01-19 15:35:43.035 D/OplusLayer( 1123): ~Layer() sequence=10303, name=Surface(name=b2ff6f4 com.THLight.BLE.USBeacon.Writer.Simple.dev/com.THLight.BLE.USBeacon.Writer.Simple.ui.activity.scan.ScanDeviceListActivity)/@0x8e337ea - animation-leash of window_animation#10303
01-19 15:35:43.035 D/OplusLayer( 1123): ~Layer() sequence=10305, name=Surface(name=Dim Layer for - Task=231)/@0xec4c978 - animation-leash of dimmer#10305
01-19 15:35:43.292 I/bluetooth( 2751): on_connection_complete: Le connection completed to device:60:77:71:fc:68:cf
01-19 15:35:43.292 V/bt_stack( 2751): [VERBOSE2:btm_ble_bgconn.cc(569)] BTM_SetLeConnectionModeToSlow
01-19 15:35:43.292 I/bt_btm  ( 2751): LogMsg: btm_ble_stop_auto_conn
01-19 15:35:43.292 I/bt_btm_ble( 2751): btm_ble_connected: Updating device record timestamp for existing ble connection
01-19 15:35:43.292 I/bt_btif ( 2751): LogMsg: fwmonitor_set_hci_handle_addr: handle:512, bd_addr:60:77:71:fc:68:cf
01-19 15:35:43.292 I/bt_btif ( 2751): LogMsg: fwmonitor_set_hci_handle_addr: set index:0
01-19 15:35:43.292 I/bt_l2cap( 2751): LogMsg: l2c_ble_link_adjust_allocation  num_hipri: 0  num_lowpri: 1  low_quota: 8  round_robin_quota: 0  qq: 8
01-19 15:35:43.292 I/bt_l2cap( 2751): LogMsg: l2c_ble_link_adjust_allocation LCB 0   Priority: 0  XmitQuota: 8
01-19 15:35:43.292 I/bt_l2cap( 2751): LogMsg:         SentNotAcked: 0  RRUnacked: 0
01-19 15:35:43.293 I/bt_btif ( 2751): LogMsg: bta_dm_vendor_set_host_info, id = 3, value = 00270027
01-19 15:35:43.293 I/bt_btm  ( 2751): LogMsg: BTM: BTM_VendorSpecificCommand: Opcode: 0xFD5F, ParamLen: 32.
01-19 15:35:43.293 I/bt_btm  ( 2751): LogMsg: btm_acl_created hci_handle=512 link_role=0 transport=2
01-19 15:35:43.293 D/mtk.hal.bt@1.1-impl( 1001): BtHostDebugInfo
01-19 15:35:43.293 D/[BT]    ( 1001): mtk_bt_op: BT_VND_OP_SET_BTHOST
01-19 15:35:43.293 I/bt_btm  ( 2751): LogMsg: btm_bda_to_acl: bda=60:77:71:fc:68:cf transport=2
01-19 15:35:43.293 I/bt_btm  ( 2751): LogMsg: btm_bda_to_acl: bda=60:77:71:fc:68:cf transport=2 not found in acl_db
01-19 15:35:43.293 I/oplus_bt_power( 2751): report_active_acl_state: acl_links_num: 1
01-19 15:35:43.293 I/oplus_bt_power( 2751): report_active_acl_state: there_are_active_acl_link
01-19 15:35:43.294 I/bt_btm  ( 2751): LogMsg: btm_set_link_policy
01-19 15:35:43.294 I/bt_btif ( 2751): LogMsg: interop_mtk_match_addr_byconfig:[MtkRoleSwitchPolicyBlacklist] check 60:**:**:**:68:cf in f8:df:15,00:13:cf,1c:48:f9
01-19 15:35:43.294 I/oplus_bt_dual_sync( 2751): stack_up_sync: stack_to_apk_type = 27
01-19 15:35:43.294 I/oplus_bt_dual_sync( 2751): do_stack_up_sync: stack_to_apk_type = 27
01-19 15:35:43.294 I/oplus_bt_dual_sync( 2751): do_stack_up_sync: lock acquired
01-19 15:35:43.294 I/oplus_bt_dual_sync( 2751): do_stack_up_sync: lock done
01-19 15:35:43.294 I/bt_btif ( 2751): LogMsg: up_sync: HAL bt_nativechannel_callbacks->stack_up_sync_cb
01-19 15:35:43.294 V/bt_stack( 2751): [VERBOSE2:interop_mtk_conf.cc(310)] interop_mtk_match_name_byconfig:[MtkRoleSwitchPolicyBlacklist] check USBeacon in QCY-Q13
01-19 15:35:43.294 I/bt_stack( 2751): [INFO:interop_mtk_conf.cc(338)] interop_mtk_match_name_byconfig:[MtkRoleSwitchPolicyBlacklist] check name USBeacon in partial name list BT-IDRSP
01-19 15:35:43.295 I/bt_btm  ( 2751): LogMsg: btm_bda_to_acl: bda=60:77:71:fc:68:cf transport=2
01-19 15:35:43.295 I/bt_btm  ( 2751): LogMsg: is_handle_equal: handle=512 is not found
01-19 15:35:43.295 I/bt_btm  ( 2751): LogMsg: is_handle_equal: handle=512 is not found
01-19 15:35:43.295 I/bt_btm  ( 2751): LogMsg: is_handle_equal: handle=512 is not found
01-19 15:35:43.295 I/bt_btm  ( 2751): LogMsg: is_handle_equal: handle=512 is not found
01-19 15:35:43.296 V/bt_stack( 2751): [VERBOSE2:collector.cc(586)] [bt_collector] update_link_info Device: 60:**:**:**:68:cf
01-19 15:35:43.296 I/bt_btm  ( 2751): LogMsg: btm_bda_to_acl: bda=60:77:71:fc:68:cf transport=2
01-19 15:35:43.296 I/bt_btm  ( 2751): LogMsg: btm_bda_to_acl: bda=60:77:71:fc:68:cf transport=2
01-19 15:35:43.296 V/bt_stack( 2751): [VERBOSE2:collector.cc(408)] [bt_collector] set_connect_count ProfileGap_ status 2
01-19 15:35:43.297 I/OplusBluetoothSarManager( 2751): OplusBluetoothSarManager make()
01-19 15:35:43.300 I/oplus_bt_dual_sync( 2751): do_stack_up_sync: lock release
01-19 15:35:43.301 I/OplusWifiSarManager( 1654): Received action: oplus.bluetooth.sar.TX_STATUS
01-19 15:35:43.302 I/OplusWifiSarManager( 1654): mWifiConnected: true mWifiState: true
01-19 15:35:43.308 D/OplusWifiSarManager( 1654): set wifi_dbs_enable to false
01-19 15:35:43.309 D/OplusWifiSarManager( 1654): wifiBand mWifi2gState:true mWifi5gState: false mWifi5gBand:WIFI_5G_DISABLE
01-19 15:35:43.309 I/OplusWifiSarManager( 1654): sar sensor state:
01-19 15:35:43.309 I/OplusWifiSarManager( 1654): sensor index: 0, state: null
01-19 15:35:43.309 I/OplusWifiSarManager( 1654): sensor index: 1, state: null
01-19 15:35:43.309 I/OplusWifiSarManager( 1654): sensor index: 2, state: null
01-19 15:35:43.309 I/OplusWifiSarManager( 1654): sensor index: 3, state: null
01-19 15:35:43.309 I/OplusWifiSarManager( 1654): sensor index: 4, state: null
01-19 15:35:43.309 I/OplusWifiSarManager( 1654): sensor index: 5, state: null
01-19 15:35:43.309 I/OplusWifiSarManager( 1654): sensor index: 6, state: null
01-19 15:35:43.309 I/OplusWifiSarManager( 1654): sensor index: 7, state: null
01-19 15:35:43.309 I/OplusWifiSarManager( 1654): sensor index: 8, state: null
01-19 15:35:43.309 I/OplusWifiSarManager( 1654): sensor index: 9, state: null
01-19 15:35:43.309 I/OplusWifiSarManager( 1654): sensor index: 10, state: null
01-19 15:35:43.309 I/OplusWifiSarManager( 1654): sensor index: 11, state: null
01-19 15:35:43.309 I/OplusWifiSarManager( 1654): sensor index: 12, state: null
01-19 15:35:43.309 I/OplusWifiSarManager( 1654): sensor index: 13, state: null
01-19 15:35:43.309 I/OplusWifiSarManager( 1654): sensor index: 14, state: null
01-19 15:35:43.309 I/OplusWifiSarManager( 1654): sensor index: 15, state: null
01-19 15:35:43.309 I/OplusWifiSarManager( 1654): project: 21251, country: TW
01-19 15:35:43.309 I/OplusWifiSarManager( 1654): sensor state: earpiece: 0, sensor: null, isScreenOn: true
01-19 15:35:43.309 I/OplusWifiSarManager( 1654): modem state: mCellOn: false mDataOn: false mData5gOn: false
01-19 15:35:43.309 I/OplusWifiSarManager( 1654): wifi state: mWifiConnected: true mWifiSapEnabled: false mWifiP2pConnected: false mWifi2gState: true mWifi5gState: false mWifi5gBand: WIFI_5G_DISABLE mIsBluetoothTxOn: true
01-19 15:35:43.309 I/OplusWifiSarManager( 1654): wifisar engineerMode state: enable: false, Regdomain: , modemWorkType(2:4G, 3:5G): -1, sensorWorkType: -1, wifiChannel2.4G: -1, wifiChannel5G: -1 foldstatus(1=unfold,0=fold):0, bt work type: -1, hotspot work type: -1
01-19 15:35:43.310 I/OplusWifiSarManager( 1654): not support wsa
01-19 15:35:43.310 I/OplusWifiSarManager( 1654): sensor index: 13, max: 16
01-19 15:35:43.310 D/OplusWifiSarManager( 1654): is countrylist Country TW
01-19 15:35:43.310 D/OplusWifiSarManager( 1654):  state: 11110001001000011 country: TW
01-19 15:35:43.494 E/bt_btu_hcif( 2751): btu_hcif_log_event_metrics: Unexpectedly received event_code:0x0c that should not be handled here
01-19 15:35:43.494 I/bt_btm  ( 2751): LogMsg: btm_bda_to_acl: bda=60:77:71:fc:68:cf transport=1
01-19 15:35:43.494 I/bt_btm  ( 2751): LogMsg: btm_bda_to_acl: bda=60:77:71:fc:68:cf transport=1 not found in acl_db
01-19 15:35:43.494 I/bt_btm  ( 2751): LogMsg: btm_bda_to_acl: bda=60:77:71:fc:68:cf transport=2
01-19 15:35:43.494 V/bt_stack( 2751): [VERBOSE2:interop_mtk_conf.cc(501)] interop_mtk_match_ver_byconfig:[MtkGapRoleSwitch] check 07:000d:0210 in 08:0282:050b;08:0282:0314;09:000a:360c;09:0094:3232
01-19 15:35:43.495 I/bt_btif ( 2751): LogMsg: interop_mtk_match_addr_byconfig:[MtkGapRoleSwitch] check 60:**:**:**:68:cf in 28:a1:83,00:17:ca
01-19 15:35:43.495 I/bt_btm  ( 2751): LogMsg: btm_bda_to_acl: bda=60:77:71:fc:68:cf transport=2
01-19 15:35:43.495 I/bt_btm  ( 2751): LogMsg: btm_bda_to_acl: bda=60:77:71:fc:68:cf transport=2
01-19 15:35:43.495 I/btm_acl ( 2751): NotifyAclLinkUp: ACL Link up
01-19 15:35:43.495 V/bt_stack( 2751): [VERBOSE1:gatt_main.cc(483)] GATT   ATT protocol channel with BDA: 60:77:71:fc:68:cf is connected
01-19 15:35:43.495 V/bt_stack( 2751): [VERBOSE1:gatt_utils.cc(324)] gatt_is_bda_in_the_srv_chg_clt_list: 60:77:71:fc:68:cf
01-19 15:35:43.495 V/bt_stack( 2751): [VERBOSE1:gatt_main.cc(1054)] gatt_get_ch_state: ch_state=2
01-19 15:35:43.495 V/bt_stack( 2751): [VERBOSE1:gatt_main.cc(1054)] gatt_get_ch_state: ch_state=2
01-19 15:35:43.495 V/bt_stack( 2751): [VERBOSE1:gatt_main.cc(1045)] gatt_set_ch_state: old=2 new=0x04
01-19 15:35:43.495 V/bt_stack( 2751): [VERBOSE1:gatt_attr.cc(338)] gatt_connect_cback: from 60:77:71:fc:68:cf connected: 1, conn_id: 0x0001
01-19 15:35:43.495 I/bluetooth( 2751): client_connect_cback: No active GAP service found for peer:xx:xx:xx:xx:68:cf callback:Connected
01-19 15:35:43.495 I/bt_bta_gattc( 2751): bta_gattc_conn_cback: Connected client_if:3 addr:xx:xx:xx:xx:68:cf, transport:BT_TRANSPORT_LE reason:GATT_CONN_OK
01-19 15:35:43.495 I/bt_bta_gattc( 2751): bta_gattc_conn_cback: Connected client_if:4 addr:xx:xx:xx:xx:68:cf, transport:BT_TRANSPORT_LE reason:GATT_CONN_OK
01-19 15:35:43.495 I/bt_bta_gattc( 2751): bta_gattc_conn_cback: Connected client_if:5 addr:xx:xx:xx:xx:68:cf, transport:BT_TRANSPORT_LE reason:GATT_CONN_OK
01-19 15:35:43.495 V/bt_stack( 2751): [VERBOSE1:bta_gatts_act.cc(580)] bta_gatts_conn_cback  bda=60:77:71:fc:68:cf gatt_if= , conn_id=0x0006 connected=1
01-19 15:35:43.495 I/bt_btif ( 2751): LogMsg: btif_transfer_context event 14, len 24
01-19 15:35:43.495 I/bt_bta_gattc( 2751): bta_gattc_conn_cback: Connected client_if:7 addr:xx:xx:xx:xx:68:cf, transport:BT_TRANSPORT_LE reason:GATT_CONN_OK
01-19 15:35:43.495 I/bt_bta_gattc( 2751): bta_gattc_conn_cback: Connected client_if:8 addr:xx:xx:xx:xx:68:cf, transport:BT_TRANSPORT_LE reason:GATT_CONN_OK
01-19 15:35:43.496 I/bluetooth( 2751): on_connection_complete: Le connection completed to device:60:77:71:fc:68:cf
01-19 15:35:43.496 I/bt_l2cap( 2751): LogMsg: l2cu_no_dynamic_ccbs NO IDLE timeout set for fixed cid 0x0004
01-19 15:35:43.496 I/bluetooth( 2751): GATT_SetIdleTimeout: idle_timeout=65535, status=1, (1-OK 0-not performed)
01-19 15:35:43.496 I/bt_btm  ( 2751): LogMsg: btm_bda_to_acl: bda=60:77:71:fc:68:cf transport=1
01-19 15:35:43.496 I/bt_btm  ( 2751): LogMsg: btm_bda_to_acl: bda=60:77:71:fc:68:cf transport=1 not found in acl_db
01-19 15:35:43.496 I/bt_btm  ( 2751): LogMsg: btm_bda_to_acl: bda=60:77:71:fc:68:cf transport=2
01-19 15:35:43.496 V/bt_stack( 2751): [VERBOSE2:interop_mtk_conf.cc(501)] interop_mtk_match_ver_byconfig:[MtkEattLinkEncrypted] check 07:000d:0210 in 0B:02B0:0115
01-19 15:35:43.496 V/bt_stack( 2751): [VERBOSE1:gatt_main.cc(552)] Send EATT Connect - NOT BES
01-19 15:35:43.496 I/bt_stack( 2751): [INFO:eatt_impl.h(641)] connect device 60:77:71:fc:68:cf rolecentral
01-19 15:35:43.496 V/bt_stack( 2751): [VERBOSE1:btif_config.cc(499)] btif_config_get_bin: cannot find string for section 60:77:71:fc:68:cf, key LE_KEY_PENC
01-19 15:35:43.497 I/bt_btif ( 2751): LogMsg: btapp_gatts_handle_cback: HAL bt_gatt_callbacks->server->connection_cb
01-19 15:35:43.497 I/bt_btm  ( 2751): LogMsg: btm_find_or_alloc_dev
01-19 15:35:43.497 I/bt_bta_dm( 2751): bta_dm_acl_up: bta_dm_acl_up
01-19 15:35:43.497 D/BtGatt.GattService( 2751): onClientConnected() connId=6, address=60:77:71:FC:68:CF, connected=true
01-19 15:35:43.497 I/bt_btif ( 2751): LogMsg: interop_mtk_match_addr_byconfig:[MtkGapNotDoSniffSubrating] check 60:**:**:**:68:cf in 54:46:6b,6c:5d:63,60:8c:2b,34:c7:31
01-19 15:35:43.498 I/bt_stack( 2751): [INFO:interop_mtk_conf.cc(338)] interop_mtk_match_name_byconfig:[MtkGapNotDoSniffSubrating] check name USBeacon in partial name list Wireless Controller,BT-IGNDSS
01-19 15:35:43.498 I/bt_btm  ( 2751): LogMsg: btm_bda_to_acl: bda=60:77:71:fc:68:cf transport=1
01-19 15:35:43.498 I/bt_btm  ( 2751): LogMsg: btm_bda_to_acl: bda=60:77:71:fc:68:cf transport=1 not found in acl_db
01-19 15:35:43.498 W/btm_acl ( 2751): acl_peer_supports_sniff_subrating: Unable to find active acl
01-19 15:35:43.498 I/bt_btif ( 2751): LogMsg: btif_dm_upstreams_evt: ev: BTA_DM_LINK_UP_EVT
01-19 15:35:43.498 I/bt_btif ( 2751): LogMsg: BTA_DM_LINK_UP_EVT. Sending BT_ACL_STATE_CONNECTED
01-19 15:35:43.498 I/oplus_bt_dual_sync( 2751): stack_up_sync: stack_to_apk_type = 4
01-19 15:35:43.498 I/oplus_bt_dual_sync( 2751): stack_up_sync: lock acquire
01-19 15:35:43.498 I/oplus_bt_dual_sync( 2751): stack_up_sync: lock done
01-19 15:35:43.519 D/BluetoothGattServer(23348): onServerConnectionState() - status=0 serverIf=6 device=60:77:71:FC:68:CF
01-19 15:35:43.519 D/BtGatt.GattService( 2751): Gatt Logging: metric_id=5, app=com.heytap.accessory
01-19 15:35:43.520 D/BtGatt.GattService( 2751): Gatt Logging: metric_id=5, session_index=6, connection state=2
01-19 15:35:43.520 I/oplus_bt_dual_sync( 2751): do_stack_up_sync: stack_to_apk_type = 4
01-19 15:35:43.520 I/oplus_bt_dual_sync( 2751): do_stack_up_sync: lock acquired
01-19 15:35:43.520 I/oplus_bt_dual_sync( 2751): do_stack_up_sync: lock done
01-19 15:35:43.520 I/bt_btif ( 2751): LogMsg: up_sync: HAL bt_nativechannel_callbacks->stack_up_sync_cb
01-19 15:35:43.524 I/oplus_bt_dual_sync( 2751): do_stack_up_sync: lock release
01-19 15:35:43.524 I/oplus_bt_dual_sync( 2751): stack_up_sync: lock release
01-19 15:35:43.524 I/bt_btif ( 2751): LogMsg: oplus.bt.conn.count=1
01-19 15:35:43.526 I/bt_btm  ( 2751): LogMsg: btm_bda_to_acl: bda=60:77:71:fc:68:cf transport=2
01-19 15:35:43.526 I/bt_btif ( 2751): LogMsg: bta_dm_adjust_roles
01-19 15:35:43.526 I/bt_btif ( 2751): LogMsg: bta_sys_event: Event 0x1f0c
01-19 15:35:43.526 E/bta_gattc_main( 2751): bta_gattc_hdl_event: Ignore unknown conn ID: 3
01-19 15:35:43.526 I/bt_btif ( 2751): LogMsg: bta_sys_event: Event 0x1f0c
01-19 15:35:43.526 E/bta_gattc_main( 2751): bta_gattc_hdl_event: Ignore unknown conn ID: 4
01-19 15:35:43.526 I/bt_btif ( 2751): LogMsg: bta_sys_event: Event 0x1f0c
01-19 15:35:43.526 E/bta_gattc_main( 2751): bta_gattc_hdl_event: Ignore unknown conn ID: 5
01-19 15:35:43.526 I/bt_btif ( 2751): LogMsg: bta_sys_event: Event 0x1f0c
01-19 15:35:43.526 E/bta_gattc_main( 2751): bta_gattc_hdl_event: Ignore unknown conn ID: 7
01-19 15:35:43.526 I/bt_btif ( 2751): LogMsg: bta_sys_event: Event 0x1f0c
01-19 15:35:43.527 V/bt_stack( 2751): [VERBOSE1:bta_gattc_main.cc(314)] bta_gattc_sm_execute: State 0x01, Event 0x1f0c
01-19 15:35:43.527 V/bt_stack( 2751): [VERBOSE1:bta_gattc_act.cc(535)] bta_gattc_conn: server cache state=0
01-19 15:35:43.527 V/bt_stack( 2751): [VERBOSE1:bta_gattc_act.cc(538)] bta_gattc_conn: conn_id=0x0008
01-19 15:35:43.527 V/bt_stack( 2751): [VERBOSE1:gatt_api.cc(1356)] GATT_GetConnectionInfor conn_id=0x0008
01-19 15:35:43.527 I/bt_stack( 2751): [INFO:bta_gattc_db_storage.cc(159)] bta_gattc_cache_load: load cache: /data/misc/bluetooth/gatt_cache_607771fc68cf
01-19 15:35:43.527 E/bt_stack( 2751): [ERROR:bta_gattc_db_storage.cc(80)] bta_gattc_load_db: can't open GATT cache file /data/misc/bluetooth/gatt_cache_607771fc68cf for reading, error: No such file or directory
01-19 15:35:43.527 V/bt_stack( 2751): [VERBOSE1:bta_gattc_act.cc(799)] bta_gattc_start_discover: conn_id:0x0008 p_clcb->p_srcb->state:3
01-19 15:35:43.527 I/bt_btif ( 2751): LogMsg: interop_mtk_match_addr_byconfig:[MtkLeDisableFastConnection] check 60:**:**:**:68:cf in d0:5f:b8
01-19 15:35:43.527 V/bt_stack( 2751): [VERBOSE2:collector.cc(586)] [bt_collector] update_link_info Device: 60:**:**:**:68:cf
01-19 15:35:43.528 I/bt_btif ( 2751): LogMsg: operator(): HAL bt_hal_cbacks->acl_state_changed_cb
01-19 15:35:43.529 V/bt_stack( 2751): [VERBOSE2:interop_mtk_conf.cc(310)] interop_mtk_match_name_byconfig:[MtkLeDisableFastConnection] check USBeacon in ELECOM Laser Mouse
01-19 15:35:43.530 I/bt_btm  ( 2751): LogMsg: btm_bda_to_acl: bda=60:77:71:fc:68:cf transport=2
01-19 15:35:43.530 I/bt_stack( 2751): [INFO:interop_mtk_conf.cc(338)] interop_mtk_match_name_byconfig:[MtkLeDisableFastConnection] check name USBeacon in partial name list YUNMAI-ISM2-W,BT-ILDFC
01-19 15:35:43.531 V/bt_stack( 2751): [VERBOSE2:l2c_ble.cc(168)] L2CA_EnableUpdateBleConnParams - BD_ADDR 60:77:71:fc:68:cf enable 0 current upd state 0x08
01-19 15:35:43.531 V/BluetoothDatabase( 2751): getProfileConnectionPolicy: device XX:XX:XX:FC:68:CF profile=BATTERY, connectionPolicy=-1
01-19 15:35:43.531 E/BatteryService( 2751): Cannot connect to 60:77:71:FC:68:CF : Remote does not have Battery UUID
01-19 15:35:43.531 D/BluetoothRemoteDevices( 2751): aclStateChangeCallback: Adapter State: ON Connected: 60:77:71:FC:68:CF
01-19 15:35:43.531 I/bt_stack( 2751): [INFO:interop_mtk_conf.cc(338)] interop_mtk_match_name_byconfig:[MtkLeAvoidDoFastConnectionTwice] check name USBeacon in partial name list FeiZhi
01-19 15:35:43.531 I/bt_btm  ( 2751): LogMsg: btm_bda_to_acl: bda=60:77:71:fc:68:cf transport=2
01-19 15:35:43.532 I/bt_btm  ( 2751): LogMsg: btm_find_or_alloc_dev
01-19 15:35:43.532 I/bt_l2cap( 2751): LogMsg: l2cble_start_conn_update mask:0009 p_lcb->min_interval:39
01-19 15:35:43.532 I/bt_btif ( 2751): LogMsg: bta_dm_vendor_set_host_info, id = 3, value = 00060006
01-19 15:35:43.532 I/bt_btm  ( 2751): LogMsg: btm_bda_to_acl: bda=60:77:71:fc:68:cf transport=2
01-19 15:35:43.532 I/bt_btm  ( 2751): LogMsg: BTM: BTM_VendorSpecificCommand: Opcode: 0xFD5F, ParamLen: 32.
01-19 15:35:43.533 V/bt_stack( 2751): [VERBOSE2:collector.cc(408)] [bt_collector] set_connect_count ProfileGap_ status 0
01-19 15:35:43.533 I/bt_stack( 2751): [INFO:gatt_api.cc(711)] GATTC_Discover conn_id=0x0008, disc_type=1, s_handle=0x0001, e_handle=0xffff
01-19 15:35:43.533 I/bt_stack( 2751): [INFO:gatt_cl.cc(101)] gatt_act_discovery opcode: 0x10
01-19 15:35:43.533 I/bluetooth( 2751): attp_cl_send_cmd: Sending ATT command to l2cap cid:0x0004 eatt_channels:0 transport:BT_TRANSPORT_LE
01-19 15:35:43.533 I/bt_btm  ( 2751): LogMsg: l2c_link_check_send_pkts: l2cb.controller_xmit_window=6
01-19 15:35:43.534 I/bt_btm  ( 2751): LogMsg: Direct send, transport=2, xmit_window=6, le_xmit_window=8, sent_not_acked=0, link_xmit_quota=8
01-19 15:35:43.534 I/bt_btm  ( 2751): LogMsg: Sending to lower layer
01-19 15:35:43.534 I/bt_btm  ( 2751): LogMsg: l2c_link_send_to_lower_ble: TotalWin=7,Hndl=0x200,Quota=8,Unack=1,RRQuota=0,RRUnack=0
01-19 15:35:43.534 I/bt_btm  ( 2751): LogMsg: No next buffer, skipping
01-19 15:35:43.534 I/bt_l2cap( 2751): LogMsg: l2cu_no_dynamic_ccbs NO IDLE timeout set for fixed cid 0x0004
01-19 15:35:43.534 I/bluetooth( 2751): attp_cl_send_cmd: Starting ATT response timer
01-19 15:35:43.534 I/bt_btif ( 2751): LogMsg: btif_transfer_context event 2, len 528
01-19 15:35:43.534 V/bt_stack( 2751): [VERBOSE1:bta_gattc_main.cc(350)] bta_gattc_sm_execute: GATTC State Change: 0x01 -> 0x03 after Event 0x1f0c
01-19 15:35:43.536 D/mtk.hal.bt@1.1-impl( 1001): BtHostDebugInfo
01-19 15:35:43.536 D/[BT]    ( 1001): mtk_bt_op: BT_VND_OP_SET_BTHOST
01-19 15:35:43.541 I/bt_btm  ( 2751): LogMsg: l2c_link_check_send_pkts: l2cb.controller_xmit_window=6
01-19 15:35:43.542 I/bt_btm  ( 2751): LogMsg: Direct send, transport=2, xmit_window=6, le_xmit_window=8, sent_not_acked=0, link_xmit_quota=8
01-19 15:35:43.542 I/bt_btm  ( 2751): LogMsg: No next buffer, skipping
01-19 15:35:43.542 I/bt_btm  ( 2751): LogMsg: l2c_link_process_num_completed_pkts: TotalWin=8,LinkUnack(0x200)=0,RRCheck=0,RRUnack=0
01-19 15:35:43.559 I/bt_btif ( 2751): LogMsg: btif_gattc_upstreams_evt: HAL bt_gatt_callbacks->client->open_cb
01-19 15:35:43.560 D/BtGatt.GattService( 2751): onConnected() - clientIf=8, connId=8, address=60:77:71:FC:68:CF
01-19 15:35:43.560 D/BtGatt.GattService( 2751): onConnected() - adding permit for address=60:77:71:FC:68:CF
01-19 15:35:43.567 D/IMGMemtrackHAL( 1008): hal_get_memory: memtrack cache rebuild was required
01-19 15:35:43.580 D/BluetoothGatt(20021): onClientConnectionState() - status=0 clientIf=8 device=60:77:71:FC:68:CF
01-19 15:35:43.580 D/BtGatt.GattService( 2751): Gatt Logging: metric_id=5, session_index=8, connection state=2
01-19 15:35:43.581 I/System.out(20021): ConnectBLE onConnectionStateChange BluetoothGatt : 0 , 2
01-19 15:35:43.581 V/bt_stack( 2751): [VERBOSE1:btif_config.cc(499)] btif_config_get_bin: cannot find string for section 60:77:71:fc:68:cf, key LE_KEY_PENC
01-19 15:35:43.586 W/BluetoothEventManager( 2315): AclStateChangedHandler: activeDevice is null
01-19 15:35:43.590 I/bt_btm  ( 2751): LogMsg: btm_bda_to_acl: bda=60:77:71:fc:68:cf transport=2
01-19 15:35:43.590 V/bt_stack( 2751): [VERBOSE1:gatt_main.cc(1054)] gatt_get_ch_state: ch_state=4
01-19 15:35:43.590 I/bt_stack( 2751): [INFO:gatt_cl.cc(1194)] gatt_client_handle_server_rsp opcode: 0x11
01-19 15:35:43.590 I/bt_stack( 2751): [INFO:gatt_cl.cc(799)] gatt_process_read_by_type_rspop=1 subtype=1
01-19 15:35:43.590 I/BluetoothPhonePolicy( 2751): processDeviceConnected, device=60:77:71:FC:68:CF
01-19 15:35:43.591 I/bt_stack( 2751): [INFO:bta_gattc_cache.cc(458)] bta_gattc_disc_res_cback: disc_type=1 p_data->handle=0x0001 e_handle=0x0007 service_type=00001800-0000-1000-8000-00805f9b34fb
01-19 15:35:43.591 D/BluetoothDatabase( 2751): setConnection: device XX:XX:XX:FC:68:CF and isA2dpDevice=false
01-19 15:35:43.591 I/bt_btm  ( 2751): LogMsg: BTM_IsCisSlaveSupported
01-19 15:35:43.591 I/bt_btm  ( 2751): LogMsg: btm_bda_to_acl: bda=60:77:71:fc:68:cf transport=2
01-19 15:35:43.591 I/bt_btm  ( 2751): LogMsg: BTM_IsCisSlaveSupported: 0
01-19 15:35:43.591 D/BluetoothDatabase( 2751): Updating last connected time for device: XX:XX:XX:FC:68:CF to 77
01-19 15:35:43.591 I/bt_stack( 2751): [INFO:bta_gattc_cache.cc(458)] bta_gattc_disc_res_cback: disc_type=1 p_data->handle=0x0008 e_handle=0x0008 service_type=00001801-0000-1000-8000-00805f9b34fb
01-19 15:35:43.591 D/BluetoothDatabase( 2751): updateDatabase XX:XX:XX:FC:68:CF
01-19 15:35:43.591 I/bt_btm  ( 2751): LogMsg: BTM_IsCisSlaveSupported
01-19 15:35:43.591 I/bt_btm  ( 2751): LogMsg: btm_bda_to_acl: bda=60:77:71:fc:68:cf transport=2
01-19 15:35:43.591 I/bt_btm  ( 2751): LogMsg: BTM_IsCisSlaveSupported: 0
01-19 15:35:43.591 I/bt_stack( 2751): [INFO:bta_gattc_cache.cc(458)] bta_gattc_disc_res_cback: disc_type=1 p_data->handle=0x0009 e_handle=0x001b service_type=0000180a-0000-1000-8000-00805f9b34fb
01-19 15:35:43.591 I/bt_btm  ( 2751): LogMsg: BTM_IsCisSlaveSupported
01-19 15:35:43.591 I/bt_btm  ( 2751): LogMsg: btm_bda_to_acl: bda=60:77:71:fc:68:cf transport=2
01-19 15:35:43.591 I/bt_btm  ( 2751): LogMsg: BTM_IsCisSlaveSupported: 0
01-19 15:35:43.591 I/bt_stack( 2751): [INFO:gatt_cl.cc(983)] gatt_process_read_by_type_rsp: initiate another discovery request
01-19 15:35:43.591 I/bt_stack( 2751): [INFO:gatt_cl.cc(101)] gatt_act_discovery opcode: 0x10
01-19 15:35:43.591 I/bluetooth( 2751): attp_cl_send_cmd: Sending ATT command to l2cap cid:0x0004 eatt_channels:0 transport:BT_TRANSPORT_LE
01-19 15:35:43.591 I/bt_btm  ( 2751): LogMsg: l2c_link_check_send_pkts: l2cb.controller_xmit_window=6
01-19 15:35:43.591 I/bt_btm  ( 2751): LogMsg: Direct send, transport=2, xmit_window=6, le_xmit_window=8, sent_not_acked=0, link_xmit_quota=8
01-19 15:35:43.592 I/bt_btm  ( 2751): LogMsg: Sending to lower layer
01-19 15:35:43.592 I/bt_btm  ( 2751): LogMsg: l2c_link_send_to_lower_ble: TotalWin=7,Hndl=0x200,Quota=8,Unack=1,RRQuota=0,RRUnack=0
01-19 15:35:43.592 I/bt_btm  ( 2751): LogMsg: No next buffer, skipping
01-19 15:35:43.592 I/bt_l2cap( 2751): LogMsg: l2cu_no_dynamic_ccbs NO IDLE timeout set for fixed cid 0x0004
01-19 15:35:43.592 I/bluetooth( 2751): attp_cl_send_cmd: Starting ATT response timer
01-19 15:35:43.599 W/OplusNavigationBarUtil( 1654): color navigation bar util isn't init.
01-19 15:35:43.602 W/BluetoothEventManager( 7662): AclStateChangedHandler: activeDevice is null
01-19 15:35:43.610 D/SensorService( 1654): onUidStateChanged uid = 10122, state = UID_STATE_ACTIVE
01-19 15:35:43.628 I/oplus.android.OplusFrameworkFactoryImpl(20021): get feature:IOplusDynamicVsyncFeature
01-19 15:35:43.628 I/oplus.android.OplusFrameworkFactoryImpl(20021): get feature:IOplusDynamicVsyncFeature
01-19 15:35:43.628 I/oplus.android.OplusFrameworkFactoryImpl(20021): get feature:IOplusDynamicVsyncFeature
01-19 15:35:43.630 I/GH.WifiBluetoothRcvr(20290): Connection action: android.bluetooth.device.action.ACL_CONNECTED, device 60:77:71:FC:68:CF
01-19 15:35:43.641 I/bt_btm  ( 2751): LogMsg: l2c_link_check_send_pkts: l2cb.controller_xmit_window=6
01-19 15:35:43.641 I/bt_btm  ( 2751): LogMsg: Direct send, transport=2, xmit_window=6, le_xmit_window=8, sent_not_acked=0, link_xmit_quota=8
01-19 15:35:43.641 I/bt_btm  ( 2751): LogMsg: No next buffer, skipping
01-19 15:35:43.641 I/bt_btm  ( 2751): LogMsg: l2c_link_process_num_completed_pkts: TotalWin=8,LinkUnack(0x200)=0,RRCheck=0,RRUnack=0
01-19 15:35:43.645 I/oplus.android.OplusFrameworkFactoryImpl(20021): get feature:IOplusDynamicVsyncFeature
01-19 15:35:43.645 I/oplus.android.OplusFrameworkFactoryImpl(20021): get feature:IOplusDynamicVsyncFeature
01-19 15:35:43.645 I/oplus.android.OplusFrameworkFactoryImpl(20021): get feature:IOplusDynamicVsyncFeature
01-19 15:35:43.659 I/SurfaceFlinger( 1123): [SF client] NEW(0xb4000072c693f680) for (20021:com.THLight.BLE.USBeacon.Writer.Simple.dev)
01-19 15:35:43.660 I/AdapterProperties( 2751): getBondedDevices: length=0
01-19 15:35:43.663 D/WindowManager(20021): Add to mViews: DecorView@7ed7631[ScanDeviceListActivity],pkg= com.THLight.BLE.USBeacon.Writer.Simple.dev
01-19 15:35:43.664 I/AdapterProperties( 2751): getBondedDevices: length=0
01-19 15:35:43.667 D/OplusFullScreenDisplayManager( 1654): adjustWindowParamsLw com.THLight.BLE.USBeacon.Writer.Simple.dev, no change cutoutMode: 0
01-19 15:35:43.667 I/AdapterProperties( 2751): getBondedDevices: length=0
01-19 15:35:43.670 V/WindowManager( 1654): Changing focus from Window{b2ff6f4 u0 com.THLight.BLE.USBeacon.Writer.Simple.dev/com.THLight.BLE.USBeacon.Writer.Simple.ui.activity.scan.ScanDeviceListActivity} to Window{f1f27c1 u0 com.THLight.BLE.USBeacon.Writer.Simple.dev/com.THLight.BLE.USBeacon.Writer.Simple.ui.activity.scan.ScanDeviceListActivity},diplayid=0
01-19 15:35:43.672 I/xsm     (23155): onReceive
01-19 15:35:43.676 D/Theia.NoFocusWindow( 1654): FocusWindowErrorScene cancelCheckFreezeScreen
01-19 15:35:43.677 I/WindowManager( 1654): addWindow: New client android.os.BinderProxy@5b980a8 : window=Window{f1f27c1 u0 com.THLight.BLE.USBeacon.Writer.Simple.dev/com.THLight.BLE.USBeacon.Writer.Simple.ui.activity.scan.ScanDeviceListActivity}
01-19 15:35:43.681 D/ViewRootImplExtImpl(20021): onDisplayChanged -1 for VRI android.view.ViewRootImpl@df2446d
01-19 15:35:43.681 D/CoreBackPreview( 1654): Window{f1f27c1 u0 com.THLight.BLE.USBeacon.Writer.Simple.dev/com.THLight.BLE.USBeacon.Writer.Simple.ui.activity.scan.ScanDeviceListActivity}: Setting back callback OnBackInvokedCallbackInfo{mCallback=android.window.IOnBackInvokedCallback$Stub$Proxy@acb5e43, mPriority=0}
01-19 15:35:43.682 D/CompatibilityChangeReporter( 1654): Compat change id reported: 177438394; UID 10122; state: DISABLED
01-19 15:35:43.683 D/CompatibilityChangeReporter( 1654): Compat change id reported: 135772972; UID 10122; state: DISABLED
01-19 15:35:43.683 D/CompatibilityChangeReporter( 1654): Compat change id reported: 135754954; UID 10122; state: ENABLED
01-19 15:35:43.684 I/zez     (23155): (REDACTED) bluetoothConnectionStateChanged. Action: %s
01-19 15:35:43.684 D/CompatibilityChangeReporter( 1654): Compat change id reported: 143937733; UID 10122; state: ENABLED
01-19 15:35:43.685 I/zea     (23155): Registering Gemini service client
01-19 15:35:43.685 D/InputEventReceiver(20021): Input log is disabled
01-19 15:35:43.686 I/zef     (23155): Initializing PhoneMediaHandler
01-19 15:35:43.689 I/bt_btm  ( 2751): LogMsg: btm_bda_to_acl: bda=60:77:71:fc:68:cf transport=2
01-19 15:35:43.689 V/bt_stack( 2751): [VERBOSE1:gatt_main.cc(1054)] gatt_get_ch_state: ch_state=4
01-19 15:35:43.689 I/bt_stack( 2751): [INFO:gatt_cl.cc(1194)] gatt_client_handle_server_rsp opcode: 0x11
01-19 15:35:43.689 I/bt_stack( 2751): [INFO:gatt_cl.cc(799)] gatt_process_read_by_type_rspop=1 subtype=1
01-19 15:35:43.689 I/bt_stack( 2751): [INFO:bta_gattc_cache.cc(458)] bta_gattc_disc_res_cback: disc_type=1 p_data->handle=0x001c e_handle=0x0022 service_type=0000f000-0000-1000-8000-00805f9b34fb
01-19 15:35:43.689 I/bt_btm  ( 2751): LogMsg: BTM_IsCisSlaveSupported
01-19 15:35:43.689 I/bt_btm  ( 2751): LogMsg: btm_bda_to_acl: bda=60:77:71:fc:68:cf transport=2
01-19 15:35:43.689 I/bt_btm  ( 2751): LogMsg: BTM_IsCisSlaveSupported: 0
01-19 15:35:43.689 I/bt_stack( 2751): [INFO:gatt_cl.cc(983)] gatt_process_read_by_type_rsp: initiate another discovery request
01-19 15:35:43.689 I/bt_stack( 2751): [INFO:gatt_cl.cc(101)] gatt_act_discovery opcode: 0x10
01-19 15:35:43.689 I/bluetooth( 2751): attp_cl_send_cmd: Sending ATT command to l2cap cid:0x0004 eatt_channels:0 transport:BT_TRANSPORT_LE
01-19 15:35:43.689 I/bt_btm  ( 2751): LogMsg: l2c_link_check_send_pkts: l2cb.controller_xmit_window=6
01-19 15:35:43.690 I/bt_btm  ( 2751): LogMsg: Direct send, transport=2, xmit_window=6, le_xmit_window=8, sent_not_acked=0, link_xmit_quota=8
01-19 15:35:43.690 I/bt_btm  ( 2751): LogMsg: Sending to lower layer
01-19 15:35:43.690 I/bt_btm  ( 2751): LogMsg: l2c_link_send_to_lower_ble: TotalWin=7,Hndl=0x200,Quota=8,Unack=1,RRQuota=0,RRUnack=0
01-19 15:35:43.690 I/bt_btm  ( 2751): LogMsg: No next buffer, skipping
01-19 15:35:43.690 I/bt_l2cap( 2751): LogMsg: l2cu_no_dynamic_ccbs NO IDLE timeout set for fixed cid 0x0004
01-19 15:35:43.690 I/bluetooth( 2751): attp_cl_send_cmd: Starting ATT response timer
01-19 15:35:43.701 D/Layer   ( 1123): reparent to null sequence=10300, seq[1], name=Surface(name=53ed7a StatusBar)/@0x47c2944 - animation-leash of insets_animation#10300
01-19 15:35:43.701 D/Layer   ( 1123): reparent to null sequence=10301, seq[2], name=Surface(name=91d88c3 NavigationBar0)/@0xc087a2d - animation-leash of insets_animation#10301
01-19 15:35:43.704 D/OplusFullScreenDisplayManager( 1654): adjustWindowParamsLw com.THLight.BLE.USBeacon.Writer.Simple.dev, no change cutoutMode: 0
01-19 15:35:43.704 V/WindowManager( 1654): Relayout Window{f1f27c1 u0 com.THLight.BLE.USBeacon.Writer.Simple.dev/com.THLight.BLE.USBeacon.Writer.Simple.ui.activity.scan.ScanDeviceListActivity}: viewVisibility=0, oldvis=0, req=684x390
01-19 15:35:43.706 I/BufferQueueDebug( 1123): [com.THLight.BLE.USBeacon.Writer.Simple.dev/com.THLight.BLE.USBeacon.Writer.Simple.ui.activity.scan.ScanDeviceListActivity#10309](this:0xb4000072c6a939e8,id:-1,api:0,p:-1,c:-1) BufferQueue core=(1123:/system/bin/surfaceflinger)
01-19 15:35:43.711 D/Zygote  (  984): Forked child process 20813
01-19 15:35:43.730 D/BufferQueueConsumer(20021): [](id:4e350000000d,api:0,p:-1,c:20021) connect: controlledByApp=false
01-19 15:35:43.734 E/ActivityThread( 1654): Failed to find provider info for com.oplus.smartdrive.data.DataProvider
01-19 15:35:43.734 V/ZoomWindowDecorView(20021): setLastReportedMergedConfiguration mZoomDisplayHeight: 1600 getDecorView.133002801
