01-19 15:30:01.075 I/RemoteConfig(20161): RemoteConfig loadLocalConfig: empty
01-19 15:30:01.075 E/Battery (23265): SaveBatteryStats: saveSmallAppBatteryStats do not find match data 
01-19 15:30:01.076 D/OplusLog(20161): inited cost:75
01-19 15:30:01.077 D/OplusLog(20161): inited cost:73
01-19 15:30:01.079 D/OplusLog(20161): inited cost:75
01-19 15:30:01.080 D/CompatibilityChangeReporter( 1654): Compat change id reported: 171306433; UID 1000; state: ENABLED
01-19 15:30:01.080 D/CompatibilityChangeReporter( 1654): Compat change id reported: 218533173; UID 1000; state: ENABLED
01-19 15:30:01.083 D/OplusLog(20161): inited cost:75
01-19 15:30:01.083 D/OplusLog(20161): inited cost:83
01-19 15:30:01.087 D/OplusLog(20161): inited cost:78
01-19 15:30:01.094 D/AppDelegatorImpl(20161): a.a.a.bm:onAppCreate 71
01-19 15:30:01.095 I/Application(20161): com.nearme.instant.platform:provider onCreate end use: 135
01-19 15:30:01.095 I/Application(20161): com.nearme.instant.platform:provider version :9.10.2 91005 SDK_INI: 33
01-19 15:30:01.097 D/OplusActivityManager(20161): get AMS extension: android.os.BinderProxy@9107eff
01-19 15:30:01.098 W/System.err(20161): java.lang.reflect.InvocationTargetException
01-19 15:30:01.098 W/System.err(20161): 	at java.lang.reflect.Method.invoke(Native Method)
01-19 15:30:01.098 W/System.err(20161): 	at a.a.a.e66.d(SourceFile:24)
01-19 15:30:01.098 W/System.err(20161): 	at a.a.a.e66.c(SourceFile:57)
01-19 15:30:01.098 W/System.err(20161): 	at a.a.a.bm.g(SourceFile:13)
01-19 15:30:01.098 W/System.err(20161): 	at a.a.a.jn.q(SourceFile:10)
01-19 15:30:01.098 W/System.err(20161): 	at a.a.a.jn.o(Unknown Source:0)
01-19 15:30:01.098 W/System.err(20161): 	at a.a.a.gn.run(Unknown Source:2)
01-19 15:30:01.098 W/System.err(20161): 	at java.util.concurrent.ThreadPoolExecutor.runWorker(ThreadPoolExecutor.java:1156)
01-19 15:30:01.098 W/System.err(20161): 	at java.util.concurrent.ThreadPoolExecutor$Worker.run(ThreadPoolExecutor.java:651)
01-19 15:30:01.098 W/System.err(20161): 	at java.lang.Thread.run(Thread.java:1119)
01-19 15:30:01.098 W/System.err(20161): Caused by: java.lang.SecurityException: grantRuntimePermission: Neither user 10104 nor current process has android.permission.GRANT_RUNTIME_PERMISSIONS.
01-19 15:30:01.098 W/System.err(20161): 	at android.os.Parcel.createExceptionOrNull(Parcel.java:3062)
01-19 15:30:01.099 W/System.err(20161): 	at android.os.Parcel.createException(Parcel.java:3046)
01-19 15:30:01.099 W/System.err(20161): 	at android.os.Parcel.readException(Parcel.java:3029)
01-19 15:30:01.099 W/System.err(20161): 	at android.os.Parcel.readException(Parcel.java:2971)
01-19 15:30:01.099 W/System.err(20161): 	at android.permission.IPermissionManager$Stub$Proxy.grantRuntimePermission(IPermissionManager.java:947)
01-19 15:30:01.099 W/System.err(20161): 	at android.permission.PermissionManager.grantRuntimePermission(PermissionManager.java:598)
01-19 15:30:01.099 W/System.err(20161): 	at android.app.ApplicationPackageManager.grantRuntimePermission(ApplicationPackageManager.java:918)
01-19 15:30:01.099 W/System.err(20161): 	... 10 more
01-19 15:30:01.099 W/System.err(20161): Caused by: android.os.RemoteException: Remote stack trace:
01-19 15:30:01.099 W/System.err(20161): 	at android.app.ContextImpl.enforce(ContextImpl.java:2272)
01-19 15:30:01.099 W/System.err(20161): 	at android.app.ContextImpl.enforceCallingOrSelfPermission(ContextImpl.java:2300)
01-19 15:30:01.099 W/System.err(20161): 	at com.android.server.pm.permission.PermissionManagerServiceImpl.grantRuntimePermissionInternal(PermissionManagerServiceImpl.java:1365)
01-19 15:30:01.099 W/System.err(20161): 	at com.android.server.pm.permission.PermissionManagerServiceImpl.grantRuntimePermission(PermissionManagerServiceImpl.java:1347)
01-19 15:30:01.099 W/System.err(20161): 	at com.android.server.pm.permission.PermissionManagerService.grantRuntimePermission(PermissionManagerService.java:567)
01-19 15:30:01.100 W/System.err(20161): java.lang.reflect.InvocationTargetException
01-19 15:30:01.100 W/System.err(20161): 	at java.lang.reflect.Method.invoke(Native Method)
01-19 15:30:01.100 W/System.err(20161): 	at a.a.a.e66.d(SourceFile:24)
01-19 15:30:01.100 W/System.err(20161): 	at a.a.a.e66.c(SourceFile:57)
01-19 15:30:01.100 W/System.err(20161): 	at a.a.a.bm.g(SourceFile:13)
01-19 15:30:01.100 W/System.err(20161): 	at a.a.a.jn.q(SourceFile:10)
01-19 15:30:01.100 W/System.err(20161): 	at a.a.a.jn.o(Unknown Source:0)
01-19 15:30:01.100 W/System.err(20161): 	at a.a.a.gn.run(Unknown Source:2)
01-19 15:30:01.100 W/System.err(20161): 	at java.util.concurrent.ThreadPoolExecutor.runWorker(ThreadPoolExecutor.java:1156)
01-19 15:30:01.100 W/System.err(20161): 	at java.util.concurrent.ThreadPoolExecutor$Worker.run(ThreadPoolExecutor.java:651)
01-19 15:30:01.100 W/System.err(20161): 	at java.lang.Thread.run(Thread.java:1119)
01-19 15:30:01.101 W/System.err(20161): Caused by: java.lang.SecurityException: grantRuntimePermission: Neither user 10104 nor current process has android.permission.GRANT_RUNTIME_PERMISSIONS.
01-19 15:30:01.101 W/System.err(20161): 	at android.os.Parcel.createExceptionOrNull(Parcel.java:3062)
01-19 15:30:01.101 W/System.err(20161): 	at android.os.Parcel.createException(Parcel.java:3046)
01-19 15:30:01.101 W/System.err(20161): 	at android.os.Parcel.readException(Parcel.java:3029)
01-19 15:30:01.101 W/System.err(20161): 	at android.os.Parcel.readException(Parcel.java:2971)
01-19 15:30:01.101 W/System.err(20161): 	at android.permission.IPermissionManager$Stub$Proxy.grantRuntimePermission(IPermissionManager.java:947)
01-19 15:30:01.101 W/System.err(20161): 	at android.permission.PermissionManager.grantRuntimePermission(PermissionManager.java:598)
01-19 15:30:01.101 W/System.err(20161): 	at android.app.ApplicationPackageManager.grantRuntimePermission(ApplicationPackageManager.java:918)
01-19 15:30:01.101 W/System.err(20161): 	... 10 more
01-19 15:30:01.103 W/System.err(20161): java.lang.reflect.InvocationTargetException
01-19 15:30:01.103 W/System.err(20161): 	at java.lang.reflect.Method.invoke(Native Method)
01-19 15:30:01.103 W/System.err(20161): 	at a.a.a.e66.d(SourceFile:24)
01-19 15:30:01.103 W/System.err(20161): 	at a.a.a.e66.c(SourceFile:57)
01-19 15:30:01.103 W/System.err(20161): 	at a.a.a.bm.g(SourceFile:13)
01-19 15:30:01.103 W/System.err(20161): 	at a.a.a.jn.q(SourceFile:10)
01-19 15:30:01.103 W/System.err(20161): 	at a.a.a.jn.o(Unknown Source:0)
01-19 15:30:01.103 W/System.err(20161): 	at a.a.a.gn.run(Unknown Source:2)
01-19 15:30:01.103 W/System.err(20161): 	at java.util.concurrent.ThreadPoolExecutor.runWorker(ThreadPoolExecutor.java:1156)
01-19 15:30:01.103 W/System.err(20161): 	at java.util.concurrent.ThreadPoolExecutor$Worker.run(ThreadPoolExecutor.java:651)
01-19 15:30:01.103 W/System.err(20161): 	at java.lang.Thread.run(Thread.java:1119)
01-19 15:30:01.103 W/System.err(20161): Caused by: java.lang.SecurityException: grantRuntimePermission: Neither user 10104 nor current process has android.permission.GRANT_RUNTIME_PERMISSIONS.
01-19 15:30:01.103 W/System.err(20161): 	at android.os.Parcel.createExceptionOrNull(Parcel.java:3062)
01-19 15:30:01.103 W/System.err(20161): 	at android.os.Parcel.createException(Parcel.java:3046)
01-19 15:30:01.103 W/System.err(20161): 	at android.os.Parcel.readException(Parcel.java:3029)
01-19 15:30:01.103 W/System.err(20161): 	at android.os.Parcel.readException(Parcel.java:2971)
01-19 15:30:01.103 W/System.err(20161): 	at android.permission.IPermissionManager$Stub$Proxy.grantRuntimePermission(IPermissionManager.java:947)
01-19 15:30:01.103 W/System.err(20161): 	at android.permission.PermissionManager.grantRuntimePermission(PermissionManager.java:598)
01-19 15:30:01.103 W/System.err(20161): 	at android.app.ApplicationPackageManager.grantRuntimePermission(ApplicationPackageManager.java:918)
01-19 15:30:01.103 W/System.err(20161): 	... 10 more
01-19 15:30:01.105 W/System.err(20161): java.lang.reflect.InvocationTargetException
01-19 15:30:01.105 W/System.err(20161): 	at java.lang.reflect.Method.invoke(Native Method)
01-19 15:30:01.105 W/System.err(20161): 	at a.a.a.e66.d(SourceFile:24)
01-19 15:30:01.105 W/System.err(20161): 	at a.a.a.e66.c(SourceFile:57)
01-19 15:30:01.105 W/System.err(20161): 	at a.a.a.bm.g(SourceFile:13)
01-19 15:30:01.105 W/System.err(20161): 	at a.a.a.jn.q(SourceFile:10)
01-19 15:30:01.105 W/System.err(20161): 	at a.a.a.jn.o(Unknown Source:0)
01-19 15:30:01.105 W/System.err(20161): 	at a.a.a.gn.run(Unknown Source:2)
01-19 15:30:01.106 W/System.err(20161): 	at java.util.concurrent.ThreadPoolExecutor.runWorker(ThreadPoolExecutor.java:1156)
01-19 15:30:01.106 W/System.err(20161): 	at java.util.concurrent.ThreadPoolExecutor$Worker.run(ThreadPoolExecutor.java:651)
01-19 15:30:01.106 W/System.err(20161): 	at java.lang.Thread.run(Thread.java:1119)
01-19 15:30:01.106 W/System.err(20161): Caused by: java.lang.SecurityException: grantRuntimePermission: Neither user 10104 nor current process has android.permission.GRANT_RUNTIME_PERMISSIONS.
01-19 15:30:01.106 W/System.err(20161): 	at android.os.Parcel.createExceptionOrNull(Parcel.java:3062)
01-19 15:30:01.106 W/System.err(20161): 	at android.os.Parcel.createException(Parcel.java:3046)
01-19 15:30:01.106 W/System.err(20161): 	at android.os.Parcel.readException(Parcel.java:3029)
01-19 15:30:01.106 W/System.err(20161): 	at android.os.Parcel.readException(Parcel.java:2971)
01-19 15:30:01.106 W/System.err(20161): 	at android.permission.IPermissionManager$Stub$Proxy.grantRuntimePermission(IPermissionManager.java:947)
01-19 15:30:01.106 W/System.err(20161): 	at android.permission.PermissionManager.grantRuntimePermission(PermissionManager.java:598)
01-19 15:30:01.106 W/System.err(20161): 	at android.app.ApplicationPackageManager.grantRuntimePermission(ApplicationPackageManager.java:918)
01-19 15:30:01.106 W/System.err(20161): 	... 10 more
01-19 15:30:01.108 W/System.err(20161): java.lang.reflect.InvocationTargetException
01-19 15:30:01.108 W/System.err(20161): 	at java.lang.reflect.Method.invoke(Native Method)
01-19 15:30:01.108 W/System.err(20161): 	at a.a.a.e66.d(SourceFile:24)
01-19 15:30:01.108 W/System.err(20161): 	at a.a.a.e66.c(SourceFile:57)
01-19 15:30:01.108 W/System.err(20161): 	at a.a.a.bm.g(SourceFile:13)
01-19 15:30:01.108 W/System.err(20161): 	at a.a.a.jn.q(SourceFile:10)
01-19 15:30:01.108 W/System.err(20161): 	at a.a.a.jn.o(Unknown Source:0)
01-19 15:30:01.108 W/System.err(20161): 	at a.a.a.gn.run(Unknown Source:2)
01-19 15:30:01.108 W/System.err(20161): 	at java.util.concurrent.ThreadPoolExecutor.runWorker(ThreadPoolExecutor.java:1156)
01-19 15:30:01.108 W/System.err(20161): 	at java.util.concurrent.ThreadPoolExecutor$Worker.run(ThreadPoolExecutor.java:651)
01-19 15:30:01.108 W/System.err(20161): 	at java.lang.Thread.run(Thread.java:1119)
01-19 15:30:01.109 W/System.err(20161): Caused by: java.lang.SecurityException: grantRuntimePermission: Neither user 10104 nor current process has android.permission.GRANT_RUNTIME_PERMISSIONS.
01-19 15:30:01.109 W/System.err(20161): 	at android.os.Parcel.createExceptionOrNull(Parcel.java:3062)
01-19 15:30:01.109 W/System.err(20161): 	at android.os.Parcel.createException(Parcel.java:3046)
01-19 15:30:01.109 W/System.err(20161): 	at android.os.Parcel.readException(Parcel.java:3029)
01-19 15:30:01.109 W/System.err(20161): 	at android.os.Parcel.readException(Parcel.java:2971)
01-19 15:30:01.109 W/System.err(20161): 	at android.permission.IPermissionManager$Stub$Proxy.grantRuntimePermission(IPermissionManager.java:947)
01-19 15:30:01.109 W/System.err(20161): 	at android.permission.PermissionManager.grantRuntimePermission(PermissionManager.java:598)
01-19 15:30:01.109 W/System.err(20161): 	at android.app.ApplicationPackageManager.grantRuntimePermission(ApplicationPackageManager.java:918)
01-19 15:30:01.109 W/System.err(20161): 	... 10 more
01-19 15:30:01.111 W/System.err(20161): java.lang.reflect.InvocationTargetException
01-19 15:30:01.111 W/System.err(20161): 	at java.lang.reflect.Method.invoke(Native Method)
01-19 15:30:01.111 W/System.err(20161): 	at a.a.a.e66.d(SourceFile:24)
01-19 15:30:01.111 W/System.err(20161): 	at a.a.a.e66.c(SourceFile:57)
01-19 15:30:01.111 W/System.err(20161): 	at a.a.a.bm.g(SourceFile:13)
01-19 15:30:01.111 W/System.err(20161): 	at a.a.a.jn.q(SourceFile:10)
01-19 15:30:01.111 W/System.err(20161): 	at a.a.a.jn.o(Unknown Source:0)
01-19 15:30:01.111 W/System.err(20161): 	at a.a.a.gn.run(Unknown Source:2)
01-19 15:30:01.111 W/System.err(20161): 	at java.util.concurrent.ThreadPoolExecutor.runWorker(ThreadPoolExecutor.java:1156)
01-19 15:30:01.111 W/System.err(20161): 	at java.util.concurrent.ThreadPoolExecutor$Worker.run(ThreadPoolExecutor.java:651)
01-19 15:30:01.111 W/System.err(20161): 	at java.lang.Thread.run(Thread.java:1119)
01-19 15:30:01.111 W/System.err(20161): Caused by: java.lang.SecurityException: grantRuntimePermission: Neither user 10104 nor current process has android.permission.GRANT_RUNTIME_PERMISSIONS.
01-19 15:30:01.111 W/System.err(20161): 	at android.os.Parcel.createExceptionOrNull(Parcel.java:3062)
01-19 15:30:01.111 W/System.err(20161): 	at android.os.Parcel.createException(Parcel.java:3046)
01-19 15:30:01.111 W/System.err(20161): 	at android.os.Parcel.readException(Parcel.java:3029)
01-19 15:30:01.111 W/System.err(20161): 	at android.os.Parcel.readException(Parcel.java:2971)
01-19 15:30:01.111 W/System.err(20161): 	at android.permission.IPermissionManager$Stub$Proxy.grantRuntimePermission(IPermissionManager.java:947)
01-19 15:30:01.111 W/System.err(20161): 	at android.permission.PermissionManager.grantRuntimePermission(PermissionManager.java:598)
01-19 15:30:01.111 W/System.err(20161): 	at android.app.ApplicationPackageManager.grantRuntimePermission(ApplicationPackageManager.java:918)
01-19 15:30:01.112 W/System.err(20161): 	... 10 more
01-19 15:30:01.113 W/System.err(20161): java.lang.reflect.InvocationTargetException
01-19 15:30:01.114 W/System.err(20161): 	at java.lang.reflect.Method.invoke(Native Method)
01-19 15:30:01.114 W/System.err(20161): 	at a.a.a.e66.d(SourceFile:24)
01-19 15:30:01.114 W/System.err(20161): 	at a.a.a.e66.c(SourceFile:57)
01-19 15:30:01.114 W/System.err(20161): 	at a.a.a.bm.g(SourceFile:13)
01-19 15:30:01.114 W/System.err(20161): 	at a.a.a.jn.q(SourceFile:10)
01-19 15:30:01.114 W/System.err(20161): 	at a.a.a.jn.o(Unknown Source:0)
01-19 15:30:01.114 W/System.err(20161): 	at a.a.a.gn.run(Unknown Source:2)
01-19 15:30:01.114 W/System.err(20161): 	at java.util.concurrent.ThreadPoolExecutor.runWorker(ThreadPoolExecutor.java:1156)
01-19 15:30:01.114 W/System.err(20161): 	at java.util.concurrent.ThreadPoolExecutor$Worker.run(ThreadPoolExecutor.java:651)
01-19 15:30:01.114 W/System.err(20161): 	at java.lang.Thread.run(Thread.java:1119)
01-19 15:30:01.114 W/System.err(20161): Caused by: java.lang.SecurityException: grantRuntimePermission: Neither user 10104 nor current process has android.permission.GRANT_RUNTIME_PERMISSIONS.
01-19 15:30:01.114 W/System.err(20161): 	at android.os.Parcel.createExceptionOrNull(Parcel.java:3062)
01-19 15:30:01.114 W/System.err(20161): 	at android.os.Parcel.createException(Parcel.java:3046)
01-19 15:30:01.114 W/System.err(20161): 	at android.os.Parcel.readException(Parcel.java:3029)
01-19 15:30:01.114 W/System.err(20161): 	at android.os.Parcel.readException(Parcel.java:2971)
01-19 15:30:01.114 W/System.err(20161): 	at android.permission.IPermissionManager$Stub$Proxy.grantRuntimePermission(IPermissionManager.java:947)
01-19 15:30:01.114 W/System.err(20161): 	at android.permission.PermissionManager.grantRuntimePermission(PermissionManager.java:598)
01-19 15:30:01.114 W/System.err(20161): 	at android.app.ApplicationPackageManager.grantRuntimePermission(ApplicationPackageManager.java:918)
01-19 15:30:01.114 W/System.err(20161): 	... 10 more
01-19 15:30:01.116 W/System.err(20161): java.lang.reflect.InvocationTargetException
01-19 15:30:01.116 W/System.err(20161): 	at java.lang.reflect.Method.invoke(Native Method)
01-19 15:30:01.116 W/System.err(20161): 	at a.a.a.e66.d(SourceFile:24)
01-19 15:30:01.116 W/System.err(20161): 	at a.a.a.e66.c(SourceFile:57)
01-19 15:30:01.116 W/System.err(20161): 	at a.a.a.bm.g(SourceFile:13)
01-19 15:30:01.117 W/System.err(20161): 	at a.a.a.jn.q(SourceFile:10)
01-19 15:30:01.117 W/System.err(20161): 	at a.a.a.jn.o(Unknown Source:0)
01-19 15:30:01.117 W/System.err(20161): 	at a.a.a.gn.run(Unknown Source:2)
01-19 15:30:01.117 W/System.err(20161): 	at java.util.concurrent.ThreadPoolExecutor.runWorker(ThreadPoolExecutor.java:1156)
01-19 15:30:01.117 W/System.err(20161): 	at java.util.concurrent.ThreadPoolExecutor$Worker.run(ThreadPoolExecutor.java:651)
01-19 15:30:01.117 W/System.err(20161): 	at java.lang.Thread.run(Thread.java:1119)
01-19 15:30:01.117 W/System.err(20161): Caused by: java.lang.SecurityException: grantRuntimePermission: Neither user 10104 nor current process has android.permission.GRANT_RUNTIME_PERMISSIONS.
01-19 15:30:01.117 W/System.err(20161): 	at android.os.Parcel.createExceptionOrNull(Parcel.java:3062)
01-19 15:30:01.117 W/System.err(20161): 	at android.os.Parcel.createException(Parcel.java:3046)
01-19 15:30:01.117 W/System.err(20161): 	at android.os.Parcel.readException(Parcel.java:3029)
01-19 15:30:01.117 W/System.err(20161): 	at android.os.Parcel.readException(Parcel.java:2971)
01-19 15:30:01.117 W/System.err(20161): 	at android.permission.IPermissionManager$Stub$Proxy.grantRuntimePermission(IPermissionManager.java:947)
01-19 15:30:01.117 W/System.err(20161): 	at android.permission.PermissionManager.grantRuntimePermission(PermissionManager.java:598)
01-19 15:30:01.117 W/System.err(20161): 	at android.app.ApplicationPackageManager.grantRuntimePermission(ApplicationPackageManager.java:918)
01-19 15:30:01.117 W/System.err(20161): 	... 10 more
01-19 15:30:01.119 W/System.err(20161): java.lang.reflect.InvocationTargetException
01-19 15:30:01.119 W/System.err(20161): 	at java.lang.reflect.Method.invoke(Native Method)
01-19 15:30:01.119 W/System.err(20161): 	at a.a.a.e66.d(SourceFile:24)
01-19 15:30:01.119 W/System.err(20161): 	at a.a.a.e66.c(SourceFile:57)
01-19 15:30:01.119 W/System.err(20161): 	at a.a.a.bm.g(SourceFile:13)
01-19 15:30:01.119 W/System.err(20161): 	at a.a.a.jn.q(SourceFile:10)
01-19 15:30:01.119 W/System.err(20161): 	at a.a.a.jn.o(Unknown Source:0)
01-19 15:30:01.119 W/System.err(20161): 	at a.a.a.gn.run(Unknown Source:2)
01-19 15:30:01.119 W/System.err(20161): 	at java.util.concurrent.ThreadPoolExecutor.runWorker(ThreadPoolExecutor.java:1156)
01-19 15:30:01.119 W/System.err(20161): 	at java.util.concurrent.ThreadPoolExecutor$Worker.run(ThreadPoolExecutor.java:651)
01-19 15:30:01.119 W/System.err(20161): 	at java.lang.Thread.run(Thread.java:1119)
01-19 15:30:01.119 W/System.err(20161): Caused by: java.lang.SecurityException: grantRuntimePermission: Neither user 10104 nor current process has android.permission.GRANT_RUNTIME_PERMISSIONS.
01-19 15:30:01.119 W/System.err(20161): 	at android.os.Parcel.createExceptionOrNull(Parcel.java:3062)
01-19 15:30:01.119 W/System.err(20161): 	at android.os.Parcel.createException(Parcel.java:3046)
01-19 15:30:01.119 W/System.err(20161): 	at android.os.Parcel.readException(Parcel.java:3029)
01-19 15:30:01.119 W/System.err(20161): 	at android.os.Parcel.readException(Parcel.java:2971)
01-19 15:30:01.119 W/System.err(20161): 	at android.permission.IPermissionManager$Stub$Proxy.grantRuntimePermission(IPermissionManager.java:947)
01-19 15:30:01.119 W/System.err(20161): 	at android.permission.PermissionManager.grantRuntimePermission(PermissionManager.java:598)
01-19 15:30:01.120 W/System.err(20161): 	at android.app.ApplicationPackageManager.grantRuntimePermission(ApplicationPackageManager.java:918)
01-19 15:30:01.120 W/System.err(20161): 	... 10 more
01-19 15:30:01.121 W/System.err(20161): java.lang.reflect.InvocationTargetException
01-19 15:30:01.121 W/System.err(20161): 	at java.lang.reflect.Method.invoke(Native Method)
01-19 15:30:01.121 W/System.err(20161): 	at a.a.a.e66.d(SourceFile:24)
01-19 15:30:01.121 W/System.err(20161): 	at a.a.a.e66.c(SourceFile:57)
01-19 15:30:01.122 W/System.err(20161): 	at a.a.a.bm.g(SourceFile:13)
01-19 15:30:01.122 W/System.err(20161): 	at a.a.a.jn.q(SourceFile:10)
01-19 15:30:01.122 W/System.err(20161): 	at a.a.a.jn.o(Unknown Source:0)
01-19 15:30:01.122 W/System.err(20161): 	at a.a.a.gn.run(Unknown Source:2)
01-19 15:30:01.122 W/System.err(20161): 	at java.util.concurrent.ThreadPoolExecutor.runWorker(ThreadPoolExecutor.java:1156)
01-19 15:30:01.122 W/System.err(20161): 	at java.util.concurrent.ThreadPoolExecutor$Worker.run(ThreadPoolExecutor.java:651)
01-19 15:30:01.122 W/System.err(20161): 	at java.lang.Thread.run(Thread.java:1119)
01-19 15:30:01.122 W/System.err(20161): Caused by: java.lang.SecurityException: grantRuntimePermission: Neither user 10104 nor current process has android.permission.GRANT_RUNTIME_PERMISSIONS.
01-19 15:30:01.122 W/System.err(20161): 	at android.os.Parcel.createExceptionOrNull(Parcel.java:3062)
01-19 15:30:01.122 W/System.err(20161): 	at android.os.Parcel.createException(Parcel.java:3046)
01-19 15:30:01.122 W/System.err(20161): 	at android.os.Parcel.readException(Parcel.java:3029)
01-19 15:30:01.122 W/System.err(20161): 	at android.os.Parcel.readException(Parcel.java:2971)
01-19 15:30:01.122 W/System.err(20161): 	at android.permission.IPermissionManager$Stub$Proxy.grantRuntimePermission(IPermissionManager.java:947)
01-19 15:30:01.122 W/System.err(20161): 	at android.permission.PermissionManager.grantRuntimePermission(PermissionManager.java:598)
01-19 15:30:01.122 W/System.err(20161): 	at android.app.ApplicationPackageManager.grantRuntimePermission(ApplicationPackageManager.java:918)
01-19 15:30:01.122 W/System.err(20161): 	... 10 more
01-19 15:30:01.124 W/System.err(20161): java.lang.reflect.InvocationTargetException
01-19 15:30:01.124 W/System.err(20161): 	at java.lang.reflect.Method.invoke(Native Method)
01-19 15:30:01.124 W/System.err(20161): 	at a.a.a.e66.d(SourceFile:24)
01-19 15:30:01.124 W/System.err(20161): 	at a.a.a.e66.c(SourceFile:57)
01-19 15:30:01.124 W/System.err(20161): 	at a.a.a.bm.g(SourceFile:13)
01-19 15:30:01.124 W/System.err(20161): 	at a.a.a.jn.q(SourceFile:10)
01-19 15:30:01.124 W/System.err(20161): 	at a.a.a.jn.o(Unknown Source:0)
01-19 15:30:01.124 W/System.err(20161): 	at a.a.a.gn.run(Unknown Source:2)
01-19 15:30:01.124 W/System.err(20161): 	at java.util.concurrent.ThreadPoolExecutor.runWorker(ThreadPoolExecutor.java:1156)
01-19 15:30:01.124 W/System.err(20161): 	at java.util.concurrent.ThreadPoolExecutor$Worker.run(ThreadPoolExecutor.java:651)
01-19 15:30:01.124 W/System.err(20161): 	at java.lang.Thread.run(Thread.java:1119)
01-19 15:30:01.124 W/System.err(20161): Caused by: java.lang.SecurityException: grantRuntimePermission: Neither user 10104 nor current process has android.permission.GRANT_RUNTIME_PERMISSIONS.
01-19 15:30:01.125 W/System.err(20161): 	at android.os.Parcel.createExceptionOrNull(Parcel.java:3062)
01-19 15:30:01.125 W/System.err(20161): 	at android.os.Parcel.createException(Parcel.java:3046)
01-19 15:30:01.125 W/System.err(20161): 	at android.os.Parcel.readException(Parcel.java:3029)
01-19 15:30:01.125 W/System.err(20161): 	at android.os.Parcel.readException(Parcel.java:2971)
01-19 15:30:01.125 W/System.err(20161): 	at android.permission.IPermissionManager$Stub$Proxy.grantRuntimePermission(IPermissionManager.java:947)
01-19 15:30:01.125 W/System.err(20161): 	at android.permission.PermissionManager.grantRuntimePermission(PermissionManager.java:598)
01-19 15:30:01.125 W/System.err(20161): 	at android.app.ApplicationPackageManager.grantRuntimePermission(ApplicationPackageManager.java:918)
01-19 15:30:01.125 W/System.err(20161): 	... 10 more
01-19 15:30:01.126 W/System.err(20161): java.lang.reflect.InvocationTargetException
01-19 15:30:01.127 W/System.err(20161): 	at java.lang.reflect.Method.invoke(Native Method)
01-19 15:30:01.127 W/System.err(20161): 	at a.a.a.e66.d(SourceFile:24)
01-19 15:30:01.127 W/System.err(20161): 	at a.a.a.e66.c(SourceFile:57)
01-19 15:30:01.127 W/System.err(20161): 	at a.a.a.bm.g(SourceFile:13)
01-19 15:30:01.127 W/System.err(20161): 	at a.a.a.jn.q(SourceFile:10)
01-19 15:30:01.127 W/System.err(20161): 	at a.a.a.jn.o(Unknown Source:0)
01-19 15:30:01.127 W/System.err(20161): 	at a.a.a.gn.run(Unknown Source:2)
01-19 15:30:01.127 W/System.err(20161): 	at java.util.concurrent.ThreadPoolExecutor.runWorker(ThreadPoolExecutor.java:1156)
01-19 15:30:01.127 W/System.err(20161): 	at java.util.concurrent.ThreadPoolExecutor$Worker.run(ThreadPoolExecutor.java:651)
01-19 15:30:01.127 W/System.err(20161): 	at java.lang.Thread.run(Thread.java:1119)
01-19 15:30:01.127 W/System.err(20161): Caused by: java.lang.SecurityException: grantRuntimePermission: Neither user 10104 nor current process has android.permission.GRANT_RUNTIME_PERMISSIONS.
01-19 15:30:01.127 W/System.err(20161): 	at android.os.Parcel.createExceptionOrNull(Parcel.java:3062)
01-19 15:30:01.127 W/System.err(20161): 	at android.os.Parcel.createException(Parcel.java:3046)
01-19 15:30:01.127 W/System.err(20161): 	at android.os.Parcel.readException(Parcel.java:3029)
01-19 15:30:01.127 W/System.err(20161): 	at android.os.Parcel.readException(Parcel.java:2971)
01-19 15:30:01.127 W/System.err(20161): 	at android.permission.IPermissionManager$Stub$Proxy.grantRuntimePermission(IPermissionManager.java:947)
01-19 15:30:01.127 W/System.err(20161): 	at android.permission.PermissionManager.grantRuntimePermission(PermissionManager.java:598)
01-19 15:30:01.127 W/System.err(20161): 	at android.app.ApplicationPackageManager.grantRuntimePermission(ApplicationPackageManager.java:918)
01-19 15:30:01.127 W/System.err(20161): 	... 10 more
01-19 15:30:01.129 W/System.err(20161): java.lang.reflect.InvocationTargetException
01-19 15:30:01.129 W/System.err(20161): 	at java.lang.reflect.Method.invoke(Native Method)
01-19 15:30:01.129 W/System.err(20161): 	at a.a.a.e66.d(SourceFile:24)
01-19 15:30:01.129 W/System.err(20161): 	at a.a.a.e66.c(SourceFile:57)
01-19 15:30:01.129 W/System.err(20161): 	at a.a.a.bm.g(SourceFile:13)
01-19 15:30:01.129 W/System.err(20161): 	at a.a.a.jn.q(SourceFile:10)
01-19 15:30:01.129 W/System.err(20161): 	at a.a.a.jn.o(Unknown Source:0)
01-19 15:30:01.129 W/System.err(20161): 	at a.a.a.gn.run(Unknown Source:2)
01-19 15:30:01.129 W/System.err(20161): 	at java.util.concurrent.ThreadPoolExecutor.runWorker(ThreadPoolExecutor.java:1156)
01-19 15:30:01.129 W/System.err(20161): 	at java.util.concurrent.ThreadPoolExecutor$Worker.run(ThreadPoolExecutor.java:651)
01-19 15:30:01.129 W/System.err(20161): 	at java.lang.Thread.run(Thread.java:1119)
01-19 15:30:01.129 W/System.err(20161): Caused by: java.lang.SecurityException: grantRuntimePermission: Neither user 10104 nor current process has android.permission.GRANT_RUNTIME_PERMISSIONS.
01-19 15:30:01.129 W/System.err(20161): 	at android.os.Parcel.createExceptionOrNull(Parcel.java:3062)
01-19 15:30:01.129 W/System.err(20161): 	at android.os.Parcel.createException(Parcel.java:3046)
01-19 15:30:01.130 W/System.err(20161): 	at android.os.Parcel.readException(Parcel.java:3029)
01-19 15:30:01.130 W/System.err(20161): 	at android.os.Parcel.readException(Parcel.java:2971)
01-19 15:30:01.130 W/System.err(20161): 	at android.permission.IPermissionManager$Stub$Proxy.grantRuntimePermission(IPermissionManager.java:947)
01-19 15:30:01.130 W/System.err(20161): 	at android.permission.PermissionManager.grantRuntimePermission(PermissionManager.java:598)
01-19 15:30:01.130 W/System.err(20161): 	at android.app.ApplicationPackageManager.grantRuntimePermission(ApplicationPackageManager.java:918)
01-19 15:30:01.130 W/System.err(20161): 	... 10 more
01-19 15:30:01.132 W/System.err(20161): java.lang.reflect.InvocationTargetException
01-19 15:30:01.132 W/System.err(20161): 	at java.lang.reflect.Method.invoke(Native Method)
01-19 15:30:01.132 W/System.err(20161): 	at a.a.a.e66.d(SourceFile:24)
01-19 15:30:01.132 W/System.err(20161): 	at a.a.a.e66.c(SourceFile:57)
01-19 15:30:01.132 W/System.err(20161): 	at a.a.a.bm.g(SourceFile:13)
01-19 15:30:01.132 W/System.err(20161): 	at a.a.a.jn.q(SourceFile:10)
01-19 15:30:01.132 W/System.err(20161): 	at a.a.a.jn.o(Unknown Source:0)
01-19 15:30:01.132 W/System.err(20161): 	at a.a.a.gn.run(Unknown Source:2)
01-19 15:30:01.132 W/System.err(20161): 	at java.util.concurrent.ThreadPoolExecutor.runWorker(ThreadPoolExecutor.java:1156)
01-19 15:30:01.132 W/System.err(20161): 	at java.util.concurrent.ThreadPoolExecutor$Worker.run(ThreadPoolExecutor.java:651)
01-19 15:30:01.132 W/System.err(20161): 	at java.lang.Thread.run(Thread.java:1119)
01-19 15:30:01.132 W/System.err(20161): Caused by: java.lang.SecurityException: grantRuntimePermission: Neither user 10104 nor current process has android.permission.GRANT_RUNTIME_PERMISSIONS.
01-19 15:30:01.132 W/System.err(20161): 	at android.os.Parcel.createExceptionOrNull(Parcel.java:3062)
01-19 15:30:01.132 W/System.err(20161): 	at android.os.Parcel.createException(Parcel.java:3046)
01-19 15:30:01.132 W/System.err(20161): 	at android.os.Parcel.readException(Parcel.java:3029)
01-19 15:30:01.132 W/System.err(20161): 	at android.os.Parcel.readException(Parcel.java:2971)
01-19 15:30:01.132 W/System.err(20161): 	at android.permission.IPermissionManager$Stub$Proxy.grantRuntimePermission(IPermissionManager.java:947)
01-19 15:30:01.132 W/System.err(20161): 	at android.permission.PermissionManager.grantRuntimePermission(PermissionManager.java:598)
01-19 15:30:01.132 W/System.err(20161): 	at android.app.ApplicationPackageManager.grantRuntimePermission(ApplicationPackageManager.java:918)
01-19 15:30:01.132 W/System.err(20161): 	... 10 more
01-19 15:30:01.133 D/AppDelegatorImpl(20161): a.a.a.bm:onAppCreate 38
01-19 15:30:01.510 I/system_server( 1654): Background young concurrent copying GC freed 30MB AllocSpace bytes, 28(1344KB) LOS objects, 28% free, 59MB/83MB, paused 1.472ms,707us total 162.844ms
01-19 15:30:01.518 W/System  ( 1654): A resource failed to call release. 
01-19 15:30:01.784 I/mtkpower_client( 1654): perf_lock_rel, hdl:13413, tid:2356
01-19 15:30:01.785 I/mtkpower_client( 1654): perf_lock_acq, hdl:13413, dur:0, num:4, tid:2356
01-19 15:30:01.785 I/libPowerHal( 1025): [perfLockRel] hdl:13413, idx:0
01-19 15:30:01.786 I/libPowerHal( 1025): system_server: cpu_ctrl set cpu freq: -1 -1 -1 -1
01-19 15:30:01.788 I/mtkpower_client( 1654): ret_hdl:13414
01-19 15:30:01.789 I/libPowerHal( 1025): cmdSetting - unknown cmd:2004100, scmd:(null) ,param_1:2
01-19 15:30:02.207 D/OplusPrivacyDotViewController( 2315): scheduleUpdate: 
01-19 15:30:02.208 D/OplusPrivacyDotViewController( 2315): processNextViewState: 
01-19 15:30:02.208 D/OplusPrivacyDotViewController( 2315): resolveState ViewState(systemPrivacyEventIsActive=false, shadeExpanded=false, qsExpanded=false, rtl=false, rotation=0, height=0, x=46, y=41, cornerIndex=1, designatedCorner=android.widget.FrameLayout{1f48c6e G.E...... ......ID 0,0-8,8 #7f0b0452 app:id/icons_container}, contentDescription=null, chipAnimationStart=false, preDraw=false) shouldShowDot false
01-19 15:30:02.208 D/OplusPrivacyDotViewController( 2315): updatePosition:46:41
01-19 15:30:02.209 D/OplusPrivacyDotViewController( 2315): updatePosition:46:41
01-19 15:30:02.220 V/WindowManager( 1654): Relayout Window{cbdf5b8 u0 OplusPrivacyIconTopLeft}: viewVisibility=8, oldvis=8, req=8x8
01-19 15:30:02.232 V/WindowManager( 1654): Relayout Window{e767333 u0 OplusPrivacyIconTopRight}: viewVisibility=8, oldvis=8, req=8x8
01-19 15:30:02.606 I/Process (19273): Sending signal. PID: 19273 SIG: 9
01-19 15:30:02.646 I/ActivityManager( 1654): Process com.heytap.mcs.appservice (pid 19273) has died: vis IMPF
01-19 15:30:02.647 I/Zygote  (  984): Process 19273 exited due to signal 9 (Killed)
01-19 15:30:02.648 I/libprocessgroup( 1654): Successfully killed process cgroup uid 1000 pid 19273 in 0ms
01-19 15:30:02.648 I/ActivityThread(15681): Removing dead content provider:android.content.ContentProviderProxy@84fb38a
01-19 15:30:02.648 D/OplusUIFirst_FB( 1654): com.heytap.mcs remove pid: 19273
01-19 15:30:02.649 I/mtkpower_client( 1654): [Legacy][PowerHal_Wrap_notifyAppState] com.heytap.mcs/com.heytap.mcs pid=19273 state:3
01-19 15:30:02.649 I/game_scn( 1654): collectForegroundAppList packName=com.heytap.mcs, actName=com.heytap.mcs, pid=19273, uid=1000, state:DEAD
01-19 15:30:02.649 V/DeepThinker(23486): ProcessManager: onProcessDied pid:19273, uid:1000
01-19 15:30:02.653 D/RilUtility( 1025): notify_rild_crash_pid_set certPid:-1, crash:19273, scn:0x0
01-19 15:30:02.655 D/[BT]    ( 1001): mtk_bt_op: BT_VND_OP_LPM_WAKE_SET_STATE
01-19 15:30:06.100 D/AppDelegatorImpl(20161): execute onAppIdle
01-19 15:30:06.701 D/VRR [OTI]( 1123): handleIdle from 1 to 0
01-19 15:30:06.701 I/libPowerHal( 1025): [setGPUFreq] MTKPOWER_HINT_APP_TOUCH user set gpu freq min:1, max:-1
01-19 15:30:06.702 I/libPowerHal( 1025): MTKPOWER_HINT_APP_TOUCH: set gpu opp level: 1
01-19 15:30:06.702 D/VRR [OTI-HW]( 1123): isStateReady 0
01-19 15:30:06.702 D/VRR [OTI-HW]( 1123): rate range: min {id=0, hwcId=0, resolution=720x1600, refreshRate=60.00 Hz, dpi=269.21x269.21, group=0} cur {id=0, hwcId=0, resolution=720x1600, refreshRate=60.00 Hz, dpi=269.21x269.21, group=0} max {id=0, hwcId=0, resolution=720x1600, refreshRate=60.00 Hz, dpi=269.21x269.21, group=0}
01-19 15:30:06.702 D/VRR [OTI-HW]( 1123): keep rate.
01-19 15:30:06.702 I/libPowerHal( 1025): MTKPOWER_HINT_APP_TOUCH: set gpu opp level max: 0
01-19 15:30:06.702 I/mtkpower_client( 1654): perf_lock_rel, hdl:13414, tid:2356
01-19 15:30:06.702 I/libPowerHal( 1025): [setGPUFreq] Soft min/max = (1, 0); Hard min/max = (2, 0)
01-19 15:30:06.702 I/libPowerHal( 1025): [setGPUFreq] final min/max = (1, 0)
01-19 15:30:06.702 I/libPowerHal( 1025): MTKPOWER_HINT_APP_TOUCH: set gpu opp level: 1
01-19 15:30:06.702 I/libPowerHal( 1025): MTKPOWER_HINT_APP_TOUCH: set gpu opp level max: 0
01-19 15:30:06.702 D/OGG_Detector( 1654): D:done mCurrStatus: 0
01-19 15:30:06.702 D/PowerManagerService( 1654): userActivityNoUpdateLocked: groupId=0, eventTime=216557260, event=2, flags=0x0, uid=1000
01-19 15:30:06.703 I/libPowerHal( 1025): MTKPOWER_HINT_APP_TOUCH: cpu_ctrl set cpu freq: 2139000 -1 1491000 -1
01-19 15:30:06.704 D/DisplayManagerServiceExtImpl( 1654): request size(1,1),dpc=com.android.server.display.DisplayPowerController@484ef97 size(0,1),flags=0X200F,id(0,0,local:0), phase=1, enable=true, ready=false,prox=false policy=BRIGHT,dozeState=UNKNOWN,screenBrightnessOverride=-1.000000,useAuto=true,lowPower=false,lowPowerFactor=1.000000
01-19 15:30:06.704 I/OplusSmartBrightnessController( 1654): handleBrightnessTotalRateType: dim->automatic
01-19 15:30:06.704 I/mtkpower_client( 1654): perf_lock_acq, hdl:13414, dur:0, num:4, tid:2356
01-19 15:30:06.704 D/OplusDisplayPowerControllerExtImpl( 1654): original brightness:755 final brightness:755.0 scale:1.0 reason:4 darkLevel:0
01-19 15:30:06.706 D/OplusDisplayPowerControllerExtImpl( 1654): Animating brightness: target=13->755,rate=25->2600,type=automatic,byUse=false local:0
01-19 15:30:06.706 I/libPowerHal( 1025): [perfLockRel] hdl:13414, idx:0
01-19 15:30:06.707 D/DisplayPowerController[0]( 1654): Brightness [755.0] reason changing to: 'automatic [ auto_adj ]', previous reason: 'automatic [ dim ]'. id=local:0
01-19 15:30:06.707 I/DisplayPowerController[0]( 1654): BrightnessEvent: disp=0, brt=755.0, rcmdBrt=NaN, preBrt=NaN, lux=0.0, preLux=0.0, hbmMax=1.0, hbmMode=off, thrmMax=1.0, flags=, reason=automatic [ auto_adj ]
01-19 15:30:06.707 D/OplusDisplayPowerControllerExtImpl( 1654): RECORD:onUpdatePowerState policy:3 state:2 brightness:755
01-19 15:30:06.707 D/VRR [OPlusRefreshRateService]( 1654): notifyBrightnessChange brightness: 755.0
01-19 15:30:06.707 D/VRR [OPlusRefreshRateService]( 1654): notifyNitsChange nits: 112.03284 discrete nits: 2.6263962
01-19 15:30:06.707 D/VRR [OPlusRefreshRateService]( 1654): handleBrightnessChange nits: 112.03284
01-19 15:30:06.709 I/libPowerHal( 1025): [setGPUFreq] INTERACTION user set gpu freq min:0, max:-1
01-19 15:30:06.709 I/libPowerHal( 1025): INTERACTION: set gpu opp level: 0
01-19 15:30:06.709 I/libPowerHal( 1025): INTERACTION: set gpu opp level max: 0
01-19 15:30:06.709 I/libPowerHal( 1025): [setGPUFreq] Soft min/max = (0, 0); Hard min/max = (2, 0)
01-19 15:30:06.709 I/libPowerHal( 1025): [setGPUFreq] final min/max = (0, 0)
01-19 15:30:06.709 I/libPowerHal( 1025): INTERACTION: set gpu opp level: 0
01-19 15:30:06.709 I/libPowerHal( 1025): INTERACTION: set gpu opp level max: 0
01-19 15:30:06.710 I/libPowerHal( 1025): [setGPUFreq] INTERACTION user set gpu freq min:0, max:-1
01-19 15:30:06.710 I/libPowerHal( 1025): INTERACTION: set gpu opp level max: 0
01-19 15:30:06.710 I/libPowerHal( 1025): [setGPUFreq] Soft min/max = (0, 0); Hard min/max = (2, 0)
01-19 15:30:06.710 I/libPowerHal( 1025): [setGPUFreq] final min/max = (0, 0)
01-19 15:30:06.710 I/libPowerHal( 1025): INTERACTION: set gpu opp level: 0
01-19 15:30:06.710 I/libPowerHal( 1025): INTERACTION: set gpu opp level max: 0
01-19 15:30:06.711 V/AutofillManager(20021): requestHideFillUi(null): anchor = null
01-19 15:30:06.711 I/mtkpower_client( 1654): ret_hdl:13418
01-19 15:30:06.711 I/libPowerHal( 1025): cmdSetting - unknown cmd:2004100, scmd:(null) ,param_1:2
01-19 15:30:06.717 D/OplusFeatureHDREnhanceBrightness( 1654): setAnimating : animating = true
01-19 15:30:06.717 D/OplusFeatureReduceBrightness( 1654): setAnimating : animating = true
01-19 15:30:06.718 E/DisplayManagerServiceExtImpl( 1654): can't get service binder: oppposcreenmode
01-19 15:30:06.718 E/DisplayManagerServiceExtImpl( 1654): can't get service interface: opscreenmode
01-19 15:30:06.720 D/OplusSystemUINavigationGestureExtImpl(20021): regionString = null
01-19 15:30:06.724 D/DisplayPowerController[0]( 1654): onChange selfChange=false uri=content://settings/system/screen_brightness
01-19 15:30:06.724 D/OplusDisplayPowerControllerExtImpl( 1654): original brightness:755 final brightness:755.0 scale:1.0 reason:4 darkLevel:0
01-19 15:30:06.725 D/OplusDisplayPowerControllerExtImpl( 1654): Animating brightness: target=755->755,rate=2600->25,type=automatic,byUse=false local:0
01-19 15:30:06.725 D/DisplayPowerController[0]( 1654): Brightness [755.0] reason changing to: 'automatic [ auto_adj ]', previous reason: 'automatic'. id=local:0
01-19 15:30:06.725 I/DisplayPowerController[0]( 1654): BrightnessEvent: disp=0, brt=755.0(user_set), rcmdBrt=NaN, preBrt=NaN, lux=0.0, preLux=0.0, hbmMax=1.0, hbmMode=off, thrmMax=1.0, flags=user_set , reason=automatic [ auto_adj ]
01-19 15:30:06.725 D/VRR [OPlusRefreshRateService]( 1654): notifyBrightnessChange brightness: 755.0
01-19 15:30:06.725 D/DisplayManagerService( 1654): Delivering display event: displayId=0, event=4
01-19 15:30:06.731 D/AALCust ( 1443): aal_backlight_bits, specialConfig:12
01-19 15:30:06.731 D/AAL     ( 1443): onBacklightChanged: 13/1023 -> 45/1023(phy:45/4095)
01-19 15:30:06.734 E/DisplayManagerServiceExtImpl( 1654): can't get service binder: oppposcreenmode
01-19 15:30:06.735 E/DisplayManagerServiceExtImpl( 1654): can't get service interface: opscreenmode
01-19 15:30:06.738 D/DisplayPowerController[0]( 1654): onChange selfChange=false uri=content://settings/system/screen_brightness
01-19 15:30:06.739 D/OplusDisplayPowerControllerExtImpl( 1654): original brightness:755 final brightness:755.0 scale:1.0 reason:4 darkLevel:0
01-19 15:30:06.741 D/DisplayPowerController[0]( 1654): Brightness [755.0] reason changing to: 'automatic [ auto_adj ]', previous reason: 'automatic'. id=local:0
01-19 15:30:06.741 I/DisplayPowerController[0]( 1654): BrightnessEvent: disp=0, brt=755.0(user_set), rcmdBrt=NaN, preBrt=NaN, lux=0.0, preLux=0.0, hbmMax=1.0, hbmMode=off, thrmMax=1.0, flags=user_set , reason=automatic [ auto_adj ]
01-19 15:30:06.741 D/VRR [OPlusRefreshRateService]( 1654): notifyBrightnessChange brightness: 755.0
01-19 15:30:06.742 D/DisplayManagerService( 1654): Delivering display event: displayId=0, event=4
01-19 15:30:06.742 D/AALCust ( 1443): aal_backlight_bits, specialConfig:12
01-19 15:30:06.742 D/AAL     ( 1443): onBacklightChanged: 45/1023 -> 88/1023(phy:88/4095)
01-19 15:30:06.753 D/OplusDisplayPanelFeature( 1654): setDisplayPanelFeatureValue +++, ID:184, value:8
01-19 15:30:06.753 D/DisplayPanel_Session( 1035): setDisplayPanelFeatureValue DP_FeatureId=184, display_id = 0
01-19 15:30:06.754 D/DisplayPowerController[0]( 1654): onChange selfChange=false uri=content://settings/system/screen_brightness
01-19 15:30:06.754 D/OplusDisplayPowerControllerExtImpl( 1654): original brightness:755 final brightness:755.0 scale:1.0 reason:4 darkLevel:0
01-19 15:30:06.755 D/DisplayPowerController[0]( 1654): Brightness [755.0] reason changing to: 'automatic [ auto_adj ]', previous reason: 'automatic'. id=local:0
01-19 15:30:06.756 I/DisplayPowerController[0]( 1654): BrightnessEvent: disp=0, brt=755.0(user_set), rcmdBrt=NaN, preBrt=NaN, lux=0.0, preLux=0.0, hbmMax=1.0, hbmMode=off, thrmMax=1.0, flags=user_set , reason=automatic [ auto_adj ]
01-19 15:30:06.756 D/VRR [OPlusRefreshRateService]( 1654): notifyBrightnessChange brightness: 755.0
01-19 15:30:06.756 D/DisplayManagerService( 1654): Delivering display event: displayId=0, event=4
01-19 15:30:06.758 D/AALCust ( 1443): aal_backlight_bits, specialConfig:12
01-19 15:30:06.758 D/AAL     ( 1443): onBacklightChanged: 88/1023 -> 131/1023(phy:131/4095)
01-19 15:30:06.759 I/libPowerHal( 1025): [perfLockRel] hdl:13415, idx:1
01-19 15:30:06.759 I/libPowerHal( 1025): [unsetGPUFreq] current min:0, max:0; scn_gpu_min:1, scn_gpu_max:-1; scn_gpu_min(HL):-1, scn_gpu_max(HL):-1
01-19 15:30:06.759 I/libPowerHal( 1025): [setGPUFreq] Soft min/max = (0, 0); Hard min/max = (2, 0)
01-19 15:30:06.759 I/libPowerHal( 1025): [setGPUFreq] final min/max = (0, 0)
01-19 15:30:06.759 I/libPowerHal( 1025): MTKPOWER_HINT_APP_TOUCH: set gpu opp level: 0
01-19 15:30:06.759 I/libPowerHal( 1025): MTKPOWER_HINT_APP_TOUCH: set gpu opp level max: 0
01-19 15:30:06.760 I/libPowerHal( 1025): [PD] MTKPOWER_HINT_APP_TOUCH update cmd:3408600 param:0
01-19 15:30:06.760 D/OplusInputMethodManagerInternal(20021): get inputMethodManager extension: com.android.internal.view.IInputMethodManager$Stub$Proxy@315588e
01-19 15:30:06.765 D/DisplayPowerController[0]( 1654): onChange selfChange=false uri=content://settings/system/screen_brightness
01-19 15:30:06.765 D/OplusDisplayPowerControllerExtImpl( 1654): original brightness:755 final brightness:755.0 scale:1.0 reason:4 darkLevel:0
01-19 15:30:06.766 D/DisplayPowerController[0]( 1654): Brightness [755.0] reason changing to: 'automatic [ auto_adj ]', previous reason: 'automatic'. id=local:0
01-19 15:30:06.766 I/DisplayPowerController[0]( 1654): BrightnessEvent: disp=0, brt=755.0(user_set), rcmdBrt=NaN, preBrt=NaN, lux=0.0, preLux=0.0, hbmMax=1.0, hbmMode=off, thrmMax=1.0, flags=user_set , reason=automatic [ auto_adj ]
01-19 15:30:06.767 D/VRR [OPlusRefreshRateService]( 1654): notifyBrightnessChange brightness: 755.0
01-19 15:30:06.767 D/DisplayManagerService( 1654): Delivering display event: displayId=0, event=4
01-19 15:30:06.775 D/AALCust ( 1443): aal_backlight_bits, specialConfig:12
01-19 15:30:06.775 D/AAL     ( 1443): onBacklightChanged: 131/1023 -> 160/1023(phy:160/4095)
01-19 15:30:06.782 D/DisplayPowerController[0]( 1654): onChange selfChange=false uri=content://settings/system/screen_brightness
01-19 15:30:06.782 D/OplusDisplayPowerControllerExtImpl( 1654): original brightness:755 final brightness:755.0 scale:1.0 reason:4 darkLevel:0
01-19 15:30:06.784 D/DisplayPowerController[0]( 1654): Brightness [755.0] reason changing to: 'automatic [ auto_adj ]', previous reason: 'automatic'. id=local:0
01-19 15:30:06.785 I/DisplayPowerController[0]( 1654): BrightnessEvent: disp=0, brt=755.0(user_set), rcmdBrt=NaN, preBrt=NaN, lux=0.0, preLux=0.0, hbmMax=1.0, hbmMode=off, thrmMax=1.0, flags=user_set , reason=automatic [ auto_adj ]
01-19 15:30:06.785 D/VRR [OPlusRefreshRateService]( 1654): notifyBrightnessChange brightness: 755.0
01-19 15:30:06.785 D/DisplayManagerService( 1654): Delivering display event: displayId=0, event=4
01-19 15:30:06.790 I/mtkpower@impl( 1025): [powerd_req] TIMER_MSG_PERF_LOCK_TIMEOUT hdl:13416
01-19 15:30:06.790 I/libPowerHal( 1025): [perfLockRel] hdl:13416, idx:2
01-19 15:30:06.790 I/libPowerHal( 1025): [unsetGPUFreq] current min:0, max:0; scn_gpu_min:0, scn_gpu_max:-1; scn_gpu_min(HL):-1, scn_gpu_max(HL):-1
01-19 15:30:06.790 I/libPowerHal( 1025): [setGPUFreq] Soft min/max = (0, 0); Hard min/max = (2, 0)
01-19 15:30:06.790 I/libPowerHal( 1025): [setGPUFreq] final min/max = (0, 0)
01-19 15:30:06.790 I/libPowerHal( 1025): INTERACTION: set gpu opp level: 0
01-19 15:30:06.790 I/libPowerHal( 1025): INTERACTION: set gpu opp level max: 0
01-19 15:30:06.791 I/mtkpower@impl( 1025): [powerd_req] TIMER_MSG_PERF_LOCK_TIMEOUT hdl:13417
01-19 15:30:06.791 I/libPowerHal( 1025): [perfLockRel] hdl:13417, idx:3
01-19 15:30:06.791 I/libPowerHal( 1025): INTERACTION: cpu_ctrl set cpu freq: -1 -1 -1 -1
01-19 15:30:06.791 I/libPowerHal( 1025): [unsetGPUFreq] current min:0, max:0; scn_gpu_min:0, scn_gpu_max:-1; scn_gpu_min(HL):-1, scn_gpu_max(HL):-1
01-19 15:30:06.791 I/libPowerHal( 1025): INTERACTION: set gpu opp level: 2
01-19 15:30:06.791 I/libPowerHal( 1025): INTERACTION: set gpu opp level max: 0
01-19 15:30:06.791 I/libPowerHal( 1025): [setGPUFreq] Soft min/max = (2, 0); Hard min/max = (2, 0)
01-19 15:30:06.791 I/libPowerHal( 1025): [setGPUFreq] final min/max = (2, 0)
01-19 15:30:06.791 I/libPowerHal( 1025): INTERACTION: set gpu opp level: 2
01-19 15:30:06.791 I/libPowerHal( 1025): INTERACTION: set gpu opp level max: 0
01-19 15:30:06.791 I/libPowerHal( 1025): [PD] INTERACTION update cmd:1000000, param:-1
01-19 15:30:06.791 I/libPowerHal( 1025): [PD] INTERACTION update cmd:2020000 param:1
01-19 15:30:06.792 I/libPowerHal( 1025): [PD] INTERACTION update cmd:1000000 param:-1
01-19 15:30:06.792 D/AALCust ( 1443): aal_backlight_bits, specialConfig:12
01-19 15:30:06.792 D/AAL     ( 1443): onBacklightChanged: 160/1023 -> 203/1023(phy:203/4095)
01-19 15:30:06.798 D/DisplayPowerController[0]( 1654): onChange selfChange=false uri=content://settings/system/screen_brightness
01-19 15:30:06.799 D/OplusDisplayPowerControllerExtImpl( 1654): original brightness:755 final brightness:755.0 scale:1.0 reason:4 darkLevel:0
01-19 15:30:06.800 D/DisplayPowerController[0]( 1654): Brightness [755.0] reason changing to: 'automatic [ auto_adj ]', previous reason: 'automatic'. id=local:0
01-19 15:30:06.800 I/DisplayPowerController[0]( 1654): BrightnessEvent: disp=0, brt=755.0(user_set), rcmdBrt=NaN, preBrt=NaN, lux=0.0, preLux=0.0, hbmMax=1.0, hbmMode=off, thrmMax=1.0, flags=user_set , reason=automatic [ auto_adj ]
01-19 15:30:06.800 D/VRR [OPlusRefreshRateService]( 1654): notifyBrightnessChange brightness: 755.0
01-19 15:30:06.800 D/DisplayManagerService( 1654): Delivering display event: displayId=0, event=4
01-19 15:30:06.808 D/AALCust ( 1443): aal_backlight_bits, specialConfig:12
01-19 15:30:06.809 D/AAL     ( 1443): onBacklightChanged: 203/1023 -> 246/1023(phy:246/4095)
01-19 15:30:06.809 D/AAL     ( 1443): 01-19 03:30:06.742 BL=  19,ESS= 256, 01-19 03:30:06.759 BL=  32,ESS= 256, 01-19 03:30:06.775 BL=  40,ESS= 256, 01-19 03:30:06.792 BL=  50,ESS= 256, 01-19 03:30:06.809 BL=  61,ESS= 256, 
01-19 15:30:06.816 D/DisplayPowerController[0]( 1654): onChange selfChange=false uri=content://settings/system/screen_brightness
01-19 15:30:06.816 D/OplusDisplayPowerControllerExtImpl( 1654): original brightness:755 final brightness:755.0 scale:1.0 reason:4 darkLevel:0
01-19 15:30:06.817 D/DisplayPowerController[0]( 1654): Brightness [755.0] reason changing to: 'automatic [ auto_adj ]', previous reason: 'automatic'. id=local:0
01-19 15:30:06.817 I/DisplayPowerController[0]( 1654): BrightnessEvent: disp=0, brt=755.0(user_set), rcmdBrt=NaN, preBrt=NaN, lux=0.0, preLux=0.0, hbmMax=1.0, hbmMode=off, thrmMax=1.0, flags=user_set , reason=automatic [ auto_adj ]
01-19 15:30:06.817 D/VRR [OPlusRefreshRateService]( 1654): notifyBrightnessChange brightness: 755.0
01-19 15:30:06.818 D/DisplayManagerService( 1654): Delivering display event: displayId=0, event=4
01-19 15:30:06.825 D/AALCust ( 1443): aal_backlight_bits, specialConfig:12
01-19 15:30:06.825 D/AAL     ( 1443): onBacklightChanged: 246/1023 -> 290/1023(phy:290/4095)
01-19 15:30:06.832 D/DisplayPowerController[0]( 1654): onChange selfChange=false uri=content://settings/system/screen_brightness
01-19 15:30:06.833 D/OplusDisplayPowerControllerExtImpl( 1654): original brightness:755 final brightness:755.0 scale:1.0 reason:4 darkLevel:0
01-19 15:30:06.834 D/DisplayPowerController[0]( 1654): Brightness [755.0] reason changing to: 'automatic [ auto_adj ]', previous reason: 'automatic'. id=local:0
01-19 15:30:06.834 I/DisplayPowerController[0]( 1654): BrightnessEvent: disp=0, brt=755.0(user_set), rcmdBrt=NaN, preBrt=NaN, lux=0.0, preLux=0.0, hbmMax=1.0, hbmMode=off, thrmMax=1.0, flags=user_set , reason=automatic [ auto_adj ]
01-19 15:30:06.834 D/VRR [OPlusRefreshRateService]( 1654): notifyBrightnessChange brightness: 755.0
01-19 15:30:06.835 D/DisplayManagerService( 1654): Delivering display event: displayId=0, event=4
01-19 15:30:06.842 D/AALCust ( 1443): aal_backlight_bits, specialConfig:12
01-19 15:30:06.842 D/AAL     ( 1443): onBacklightChanged: 290/1023 -> 334/1023(phy:334/4095)
01-19 15:30:06.849 D/DisplayPowerController[0]( 1654): onChange selfChange=false uri=content://settings/system/screen_brightness
01-19 15:30:06.850 D/OplusDisplayPowerControllerExtImpl( 1654): original brightness:755 final brightness:755.0 scale:1.0 reason:4 darkLevel:0
01-19 15:30:06.851 D/DisplayPowerController[0]( 1654): Brightness [755.0] reason changing to: 'automatic [ auto_adj ]', previous reason: 'automatic'. id=local:0
