01-19 15:30:11.863 I/bt_l2cap( 2751): LogMsg: l2cu_no_dynamic_ccbs NO IDLE timeout set for fixed cid 0x0004
01-19 15:30:11.863 I/bluetooth( 2751): attp_cl_send_cmd: Starting ATT response timer
01-19 15:30:11.863 V/bt_stack( 2751): [VERBOSE1:bta_gattc_main.cc(350)] bta_gattc_sm_execute: GATTC State Change: 0x02 -> 0x02 after Event 0x1f04
01-19 15:30:11.864 V/TextView(20021): notifyAutoFillManagerAfterTextChanged
01-19 15:30:11.864 V/AutofillManager(20021): notifyValueChanged(1073741828): ignoring on state UNKNOWN
01-19 15:30:11.866 V/TextView(20021): notifyAutoFillManagerAfterTextChanged
01-19 15:30:11.866 V/AutofillManager(20021): notifyValueChanged(1073741828): ignoring on state UNKNOWN
01-19 15:30:11.872 V/TextView(20021): notifyAutoFillManagerAfterTextChanged
01-19 15:30:11.872 V/AutofillManager(20021): notifyValueChanged(1073741829): ignoring on state UNKNOWN
01-19 15:30:11.874 V/TextView(20021): notifyAutoFillManagerAfterTextChanged
01-19 15:30:11.874 V/AutofillManager(20021): notifyValueChanged(1073741829): ignoring on state UNKNOWN
01-19 15:30:11.875 I/bt_btm  ( 2751): LogMsg: l2c_link_check_send_pkts: l2cb.controller_xmit_window=6
01-19 15:30:11.875 I/bt_btm  ( 2751): LogMsg: Direct send, transport=2, xmit_window=6, le_xmit_window=8, sent_not_acked=0, link_xmit_quota=8
01-19 15:30:11.875 I/bt_btm  ( 2751): LogMsg: No next buffer, skipping
01-19 15:30:11.875 I/bt_btm  ( 2751): LogMsg: l2c_link_process_num_completed_pkts: TotalWin=8,LinkUnack(0x200)=0,RRCheck=0,RRUnack=0
01-19 15:30:11.879 V/TextView(20021): notifyAutoFillManagerAfterTextChanged
01-19 15:30:11.879 V/AutofillManager(20021): notifyValueChanged(1073741830): ignoring on state UNKNOWN
01-19 15:30:11.880 V/TextView(20021): notifyAutoFillManagerAfterTextChanged
01-19 15:30:11.880 V/AutofillManager(20021): notifyValueChanged(1073741830): ignoring on state UNKNOWN
01-19 15:30:11.890 I/bt_btm  ( 2751): LogMsg: btm_bda_to_acl: bda=60:77:71:fc:68:cf transport=2
01-19 15:30:11.890 V/bt_stack( 2751): [VERBOSE1:gatt_main.cc(1054)] gatt_get_ch_state: ch_state=4
01-19 15:30:11.890 I/bt_stack( 2751): [INFO:gatt_cl.cc(1194)] gatt_client_handle_server_rsp opcode: 0x0b
01-19 15:30:11.890 I/bt_stack( 2751): [INFO:gatt_utils.cc(1500)] gatt_end_operation status=0 op=2 subtype=2
01-19 15:30:11.890 V/bt_stack( 2751): [VERBOSE1:bta_gattc_act.cc(1513)] bta_gattc_cmpl_cback: conn_id:8 op:2 status:0
01-19 15:30:11.890 I/bt_btif ( 2751): LogMsg: bta_sys_event: Event 0x1f0f
01-19 15:30:11.890 V/bt_stack( 2751): [VERBOSE1:bta_gattc_main.cc(314)] bta_gattc_sm_execute: State 0x02, Event 0x1f0f
01-19 15:30:11.890 I/bt_btif ( 2751): LogMsg: HAL bt_gatt_callbacks->client->read_characteristic_cb
01-19 15:30:11.890 V/bt_stack( 2751): [VERBOSE1:bta_gattc_main.cc(350)] bta_gattc_sm_execute: GATTC State Change: 0x02 -> 0x02 after Event 0x1f0f
01-19 15:30:11.890 D/BtGatt.GattService( 2751): onReadCharacteristic() - address=60:77:71:FC:68:CF, status=0, length=18
01-19 15:30:11.891 I/System.out(20021): ConnectBLE onCharacteristicRead 0000f002-0000-1000-8000-00805f9b34fb status: 0
01-19 15:30:11.891 I/System.out(20021): ConnectBLE onAckCharacteristicRead Ack : 80 , 86240963CBD97D6317DCEED465488D0F
01-19 15:30:11.891 I/System.out(20021): EditDeviceActivity OnMessageAckResponse flag : 3 , responseCode : ffffff80 , data : 86240963CBD97D6317DCEED465488D0F
01-19 15:30:11.892 I/System.out(20021): BLE_CMD : name=CMD_R_ADVERTISE_PER_SECOND raw=CE1455925AD30710EBA016810FD0BAE13E0E
01-19 15:30:11.892 I/System.out(20021): ConnectBLE generateEncryptData : CE1455925AD30710EBA016810FD0BAE13E0E
01-19 15:30:11.892 I/System.out(20021): BLE_CMD : name=CMD_R_BEACON_UUID raw=1E10F7A222D9D91224743BA5E5F5EDBE692F
01-19 15:30:11.892 I/System.out(20021): ConnectBLE generateEncryptData : 1E10F7A222D9D91224743BA5E5F5EDBE692F
01-19 15:30:11.892 I/System.out(20021): BLE_CMD : name=CMD_GET_INFO raw=7706931C142607921BBA3CAE3325FAFE4778
01-19 15:30:11.892 I/System.out(20021): ConnectBLE generateEncryptData : 7706931C142607921BBA3CAE3325FAFE4778
01-19 15:30:11.892 I/System.out(20021): BLE_CMD : name=CMD_R_TX_POWER raw=EA161D746E24506FFF45828F879EAF8A2443
01-19 15:30:11.892 I/System.out(20021): ConnectBLE generateEncryptData : EA161D746E24506FFF45828F879EAF8A2443
01-19 15:30:11.893 I/System.out(20021): ConnectBLE Command executeCommandTask gattWriteCommandList  : 4Read
01-19 15:30:11.893 I/System.out(20021): BLE_QUEUE : size=4 type=Read
01-19 15:30:11.893 I/System.out(20021): ConnectBLE commandWriteData -- >  C9B103D34868936A3E3C7947A3EE122AAA66
01-19 15:30:11.894 D/BtGatt.GattService( 2751): writeCharacteristic() - address=60:77:71:FC:68:CF
01-19 15:30:11.894 D/BtGatt.GattService( 2751): writeCharacteristic() - trying to acquire permit.
01-19 15:30:11.895 I/bt_btif ( 2751): LogMsg: bta_sys_event: Event 0x1f05
01-19 15:30:11.895 V/bt_stack( 2751): [VERBOSE1:bta_gattc_main.cc(314)] bta_gattc_sm_execute: State 0x02, Event 0x1f05
01-19 15:30:11.895 I/bt_stack( 2751): [INFO:gatt_utils.cc(1470)] gatt_send_write_msg len=18
01-19 15:30:11.895 I/bluetooth( 2751): attp_cl_send_cmd: Sending ATT command to l2cap cid:0x0004 eatt_channels:0 transport:BT_TRANSPORT_LE
01-19 15:30:11.895 I/bt_btm  ( 2751): LogMsg: l2c_link_check_send_pkts: l2cb.controller_xmit_window=6
01-19 15:30:11.895 I/bt_btm  ( 2751): LogMsg: Direct send, transport=2, xmit_window=6, le_xmit_window=8, sent_not_acked=0, link_xmit_quota=8
01-19 15:30:11.895 I/bt_btm  ( 2751): LogMsg: Sending to lower layer
01-19 15:30:11.895 I/bt_btm  ( 2751): LogMsg: l2c_link_send_to_lower_ble: TotalWin=7,Hndl=0x200,Quota=8,Unack=1,RRQuota=0,RRUnack=0
01-19 15:30:11.895 I/bt_btm  ( 2751): LogMsg: No next buffer, skipping
01-19 15:30:11.895 I/bt_l2cap( 2751): LogMsg: l2cu_no_dynamic_ccbs NO IDLE timeout set for fixed cid 0x0004
01-19 15:30:11.895 I/bluetooth( 2751): attp_cl_send_cmd: Starting ATT response timer
01-19 15:30:11.895 V/bt_stack( 2751): [VERBOSE1:bta_gattc_main.cc(350)] bta_gattc_sm_execute: GATTC State Change: 0x02 -> 0x02 after Event 0x1f05
01-19 15:30:11.895 I/System.out(20021): ConnectBLE Command executeCommandTask gattWriteCommandList  : 4Read
01-19 15:30:11.895 I/System.out(20021): BLE_QUEUE : size=4 type=Read
01-19 15:30:11.896 I/System.out(20021): ConnectBLE commandWriteData -- >  C9B103D34868936A3E3C7947A3EE122AAA66
01-19 15:30:11.904 I/bt_btm  ( 2751): LogMsg: l2c_link_check_send_pkts: l2cb.controller_xmit_window=6
01-19 15:30:11.904 I/bt_btm  ( 2751): LogMsg: Direct send, transport=2, xmit_window=6, le_xmit_window=8, sent_not_acked=0, link_xmit_quota=8
01-19 15:30:11.905 I/bt_btm  ( 2751): LogMsg: No next buffer, skipping
01-19 15:30:11.905 I/bt_btm  ( 2751): LogMsg: l2c_link_process_num_completed_pkts: TotalWin=8,LinkUnack(0x200)=0,RRCheck=0,RRUnack=0
01-19 15:30:11.920 I/bt_btm  ( 2751): LogMsg: btm_bda_to_acl: bda=60:77:71:fc:68:cf transport=2
01-19 15:30:11.920 V/bt_stack( 2751): [VERBOSE1:gatt_main.cc(1054)] gatt_get_ch_state: ch_state=4
01-19 15:30:11.920 I/bt_stack( 2751): [INFO:gatt_cl.cc(1194)] gatt_client_handle_server_rsp opcode: 0x13
01-19 15:30:11.920 I/bt_stack( 2751): [INFO:gatt_utils.cc(1500)] gatt_end_operation status=0 op=3 subtype=2
01-19 15:30:11.920 V/bt_stack( 2751): [VERBOSE1:bta_gattc_act.cc(1513)] bta_gattc_cmpl_cback: conn_id:8 op:3 status:0
01-19 15:30:11.920 I/bt_btif ( 2751): LogMsg: bta_sys_event: Event 0x1f0f
01-19 15:30:11.920 V/bt_stack( 2751): [VERBOSE1:bta_gattc_main.cc(314)] bta_gattc_sm_execute: State 0x02, Event 0x1f0f
01-19 15:30:11.920 I/bt_btif ( 2751): LogMsg: HAL bt_gatt_callbacks->client->write_characteristic_cb
01-19 15:30:11.920 V/bt_stack( 2751): [VERBOSE1:bta_gattc_main.cc(350)] bta_gattc_sm_execute: GATTC State Change: 0x02 -> 0x02 after Event 0x1f0f
01-19 15:30:11.921 D/BtGatt.GattService( 2751): onWriteCharacteristic() - increasing permit for address=60:77:71:FC:68:CF
01-19 15:30:11.921 D/BtGatt.GattService( 2751): onWriteCharacteristic() - address=60:77:71:FC:68:CF, status=0, length=18
01-19 15:30:11.922 I/System.out(20021): ConnectBLE onCharacteristicWrite  : 14 , C914A676EDCD36CF9B99DCE2064BB78F0FC3
01-19 15:30:11.923 D/BtGatt.GattService( 2751): readCharacteristic() - address=60:77:71:FC:68:CF
01-19 15:30:11.924 I/bt_btif ( 2751): LogMsg: bta_sys_event: Event 0x1f04
01-19 15:30:11.924 V/bt_stack( 2751): [VERBOSE1:bta_gattc_main.cc(314)] bta_gattc_sm_execute: State 0x02, Event 0x1f04
01-19 15:30:11.924 V/bt_stack( 2751): [VERBOSE1:gatt_api.cc(747)] GATTC_Read: conn_id=0x0008, type=0x02
01-19 15:30:11.924 I/bluetooth( 2751): attp_cl_send_cmd: Sending ATT command to l2cap cid:0x0004 eatt_channels:0 transport:BT_TRANSPORT_LE
01-19 15:30:11.924 I/bt_btm  ( 2751): LogMsg: l2c_link_check_send_pkts: l2cb.controller_xmit_window=6
01-19 15:30:11.924 I/bt_btm  ( 2751): LogMsg: Direct send, transport=2, xmit_window=6, le_xmit_window=8, sent_not_acked=0, link_xmit_quota=8
01-19 15:30:11.924 I/bt_btm  ( 2751): LogMsg: Sending to lower layer
01-19 15:30:11.924 I/bt_btm  ( 2751): LogMsg: l2c_link_send_to_lower_ble: TotalWin=7,Hndl=0x200,Quota=8,Unack=1,RRQuota=0,RRUnack=0
01-19 15:30:11.924 I/bt_btm  ( 2751): LogMsg: No next buffer, skipping
01-19 15:30:11.924 I/bt_l2cap( 2751): LogMsg: l2cu_no_dynamic_ccbs NO IDLE timeout set for fixed cid 0x0004
01-19 15:30:11.924 I/bluetooth( 2751): attp_cl_send_cmd: Starting ATT response timer
01-19 15:30:11.924 V/bt_stack( 2751): [VERBOSE1:bta_gattc_main.cc(350)] bta_gattc_sm_execute: GATTC State Change: 0x02 -> 0x02 after Event 0x1f04
01-19 15:30:11.935 I/bt_btm  ( 2751): LogMsg: l2c_link_check_send_pkts: l2cb.controller_xmit_window=6
01-19 15:30:11.935 I/bt_btm  ( 2751): LogMsg: Direct send, transport=2, xmit_window=6, le_xmit_window=8, sent_not_acked=0, link_xmit_quota=8
01-19 15:30:11.935 I/bt_btm  ( 2751): LogMsg: No next buffer, skipping
01-19 15:30:11.935 I/bt_btm  ( 2751): LogMsg: l2c_link_process_num_completed_pkts: TotalWin=8,LinkUnack(0x200)=0,RRCheck=0,RRUnack=0
01-19 15:30:11.950 I/bt_btm  ( 2751): LogMsg: btm_bda_to_acl: bda=60:77:71:fc:68:cf transport=2
01-19 15:30:11.950 V/bt_stack( 2751): [VERBOSE1:gatt_main.cc(1054)] gatt_get_ch_state: ch_state=4
01-19 15:30:11.950 I/bt_stack( 2751): [INFO:gatt_cl.cc(1194)] gatt_client_handle_server_rsp opcode: 0x0b
01-19 15:30:11.950 I/bt_stack( 2751): [INFO:gatt_utils.cc(1500)] gatt_end_operation status=0 op=2 subtype=2
01-19 15:30:11.950 V/bt_stack( 2751): [VERBOSE1:bta_gattc_act.cc(1513)] bta_gattc_cmpl_cback: conn_id:8 op:2 status:0
01-19 15:30:11.950 I/bt_btif ( 2751): LogMsg: bta_sys_event: Event 0x1f0f
01-19 15:30:11.950 V/bt_stack( 2751): [VERBOSE1:bta_gattc_main.cc(314)] bta_gattc_sm_execute: State 0x02, Event 0x1f0f
01-19 15:30:11.950 I/bt_btif ( 2751): LogMsg: HAL bt_gatt_callbacks->client->read_characteristic_cb
01-19 15:30:11.950 V/bt_stack( 2751): [VERBOSE1:bta_gattc_main.cc(350)] bta_gattc_sm_execute: GATTC State Change: 0x02 -> 0x02 after Event 0x1f0f
01-19 15:30:11.950 D/BtGatt.GattService( 2751): onReadCharacteristic() - address=60:77:71:FC:68:CF, status=0, length=18
01-19 15:30:11.951 I/System.out(20021): ConnectBLE onCharacteristicRead 0000f002-0000-1000-8000-00805f9b34fb status: 0
01-19 15:30:11.952 I/System.out(20021): ConnectBLE onAckCharacteristicRead Ack : 14 , 0A00008FEBC530CE7B559605014E65B2
01-19 15:30:11.952 I/System.out(20021): EditDeviceActivity OnMessageAckResponse flag : 14 , responseCode : 14 , data : 0A00008FEBC530CE7B559605014E65B2
01-19 15:30:11.952 I/System.out(20021): ConnectBLE Command executeCommandTask gattWriteCommandList  : 3Read
01-19 15:30:11.952 I/System.out(20021): BLE_QUEUE : size=3 type=Read
01-19 15:30:11.952 I/System.out(20021): ConnectBLE commandWriteData -- >  6240E95D96BE2B3F07579C6E867D920CD493
01-19 15:30:11.953 D/BtGatt.GattService( 2751): writeCharacteristic() - address=60:77:71:FC:68:CF
01-19 15:30:11.954 D/BtGatt.GattService( 2751): writeCharacteristic() - trying to acquire permit.
01-19 15:30:11.954 I/bt_btif ( 2751): LogMsg: bta_sys_event: Event 0x1f05
01-19 15:30:11.954 V/bt_stack( 2751): [VERBOSE1:bta_gattc_main.cc(314)] bta_gattc_sm_execute: State 0x02, Event 0x1f05
01-19 15:30:11.954 I/bt_stack( 2751): [INFO:gatt_utils.cc(1470)] gatt_send_write_msg len=18
01-19 15:30:11.954 I/bluetooth( 2751): attp_cl_send_cmd: Sending ATT command to l2cap cid:0x0004 eatt_channels:0 transport:BT_TRANSPORT_LE
01-19 15:30:11.954 I/bt_btm  ( 2751): LogMsg: l2c_link_check_send_pkts: l2cb.controller_xmit_window=6
01-19 15:30:11.954 I/bt_btm  ( 2751): LogMsg: Direct send, transport=2, xmit_window=6, le_xmit_window=8, sent_not_acked=0, link_xmit_quota=8
01-19 15:30:11.954 I/bt_btm  ( 2751): LogMsg: Sending to lower layer
01-19 15:30:11.954 I/bt_btm  ( 2751): LogMsg: l2c_link_send_to_lower_ble: TotalWin=7,Hndl=0x200,Quota=8,Unack=1,RRQuota=0,RRUnack=0
01-19 15:30:11.954 I/bt_btm  ( 2751): LogMsg: No next buffer, skipping
01-19 15:30:11.954 I/bt_l2cap( 2751): LogMsg: l2cu_no_dynamic_ccbs NO IDLE timeout set for fixed cid 0x0004
01-19 15:30:11.954 I/bluetooth( 2751): attp_cl_send_cmd: Starting ATT response timer
01-19 15:30:11.954 V/bt_stack( 2751): [VERBOSE1:bta_gattc_main.cc(350)] bta_gattc_sm_execute: GATTC State Change: 0x02 -> 0x02 after Event 0x1f05
01-19 15:30:11.964 V/TextView(20021): notifyAutoFillManagerAfterTextChanged
01-19 15:30:11.964 V/AutofillManager(20021): notifyValueChanged(1073741831): ignoring on state UNKNOWN
01-19 15:30:11.964 V/TextView(20021): notifyAutoFillManagerAfterTextChanged
01-19 15:30:11.964 V/AutofillManager(20021): notifyValueChanged(1073741831): ignoring on state UNKNOWN
01-19 15:30:11.965 I/bt_btm  ( 2751): LogMsg: l2c_link_check_send_pkts: l2cb.controller_xmit_window=6
01-19 15:30:11.965 I/bt_btm  ( 2751): LogMsg: Direct send, transport=2, xmit_window=6, le_xmit_window=8, sent_not_acked=0, link_xmit_quota=8
01-19 15:30:11.965 I/bt_btm  ( 2751): LogMsg: No next buffer, skipping
01-19 15:30:11.965 I/bt_btm  ( 2751): LogMsg: l2c_link_process_num_completed_pkts: TotalWin=8,LinkUnack(0x200)=0,RRCheck=0,RRUnack=0
01-19 15:30:11.968 V/TextView(20021): notifyAutoFillManagerAfterTextChanged
01-19 15:30:11.968 V/AutofillManager(20021): notifyValueChanged(1073741832): ignoring on state UNKNOWN
01-19 15:30:11.969 V/TextView(20021): notifyAutoFillManagerAfterTextChanged
01-19 15:30:11.969 V/AutofillManager(20021): notifyValueChanged(1073741832): ignoring on state UNKNOWN
01-19 15:30:11.974 V/TextView(20021): notifyAutoFillManagerAfterTextChanged
01-19 15:30:11.974 V/AutofillManager(20021): notifyValueChanged(1073741833): ignoring on state UNKNOWN
01-19 15:30:11.974 V/TextView(20021): notifyAutoFillManagerAfterTextChanged
01-19 15:30:11.974 V/AutofillManager(20021): notifyValueChanged(1073741833): ignoring on state UNKNOWN
01-19 15:30:11.980 I/bt_btm  ( 2751): LogMsg: btm_bda_to_acl: bda=60:77:71:fc:68:cf transport=2
01-19 15:30:11.980 V/bt_stack( 2751): [VERBOSE1:gatt_main.cc(1054)] gatt_get_ch_state: ch_state=4
01-19 15:30:11.980 I/bt_stack( 2751): [INFO:gatt_cl.cc(1194)] gatt_client_handle_server_rsp opcode: 0x13
01-19 15:30:11.980 I/bt_stack( 2751): [INFO:gatt_utils.cc(1500)] gatt_end_operation status=0 op=3 subtype=2
01-19 15:30:11.980 V/TextView(20021): notifyAutoFillManagerAfterTextChanged
01-19 15:30:11.980 V/bt_stack( 2751): [VERBOSE1:bta_gattc_act.cc(1513)] bta_gattc_cmpl_cback: conn_id:8 op:3 status:0
01-19 15:30:11.980 I/bt_btif ( 2751): LogMsg: bta_sys_event: Event 0x1f0f
01-19 15:30:11.980 V/AutofillManager(20021): notifyValueChanged(1073741834): ignoring on state UNKNOWN
01-19 15:30:11.980 V/bt_stack( 2751): [VERBOSE1:bta_gattc_main.cc(314)] bta_gattc_sm_execute: State 0x02, Event 0x1f0f
01-19 15:30:11.980 I/bt_btif ( 2751): LogMsg: HAL bt_gatt_callbacks->client->write_characteristic_cb
01-19 15:30:11.980 V/bt_stack( 2751): [VERBOSE1:bta_gattc_main.cc(350)] bta_gattc_sm_execute: GATTC State Change: 0x02 -> 0x02 after Event 0x1f0f
01-19 15:30:11.980 D/BtGatt.GattService( 2751): onWriteCharacteristic() - increasing permit for address=60:77:71:FC:68:CF
01-19 15:30:11.980 D/BtGatt.GattService( 2751): onWriteCharacteristic() - address=60:77:71:FC:68:CF, status=0, length=18
01-19 15:30:11.981 V/TextView(20021): notifyAutoFillManagerAfterTextChanged
01-19 15:30:11.981 V/AutofillManager(20021): notifyValueChanged(1073741834): ignoring on state UNKNOWN
01-19 15:30:11.981 I/System.out(20021): ConnectBLE onCharacteristicWrite  : 10 , 62107A57A5AFCACFC1D5279BA15FA40335E4
01-19 15:30:11.983 D/BtGatt.GattService( 2751): readCharacteristic() - address=60:77:71:FC:68:CF
01-19 15:30:11.983 I/bt_btif ( 2751): LogMsg: bta_sys_event: Event 0x1f04
01-19 15:30:11.983 V/bt_stack( 2751): [VERBOSE1:bta_gattc_main.cc(314)] bta_gattc_sm_execute: State 0x02, Event 0x1f04
01-19 15:30:11.983 V/bt_stack( 2751): [VERBOSE1:gatt_api.cc(747)] GATTC_Read: conn_id=0x0008, type=0x02
01-19 15:30:11.983 I/bluetooth( 2751): attp_cl_send_cmd: Sending ATT command to l2cap cid:0x0004 eatt_channels:0 transport:BT_TRANSPORT_LE
01-19 15:30:11.983 I/bt_btm  ( 2751): LogMsg: l2c_link_check_send_pkts: l2cb.controller_xmit_window=6
01-19 15:30:11.983 I/bt_btm  ( 2751): LogMsg: Direct send, transport=2, xmit_window=6, le_xmit_window=8, sent_not_acked=0, link_xmit_quota=8
01-19 15:30:11.984 I/bt_btm  ( 2751): LogMsg: Sending to lower layer
01-19 15:30:11.984 I/bt_btm  ( 2751): LogMsg: l2c_link_send_to_lower_ble: TotalWin=7,Hndl=0x200,Quota=8,Unack=1,RRQuota=0,RRUnack=0
01-19 15:30:11.984 I/bt_btm  ( 2751): LogMsg: No next buffer, skipping
01-19 15:30:11.984 I/bt_l2cap( 2751): LogMsg: l2cu_no_dynamic_ccbs NO IDLE timeout set for fixed cid 0x0004
01-19 15:30:11.984 I/bluetooth( 2751): attp_cl_send_cmd: Starting ATT response timer
01-19 15:30:11.984 V/bt_stack( 2751): [VERBOSE1:bta_gattc_main.cc(350)] bta_gattc_sm_execute: GATTC State Change: 0x02 -> 0x02 after Event 0x1f04
01-19 15:30:11.995 I/bt_btm  ( 2751): LogMsg: l2c_link_check_send_pkts: l2cb.controller_xmit_window=6
01-19 15:30:11.995 I/bt_btm  ( 2751): LogMsg: Direct send, transport=2, xmit_window=6, le_xmit_window=8, sent_not_acked=0, link_xmit_quota=8
01-19 15:30:11.995 I/bt_btm  ( 2751): LogMsg: No next buffer, skipping
01-19 15:30:11.995 I/bt_btm  ( 2751): LogMsg: l2c_link_process_num_completed_pkts: TotalWin=8,LinkUnack(0x200)=0,RRCheck=0,RRUnack=0
01-19 15:30:12.010 I/bt_btm  ( 2751): LogMsg: btm_bda_to_acl: bda=60:77:71:fc:68:cf transport=2
01-19 15:30:12.010 V/bt_stack( 2751): [VERBOSE1:gatt_main.cc(1054)] gatt_get_ch_state: ch_state=4
01-19 15:30:12.010 I/bt_stack( 2751): [INFO:gatt_cl.cc(1194)] gatt_client_handle_server_rsp opcode: 0x0b
01-19 15:30:12.010 I/bt_stack( 2751): [INFO:gatt_utils.cc(1500)] gatt_end_operation status=0 op=2 subtype=2
01-19 15:30:12.010 V/bt_stack( 2751): [VERBOSE1:bta_gattc_act.cc(1513)] bta_gattc_cmpl_cback: conn_id:8 op:2 status:0
01-19 15:30:12.010 I/bt_btif ( 2751): LogMsg: bta_sys_event: Event 0x1f0f
01-19 15:30:12.010 V/bt_stack( 2751): [VERBOSE1:bta_gattc_main.cc(314)] bta_gattc_sm_execute: State 0x02, Event 0x1f0f
01-19 15:30:12.010 I/bt_btif ( 2751): LogMsg: HAL bt_gatt_callbacks->client->read_characteristic_cb
01-19 15:30:12.010 V/bt_stack( 2751): [VERBOSE1:bta_gattc_main.cc(350)] bta_gattc_sm_execute: GATTC State Change: 0x02 -> 0x02 after Event 0x1f0f
01-19 15:30:12.010 D/BtGatt.GattService( 2751): onReadCharacteristic() - address=60:77:71:FC:68:CF, status=0, length=18
01-19 15:30:12.011 I/System.out(20021): ConnectBLE onCharacteristicRead 0000f002-0000-1000-8000-00805f9b34fb status: 0
01-19 15:30:12.012 I/System.out(20021): ConnectBLE onAckCharacteristicRead Ack : 10 , E2C56DB5DFFB48D2B060D0F5A71096E0
01-19 15:30:12.012 I/System.out(20021): EditDeviceActivity OnMessageAckResponse flag : 10 , responseCode : 10 , data : E2C56DB5DFFB48D2B060D0F5A71096E0
01-19 15:30:12.012 I/System.out(20021): ConnectBLE Command executeCommandTask gattWriteCommandList  : 2Read
01-19 15:30:12.012 I/System.out(20021): BLE_QUEUE : size=2 type=Read
01-19 15:30:12.012 I/System.out(20021): ConnectBLE commandWriteData -- >  C05CC9464E7C5DE557BC3B1B9E7437F33BA9
01-19 15:30:12.014 D/BtGatt.GattService( 2751): writeCharacteristic() - address=60:77:71:FC:68:CF
01-19 15:30:12.014 D/BtGatt.GattService( 2751): writeCharacteristic() - trying to acquire permit.
01-19 15:30:12.014 I/bt_btif ( 2751): LogMsg: bta_sys_event: Event 0x1f05
01-19 15:30:12.014 V/bt_stack( 2751): [VERBOSE1:bta_gattc_main.cc(314)] bta_gattc_sm_execute: State 0x02, Event 0x1f05
01-19 15:30:12.014 I/bt_stack( 2751): [INFO:gatt_utils.cc(1470)] gatt_send_write_msg len=18
01-19 15:30:12.014 I/bluetooth( 2751): attp_cl_send_cmd: Sending ATT command to l2cap cid:0x0004 eatt_channels:0 transport:BT_TRANSPORT_LE
01-19 15:30:12.014 I/bt_btm  ( 2751): LogMsg: l2c_link_check_send_pkts: l2cb.controller_xmit_window=6
01-19 15:30:12.014 I/bt_btm  ( 2751): LogMsg: Direct send, transport=2, xmit_window=6, le_xmit_window=8, sent_not_acked=0, link_xmit_quota=8
01-19 15:30:12.014 I/bt_btm  ( 2751): LogMsg: Sending to lower layer
01-19 15:30:12.014 I/bt_btm  ( 2751): LogMsg: l2c_link_send_to_lower_ble: TotalWin=7,Hndl=0x200,Quota=8,Unack=1,RRQuota=0,RRUnack=0
01-19 15:30:12.014 I/bt_btm  ( 2751): LogMsg: No next buffer, skipping
01-19 15:30:12.014 I/bt_l2cap( 2751): LogMsg: l2cu_no_dynamic_ccbs NO IDLE timeout set for fixed cid 0x0004
01-19 15:30:12.014 I/bluetooth( 2751): attp_cl_send_cmd: Starting ATT response timer
01-19 15:30:12.014 V/bt_stack( 2751): [VERBOSE1:bta_gattc_main.cc(350)] bta_gattc_sm_execute: GATTC State Change: 0x02 -> 0x02 after Event 0x1f05
01-19 15:30:12.024 I/bt_btm  ( 2751): LogMsg: l2c_link_check_send_pkts: l2cb.controller_xmit_window=6
01-19 15:30:12.024 I/bt_btm  ( 2751): LogMsg: Direct send, transport=2, xmit_window=6, le_xmit_window=8, sent_not_acked=0, link_xmit_quota=8
01-19 15:30:12.024 I/bt_btm  ( 2751): LogMsg: No next buffer, skipping
01-19 15:30:12.024 I/bt_btm  ( 2751): LogMsg: l2c_link_process_num_completed_pkts: TotalWin=8,LinkUnack(0x200)=0,RRCheck=0,RRUnack=0
01-19 15:30:12.040 I/bt_btm  ( 2751): LogMsg: btm_bda_to_acl: bda=60:77:71:fc:68:cf transport=2
01-19 15:30:12.040 V/bt_stack( 2751): [VERBOSE1:gatt_main.cc(1054)] gatt_get_ch_state: ch_state=4
01-19 15:30:12.040 I/bt_stack( 2751): [INFO:gatt_cl.cc(1194)] gatt_client_handle_server_rsp opcode: 0x13
01-19 15:30:12.040 I/bt_stack( 2751): [INFO:gatt_utils.cc(1500)] gatt_end_operation status=0 op=3 subtype=2
01-19 15:30:12.040 V/bt_stack( 2751): [VERBOSE1:bta_gattc_act.cc(1513)] bta_gattc_cmpl_cback: conn_id:8 op:3 status:0
01-19 15:30:12.040 I/bt_btif ( 2751): LogMsg: bta_sys_event: Event 0x1f0f
01-19 15:30:12.040 V/bt_stack( 2751): [VERBOSE1:bta_gattc_main.cc(314)] bta_gattc_sm_execute: State 0x02, Event 0x1f0f
01-19 15:30:12.040 I/bt_btif ( 2751): LogMsg: HAL bt_gatt_callbacks->client->write_characteristic_cb
01-19 15:30:12.040 V/bt_stack( 2751): [VERBOSE1:bta_gattc_main.cc(350)] bta_gattc_sm_execute: GATTC State Change: 0x02 -> 0x02 after Event 0x1f0f
01-19 15:30:12.040 D/BtGatt.GattService( 2751): onWriteCharacteristic() - increasing permit for address=60:77:71:FC:68:CF
01-19 15:30:12.040 D/BtGatt.GattService( 2751): onWriteCharacteristic() - address=60:77:71:FC:68:CF, status=0, length=18
01-19 15:30:12.041 I/System.out(20021): ConnectBLE onCharacteristicWrite  : 6 , C006931C142607BF0DE66141C42E6DA961F3
01-19 15:30:12.043 D/BtGatt.GattService( 2751): readCharacteristic() - address=60:77:71:FC:68:CF
01-19 15:30:12.044 I/bt_btif ( 2751): LogMsg: bta_sys_event: Event 0x1f04
01-19 15:30:12.044 V/bt_stack( 2751): [VERBOSE1:bta_gattc_main.cc(314)] bta_gattc_sm_execute: State 0x02, Event 0x1f04
01-19 15:30:12.044 V/bt_stack( 2751): [VERBOSE1:gatt_api.cc(747)] GATTC_Read: conn_id=0x0008, type=0x02
01-19 15:30:12.044 I/bluetooth( 2751): attp_cl_send_cmd: Sending ATT command to l2cap cid:0x0004 eatt_channels:0 transport:BT_TRANSPORT_LE
01-19 15:30:12.044 I/bt_btm  ( 2751): LogMsg: l2c_link_check_send_pkts: l2cb.controller_xmit_window=6
01-19 15:30:12.044 I/bt_btm  ( 2751): LogMsg: Direct send, transport=2, xmit_window=6, le_xmit_window=8, sent_not_acked=0, link_xmit_quota=8
01-19 15:30:12.044 I/bt_btm  ( 2751): LogMsg: Sending to lower layer
01-19 15:30:12.044 I/bt_btm  ( 2751): LogMsg: l2c_link_send_to_lower_ble: TotalWin=7,Hndl=0x200,Quota=8,Unack=1,RRQuota=0,RRUnack=0
01-19 15:30:12.044 I/bt_btm  ( 2751): LogMsg: No next buffer, skipping
01-19 15:30:12.044 I/bt_l2cap( 2751): LogMsg: l2cu_no_dynamic_ccbs NO IDLE timeout set for fixed cid 0x0004
01-19 15:30:12.044 I/bluetooth( 2751): attp_cl_send_cmd: Starting ATT response timer
01-19 15:30:12.044 V/bt_stack( 2751): [VERBOSE1:bta_gattc_main.cc(350)] bta_gattc_sm_execute: GATTC State Change: 0x02 -> 0x02 after Event 0x1f04
01-19 15:30:12.054 I/bt_btm  ( 2751): LogMsg: l2c_link_check_send_pkts: l2cb.controller_xmit_window=6
01-19 15:30:12.054 I/bt_btm  ( 2751): LogMsg: Direct send, transport=2, xmit_window=6, le_xmit_window=8, sent_not_acked=0, link_xmit_quota=8
01-19 15:30:12.054 I/bt_btm  ( 2751): LogMsg: No next buffer, skipping
01-19 15:30:12.054 I/bt_btm  ( 2751): LogMsg: l2c_link_process_num_completed_pkts: TotalWin=8,LinkUnack(0x200)=0,RRCheck=0,RRUnack=0
01-19 15:30:12.056 V/TextView(20021): notifyAutoFillManagerAfterTextChanged
01-19 15:30:12.056 V/AutofillManager(20021): notifyValueChanged(1073741836): ignoring on state UNKNOWN
01-19 15:30:12.056 V/TextView(20021): notifyAutoFillManagerAfterTextChanged
01-19 15:30:12.056 V/AutofillManager(20021): notifyValueChanged(1073741836): ignoring on state UNKNOWN
01-19 15:30:12.060 V/TextView(20021): notifyAutoFillManagerAfterTextChanged
01-19 15:30:12.060 V/AutofillManager(20021): notifyValueChanged(1073741837): ignoring on state UNKNOWN
01-19 15:30:12.060 V/TextView(20021): notifyAutoFillManagerAfterTextChanged
01-19 15:30:12.060 V/AutofillManager(20021): notifyValueChanged(1073741837): ignoring on state UNKNOWN
01-19 15:30:12.066 V/TextView(20021): notifyAutoFillManagerAfterTextChanged
01-19 15:30:12.067 V/AutofillManager(20021): notifyValueChanged(1073741838): ignoring on state UNKNOWN
01-19 15:30:12.070 I/bt_btm  ( 2751): LogMsg: btm_bda_to_acl: bda=60:77:71:fc:68:cf transport=2
01-19 15:30:12.070 V/bt_stack( 2751): [VERBOSE1:gatt_main.cc(1054)] gatt_get_ch_state: ch_state=4
01-19 15:30:12.070 I/bt_stack( 2751): [INFO:gatt_cl.cc(1194)] gatt_client_handle_server_rsp opcode: 0x0b
01-19 15:30:12.070 I/bt_stack( 2751): [INFO:gatt_utils.cc(1500)] gatt_end_operation status=0 op=2 subtype=2
01-19 15:30:12.070 V/bt_stack( 2751): [VERBOSE1:bta_gattc_act.cc(1513)] bta_gattc_cmpl_cback: conn_id:8 op:2 status:0
01-19 15:30:12.070 I/bt_btif ( 2751): LogMsg: bta_sys_event: Event 0x1f0f
01-19 15:30:12.070 V/bt_stack( 2751): [VERBOSE1:bta_gattc_main.cc(314)] bta_gattc_sm_execute: State 0x02, Event 0x1f0f
01-19 15:30:12.070 I/bt_btif ( 2751): LogMsg: HAL bt_gatt_callbacks->client->read_characteristic_cb
01-19 15:30:12.070 V/bt_stack( 2751): [VERBOSE1:bta_gattc_main.cc(350)] bta_gattc_sm_execute: GATTC State Change: 0x02 -> 0x02 after Event 0x1f0f
01-19 15:30:12.071 D/BtGatt.GattService( 2751): onReadCharacteristic() - address=60:77:71:FC:68:CF, status=0, length=18
01-19 15:30:12.071 I/System.out(20021): ConnectBLE onCharacteristicRead 0000f002-0000-1000-8000-00805f9b34fb status: 0
01-19 15:30:12.072 I/System.out(20021): ConnectBLE onAckCharacteristicRead Ack : 06 , 0207014501006096AFF896F985BDA585
01-19 15:30:12.072 I/System.out(20021): EditDeviceActivity OnMessageAckResponse flag : 6 , responseCode : 6 , data : 0207014501006096AFF896F985BDA585
01-19 15:30:12.072 I/System.out(20021): readDeviceInformation : 2.7 325
01-19 15:30:12.072 I/System.out(20021): ConnectBLE Command executeCommandTask gattWriteCommandList  : 1Read
01-19 15:30:12.072 I/System.out(20021): BLE_QUEUE : size=1 type=Read
01-19 15:30:12.072 I/System.out(20021): ConnectBLE commandWriteData -- >  EF855E8A52DE81379CC9DC1B4074384BBB93
01-19 15:30:12.074 D/BtGatt.GattService( 2751): writeCharacteristic() - address=60:77:71:FC:68:CF
01-19 15:30:12.074 D/BtGatt.GattService( 2751): writeCharacteristic() - trying to acquire permit.
01-19 15:30:12.074 I/bt_btif ( 2751): LogMsg: bta_sys_event: Event 0x1f05
01-19 15:30:12.074 V/bt_stack( 2751): [VERBOSE1:bta_gattc_main.cc(314)] bta_gattc_sm_execute: State 0x02, Event 0x1f05
01-19 15:30:12.074 I/bt_stack( 2751): [INFO:gatt_utils.cc(1470)] gatt_send_write_msg len=18
01-19 15:30:12.074 I/bluetooth( 2751): attp_cl_send_cmd: Sending ATT command to l2cap cid:0x0004 eatt_channels:0 transport:BT_TRANSPORT_LE
01-19 15:30:12.074 I/bt_btm  ( 2751): LogMsg: l2c_link_check_send_pkts: l2cb.controller_xmit_window=6
01-19 15:30:12.074 I/bt_btm  ( 2751): LogMsg: Direct send, transport=2, xmit_window=6, le_xmit_window=8, sent_not_acked=0, link_xmit_quota=8
01-19 15:30:12.074 I/bt_btm  ( 2751): LogMsg: Sending to lower layer
01-19 15:30:12.074 I/bt_btm  ( 2751): LogMsg: l2c_link_send_to_lower_ble: TotalWin=7,Hndl=0x200,Quota=8,Unack=1,RRQuota=0,RRUnack=0
01-19 15:30:12.074 I/bt_btm  ( 2751): LogMsg: No next buffer, skipping
01-19 15:30:12.074 I/bt_l2cap( 2751): LogMsg: l2cu_no_dynamic_ccbs NO IDLE timeout set for fixed cid 0x0004
01-19 15:30:12.074 I/bluetooth( 2751): attp_cl_send_cmd: Starting ATT response timer
01-19 15:30:12.074 V/bt_stack( 2751): [VERBOSE1:bta_gattc_main.cc(350)] bta_gattc_sm_execute: GATTC State Change: 0x02 -> 0x02 after Event 0x1f05
01-19 15:30:12.084 I/bt_btm  ( 2751): LogMsg: l2c_link_check_send_pkts: l2cb.controller_xmit_window=6
01-19 15:30:12.085 I/bt_btm  ( 2751): LogMsg: Direct send, transport=2, xmit_window=6, le_xmit_window=8, sent_not_acked=0, link_xmit_quota=8
01-19 15:30:12.085 I/bt_btm  ( 2751): LogMsg: No next buffer, skipping
01-19 15:30:12.085 I/bt_btm  ( 2751): LogMsg: l2c_link_process_num_completed_pkts: TotalWin=8,LinkUnack(0x200)=0,RRCheck=0,RRUnack=0
01-19 15:30:12.090 I/mtkpower_client( 1654): perf_lock_rel, hdl:13440, tid:2356
01-19 15:30:12.090 I/mtkpower_client( 1654): perf_lock_acq, hdl:13440, dur:0, num:8, tid:2356
01-19 15:30:12.090 I/libPowerHal( 1025): [perfLockRel] hdl:13440, idx:0
01-19 15:30:12.091 I/mtkpower_client( 1654): ret_hdl:13441
01-19 15:30:12.092 I/libPowerHal( 1025): cmdSetting - unknown cmd:2004100, scmd:(null) ,param_1:0
01-19 15:30:12.100 I/bt_btm  ( 2751): LogMsg: btm_bda_to_acl: bda=60:77:71:fc:68:cf transport=2
01-19 15:30:12.100 V/bt_stack( 2751): [VERBOSE1:gatt_main.cc(1054)] gatt_get_ch_state: ch_state=4
01-19 15:30:12.100 I/bt_stack( 2751): [INFO:gatt_cl.cc(1194)] gatt_client_handle_server_rsp opcode: 0x13
01-19 15:30:12.100 I/bt_stack( 2751): [INFO:gatt_utils.cc(1500)] gatt_end_operation status=0 op=3 subtype=2
01-19 15:30:12.100 V/bt_stack( 2751): [VERBOSE1:bta_gattc_act.cc(1513)] bta_gattc_cmpl_cback: conn_id:8 op:3 status:0
01-19 15:30:12.100 I/bt_btif ( 2751): LogMsg: bta_sys_event: Event 0x1f0f
01-19 15:30:12.100 V/bt_stack( 2751): [VERBOSE1:bta_gattc_main.cc(314)] bta_gattc_sm_execute: State 0x02, Event 0x1f0f
01-19 15:30:12.100 I/bt_btif ( 2751): LogMsg: HAL bt_gatt_callbacks->client->write_characteristic_cb
01-19 15:30:12.100 V/bt_stack( 2751): [VERBOSE1:bta_gattc_main.cc(350)] bta_gattc_sm_execute: GATTC State Change: 0x02 -> 0x02 after Event 0x1f0f
01-19 15:30:12.100 D/BtGatt.GattService( 2751): onWriteCharacteristic() - increasing permit for address=60:77:71:FC:68:CF
01-19 15:30:12.100 D/BtGatt.GattService( 2751): onWriteCharacteristic() - address=60:77:71:FC:68:CF, status=0, length=18
01-19 15:30:12.101 I/System.out(20021): ConnectBLE onCharacteristicWrite  : 16 , EF16792A497B06DC7227736C01D1E02DEE4E
01-19 15:30:12.103 D/BtGatt.GattService( 2751): readCharacteristic() - address=60:77:71:FC:68:CF
01-19 15:30:12.103 I/bt_btif ( 2751): LogMsg: bta_sys_event: Event 0x1f04
01-19 15:30:12.103 V/bt_stack( 2751): [VERBOSE1:bta_gattc_main.cc(314)] bta_gattc_sm_execute: State 0x02, Event 0x1f04
01-19 15:30:12.104 V/bt_stack( 2751): [VERBOSE1:gatt_api.cc(747)] GATTC_Read: conn_id=0x0008, type=0x02
01-19 15:30:12.104 I/bluetooth( 2751): attp_cl_send_cmd: Sending ATT command to l2cap cid:0x0004 eatt_channels:0 transport:BT_TRANSPORT_LE
01-19 15:30:12.104 I/bt_btm  ( 2751): LogMsg: l2c_link_check_send_pkts: l2cb.controller_xmit_window=6
01-19 15:30:12.104 I/bt_btm  ( 2751): LogMsg: Direct send, transport=2, xmit_window=6, le_xmit_window=8, sent_not_acked=0, link_xmit_quota=8
01-19 15:30:12.104 I/bt_btm  ( 2751): LogMsg: Sending to lower layer
01-19 15:30:12.104 I/bt_btm  ( 2751): LogMsg: l2c_link_send_to_lower_ble: TotalWin=7,Hndl=0x200,Quota=8,Unack=1,RRQuota=0,RRUnack=0
01-19 15:30:12.104 I/bt_btm  ( 2751): LogMsg: No next buffer, skipping
01-19 15:30:12.104 I/bt_l2cap( 2751): LogMsg: l2cu_no_dynamic_ccbs NO IDLE timeout set for fixed cid 0x0004
01-19 15:30:12.104 I/bluetooth( 2751): attp_cl_send_cmd: Starting ATT response timer
01-19 15:30:12.104 V/bt_stack( 2751): [VERBOSE1:bta_gattc_main.cc(350)] bta_gattc_sm_execute: GATTC State Change: 0x02 -> 0x02 after Event 0x1f04
01-19 15:30:12.114 I/bt_btm  ( 2751): LogMsg: l2c_link_check_send_pkts: l2cb.controller_xmit_window=6
01-19 15:30:12.114 I/bt_btm  ( 2751): LogMsg: Direct send, transport=2, xmit_window=6, le_xmit_window=8, sent_not_acked=0, link_xmit_quota=8
01-19 15:30:12.114 I/bt_btm  ( 2751): LogMsg: No next buffer, skipping
01-19 15:30:12.114 I/bt_btm  ( 2751): LogMsg: l2c_link_process_num_completed_pkts: TotalWin=8,LinkUnack(0x200)=0,RRCheck=0,RRUnack=0
01-19 15:30:12.124 V/TextView(20021): notifyAutoFillManagerAfterTextChanged
01-19 15:30:12.125 V/AutofillManager(20021): notifyValueChanged(1073741839): ignoring on state UNKNOWN
01-19 15:30:12.125 V/TextView(20021): notifyAutoFillManagerAfterTextChanged
01-19 15:30:12.125 V/AutofillManager(20021): notifyValueChanged(1073741839): ignoring on state UNKNOWN
01-19 15:30:12.129 V/TextView(20021): notifyAutoFillManagerAfterTextChanged
01-19 15:30:12.129 V/AutofillManager(20021): notifyValueChanged(1073741840): ignoring on state UNKNOWN
01-19 15:30:12.129 V/TextView(20021): notifyAutoFillManagerAfterTextChanged
01-19 15:30:12.129 V/AutofillManager(20021): notifyValueChanged(1073741840): ignoring on state UNKNOWN
01-19 15:30:12.130 I/bt_btm  ( 2751): LogMsg: btm_bda_to_acl: bda=60:77:71:fc:68:cf transport=2
01-19 15:30:12.130 V/bt_stack( 2751): [VERBOSE1:gatt_main.cc(1054)] gatt_get_ch_state: ch_state=4
01-19 15:30:12.130 I/bt_stack( 2751): [INFO:gatt_cl.cc(1194)] gatt_client_handle_server_rsp opcode: 0x0b
01-19 15:30:12.130 I/bt_stack( 2751): [INFO:gatt_utils.cc(1500)] gatt_end_operation status=0 op=2 subtype=2
01-19 15:30:12.130 V/bt_stack( 2751): [VERBOSE1:bta_gattc_act.cc(1513)] bta_gattc_cmpl_cback: conn_id:8 op:2 status:0
01-19 15:30:12.130 I/bt_btif ( 2751): LogMsg: bta_sys_event: Event 0x1f0f
01-19 15:30:12.130 V/bt_stack( 2751): [VERBOSE1:bta_gattc_main.cc(314)] bta_gattc_sm_execute: State 0x02, Event 0x1f0f
01-19 15:30:12.130 I/bt_btif ( 2751): LogMsg: HAL bt_gatt_callbacks->client->read_characteristic_cb
01-19 15:30:12.130 V/bt_stack( 2751): [VERBOSE1:bta_gattc_main.cc(350)] bta_gattc_sm_execute: GATTC State Change: 0x02 -> 0x02 after Event 0x1f0f
01-19 15:30:12.131 D/BtGatt.GattService( 2751): onReadCharacteristic() - address=60:77:71:FC:68:CF, status=0, length=18
01-19 15:30:12.132 I/System.out(20021): ConnectBLE onCharacteristicRead 0000f002-0000-1000-8000-00805f9b34fb status: 0
01-19 15:30:12.132 I/System.out(20021): ConnectBLE onAckCharacteristicRead Ack : 16 , 0CA2DA13F0BF8A7C92BD195BA723C154
01-19 15:30:12.132 I/System.out(20021): EditDeviceActivity OnMessageAckResponse flag : 16 , responseCode : 16 , data : 0CA2DA13F0BF8A7C92BD195BA723C154
01-19 15:30:12.132 I/System.out(20021): ConnectBLE Command executeCommandTask gattWriteCommandList  : 0Read
01-19 15:30:12.132 I/System.out(20021): BLE_QUEUE : size=0 type=Read
01-19 15:30:12.132 I/System.out(20021): onMessageAckResponseDone ->  Read
01-19 15:30:12.134 V/TextView(20021): notifyAutoFillManagerAfterTextChanged
01-19 15:30:12.134 V/AutofillManager(20021): notifyValueChanged(1073741841): ignoring on state UNKNOWN
01-19 15:30:12.134 V/TextView(20021): notifyAutoFillManagerAfterTextChanged
01-19 15:30:12.135 V/AutofillManager(20021): notifyValueChanged(1073741841): ignoring on state UNKNOWN
01-19 15:30:12.139 V/TextView(20021): notifyAutoFillManagerAfterTextChanged
01-19 15:30:12.139 V/AutofillManager(20021): notifyValueChanged(1073741842): ignoring on state UNKNOWN
01-19 15:30:12.153 V/TextView(20021): notifyAutoFillManagerAfterTextChanged
01-19 15:30:12.153 V/AutofillManager(20021): notifyValueChanged(1073741843): ignoring on state UNKNOWN
01-19 15:30:12.154 V/TextView(20021): notifyAutoFillManagerAfterTextChanged
01-19 15:30:12.154 V/AutofillManager(20021): notifyValueChanged(1073741843): ignoring on state UNKNOWN
01-19 15:30:12.157 V/TextView(20021): notifyAutoFillManagerAfterTextChanged
01-19 15:30:12.157 V/AutofillManager(20021): notifyValueChanged(1073741844): ignoring on state UNKNOWN
01-19 15:30:12.158 V/TextView(20021): notifyAutoFillManagerAfterTextChanged
01-19 15:30:12.158 V/AutofillManager(20021): notifyValueChanged(1073741844): ignoring on state UNKNOWN
01-19 15:30:12.161 V/TextView(20021): notifyAutoFillManagerAfterTextChanged
01-19 15:30:12.161 V/AutofillManager(20021): notifyValueChanged(1073741845): ignoring on state UNKNOWN
01-19 15:30:12.161 V/TextView(20021): notifyAutoFillManagerAfterTextChanged
01-19 15:30:12.161 V/AutofillManager(20021): notifyValueChanged(1073741845): ignoring on state UNKNOWN
01-19 15:30:12.170 V/TextView(20021): notifyAutoFillManagerAfterTextChanged
01-19 15:30:12.170 V/AutofillManager(20021): notifyValueChanged(1073741846): ignoring on state UNKNOWN
01-19 15:30:12.175 V/TextView(20021): notifyAutoFillManagerAfterTextChanged
01-19 15:30:12.175 V/AutofillManager(20021): notifyValueChanged(1073741847): ignoring on state UNKNOWN
01-19 15:30:12.176 V/TextView(20021): notifyAutoFillManagerAfterTextChanged
01-19 15:30:12.176 V/AutofillManager(20021): notifyValueChanged(1073741847): ignoring on state UNKNOWN
01-19 15:30:12.179 V/TextView(20021): notifyAutoFillManagerAfterTextChanged
01-19 15:30:12.180 V/AutofillManager(20021): notifyValueChanged(1073741848): ignoring on state UNKNOWN
01-19 15:30:12.180 V/TextView(20021): notifyAutoFillManagerAfterTextChanged
01-19 15:30:12.180 V/AutofillManager(20021): notifyValueChanged(1073741848): ignoring on state UNKNOWN
01-19 15:30:12.184 V/TextView(20021): notifyAutoFillManagerAfterTextChanged
01-19 15:30:12.184 V/AutofillManager(20021): notifyValueChanged(1073741849): ignoring on state UNKNOWN
01-19 15:30:12.248 I/mtkpower_client( 1654): perf_lock_rel, hdl:13441, tid:2356
01-19 15:30:12.249 I/libPowerHal( 1025): [perfLockRel] hdl:13441, idx:0
01-19 15:30:12.249 I/mtkpower_client( 1654): perf_lock_acq, hdl:13441, dur:0, num:4, tid:2356
01-19 15:30:12.250 I/mtkpower_client( 1654): ret_hdl:13442
01-19 15:30:12.250 I/libPowerHal( 1025): cmdSetting - unknown cmd:2004100, scmd:(null) ,param_1:2
01-19 15:30:12.321 D/OplusFullScreenDisplayManager( 1654): adjustWindowParamsLw com.THLight.BLE.USBeacon.Writer.Simple.dev, no change cutoutMode: 0
01-19 15:30:12.322 V/WindowManager( 1654): Relayout Window{3178e0e u0 com.THLight.BLE.USBeacon.Writer.Simple.dev/com.THLight.BLE.USBeacon.Writer.Simple.ui.activity.connect.EditDeviceActivity}: viewVisibility=0, oldvis=4, req=720x1600
01-19 15:30:12.323 I/BufferQueueDebug( 1123): [com.THLight.BLE.USBeacon.Writer.Simple.dev/com.THLight.BLE.USBeacon.Writer.Simple.ui.activity.connect.EditDeviceActivity#10203](this:0xb4000072c9dff9e8,id:-1,api:0,p:-1,c:-1) BufferQueue core=(1123:/system/bin/surfaceflinger)
01-19 15:30:12.330 V/WindowManager( 1654): Changing focus from null to Window{3178e0e u0 com.THLight.BLE.USBeacon.Writer.Simple.dev/com.THLight.BLE.USBeacon.Writer.Simple.ui.activity.connect.EditDeviceActivity},diplayid=0
01-19 15:30:12.334 D/Theia.NoFocusWindow( 1654): FocusWindowErrorScene cancelCheckFreezeScreen
01-19 15:30:12.337 D/BufferQueueConsumer(20021): [](id:4e3500000004,api:0,p:-1,c:20021) connect: controlledByApp=false
01-19 15:30:12.338 E/IPCThreadState(20021): attemptIncStrongHandle(85): Not supported
01-19 15:30:12.338 E/IPCThreadState(20021): attemptIncStrongHandle(83): Not supported
01-19 15:30:12.340 V/ZoomWindowDecorView(20021): setLastReportedMergedConfiguration mZoomDisplayHeight: 1600 getDecorView.190390909
01-19 15:30:12.356 D/Layer   ( 1123): reparent to null sequence=10198, seq[1], name=Surface(name=53ed7a StatusBar)/@0x47c2944 - animation-leash of insets_animation#10198
01-19 15:30:12.356 D/Layer   ( 1123): reparent to null sequence=10199, seq[2], name=Surface(name=91d88c3 NavigationBar0)/@0xc087a2d - animation-leash of insets_animation#10199
01-19 15:30:12.393 D/AutofillManager(20021): Trigger fill request at view entered
01-19 15:30:12.395 V/AutofillManager(20021): receiver results: flags=7 enabled=true, enabledForAugmentedOnly: false
01-19 15:30:12.396 V/AutofillManager(20021): startSessionLocked(): id=1, bounds=null, value=null, flags=80, state=UNKNOWN, compatMode=false, augmentedOnly=false, enabledAugmentedOnly=false, enteredIds=null
01-19 15:30:12.397 V/AutofillManagerServiceImpl( 1654): startSession(): token=Token{e2215e4 ActivityRecord{a03db76 u0 com.THLight.BLE.USBeacon.Writer.Simple.dev/com.THLight.BLE.USBeacon.Writer.Simple.ui.activity.connect.EditDeviceActivity} t230}}, flags=80, forAugmentedAutofillOnly=false
01-19 15:30:12.398 V/AutofillSession( 1654): updateLocked(763211065): id=1@763211065, action=START_SESSION, flags=80
01-19 15:30:12.398 V/AutofillSession( 1654): updateLocked(763211065): mCurrentViewId=null, mExpiredResponse=false, viewState=null
01-19 15:30:12.398 V/AutofillSession( 1654): Creating viewState for 1@763211065
01-19 15:30:12.398 V/AutofillSession( 1654): Requesting structure for request #1 ,requestId=143, flags=80
01-19 15:30:12.399 V/RemoteInlineSuggestionRenderService( 1654): handlePendingRequest(): com.android.internal.infra.AbstractRemoteService$MyAsyncPendingRequest@f77431f
01-19 15:30:12.399 V/RemoteInlineSuggestionRenderService( 1654): not scheduling unbind when value is 0
01-19 15:30:12.400 D/AutofillInlineSuggestionsRequestSession( 1654): onCreateInlineSuggestionsRequestLocked called: 1@763211065
01-19 15:30:12.402 D/AutofillInlineSuggestionsRequestSession( 1654): onInlineSuggestionsSessionInvalidated() called.
01-19 15:30:12.446 D/VRI[EditDeviceActivity](20021): registerCallbacksForSync syncBuffer=false
01-19 15:30:12.500 D/BLASTBufferQueue(20021): [VRI[EditDeviceActivity]#4](f:0,a:1) acquireNextBufferLocked size=720x1600 mFrameNumber=1 applyTransaction=true mTimestamp=216563061233215(auto) mPendingTransactions.size=0 graphicBufferId=85989540233252 transform=0
01-19 15:30:12.501 D/VRI[EditDeviceActivity](20021): Received frameCommittedCallback lastAttemptedDrawFrameNum=1 didProduceBuffer=true syncBuffer=false
01-19 15:30:12.502 W/Parcel  (20021): Expecting binder but got null!
01-19 15:30:12.502 D/VRI[EditDeviceActivity](20021): draw finished.
01-19 15:30:12.503 I/Quality (20021): ActivityThread: doFrame delay 739 com.THLight.BLE.USBeacon.Writer.Simple.dev 20021
01-19 15:30:12.504 D/WindowManager( 1654): finishDrawingWindow: Window{3178e0e u0 com.THLight.BLE.USBeacon.Writer.Simple.dev/com.THLight.BLE.USBeacon.Writer.Simple.ui.activity.connect.EditDeviceActivity} mDrawState=DRAW_PENDING
01-19 15:30:12.513 I/Choreographer(20021): Skipped 43 frames!  The application may be doing too much work on its main thread.
01-19 15:30:12.513 I/Quality (20021): Skipped: false 43 cost 736.0947 refreshRate 16961931 bit true processName com.THLight.BLE.USBeacon.Writer.Simple.dev
01-19 15:30:12.514 I/OplusHansManager ( 1654): Fast Freezer has no uids to freeze
01-19 15:30:12.515 D/OplusZoomWindowManagerService( 1654): adjustWindowCropForLeash start: appToken = ActivityRecord{a03db76 u0 com.THLight.BLE.USBeacon.Writer.Simple.dev/com.THLight.BLE.USBeacon.Writer.Simple.ui.activity.connect.EditDeviceActivity} t230}
01-19 15:30:12.516 D/BufferStateLayer( 1123): com.THLight.BLE.USBeacon.Writer.Simple.dev/com.THLight.BLE.USBeacon.Writer.Simple.ui.activity.connect.EditDeviceActivity#10203 setBuffer frameId=1, bufferId=85989540233252 fenceId=349, w= 720, h=1600
01-19 15:30:12.516 D/OplusLayer( 1123): (10203,com.THLight.BLE.USBeacon.Writer.Simple.dev/com.THLight.BLE.USBeacon.Writer.Simple.ui.activity.connect.EditDeviceActivity#10203,com.THLight.BLE.USBeacon.Writer.Simple.dev) setBuffer
01-19 15:30:12.522 I/OpenGLRenderer(20021): Davey! duration=739ms; Flags=1, FrameTimelineVsyncId=1996721, IntendedVsync=216562321556741, Vsync=216562321556741, InputEventId=0, HandleInputStart=216562325757523, AnimationStart=216562325763061, PerformTraversalsStart=216562325765523, DrawStart=216563008264292, FrameDeadline=216562341556741, FrameInterval=216562325698753, FrameStartTime=16981207, SyncQueued=216563032956600, SyncStart=216563036912061, IssueDrawCommandsStart=216563037490753, SwapBuffers=216563060687446, FrameCompleted=216563064878753, DequeueBufferDuration=0, QueueBufferDuration=962538, GpuCompleted=216563064878753, SwapBuffersCompleted=216563062687446, DisplayPresentTime=216542704399137, CommandSubmissionCompleted=216563060687446, 
01-19 15:30:12.522 D/OplusZoomWindowManagerService( 1654): adjustWindowCropForLeash start: appToken = ActivityRecord{76d8376 u0 com.THLight.BLE.USBeacon.Writer.Simple.dev/com.THLight.BLE.USBeacon.Writer.Simple.ui.activity.scan.ScanDeviceListActivity} t230}
01-19 15:30:12.525 I/Quality ( 1654): LaunchTime2.0: com.THLight.BLE.USBeacon.Writer.Simple.dev/com.THLight.BLE.USBeacon.Writer.Simple.ui.activity.connect.EditDeviceActivity 2 919
01-19 15:30:12.525 I/ActivityTaskManager( 1654): Displayed com.THLight.BLE.USBeacon.Writer.Simple.dev/com.THLight.BLE.USBeacon.Writer.Simple.ui.activity.connect.EditDeviceActivity: +941ms
01-19 15:30:12.545 V/TextView(20021): notifyAutoFillManagerAfterTextChanged
01-19 15:30:12.545 V/AutofillManager(20021): updateSessionLocked(): id=1073741824, bounds=null, value=[type=1, value=8_chars], action=4, flags=0
01-19 15:30:12.546 V/AutofillSession( 1654): updateLocked(763211065): id=1073741824@763211065, action=VALUE_CHANGED, flags=0
01-19 15:30:12.547 V/AutofillSession( 1654): updateLocked(763211065): mCurrentViewId=1@763211065, mExpiredResponse=false, viewState=null
01-19 15:30:12.547 V/AutofillSession( 1654): Creating viewState for 1073741824@763211065
01-19 15:30:12.549 V/TextView(20021): notifyAutoFillManagerAfterTextChanged
01-19 15:30:12.549 V/AutofillManager(20021): updateSessionLocked(): id=1073741825, bounds=null, value=[type=1, value=4_chars], action=4, flags=0
01-19 15:30:12.550 V/AutofillSession( 1654): updateLocked(763211065): id=1073741825@763211065, action=VALUE_CHANGED, flags=0
01-19 15:30:12.550 V/AutofillSession( 1654): updateLocked(763211065): mCurrentViewId=1@763211065, mExpiredResponse=false, viewState=null
01-19 15:30:12.550 V/AutofillSession( 1654): Creating viewState for 1073741825@763211065
01-19 15:30:12.552 V/TextView(20021): notifyAutoFillManagerAfterTextChanged
01-19 15:30:12.553 V/AutofillManager(20021): updateSessionLocked(): id=1073741826, bounds=null, value=[type=1, value=4_chars], action=4, flags=0
01-19 15:30:12.553 V/AutofillSession( 1654): updateLocked(763211065): id=1073741826@763211065, action=VALUE_CHANGED, flags=0
01-19 15:30:12.554 I/OpenGLRenderer(20021): Davey! duration=771ms; Flags=0, FrameTimelineVsyncId=1996736, IntendedVsync=216562338537948, Vsync=216563067900981, InputEventId=0, HandleInputStart=216563075339369, AnimationStart=216563075345600, PerformTraversalsStart=216563076332907, DrawStart=216563076996292, FrameDeadline=216562375499879, FrameInterval=216563074632676, FrameStartTime=16961931, SyncQueued=216563099434830, SyncStart=216563099706523, IssueDrawCommandsStart=216563100163753, SwapBuffers=216563105489600, FrameCompleted=216563109999676, DequeueBufferDuration=2683385, QueueBufferDuration=688385, GpuCompleted=216563109999676, SwapBuffersCompleted=216563107617600, DisplayPresentTime=216542721121598, CommandSubmissionCompleted=216563105489600, 
01-19 15:30:12.554 V/AutofillSession( 1654): updateLocked(763211065): mCurrentViewId=1@763211065, mExpiredResponse=false, viewState=null
01-19 15:30:12.554 V/AutofillSession( 1654): Creating viewState for 1073741826@763211065
01-19 15:30:12.555 V/TextView(20021): notifyAutoFillManagerAfterTextChanged
01-19 15:30:12.556 V/AutofillManager(20021): updateSessionLocked(): id=1073741827, bounds=null, value=[type=1, value=4_chars], action=4, flags=0
01-19 15:30:12.556 V/AutofillSession( 1654): updateLocked(763211065): id=1073741827@763211065, action=VALUE_CHANGED, flags=0
01-19 15:30:12.556 V/AutofillSession( 1654): updateLocked(763211065): mCurrentViewId=1@763211065, mExpiredResponse=false, viewState=null
01-19 15:30:12.556 V/AutofillSession( 1654): Creating viewState for 1073741827@763211065
01-19 15:30:12.557 D/OplusLayer( 1123): ~Layer() sequence=10211, name=Screenshot Parent#10211
01-19 15:30:12.559 V/TextView(20021): notifyAutoFillManagerAfterTextChanged
01-19 15:30:12.559 V/AutofillManager(20021): updateSessionLocked(): id=1073741828, bounds=null, value=[type=1, value=12_chars], action=4, flags=0
01-19 15:30:12.560 V/AutofillSession( 1654): updateLocked(763211065): id=1073741828@763211065, action=VALUE_CHANGED, flags=0
01-19 15:30:12.560 V/AutofillSession( 1654): updateLocked(763211065): mCurrentViewId=1@763211065, mExpiredResponse=false, viewState=null
01-19 15:30:12.560 V/AutofillSession( 1654): Creating viewState for 1073741828@763211065
01-19 15:30:12.561 D/OplusLayer( 1123): ~Layer() sequence=10212, name=Screenshot Parent#10212
01-19 15:30:12.561 V/TextView(20021): notifyAutoFillManagerAfterTextChanged
01-19 15:30:12.562 I/BufferQueueDebug( 1123): [Right Edge Extension#10213](this:0xb4000072c9bae9e8,id:-1,api:0,p:-1,c:-1) BufferQueue core=(1123:/system/bin/surfaceflinger)
01-19 15:30:12.562 V/AutofillManager(20021): updateSessionLocked(): id=1073741829, bounds=null, value=[type=1, value=1_chars], action=4, flags=0
01-19 15:30:12.562 V/AutofillSession( 1654): updateLocked(763211065): id=1073741829@763211065, action=VALUE_CHANGED, flags=0
