--------- beginning of main
01-19 15:33:55.934 D/ccci_mdinit( 1129): (1):monitor_time_update_thread round:7293 ########
01-19 15:33:56.070 D/OplusHecate( 1123): pixels[552,78]=0xffffffff
01-19 15:33:56.487 D/OplusNetKit( 1654): interface name from LP: [wlan0]
01-19 15:33:56.488 D/OplusNetKit( 1654): in getLpByInterface name from LP: [wlan0]
01-19 15:33:56.488 D/OplusNetKit( 1654): in getLpByInterface name from LP: [wlan0]
01-19 15:33:56.488 D/OplusNetKit( 1654): Route is ipv4 on wlan0 found, break
01-19 15:33:57.564 E/OplusArpPeer_euclid_psw( 1654): ARP read failure: android.system.ErrnoException: read failed: EAGAIN (Try again)
01-19 15:33:57.570 D/OplusArpItem( 1654): Item 3c:**:**:**:dc:e8 existes only on proc, set rtt to -1
01-19 15:33:57.570 E/OplusArpPeer_euclid_psw( 1654):  OplusArpPeer close
01-19 15:33:57.572 D/OplusNetKit( 1654): interface name from LP: [wlan0]
01-19 15:33:57.573 D/OplusNetKit( 1654): in getLpByInterface name from LP: [wlan0]
01-19 15:33:57.573 D/OplusNetKit( 1654): in getLpByInterface name from LP: [wlan0]
01-19 15:33:57.573 D/OplusNetKit( 1654): Route is ipv4 on wlan0 found, break
01-19 15:33:57.712 E/OplusArpPeer_euclid_psw( 1654): ARP read failure: android.system.ErrnoException: read failed: EAGAIN (Try again)
01-19 15:33:57.712 E/OplusArpPeer_euclid_psw( 1654):  OplusArpPeer close
01-19 15:33:57.713 D/OplusNetKit( 1654): in getLpByInterface name from LP: [wlan0]
01-19 15:33:57.714 D/OplusNetKit( 1654): Route is ipv4 on wlan0 found, break
01-19 15:33:57.714 D/OplusNetKit( 1654): Gateway pinged is /192.168.50.1
01-19 15:33:59.907 D/[BT]    ( 1001): mtk_bt_op: BT_VND_OP_LPM_WAKE_SET_STATE
01-19 15:34:00.010 D/PhoneScreenOnTime(23265): affairType:231
01-19 15:34:00.015 D/Utils   (23265): getLastScrChangeTime: 1768807980009
01-19 15:34:00.017 D/Utils   (23265): getScrOnSeconds: 62939994
01-19 15:34:00.017 D/Utils   (23265): setLastScrChangeTime: 1768808040011
01-19 15:34:00.020 D/Utils   (23265): setScrOnSeconds: 62999996
01-19 15:34:00.020 D/SingleClockView( 2315): updateTime,  24hfmt=true, h=15, m=34
01-19 15:34:00.023 D/PhoneUsageTime(23265): affairType:231
01-19 15:34:00.025 D/Utils   (23265): getLastChargeTime: 1768807980029
01-19 15:34:00.027 D/Utils   (23265): getLastChargeDurationTime: 62902616
--------- beginning of system
01-19 15:34:00.039 E/OplusCustomizeRestrictionManagerService( 1654): isBiometricDisabled start
01-19 15:34:00.040 E/OplusCustomizeRestrictionManagerService( 1654): isBiometricDisabled start
01-19 15:34:00.519 I/thermal_repeater( 1431): [recvMdThermalInfo] ret=33, strLen=127,  3, 28, -127, 25135, 32767, 25391
01-19 15:34:00.600 I/OplusPerfCount( 1123): The num of client composition of Primary display in last 60490 ms is: 14
01-19 15:34:00.601 I/OplusPerfCount( 1123): The num of blur fliter in last 60490 ms is: 50
01-19 15:34:00.602 I/Quality ( 1123): SFJankCountInfo: 352;0;0-0-0-0-0-0-0-0-0-0;1-0-0-0-0-0-0-0-0-0;2-0-0-0-0-0-0-0-0-0;3-0-0-0-0-0-0-0-0-0;4-0-0-0-0-0-0-0-0-0;5-0-0-0-0-0-0-0-0-0;6-0-0-0-0-0-0-0-0-0;7-0-0-0-0-0-0-0-0-0;8-0-0-0-0-0-0-0-0-0;9-0-0-0-0-0-0-0-0-0;
01-19 15:34:00.602 I/OplusPerfCount( 1123): The layer number in last 60490ms is: 3 layer, 18 time, 4 layer, 21 time, 5 layer, 287 time, 6 layer, 29 time, 
01-19 15:34:02.226 D/OplusPrivacyDotViewController( 2315): scheduleUpdate: 
01-19 15:34:02.228 D/OplusPrivacyDotViewController( 2315): processNextViewState: 
01-19 15:34:02.228 D/OplusPrivacyDotViewController( 2315): resolveState ViewState(systemPrivacyEventIsActive=false, shadeExpanded=false, qsExpanded=false, rtl=false, rotation=0, height=0, x=42, y=41, cornerIndex=1, designatedCorner=android.widget.FrameLayout{1f48c6e G.E...... ......ID 0,0-8,8 #7f0b0452 app:id/icons_container}, contentDescription=null, chipAnimationStart=false, preDraw=false) shouldShowDot false
01-19 15:34:02.228 D/OplusPrivacyDotViewController( 2315): updatePosition:42:41
01-19 15:34:02.229 D/OplusPrivacyDotViewController( 2315): updatePosition:42:41
01-19 15:34:02.237 V/WindowManager( 1654): Relayout Window{cbdf5b8 u0 OplusPrivacyIconTopLeft}: viewVisibility=8, oldvis=8, req=8x8
01-19 15:34:02.267 V/WindowManager( 1654): Relayout Window{e767333 u0 OplusPrivacyIconTopRight}: viewVisibility=8, oldvis=8, req=8x8
01-19 15:34:07.095 D/power@timer( 1025): [mtkPowerTimer] visRead:0
01-19 15:34:07.279 E/AppFeatureProviderUtils( 2315): getInt: getStringForFeature return null
01-19 15:34:07.779 D/OplusNetKit( 1654): interface name from LP: [wlan0]
01-19 15:34:07.779 D/OplusNetKit( 1654): in getLpByInterface name from LP: [wlan0]
01-19 15:34:07.779 D/OplusNetKit( 1654): in getLpByInterface name from LP: [wlan0]
01-19 15:34:07.779 D/OplusNetKit( 1654): Route is ipv4 on wlan0 found, break
01-19 15:34:08.827 E/OplusArpPeer_euclid_psw( 1654): ARP read failure: android.system.ErrnoException: read failed: EAGAIN (Try again)
01-19 15:34:08.829 E/OplusArpPeer_euclid_psw( 1654):  OplusArpPeer close
01-19 15:34:09.644 W/Looper  ( 1654): Drained
01-19 15:34:09.690 I/GH.SharedService(20290): Shared Service destroyed
01-19 15:34:10.543 I/thermal_repeater( 1431): [recvMdThermalInfo] ret=33, strLen=127,  3, 28, -127, 25135, 32767, 25391
01-19 15:34:13.299 E/VirtualSensors( 1010): pedo minute, step_count = 13, report_count = 1090 move_statust = 0 ,time_gap = 0 , step_run_count = 0 , step_walk_count = 13
01-19 15:34:13.300 E/power   ( 1010): ISystemSuspend::getService() failed.
01-19 15:34:13.300 E/VirtualSensors( 1010): post_events : call
01-19 15:34:13.312 E/AppOps  ( 1654): attributionTag  not declared in manifest of com.oplus.exsystemservice
01-19 15:34:13.320 E/AppOps  ( 1654): attributionTag  not declared in manifest of com.oplus.exsystemservice
01-19 15:34:13.322 I/StepApp_StepDataPreHandler( 2277): (main)onSensorChanged raw data: step=13.0 state=0.0 minuteDelta=0.0 timestamp=218495418513077 steprun=0.0 stepwalk=13.0 formatted data: step=13 state=0 timestamp=218495418513077 time=1768808053299 steprun=0 stepwalk=13
01-19 15:34:13.323 I/StepApp_StepDataSaver( 2277): (StepDataDispatcher)getNewFixedOffsetStep type is STEP
01-19 15:34:13.325 I/StepApp_StepDataSaver( 2277): (StepDataDispatcher)isRebootCountStep:false	 lastRealTimeStamp = 1768807980000	 bootTimestamp = 1768589557879	 mLastModifiedMinuteTime = 2026-01-19-15-33
01-19 15:34:13.325 I/StepApp_StepDataSaver( 2277): (StepDataDispatcher)calOffSet:sensorStep = 13	 lastModifiedStep = 13	 offSet = 0
01-19 15:34:13.325 I/StepApp_StepDataSaver( 2277): (StepDataDispatcher)getNewFixedOffsetStep type is RUN
01-19 15:34:13.326 I/StepApp_StepDataSaver( 2277): (StepDataDispatcher)isRebootCountStep:false	 lastRealTimeStamp = 1768807980000	 bootTimestamp = 1768589557880	 mLastModifiedMinuteTime = 2026-01-19-15-33
01-19 15:34:13.326 I/StepApp_StepDataSaver( 2277): (StepDataDispatcher)calOffSet:sensorStep = 0	 lastModifiedStep = 0	 offSet = 0
01-19 15:34:13.326 I/StepApp_StepDataSaver( 2277): (StepDataDispatcher)getNewFixedOffsetStep type is WALK
01-19 15:34:13.327 I/StepApp_StepDataSaver( 2277): (StepDataDispatcher)isRebootCountStep:false	 lastRealTimeStamp = 1768807980000	 bootTimestamp = 1768589557880	 mLastModifiedMinuteTime = 2026-01-19-15-33
01-19 15:34:13.327 I/StepApp_StepDataSaver( 2277): (StepDataDispatcher)calOffSet:sensorStep = 13	 lastModifiedStep = 13	 offSet = 0
01-19 15:34:14.938 D/AES     ( 1654): AEEIOCTL_GET/SET_SF_STATE IOCTL,cmd= 1074294797, lParam=0. 
01-19 15:34:14.938 D/AES     ( 1654): AEEIOCTL_RT_MON_Kick IOCTL,cmd= 2147774474, lParam=300. 
01-19 15:34:19.601 I/gle.android.gms(17892): Explicit concurrent copying GC freed 700KB AllocSpace bytes, 0(0B) LOS objects, 39% free, 7786KB/12MB, paused 639us,194us total 210.236ms
01-19 15:34:20.565 I/thermal_repeater( 1431): [recvMdThermalInfo] ret=33, strLen=127,  3, 28, -127, 25135, 32767, 25391
01-19 15:34:23.959 W/rkstack.process( 2593): Reducing the number of considered missed Gc histogram windows from 156 to 100
01-19 15:34:25.961 D/ccci_mdinit( 1129): (1):monitor_time_update_thread round:7294 ########
01-19 15:34:30.590 I/thermal_repeater( 1431): [recvMdThermalInfo] ret=33, strLen=127,  3, 28, -127, 25135, 32767, 25391
01-19 15:34:31.424 I/PlayCommon(12458): [393] Preparing logs for uploading
01-19 15:34:31.430 W/PlayCommon(12458): [393] No account for auth token provided
01-19 15:34:31.431 I/PlayCommon(12458): [393] Connecting to server: https://play.googleapis.com/play/log?format=raw&proto_v2=true
01-19 15:34:31.442 D/NetworkEvent( 2842): OplusNetworkEventCbProxy invoke.....onDnsEvent argslen:8
01-19 15:34:31.956 I/PlayCommon(12458): [393] Successfully uploaded logs.
01-19 15:34:32.087 W/android.vending(12458): Missing inline cache for boolean bgeh.j()
01-19 15:34:32.776 D/OplusSmartBrightnessController( 1654): handleMessage MSG_LUX_CHANGED, mLux:440.4039 luxQueue=[443.0, 440.0, 438.0, 442.0, 439.0]
01-19 15:34:35.645 D/CompatibilityChangeReporter( 1654): Compat change id reported: 135634846; UID 10042; state: DISABLED
01-19 15:34:35.648 D/CompatibilityChangeReporter( 1654): Compat change id reported: 177438394; UID 10042; state: DISABLED
01-19 15:34:35.648 D/CompatibilityChangeReporter( 1654): Compat change id reported: 135772972; UID 10042; state: DISABLED
01-19 15:34:35.650 D/CompatibilityChangeReporter( 1654): Compat change id reported: 135754954; UID 10042; state: ENABLED
01-19 15:34:35.653 D/CompatibilityChangeReporter( 1654): Compat change id reported: 143937733; UID 10042; state: ENABLED
01-19 15:34:35.697 D/Zygote  (  984): Forked child process 20744
01-19 15:34:35.698 W/ActivityManager( 1654): Slow operation: 55ms so far, now at startProcess: returned from zygote!
01-19 15:34:35.701 W/ActivityManager( 1654): Slow operation: 58ms so far, now at startProcess: done updating battery stats
01-19 15:34:35.701 W/ActivityManager( 1654): Slow operation: 59ms so far, now at startProcess: building log message
01-19 15:34:35.701 I/ActivityManager( 1654): Start proc 20744:com.google.android.adservices.api/u0a42 for service {com.google.android.adservices.api/com.android.adservices.service.measurement.reporting.EventReportingJobService}
01-19 15:34:35.701 W/ActivityManager( 1654): Slow operation: 59ms so far, now at startProcess: starting to update pids map
01-19 15:34:35.701 W/ActivityManager( 1654): Slow operation: 59ms so far, now at startProcess: done updating pids map
01-19 15:34:35.701 D/OplusUIFirst_FB( 1654): com.google.android.adservices.api proc start: 10042 20744 false com.google.android.adservices.api
01-19 15:34:35.702 D/OplusUIFirst_FB( 1654): com.google.android.adservices.api start process: []
01-19 15:34:35.702 D/OplusUIFirst_FB( 1654): List of ThreadOp: size=0 []
01-19 15:34:35.728 E/.adservices.api(20744): Unknown bits set in runtime_flags: 0x40000000
01-19 15:34:35.728 I/.adservices.api(20744): Using CollectorTypeCC GC.
01-19 15:34:35.736 E/.adservices.api(20744): Not starting debugger since process cannot load the jdwp agent.
01-19 15:34:35.742 D/nativeloader(20744): Load libframework-connectivity-tiramisu-jni.so using APEX ns com_android_tethering for caller /apex/com.android.tethering/javalib/framework-connectivity-t.jar: ok
01-19 15:34:35.756 I/OneTrace(20744): Mark active for pid=20744? true
01-19 15:34:35.756 D/cutils-dev(20744): otrace_set_tracing_enabled? true
01-19 15:34:35.756 D/cutils-dev(20744): properties changed in otrace_seq_number_changed!
01-19 15:34:35.758 E/.adservices.api(20744): Could not write anonymous vdex /system/framework/oat/arm64/mediatek-framework.vdex: Could not open /system/framework/oat/arm64/mediatek-framework.vdex for writing
01-19 15:34:35.763 D/CompatibilityChangeReporter( 1654): Compat change id reported: 168419799; UID 10042; state: DISABLED
01-19 15:34:35.763 D/RGBNormalizeServer( 1654): OplusRGBNormalize feature enabled ? false
01-19 15:34:35.767 D/HidDeviceService( 2751): handleMessage(): msg.what=8
01-19 15:34:35.767 D/HidDeviceService( 2751): unregisterAppUid(): uid=10042
01-19 15:34:35.767 D/HidDeviceService( 2751): unregisterAppUid(): caller UID doesn't match user UID
01-19 15:34:35.778 D/CompatibilityChangeReporter(20744): Compat change id reported: 171979766; UID 10042; state: ENABLED
01-19 15:34:35.778 I/oplus.android.OplusFrameworkFactoryImpl(20744): get feature:IOplusAutoResolutionFeature
01-19 15:34:35.778 I/oplus.android.OplusFrameworkFactoryImpl(20744): getOplusAutoResolutionFeature
01-19 15:34:35.793 I/OplusFeatureCache(20744): Milliseconds spent on init(): 14
01-19 15:34:35.795 D/CompactWindowAppManager(20744): initCompactApplicationInfo 
01-19 15:34:35.817 W/libc    (20744): Access denied finding property "ro.odm.prev.product.name"
01-19 15:34:35.820 D/LoadedApk(20744): mApplicationInfo overrideDisplayId:null
01-19 15:34:35.828 D/nativeloader(20744): Configuring clns-shared-4 for other apk /system_ext/framework/androidx.window.extensions.jar. target_sdk_version=36, uses_libraries=ALL, library_path=/apex/com.android.adservices/priv-app/AdServicesApkGoogle@360738140/lib/arm64:/system/lib64:/system_ext/lib64, permitted_path=/data:/mnt/expand:/data/user/0/com.google.android.adservices.api:/apex/com.android.adservices/priv-app/AdServicesApkGoogle@360738140:/system/lib64:/system_ext/lib64
01-19 15:34:35.828 D/nativeloader(20744): Extending system_exposed_libraries: libapuwareapusys.mtk.so:libapuwareapusys_v2.mtk.so:libapuwarexrp.mtk.so:libapuwarexrp_v2.mtk.so:libapuwareutils.mtk.so:libapuwareutils_v2.mtk.so:libapuwarehmp.mtk.so:libmcv_runtime_usdk.mtk.so:libneuron_graph_delegate.mtk.so:libneuronusdk_adapter.mtk.so:libtflite_mtk.mtk.so:libarmnn_ndk.mtk.so:libcmdl_ndk.mtk.so:libnir_neon_driver_ndk.mtk.so:libmvpu_runtime.mtk.so:libmvpu_runtime_pub.mtk.so:libmvpu_engine_pub.mtk.so:libmvpu_pattern_pub.mtk.so:libmvpuop_mtk_cv.mtk.so:libmvpuop_mtk_nn.mtk.so:libteeservice_client.trustonic.so:libSloganJni.oplus.so:libsuperNight.oplus.so
01-19 15:34:35.833 D/nativeloader(20744): Configuring clns-shared-5 for other apk /system_ext/framework/androidx.window.sidecar.jar. target_sdk_version=36, uses_libraries=ALL, library_path=/apex/com.android.adservices/priv-app/AdServicesApkGoogle@360738140/lib/arm64:/system/lib64:/system_ext/lib64, permitted_path=/data:/mnt/expand:/data/user/0/com.google.android.adservices.api:/apex/com.android.adservices/priv-app/AdServicesApkGoogle@360738140:/system/lib64:/system_ext/lib64
01-19 15:34:35.833 D/nativeloader(20744): Extending system_exposed_libraries: libapuwareapusys.mtk.so:libapuwareapusys_v2.mtk.so:libapuwarexrp.mtk.so:libapuwarexrp_v2.mtk.so:libapuwareutils.mtk.so:libapuwareutils_v2.mtk.so:libapuwarehmp.mtk.so:libmcv_runtime_usdk.mtk.so:libneuron_graph_delegate.mtk.so:libneuronusdk_adapter.mtk.so:libtflite_mtk.mtk.so:libarmnn_ndk.mtk.so:libcmdl_ndk.mtk.so:libnir_neon_driver_ndk.mtk.so:libmvpu_runtime.mtk.so:libmvpu_runtime_pub.mtk.so:libmvpu_engine_pub.mtk.so:libmvpu_pattern_pub.mtk.so:libmvpuop_mtk_cv.mtk.so:libmvpuop_mtk_nn.mtk.so:libteeservice_client.trustonic.so:libSloganJni.oplus.so:libsuperNight.oplus.so
01-19 15:34:35.858 D/nativeloader(20744): Configuring clns-shared-6 for other apk /apex/com.android.adservices/priv-app/AdServicesApkGoogle@360738140/AdServicesApkGoogle.apk. target_sdk_version=36, uses_libraries=, library_path=/apex/com.android.adservices/priv-app/AdServicesApkGoogle@360738140/lib/arm64:/system/lib64:/system_ext/lib64, permitted_path=/data:/mnt/expand:/data/user/0/com.google.android.adservices.api:/apex/com.android.adservices/priv-app/AdServicesApkGoogle@360738140:/system/lib64:/system_ext/lib64
01-19 15:34:35.863 D/nativeloader(20744): InitApexLibraries:
01-19 15:34:35.863 D/nativeloader(20744):   com_android_adservices: libhpke_jni.so:libtflite_support_classifiers_native.so
01-19 15:34:35.863 D/nativeloader(20744):   com_android_appsearch: libappsearchservice.so:libicing_anywhere.so
01-19 15:34:35.863 D/nativeloader(20744):   com_android_art: libartservice.so
01-19 15:34:35.863 D/nativeloader(20744):   com_android_conscrypt: libjavacrypto.so
01-19 15:34:35.863 D/nativeloader(20744):   com_android_mediaprovider: libpdfclient.so
01-19 15:34:35.863 D/nativeloader(20744):   com_android_ondevicepersonalization: libfcp_cpp_dep_jni.so:libfcp_hpke_jni.so
01-19 15:34:35.863 D/nativeloader(20744):   com_android_os_statsd: libstats_jni.so
01-19 15:34:35.863 D/nativeloader(20744):   com_android_tethering: libandroid_net_connectivity_com_android_net_module_util_jni.so:libframework-connectivity-jni.so:libframework-connectivity-tiramisu-jni.so:libmainlinecronet.136.0.7091.2.so:libservice-connectivity.so:libservice-thread-jni.so:stable_cronet_libcrypto.so:stable_cronet_libssl.so
01-19 15:34:35.863 D/nativeloader(20744):   com_android_uwb: libuwb_uci_jni_rust.so
01-19 15:34:35.952 I/Athena  ( 2815): CommonAction: 21,1494,167,1778,2559,31,64,0,1139,1467,719,682
01-19 15:34:36.041 I/Athena  ( 2815): CommonAction: 22,1494,163,1778,2559,31,64,0,1139,1471,723,682,1.3125807,22
01-19 15:34:36.247 I/Athena  ( 2815): CommonAction: 24,1495,157,1778,2559,31,64,0,1139,1478,731,682,2.846774,22
01-19 15:34:36.247 E/lowmemorykiller(  533): device has enough memory 1531484Kib, disable killing(limit_killing:491520Kib)
01-19 15:34:36.348 E/lowmemorykiller(  533): device has enough memory 1531852Kib, disable killing(limit_killing:491520Kib)
01-19 15:34:36.449 E/lowmemorykiller(  533): device has enough memory 1532116Kib, disable killing(limit_killing:491520Kib)
01-19 15:34:36.508 D/nativeloader(20744): Load libframework-connectivity-jni.so using APEX ns com_android_tethering for caller /apex/com.android.tethering/javalib/framework-connectivity.jar: ok
01-19 15:34:36.515 V/GraphicsEnvironment(20744): ANGLE Developer option for 'com.google.android.adservices.api' set to: 'default'
01-19 15:34:36.517 V/GraphicsEnvironment(20744): ANGLE GameManagerService for com.google.android.adservices.api: false
01-19 15:34:36.517 V/GraphicsEnvironment(20744): Neither updatable production driver nor prerelease driver is supported.
01-19 15:34:36.526 D/NetworkSecurityConfig(20744): No Network Security Config specified, using platform default
01-19 15:34:36.527 D/NetworkSecurityConfig(20744): No Network Security Config specified, using platform default
01-19 15:34:36.550 E/lowmemorykiller(  533): device has enough memory 1531356Kib, disable killing(limit_killing:491520Kib)
01-19 15:34:36.651 E/lowmemorykiller(  533): device has enough memory 1530992Kib, disable killing(limit_killing:491520Kib)
01-19 15:34:36.719 I/ApplicationContextProvider(20744): onCreate(): setting application context from android.app.Application@c17752d
01-19 15:34:36.720 I/adservices-shared(20744): set(): set singleton context as android.app.Application@c17752d
01-19 15:34:36.752 E/lowmemorykiller(  533): device has enough memory 1530868Kib, disable killing(limit_killing:491520Kib)
01-19 15:34:36.796 E/lowmemorykiller(  533): device has enough memory 1530448Kib, disable killing(limit_killing:491520Kib)
01-19 15:34:36.801 D/OplusActivityManager(20744): get AMS extension: android.os.BinderProxy@76e604f
01-19 15:34:36.853 E/lowmemorykiller(  533): device has enough memory 1530324Kib, disable killing(limit_killing:491520Kib)
01-19 15:34:36.932 I/adservices(20744): Setting AdServicesManager static context as android.app.Application@c17752d
01-19 15:34:36.954 E/lowmemorykiller(  533): device has enough memory 1526124Kib, disable killing(limit_killing:491520Kib)
01-19 15:34:37.010 D/downloader2(20744): New request enqueued, running queue: https://www.gstatic.com/mdi-serving/rubidium-adservices-ui-ota-strings/4265/91ac5d17ab9f2445a3462f98f5249a73e9b0e235
01-19 15:34:37.010 D/downloader2(20744): New request enqueued, running queue: https://www.gstatic.com/mdi-serving/rubidium-adservices-adtech-enrollment/11167/b5d1a96edb6a1f0a4859f71195a3dae118baacfc
01-19 15:34:37.010 D/downloader2(20744): New request enqueued, running queue: https://www.gstatic.com/mdi-serving/rubidium-adservices-topics-classifier/1986/9e98784bcdb26a3eb2ab3f65ee811f43177c761f
01-19 15:34:37.011 D/downloader2(20744): Connectivity satisfied; running request. uri=https://www.gstatic.com/mdi-serving/rubidium-adservices-ui-ota-strings/4265/91ac5d17ab9f2445a3462f98f5249a73e9b0e235
01-19 15:34:37.011 I/Athena  ( 2815): CommonAction: 21,1485,134,1778,2559,31,64,0,1148,1491,743,682
01-19 15:34:37.011 D/downloader2(20744): Connectivity satisfied; running request. uri=https://www.gstatic.com/mdi-serving/rubidium-adservices-adtech-enrollment/11167/b5d1a96edb6a1f0a4859f71195a3dae118baacfc
01-19 15:34:37.012 I/downloader2(20744): Exceeded max concurrent downloads, not running another queued request
01-19 15:34:37.012 I/downloader2(20744): Exceeded max concurrent downloads, not running another queued request
01-19 15:34:37.013 I/downloader2(20744): Exceeded max concurrent downloads, not running another queued request
01-19 15:34:37.053 E/lowmemorykiller(  533): device has enough memory 1520280Kib, disable killing(limit_killing:491520Kib)
01-19 15:34:37.119 I/Athena  ( 2815): CommonAction: 22,1483,132,1778,2559,31,64,0,1151,1492,743,683,9.420968,22
01-19 15:34:37.128 D/NetworkEvent( 2842): OplusNetworkEventCbProxy invoke.....onDnsEvent argslen:8
01-19 15:34:37.128 D/NetworkEvent( 2842): OplusNetworkEventCbProxy invoke.....onDnsEvent argslen:8
01-19 15:34:37.153 E/lowmemorykiller(  533): device has enough memory 1518784Kib, disable killing(limit_killing:491520Kib)
01-19 15:34:37.311 D/downloader2(20744): Got URL response, starting to read response body. uri=https://www.gstatic.com/mdi-serving/rubidium-adservices-adtech-enrollment/11167/b5d1a96edb6a1f0a4859f71195a3dae118baacfc
01-19 15:34:37.314 D/downloader2(20744): Got URL response, starting to read response body. uri=https://www.gstatic.com/mdi-serving/rubidium-adservices-ui-ota-strings/4265/91ac5d17ab9f2445a3462f98f5249a73e9b0e235
01-19 15:34:37.324 D/downloader2(20744): Response body written. bytesWritten=286, uri=https://www.gstatic.com/mdi-serving/rubidium-adservices-adtech-enrollment/11167/b5d1a96edb6a1f0a4859f71195a3dae118baacfc
01-19 15:34:37.325 D/downloader2(20744): Response body written. bytesWritten=267, uri=https://www.gstatic.com/mdi-serving/rubidium-adservices-ui-ota-strings/4265/91ac5d17ab9f2445a3462f98f5249a73e9b0e235
01-19 15:34:37.325 D/downloader2(20744): Download complete, running queued downloads: https://www.gstatic.com/mdi-serving/rubidium-adservices-adtech-enrollment/11167/b5d1a96edb6a1f0a4859f71195a3dae118baacfc
01-19 15:34:37.325 I/downloader2(20744): Exceeded max concurrent downloads, not running another queued request
01-19 15:34:37.325 D/downloader2(20744): Download complete, running queued downloads: https://www.gstatic.com/mdi-serving/rubidium-adservices-ui-ota-strings/4265/91ac5d17ab9f2445a3462f98f5249a73e9b0e235
01-19 15:34:37.326 I/downloader2(20744): Exceeded max concurrent downloads, not running another queued request
01-19 15:34:37.326 D/downloader2(20744): Queued download completed, running queued downloads: https://www.gstatic.com/mdi-serving/rubidium-adservices-adtech-enrollment/11167/b5d1a96edb6a1f0a4859f71195a3dae118baacfc
01-19 15:34:37.326 D/downloader2(20744): Connectivity satisfied; running request. uri=https://www.gstatic.com/mdi-serving/rubidium-adservices-topics-classifier/1986/9e98784bcdb26a3eb2ab3f65ee811f43177c761f
01-19 15:34:37.327 I/downloader2(20744): Exceeded max concurrent downloads, not running another queued request
01-19 15:34:37.327 D/downloader2(20744): Queued download completed, running queued downloads: https://www.gstatic.com/mdi-serving/rubidium-adservices-ui-ota-strings/4265/91ac5d17ab9f2445a3462f98f5249a73e9b0e235
01-19 15:34:37.342 D/downloader2(20744): Got URL response, starting to read response body. uri=https://www.gstatic.com/mdi-serving/rubidium-adservices-topics-classifier/1986/9e98784bcdb26a3eb2ab3f65ee811f43177c761f
01-19 15:34:37.354 D/downloader2(20744): Response body written. bytesWritten=1233, uri=https://www.gstatic.com/mdi-serving/rubidium-adservices-topics-classifier/1986/9e98784bcdb26a3eb2ab3f65ee811f43177c761f
01-19 15:34:37.355 D/downloader2(20744): Download complete, running queued downloads: https://www.gstatic.com/mdi-serving/rubidium-adservices-topics-classifier/1986/9e98784bcdb26a3eb2ab3f65ee811f43177c761f
01-19 15:34:37.358 D/downloader2(20744): Queued download completed, running queued downloads: https://www.gstatic.com/mdi-serving/rubidium-adservices-topics-classifier/1986/9e98784bcdb26a3eb2ab3f65ee811f43177c761f
01-19 15:34:37.376 D/downloader2(20744): New request enqueued, running queue: https://www.gstatic.com/mdi-serving/rubidium-adservices-topics-classifier/1986/9e98784bcdb26a3eb2ab3f65ee811f43177c761f
01-19 15:34:37.377 D/downloader2(20744): Connectivity satisfied; running request. uri=https://www.gstatic.com/mdi-serving/rubidium-adservices-topics-classifier/1986/9e98784bcdb26a3eb2ab3f65ee811f43177c761f
01-19 15:34:37.389 D/downloader2(20744): New request enqueued, running queue: https://www.gstatic.com/mdi-serving/rubidium-adservices-adtech-enrollment/11167/b5d1a96edb6a1f0a4859f71195a3dae118baacfc
01-19 15:34:37.389 D/downloader2(20744): Connectivity satisfied; running request. uri=https://www.gstatic.com/mdi-serving/rubidium-adservices-adtech-enrollment/11167/b5d1a96edb6a1f0a4859f71195a3dae118baacfc
01-19 15:34:37.389 I/downloader2(20744): Exceeded max concurrent downloads, not running another queued request
01-19 15:34:37.396 D/downloader2(20744): Got URL response, starting to read response body. uri=https://www.gstatic.com/mdi-serving/rubidium-adservices-topics-classifier/1986/9e98784bcdb26a3eb2ab3f65ee811f43177c761f
01-19 15:34:37.401 D/downloader2(20744): Got URL response, starting to read response body. uri=https://www.gstatic.com/mdi-serving/rubidium-adservices-adtech-enrollment/11167/b5d1a96edb6a1f0a4859f71195a3dae118baacfc
01-19 15:34:37.403 D/downloader2(20744): New request enqueued, running queue: https://www.gstatic.com/mdi-serving/rubidium-adservices-ui-ota-strings/4265/91ac5d17ab9f2445a3462f98f5249a73e9b0e235
01-19 15:34:37.403 I/downloader2(20744): Exceeded max concurrent downloads, not running another queued request
01-19 15:34:37.407 D/downloader2(20744): Response body written. bytesWritten=1233, uri=https://www.gstatic.com/mdi-serving/rubidium-adservices-topics-classifier/1986/9e98784bcdb26a3eb2ab3f65ee811f43177c761f
01-19 15:34:37.409 D/downloader2(20744): Download complete, running queued downloads: https://www.gstatic.com/mdi-serving/rubidium-adservices-topics-classifier/1986/9e98784bcdb26a3eb2ab3f65ee811f43177c761f
01-19 15:34:37.409 I/downloader2(20744): Exceeded max concurrent downloads, not running another queued request
01-19 15:34:37.411 D/downloader2(20744): Queued download completed, running queued downloads: https://www.gstatic.com/mdi-serving/rubidium-adservices-topics-classifier/1986/9e98784bcdb26a3eb2ab3f65ee811f43177c761f
01-19 15:34:37.411 D/downloader2(20744): Response body written. bytesWritten=286, uri=https://www.gstatic.com/mdi-serving/rubidium-adservices-adtech-enrollment/11167/b5d1a96edb6a1f0a4859f71195a3dae118baacfc
01-19 15:34:37.411 D/downloader2(20744): Connectivity satisfied; running request. uri=https://www.gstatic.com/mdi-serving/rubidium-adservices-ui-ota-strings/4265/91ac5d17ab9f2445a3462f98f5249a73e9b0e235
01-19 15:34:37.411 I/downloader2(20744): Exceeded max concurrent downloads, not running another queued request
01-19 15:34:37.412 D/downloader2(20744): Download complete, running queued downloads: https://www.gstatic.com/mdi-serving/rubidium-adservices-adtech-enrollment/11167/b5d1a96edb6a1f0a4859f71195a3dae118baacfc
01-19 15:34:37.412 I/downloader2(20744): Exceeded max concurrent downloads, not running another queued request
01-19 15:34:37.415 D/downloader2(20744): Queued download completed, running queued downloads: https://www.gstatic.com/mdi-serving/rubidium-adservices-adtech-enrollment/11167/b5d1a96edb6a1f0a4859f71195a3dae118baacfc
01-19 15:34:37.425 D/downloader2(20744): New request enqueued, running queue: https://www.gstatic.com/mdi-serving/rubidium-adservices-topics-classifier/1986/9e98784bcdb26a3eb2ab3f65ee811f43177c761f
01-19 15:34:37.425 D/downloader2(20744): Connectivity satisfied; running request. uri=https://www.gstatic.com/mdi-serving/rubidium-adservices-topics-classifier/1986/9e98784bcdb26a3eb2ab3f65ee811f43177c761f
01-19 15:34:37.425 I/downloader2(20744): Exceeded max concurrent downloads, not running another queued request
01-19 15:34:37.432 D/ErrorCodeSampler(20744): Logging error code: 17 for the sample interval 10000: false
01-19 15:34:37.436 D/downloader2(20744): New request enqueued, running queue: https://www.gstatic.com/mdi-serving/rubidium-adservices-adtech-enrollment/11167/b5d1a96edb6a1f0a4859f71195a3dae118baacfc
01-19 15:34:37.436 I/downloader2(20744): Exceeded max concurrent downloads, not running another queued request
01-19 15:34:37.443 I/Athena  ( 2815): CommonAction: 24,1480,129,1778,2559,31,64,0,1153,1492,743,683,11.784839,22
01-19 15:34:37.455 E/lowmemorykiller(  533): device has enough memory 1516476Kib, disable killing(limit_killing:491520Kib)
01-19 15:34:37.480 D/downloader2(20744): Got URL response, starting to read response body. uri=https://www.gstatic.com/mdi-serving/rubidium-adservices-topics-classifier/1986/9e98784bcdb26a3eb2ab3f65ee811f43177c761f
01-19 15:34:37.483 D/downloader2(20744): Got URL response, starting to read response body. uri=https://www.gstatic.com/mdi-serving/rubidium-adservices-ui-ota-strings/4265/91ac5d17ab9f2445a3462f98f5249a73e9b0e235
01-19 15:34:37.491 D/downloader2(20744): Response body written. bytesWritten=1233, uri=https://www.gstatic.com/mdi-serving/rubidium-adservices-topics-classifier/1986/9e98784bcdb26a3eb2ab3f65ee811f43177c761f
01-19 15:34:37.493 D/downloader2(20744): Queued download completed, running queued downloads: https://www.gstatic.com/mdi-serving/rubidium-adservices-topics-classifier/1986/9e98784bcdb26a3eb2ab3f65ee811f43177c761f
01-19 15:34:37.494 D/downloader2(20744): Connectivity satisfied; running request. uri=https://www.gstatic.com/mdi-serving/rubidium-adservices-adtech-enrollment/11167/b5d1a96edb6a1f0a4859f71195a3dae118baacfc
01-19 15:34:37.494 I/downloader2(20744): Exceeded max concurrent downloads, not running another queued request
01-19 15:34:37.495 D/downloader2(20744): Download complete, running queued downloads: https://www.gstatic.com/mdi-serving/rubidium-adservices-topics-classifier/1986/9e98784bcdb26a3eb2ab3f65ee811f43177c761f
01-19 15:34:37.495 I/downloader2(20744): Exceeded max concurrent downloads, not running another queued request
01-19 15:34:37.496 D/downloader2(20744): Response body written. bytesWritten=267, uri=https://www.gstatic.com/mdi-serving/rubidium-adservices-ui-ota-strings/4265/91ac5d17ab9f2445a3462f98f5249a73e9b0e235
01-19 15:34:37.498 D/downloader2(20744): Download complete, running queued downloads: https://www.gstatic.com/mdi-serving/rubidium-adservices-ui-ota-strings/4265/91ac5d17ab9f2445a3462f98f5249a73e9b0e235
01-19 15:34:37.499 D/downloader2(20744): Queued download completed, running queued downloads: https://www.gstatic.com/mdi-serving/rubidium-adservices-ui-ota-strings/4265/91ac5d17ab9f2445a3462f98f5249a73e9b0e235
01-19 15:34:37.505 D/downloader2(20744): Got URL response, starting to read response body. uri=https://www.gstatic.com/mdi-serving/rubidium-adservices-adtech-enrollment/11167/b5d1a96edb6a1f0a4859f71195a3dae118baacfc
01-19 15:34:37.514 D/downloader2(20744): Response body written. bytesWritten=286, uri=https://www.gstatic.com/mdi-serving/rubidium-adservices-adtech-enrollment/11167/b5d1a96edb6a1f0a4859f71195a3dae118baacfc
01-19 15:34:37.514 D/downloader2(20744): Download complete, running queued downloads: https://www.gstatic.com/mdi-serving/rubidium-adservices-adtech-enrollment/11167/b5d1a96edb6a1f0a4859f71195a3dae118baacfc
01-19 15:34:37.516 D/downloader2(20744): Queued download completed, running queued downloads: https://www.gstatic.com/mdi-serving/rubidium-adservices-adtech-enrollment/11167/b5d1a96edb6a1f0a4859f71195a3dae118baacfc
01-19 15:34:37.524 D/downloader2(20744): New request enqueued, running queue: https://www.gstatic.com/mdi-serving/rubidium-adservices-ui-ota-strings/4265/91ac5d17ab9f2445a3462f98f5249a73e9b0e235
01-19 15:34:37.524 D/downloader2(20744): Connectivity satisfied; running request. uri=https://www.gstatic.com/mdi-serving/rubidium-adservices-ui-ota-strings/4265/91ac5d17ab9f2445a3462f98f5249a73e9b0e235
01-19 15:34:37.529 D/downloader2(20744): New request enqueued, running queue: https://www.gstatic.com/mdi-serving/rubidium-adservices-topics-classifier/1986/9e98784bcdb26a3eb2ab3f65ee811f43177c761f
01-19 15:34:37.529 D/downloader2(20744): Connectivity satisfied; running request. uri=https://www.gstatic.com/mdi-serving/rubidium-adservices-topics-classifier/1986/9e98784bcdb26a3eb2ab3f65ee811f43177c761f
01-19 15:34:37.529 I/downloader2(20744): Exceeded max concurrent downloads, not running another queued request
01-19 15:34:37.539 D/downloader2(20744): New request enqueued, running queue: https://www.gstatic.com/mdi-serving/rubidium-adservices-adtech-enrollment/11167/b5d1a96edb6a1f0a4859f71195a3dae118baacfc
01-19 15:34:37.539 I/downloader2(20744): Exceeded max concurrent downloads, not running another queued request
01-19 15:34:37.556 E/lowmemorykiller(  533): device has enough memory 1516036Kib, disable killing(limit_killing:491520Kib)
01-19 15:34:37.688 D/downloader2(20744): Got URL response, starting to read response body. uri=https://www.gstatic.com/mdi-serving/rubidium-adservices-ui-ota-strings/4265/91ac5d17ab9f2445a3462f98f5249a73e9b0e235
01-19 15:34:37.688 D/downloader2(20744): Got URL response, starting to read response body. uri=https://www.gstatic.com/mdi-serving/rubidium-adservices-topics-classifier/1986/9e98784bcdb26a3eb2ab3f65ee811f43177c761f
01-19 15:34:37.702 D/downloader2(20744): Response body written. bytesWritten=1233, uri=https://www.gstatic.com/mdi-serving/rubidium-adservices-topics-classifier/1986/9e98784bcdb26a3eb2ab3f65ee811f43177c761f
01-19 15:34:37.703 D/downloader2(20744): Download complete, running queued downloads: https://www.gstatic.com/mdi-serving/rubidium-adservices-topics-classifier/1986/9e98784bcdb26a3eb2ab3f65ee811f43177c761f
01-19 15:34:37.704 I/downloader2(20744): Exceeded max concurrent downloads, not running another queued request
01-19 15:34:37.705 D/downloader2(20744): Queued download completed, running queued downloads: https://www.gstatic.com/mdi-serving/rubidium-adservices-topics-classifier/1986/9e98784bcdb26a3eb2ab3f65ee811f43177c761f
01-19 15:34:37.706 D/downloader2(20744): Connectivity satisfied; running request. uri=https://www.gstatic.com/mdi-serving/rubidium-adservices-adtech-enrollment/11167/b5d1a96edb6a1f0a4859f71195a3dae118baacfc
01-19 15:34:37.709 I/downloader2(20744): Exceeded max concurrent downloads, not running another queued request
01-19 15:34:37.712 D/downloader2(20744): Response body written. bytesWritten=267, uri=https://www.gstatic.com/mdi-serving/rubidium-adservices-ui-ota-strings/4265/91ac5d17ab9f2445a3462f98f5249a73e9b0e235
01-19 15:34:37.714 D/downloader2(20744): Download complete, running queued downloads: https://www.gstatic.com/mdi-serving/rubidium-adservices-ui-ota-strings/4265/91ac5d17ab9f2445a3462f98f5249a73e9b0e235
01-19 15:34:37.714 I/downloader2(20744): Exceeded max concurrent downloads, not running another queued request
01-19 15:34:37.715 D/downloader2(20744): Queued download completed, running queued downloads: https://www.gstatic.com/mdi-serving/rubidium-adservices-ui-ota-strings/4265/91ac5d17ab9f2445a3462f98f5249a73e9b0e235
01-19 15:34:37.730 D/downloader2(20744): Got URL response, starting to read response body. uri=https://www.gstatic.com/mdi-serving/rubidium-adservices-adtech-enrollment/11167/b5d1a96edb6a1f0a4859f71195a3dae118baacfc
01-19 15:34:37.745 D/downloader2(20744): Response body written. bytesWritten=286, uri=https://www.gstatic.com/mdi-serving/rubidium-adservices-adtech-enrollment/11167/b5d1a96edb6a1f0a4859f71195a3dae118baacfc
01-19 15:34:37.747 D/downloader2(20744): Download complete, running queued downloads: https://www.gstatic.com/mdi-serving/rubidium-adservices-adtech-enrollment/11167/b5d1a96edb6a1f0a4859f71195a3dae118baacfc
01-19 15:34:37.748 D/downloader2(20744): Queued download completed, running queued downloads: https://www.gstatic.com/mdi-serving/rubidium-adservices-adtech-enrollment/11167/b5d1a96edb6a1f0a4859f71195a3dae118baacfc
01-19 15:34:37.761 D/downloader2(20744): New request enqueued, running queue: https://www.gstatic.com/mdi-serving/rubidium-adservices-ui-ota-strings/4265/91ac5d17ab9f2445a3462f98f5249a73e9b0e235
01-19 15:34:37.761 D/downloader2(20744): Connectivity satisfied; running request. uri=https://www.gstatic.com/mdi-serving/rubidium-adservices-ui-ota-strings/4265/91ac5d17ab9f2445a3462f98f5249a73e9b0e235
01-19 15:34:37.764 D/downloader2(20744): New request enqueued, running queue: https://www.gstatic.com/mdi-serving/rubidium-adservices-topics-classifier/1986/9e98784bcdb26a3eb2ab3f65ee811f43177c761f
01-19 15:34:37.764 D/downloader2(20744): Connectivity satisfied; running request. uri=https://www.gstatic.com/mdi-serving/rubidium-adservices-topics-classifier/1986/9e98784bcdb26a3eb2ab3f65ee811f43177c761f
01-19 15:34:37.764 I/downloader2(20744): Exceeded max concurrent downloads, not running another queued request
01-19 15:34:37.788 D/downloader2(20744): New request enqueued, running queue: https://www.gstatic.com/mdi-serving/rubidium-adservices-adtech-enrollment/11167/b5d1a96edb6a1f0a4859f71195a3dae118baacfc
01-19 15:34:37.788 I/downloader2(20744): Exceeded max concurrent downloads, not running another queued request
01-19 15:34:37.855 D/downloader2(20744): Got URL response, starting to read response body. uri=https://www.gstatic.com/mdi-serving/rubidium-adservices-ui-ota-strings/4265/91ac5d17ab9f2445a3462f98f5249a73e9b0e235
01-19 15:34:37.860 D/downloader2(20744): Got URL response, starting to read response body. uri=https://www.gstatic.com/mdi-serving/rubidium-adservices-topics-classifier/1986/9e98784bcdb26a3eb2ab3f65ee811f43177c761f
01-19 15:34:37.873 D/downloader2(20744): Response body written. bytesWritten=267, uri=https://www.gstatic.com/mdi-serving/rubidium-adservices-ui-ota-strings/4265/91ac5d17ab9f2445a3462f98f5249a73e9b0e235
01-19 15:34:37.876 D/downloader2(20744): Download complete, running queued downloads: https://www.gstatic.com/mdi-serving/rubidium-adservices-ui-ota-strings/4265/91ac5d17ab9f2445a3462f98f5249a73e9b0e235
01-19 15:34:37.877 D/downloader2(20744): Queued download completed, running queued downloads: https://www.gstatic.com/mdi-serving/rubidium-adservices-ui-ota-strings/4265/91ac5d17ab9f2445a3462f98f5249a73e9b0e235
01-19 15:34:37.878 D/downloader2(20744): Connectivity satisfied; running request. uri=https://www.gstatic.com/mdi-serving/rubidium-adservices-adtech-enrollment/11167/b5d1a96edb6a1f0a4859f71195a3dae118baacfc
01-19 15:34:37.879 I/downloader2(20744): Exceeded max concurrent downloads, not running another queued request
01-19 15:34:37.879 I/downloader2(20744): Exceeded max concurrent downloads, not running another queued request
01-19 15:34:37.882 D/downloader2(20744): Response body written. bytesWritten=1233, uri=https://www.gstatic.com/mdi-serving/rubidium-adservices-topics-classifier/1986/9e98784bcdb26a3eb2ab3f65ee811f43177c761f
01-19 15:34:37.884 D/downloader2(20744): Download complete, running queued downloads: https://www.gstatic.com/mdi-serving/rubidium-adservices-topics-classifier/1986/9e98784bcdb26a3eb2ab3f65ee811f43177c761f
01-19 15:34:37.884 I/downloader2(20744): Exceeded max concurrent downloads, not running another queued request
01-19 15:34:37.886 D/downloader2(20744): Queued download completed, running queued downloads: https://www.gstatic.com/mdi-serving/rubidium-adservices-topics-classifier/1986/9e98784bcdb26a3eb2ab3f65ee811f43177c761f
01-19 15:34:37.902 D/downloader2(20744): Got URL response, starting to read response body. uri=https://www.gstatic.com/mdi-serving/rubidium-adservices-adtech-enrollment/11167/b5d1a96edb6a1f0a4859f71195a3dae118baacfc
01-19 15:34:37.923 D/downloader2(20744): Response body written. bytesWritten=286, uri=https://www.gstatic.com/mdi-serving/rubidium-adservices-adtech-enrollment/11167/b5d1a96edb6a1f0a4859f71195a3dae118baacfc
01-19 15:34:37.924 D/downloader2(20744): Download complete, running queued downloads: https://www.gstatic.com/mdi-serving/rubidium-adservices-adtech-enrollment/11167/b5d1a96edb6a1f0a4859f71195a3dae118baacfc
01-19 15:34:37.925 D/downloader2(20744): Queued download completed, running queued downloads: https://www.gstatic.com/mdi-serving/rubidium-adservices-adtech-enrollment/11167/b5d1a96edb6a1f0a4859f71195a3dae118baacfc
01-19 15:34:37.935 D/downloader2(20744): New request enqueued, running queue: https://www.gstatic.com/mdi-serving/rubidium-adservices-ui-ota-strings/4265/91ac5d17ab9f2445a3462f98f5249a73e9b0e235
01-19 15:34:37.935 D/downloader2(20744): Connectivity satisfied; running request. uri=https://www.gstatic.com/mdi-serving/rubidium-adservices-ui-ota-strings/4265/91ac5d17ab9f2445a3462f98f5249a73e9b0e235
01-19 15:34:37.954 D/downloader2(20744): Got URL response, starting to read response body. uri=https://www.gstatic.com/mdi-serving/rubidium-adservices-ui-ota-strings/4265/91ac5d17ab9f2445a3462f98f5249a73e9b0e235
01-19 15:34:37.965 D/ErrorCodeSampler(20744): Logging error code: 17 for the sample interval 10000: false
01-19 15:34:37.972 D/downloader2(20744): Response body written. bytesWritten=267, uri=https://www.gstatic.com/mdi-serving/rubidium-adservices-ui-ota-strings/4265/91ac5d17ab9f2445a3462f98f5249a73e9b0e235
01-19 15:34:37.975 D/downloader2(20744): Download complete, running queued downloads: https://www.gstatic.com/mdi-serving/rubidium-adservices-ui-ota-strings/4265/91ac5d17ab9f2445a3462f98f5249a73e9b0e235
01-19 15:34:37.975 D/downloader2(20744): Queued download completed, running queued downloads: https://www.gstatic.com/mdi-serving/rubidium-adservices-ui-ota-strings/4265/91ac5d17ab9f2445a3462f98f5249a73e9b0e235
01-19 15:34:38.033 D/ErrorCodeSampler(20744): Logging error code: 17 for the sample interval 10000: false
01-19 15:34:38.068 I/ActivityManager( 1654): Killing 20305:com.google.android.projection.gearhead:car/u0a122 (adj 955): empty #7
01-19 15:34:38.072 I/libprocessgroup( 1654): Successfully killed process cgroup uid 10122 pid 20305 in 0ms
01-19 15:34:38.123 I/Zygote  (  984): Process 20305 exited due to signal 9 (Killed)
01-19 15:34:38.127 I/adbd    (15190): Remote process closed the socket (on MSG_PEEK)
01-19 15:34:38.131 D/OplusUIFirst_FB( 1654): com.google.android.projection.gearhead remove pid: 20305
01-19 15:34:38.132 I/mtkpower_client( 1654): [Legacy][PowerHal_Wrap_notifyAppState] com.google.android.projection.gearhead/com.google.android.projection.gearhead pid=20305 state:3
01-19 15:34:38.132 I/game_scn( 1654): collectForegroundAppList packName=com.google.android.projection.gearhead, actName=com.google.android.projection.gearhead, pid=20305, uid=10122, state:DEAD
01-19 15:34:38.131 V/DeepThinker(23486): ProcessManager: onProcessDied pid:20305, uid:10122
01-19 15:34:38.134 D/RilUtility( 1025): notify_rild_crash_pid_set certPid:-1, crash:20305, scn:0x0
01-19 15:34:38.447 I/Athena  ( 2815): CommonAction: 0,1492,140,1778,2559,31,64,0,1141,1492,751,675
01-19 15:34:40.616 I/thermal_repeater( 1431): [recvMdThermalInfo] ret=33, strLen=127,  3, 28, -127, 25135, 32767, 25391
01-19 15:34:40.998 D/UsageStatsService( 1654): User[0] type=0 b=1768807822350 e=1768808080996 cb=1768742652546 ce=1768808078138 disk=0 all=7
01-19 15:34:44.939 D/AES     ( 1654): AEEIOCTL_GET/SET_SF_STATE IOCTL,cmd= 1074294797, lParam=0. 
01-19 15:34:44.940 D/AES     ( 1654): AEEIOCTL_RT_MON_Kick IOCTL,cmd= 2147774474, lParam=300. 
01-19 15:34:50.640 I/thermal_repeater( 1431): [recvMdThermalInfo] ret=33, strLen=127,  3, 28, -127, 25135, 32767, 25391
01-19 15:34:55.963 D/ccci_mdinit( 1129): (1):monitor_time_update_thread round:7295 ########
01-19 15:35:00.010 D/PhoneScreenOnTime(23265): affairType:231
01-19 15:35:00.015 D/Utils   (23265): getLastScrChangeTime: 1768808040011
01-19 15:35:00.016 D/Utils   (23265): getScrOnSeconds: 62999996
01-19 15:35:00.017 D/Utils   (23265): setLastScrChangeTime: 1768808100010
01-19 15:35:00.027 D/Utils   (23265): setScrOnSeconds: 63059995
01-19 15:35:00.030 D/PhoneUsageTime(23265): affairType:231
01-19 15:35:00.031 D/SingleClockView( 2315): updateTime,  24hfmt=true, h=15, m=35
01-19 15:35:00.032 D/Utils   (23265): getLastChargeTime: 1768808040023
01-19 15:35:00.034 D/Utils   (23265): getLastChargeDurationTime: 62962610
01-19 15:35:00.054 E/OplusCustomizeRestrictionManagerService( 1654): isBiometricDisabled start
01-19 15:35:00.057 E/OplusCustomizeRestrictionManagerService( 1654): isBiometricDisabled start
01-19 15:35:00.664 I/thermal_repeater( 1431): [recvMdThermalInfo] ret=33, strLen=127,  3, 28, -127, 25135, 32767, 25391
01-19 15:35:02.232 D/OplusPrivacyDotViewController( 2315): scheduleUpdate: 
01-19 15:35:02.232 D/OplusPrivacyDotViewController( 2315): processNextViewState: 
01-19 15:35:02.233 D/OplusPrivacyDotViewController( 2315): resolveState ViewState(systemPrivacyEventIsActive=false, shadeExpanded=false, qsExpanded=false, rtl=false, rotation=0, height=0, x=41, y=41, cornerIndex=1, designatedCorner=android.widget.FrameLayout{1f48c6e G.E...... ......ID 0,0-8,8 #7f0b0452 app:id/icons_container}, contentDescription=null, chipAnimationStart=false, preDraw=false) shouldShowDot false
01-19 15:35:02.233 D/OplusPrivacyDotViewController( 2315): updatePosition:41:41
01-19 15:35:02.235 D/OplusPrivacyDotViewController( 2315): updatePosition:41:41
01-19 15:35:02.246 V/WindowManager( 1654): Relayout Window{cbdf5b8 u0 OplusPrivacyIconTopLeft}: viewVisibility=8, oldvis=8, req=8x8
01-19 15:35:02.269 I/OplusPerfCount( 1123): The num of blur fliter in last 60015 ms is: 12
01-19 15:35:02.271 I/Quality ( 1123): SFJankCountInfo: 12;0;0-0-0-0-0-0-0-0-0-0;1-0-0-0-0-0-0-0-0-0;2-0-0-0-0-0-0-0-0-0;3-0-0-0-0-0-0-0-0-0;4-0-0-0-0-0-0-0-0-0;5-0-0-0-0-0-0-0-0-0;6-0-0-0-0-0-0-0-0-0;7-0-0-0-0-0-0-0-0-0;8-0-0-0-0-0-0-0-0-0;9-0-0-0-0-0-0-0-0-0;
01-19 15:35:02.271 I/OplusPerfCount( 1123): The layer number in last 60015ms is: 3 layer, 14 time, 
01-19 15:35:02.276 V/WindowManager( 1654): Relayout Window{e767333 u0 OplusPrivacyIconTopRight}: viewVisibility=8, oldvis=8, req=8x8
01-19 15:35:02.777 D/OplusSmartBrightnessController( 1654): handleMessage MSG_LUX_CHANGED, mLux:437.71777 luxQueue=[436.0, 440.0, 436.0, 437.0, 440.0, 436.0, 439.0]
01-19 15:35:07.156 D/power@timer( 1025): [mtkPowerTimer] visRead:0
01-19 15:35:07.401 D/ProcessCpuTrackerExtImpl( 1654): mContext is already set, return now! 
01-19 15:35:08.312 I/PlayCommon(12458): [416] Preparing logs for uploading
01-19 15:35:08.339 E/AuthPII ( 4588): [RequestTokenManager] getToken() -> BAD_AUTHENTICATION. App: com.android.vending, Service: oauth2:https://www.googleapis.com/auth/googleplay
01-19 15:35:08.339 E/AuthPII ( 4588): bcro: Long live credential not available.
01-19 15:35:08.339 E/AuthPII ( 4588): 	at aeqi.a(:com.google.android.gms@255034029@25.50.34 (190400-855735097):1401)
01-19 15:35:08.339 E/AuthPII ( 4588): 	at aeqp.b(:com.google.android.gms@255034029@25.50.34 (190400-855735097):26)
01-19 15:35:08.339 E/AuthPII ( 4588): 	at aeqn.a(:com.google.android.gms@255034029@25.50.34 (190400-855735097):744)
01-19 15:35:08.339 E/AuthPII ( 4588): 	at aeqm.b(:com.google.android.gms@255034029@25.50.34 (190400-855735097):142)
01-19 15:35:08.339 E/AuthPII ( 4588): 	at ygv.d(:com.google.android.gms@255034029@25.50.34 (190400-855735097):662)
01-19 15:35:08.339 E/AuthPII ( 4588): 	at aejy.getAuthToken(:com.google.android.gms@255034029@25.50.34 (190400-855735097):411)
01-19 15:35:08.339 E/AuthPII ( 4588): 	at android.accounts.AbstractAccountAuthenticator$Transport.getAuthToken(AbstractAccountAuthenticator.java:246)
01-19 15:35:08.339 E/AuthPII ( 4588): 	at android.accounts.IAccountAuthenticator$Stub.onTransact(IAccountAuthenticator.java:242)
01-19 15:35:08.339 E/AuthPII ( 4588): 	at android.os.Binder.transact(Binder.java:1188)
01-19 15:35:08.339 E/AuthPII ( 4588): 	at cfwv.onTransact(:com.google.android.gms@255034029@25.50.34 (190400-855735097):10)
01-19 15:35:08.339 E/AuthPII ( 4588): 	at android.os.Binder.transact(Binder.java:1188)
01-19 15:35:08.339 E/AuthPII ( 4588): 	at butd.onTransact(:com.google.android.gms@255034029@25.50.34 (190400-855735097):161)
01-19 15:35:08.339 E/AuthPII ( 4588): 	at android.os.Binder.execTransactInternal(Binder.java:1331)
01-19 15:35:08.339 E/AuthPII ( 4588): 	at android.os.Binder.execTransact(Binder.java:1268)
01-19 15:35:08.340 E/AuthPII ( 4588): Message is Long live credential not available.
01-19 15:35:08.340 E/AuthPII ( 4588): bcro: Long live credential not available.
01-19 15:35:08.340 E/AuthPII ( 4588): 	at aeqi.a(:com.google.android.gms@255034029@25.50.34 (190400-855735097):1401)
01-19 15:35:08.340 E/AuthPII ( 4588): 	at aeqp.b(:com.google.android.gms@255034029@25.50.34 (190400-855735097):26)
01-19 15:35:08.340 E/AuthPII ( 4588): 	at aeqn.a(:com.google.android.gms@255034029@25.50.34 (190400-855735097):744)
01-19 15:35:08.340 E/AuthPII ( 4588): 	at aeqm.b(:com.google.android.gms@255034029@25.50.34 (190400-855735097):142)
01-19 15:35:08.340 E/AuthPII ( 4588): 	at ygv.d(:com.google.android.gms@255034029@25.50.34 (190400-855735097):662)
01-19 15:35:08.340 E/AuthPII ( 4588): 	at aejy.getAuthToken(:com.google.android.gms@255034029@25.50.34 (190400-855735097):411)
01-19 15:35:08.340 E/AuthPII ( 4588): 	at android.accounts.AbstractAccountAuthenticator$Transport.getAuthToken(AbstractAccountAuthenticator.java:246)
01-19 15:35:08.340 E/AuthPII ( 4588): 	at android.accounts.IAccountAuthenticator$Stub.onTransact(IAccountAuthenticator.java:242)
01-19 15:35:08.340 E/AuthPII ( 4588): 	at android.os.Binder.transact(Binder.java:1188)
01-19 15:35:08.340 E/AuthPII ( 4588): 	at cfwv.onTransact(:com.google.android.gms@255034029@25.50.34 (190400-855735097):10)
01-19 15:35:08.340 E/AuthPII ( 4588): 	at android.os.Binder.transact(Binder.java:1188)
