01-19 15:30:09.557 I/bt_btm  ( 2751): LogMsg: l2c_link_process_num_completed_pkts: TotalWin=8,LinkUnack(0x200)=0,RRCheck=0,RRUnack=0
01-19 15:30:09.563 I/GH.PrimesMgr(20305): transmitting to prod
01-19 15:30:09.565 I/bt_btm  ( 2751): LogMsg: btm_bda_to_acl: bda=60:77:71:fc:68:cf transport=2
01-19 15:30:09.565 V/bt_stack( 2751): [VERBOSE1:gatt_main.cc(1054)] gatt_get_ch_state: ch_state=4
01-19 15:30:09.565 I/bt_stack( 2751): [INFO:gatt_cl.cc(1194)] gatt_client_handle_server_rsp opcode: 0x01
01-19 15:30:09.565 I/bt_stack( 2751): [INFO:gatt_cl.cc(533)] gatt_process_error_rsp
01-19 15:30:09.565 V/bt_stack( 2751): [VERBOSE1:gatt_cl.cc(494)] gatt_proc_disc_error_rspreason: 0a cmd_code 0008
01-19 15:30:09.565 V/bt_stack( 2751): [VERBOSE1:gatt_cl.cc(504)] Discovery completed
01-19 15:30:09.565 I/bt_stack( 2751): [INFO:gatt_utils.cc(1500)] gatt_end_operation status=0 op=1 subtype=4
01-19 15:30:09.565 I/bt_stack( 2751): [INFO:bta_gattc_cache.cc(521)] bta_gattc_disc_cmpl_cback: disc_type=4
01-19 15:30:09.565 V/bt_stack( 2751): [VERBOSE1:bta_gattc_cache.cc(299)] starting discover characteristics descriptor
01-19 15:30:09.565 I/bt_stack( 2751): [INFO:gatt_api.cc(711)] GATTC_Discover conn_id=0x0008, disc_type=5, s_handle=0x001f, e_handle=0x001f
01-19 15:30:09.565 I/bt_stack( 2751): [INFO:gatt_cl.cc(101)] gatt_act_discovery opcode: 0x04
01-19 15:30:09.565 I/bluetooth( 2751): attp_cl_send_cmd: Sending ATT command to l2cap cid:0x0004 eatt_channels:0 transport:BT_TRANSPORT_LE
01-19 15:30:09.565 I/bt_btm  ( 2751): LogMsg: l2c_link_check_send_pkts: l2cb.controller_xmit_window=6
01-19 15:30:09.565 I/bt_btm  ( 2751): LogMsg: Direct send, transport=2, xmit_window=6, le_xmit_window=8, sent_not_acked=0, link_xmit_quota=8
01-19 15:30:09.565 I/bt_btm  ( 2751): LogMsg: Sending to lower layer
01-19 15:30:09.566 I/bt_btm  ( 2751): LogMsg: l2c_link_send_to_lower_ble: TotalWin=7,Hndl=0x200,Quota=8,Unack=1,RRQuota=0,RRUnack=0
01-19 15:30:09.566 I/bt_btm  ( 2751): LogMsg: No next buffer, skipping
01-19 15:30:09.566 I/bt_l2cap( 2751): LogMsg: l2cu_no_dynamic_ccbs NO IDLE timeout set for fixed cid 0x0004
01-19 15:30:09.566 I/bluetooth( 2751): attp_cl_send_cmd: Starting ATT response timer
01-19 15:30:09.572 I/bt_btm  ( 2751): LogMsg: l2c_link_check_send_pkts: l2cb.controller_xmit_window=6
01-19 15:30:09.572 I/bt_btm  ( 2751): LogMsg: Direct send, transport=2, xmit_window=6, le_xmit_window=8, sent_not_acked=0, link_xmit_quota=8
01-19 15:30:09.572 I/bt_btm  ( 2751): LogMsg: No next buffer, skipping
01-19 15:30:09.572 I/bt_btm  ( 2751): LogMsg: l2c_link_process_num_completed_pkts: TotalWin=8,LinkUnack(0x200)=0,RRCheck=0,RRUnack=0
01-19 15:30:09.574 I/CAR.GH  (20305): Process: CAR
01-19 15:30:09.575 I/CAR.GH  (20305): Channel: PROD
01-19 15:30:09.577 I/GH.ConnLoggerV2(20290): Session 0c9f1d88-0b33-49e5-ac00-94bafd868a12, event 0, detail OptionalInt.empty, SESSION_STARTED, at 218251643 
01-19 15:30:09.579 I/AdapterProperties( 2751): getBondedDevices: length=0
01-19 15:30:09.580 I/bt_btm  ( 2751): LogMsg: btm_bda_to_acl: bda=60:77:71:fc:68:cf transport=2
01-19 15:30:09.580 V/bt_stack( 2751): [VERBOSE1:gatt_main.cc(1054)] gatt_get_ch_state: ch_state=4
01-19 15:30:09.580 I/bt_stack( 2751): [INFO:gatt_cl.cc(1194)] gatt_client_handle_server_rsp opcode: 0x05
01-19 15:30:09.580 I/bt_stack( 2751): [INFO:gatt_utils.cc(1500)] gatt_end_operation status=0 op=1 subtype=5
01-19 15:30:09.580 I/bt_stack( 2751): [INFO:bta_gattc_cache.cc(521)] bta_gattc_disc_cmpl_cback: disc_type=5
01-19 15:30:09.580 V/bt_stack( 2751): [VERBOSE1:bta_gattc_cache.cc(299)] starting discover characteristics descriptor
01-19 15:30:09.580 I/bt_stack( 2751): [INFO:gatt_api.cc(711)] GATTC_Discover conn_id=0x0008, disc_type=5, s_handle=0x0022, e_handle=0x0022
01-19 15:30:09.580 I/bt_stack( 2751): [INFO:gatt_cl.cc(101)] gatt_act_discovery opcode: 0x04
01-19 15:30:09.580 I/bluetooth( 2751): attp_cl_send_cmd: Sending ATT command to l2cap cid:0x0004 eatt_channels:0 transport:BT_TRANSPORT_LE
01-19 15:30:09.580 I/bt_btm  ( 2751): LogMsg: l2c_link_check_send_pkts: l2cb.controller_xmit_window=6
01-19 15:30:09.581 I/bt_btm  ( 2751): LogMsg: Direct send, transport=2, xmit_window=6, le_xmit_window=8, sent_not_acked=0, link_xmit_quota=8
01-19 15:30:09.581 I/bt_btm  ( 2751): LogMsg: Sending to lower layer
01-19 15:30:09.581 I/bt_btm  ( 2751): LogMsg: l2c_link_send_to_lower_ble: TotalWin=7,Hndl=0x200,Quota=8,Unack=1,RRQuota=0,RRUnack=0
01-19 15:30:09.581 I/bt_btm  ( 2751): LogMsg: No next buffer, skipping
01-19 15:30:09.581 I/bt_l2cap( 2751): LogMsg: l2cu_no_dynamic_ccbs NO IDLE timeout set for fixed cid 0x0004
01-19 15:30:09.581 I/bluetooth( 2751): attp_cl_send_cmd: Starting ATT response timer
01-19 15:30:09.587 I/bt_btm  ( 2751): LogMsg: l2c_link_check_send_pkts: l2cb.controller_xmit_window=6
01-19 15:30:09.587 I/bt_btm  ( 2751): LogMsg: Direct send, transport=2, xmit_window=6, le_xmit_window=8, sent_not_acked=0, link_xmit_quota=8
01-19 15:30:09.587 I/bt_btm  ( 2751): LogMsg: No next buffer, skipping
01-19 15:30:09.587 I/bt_btm  ( 2751): LogMsg: l2c_link_process_num_completed_pkts: TotalWin=8,LinkUnack(0x200)=0,RRCheck=0,RRUnack=0
01-19 15:30:09.593 I/GH.ConnLoggerV2(20290): Session 0c9f1d88-0b33-49e5-ac00-94bafd868a12, event 1, detail OptionalInt.empty, USB_CHARGER_CONNECTED, at 218251643 
01-19 15:30:09.595 I/bt_btm  ( 2751): LogMsg: btm_bda_to_acl: bda=60:77:71:fc:68:cf transport=2
01-19 15:30:09.595 V/bt_stack( 2751): [VERBOSE1:gatt_main.cc(1054)] gatt_get_ch_state: ch_state=4
01-19 15:30:09.595 I/bt_stack( 2751): [INFO:gatt_cl.cc(1194)] gatt_client_handle_server_rsp opcode: 0x05
01-19 15:30:09.595 I/bt_stack( 2751): [INFO:gatt_utils.cc(1500)] gatt_end_operation status=0 op=1 subtype=5
01-19 15:30:09.595 I/bt_stack( 2751): [INFO:bta_gattc_cache.cc(521)] bta_gattc_disc_cmpl_cback: disc_type=5
01-19 15:30:09.595 V/bt_stack( 2751): [VERBOSE1:bta_gattc_cache.cc(299)] starting discover characteristics descriptor
01-19 15:30:09.595 V/bt_stack( 2751): [VERBOSE1:bta_gattc_cache.cc(193)] Start service discovery
01-19 15:30:09.595 I/GH.ConnLoggerV2(20290): Session 0c9f1d88-0b33-49e5-ac00-94bafd868a12, event 2, detail OptionalInt.empty, GH_USB_CONFIGURED, at 218251662 
01-19 15:30:09.595 I/bt_stack( 2751): [INFO:gatt_api.cc(711)] GATTC_Discover conn_id=0x0008, disc_type=3, s_handle=0x0023, e_handle=0xffff
01-19 15:30:09.595 I/bt_stack( 2751): [INFO:gatt_cl.cc(101)] gatt_act_discovery opcode: 0x08
01-19 15:30:09.595 I/bluetooth( 2751): attp_cl_send_cmd: Sending ATT command to l2cap cid:0x0004 eatt_channels:0 transport:BT_TRANSPORT_LE
01-19 15:30:09.595 I/bt_btm  ( 2751): LogMsg: l2c_link_check_send_pkts: l2cb.controller_xmit_window=6
01-19 15:30:09.595 I/bt_btm  ( 2751): LogMsg: Direct send, transport=2, xmit_window=6, le_xmit_window=8, sent_not_acked=0, link_xmit_quota=8
01-19 15:30:09.595 I/bt_btm  ( 2751): LogMsg: Sending to lower layer
01-19 15:30:09.595 I/bt_btm  ( 2751): LogMsg: l2c_link_send_to_lower_ble: TotalWin=7,Hndl=0x200,Quota=8,Unack=1,RRQuota=0,RRUnack=0
01-19 15:30:09.595 I/bt_btm  ( 2751): LogMsg: No next buffer, skipping
01-19 15:30:09.595 I/bt_l2cap( 2751): LogMsg: l2cu_no_dynamic_ccbs NO IDLE timeout set for fixed cid 0x0004
01-19 15:30:09.595 I/bluetooth( 2751): attp_cl_send_cmd: Starting ATT response timer
01-19 15:30:09.598 D/nativeloader(20290): Load /data/app/~~dpV2s0sbTG67FGYJvGn54g==/com.google.android.projection.gearhead-ELYmrdjH1iYncMmpe9R5nw==/split_config.arm64_v8a.apk!/lib/arm64-v8a/libmappedcountercacheversionjni.so using class loader ns clns-7 (caller=/data/app/~~dpV2s0sbTG67FGYJvGn54g==/com.google.android.projection.gearhead-ELYmrdjH1iYncMmpe9R5nw==/base.apk!classes2.dex): ok
01-19 15:30:09.602 I/bt_btm  ( 2751): LogMsg: l2c_link_check_send_pkts: l2cb.controller_xmit_window=6
01-19 15:30:09.602 I/bt_btm  ( 2751): LogMsg: Direct send, transport=2, xmit_window=6, le_xmit_window=8, sent_not_acked=0, link_xmit_quota=8
01-19 15:30:09.602 I/bt_btm  ( 2751): LogMsg: No next buffer, skipping
01-19 15:30:09.602 I/bt_btm  ( 2751): LogMsg: l2c_link_process_num_completed_pkts: TotalWin=8,LinkUnack(0x200)=0,RRCheck=0,RRUnack=0
01-19 15:30:09.610 I/bt_btm  ( 2751): LogMsg: btm_bda_to_acl: bda=60:77:71:fc:68:cf transport=2
01-19 15:30:09.610 V/bt_stack( 2751): [VERBOSE1:gatt_main.cc(1054)] gatt_get_ch_state: ch_state=4
01-19 15:30:09.610 I/bt_stack( 2751): [INFO:gatt_cl.cc(1194)] gatt_client_handle_server_rsp opcode: 0x01
01-19 15:30:09.610 I/bt_stack( 2751): [INFO:gatt_cl.cc(533)] gatt_process_error_rsp
01-19 15:30:09.610 V/bt_stack( 2751): [VERBOSE1:gatt_cl.cc(494)] gatt_proc_disc_error_rspreason: 0a cmd_code 0008
01-19 15:30:09.610 V/bt_stack( 2751): [VERBOSE1:gatt_cl.cc(504)] Discovery completed
01-19 15:30:09.610 I/bt_stack( 2751): [INFO:gatt_utils.cc(1500)] gatt_end_operation status=0 op=1 subtype=3
01-19 15:30:09.610 I/bt_stack( 2751): [INFO:bta_gattc_cache.cc(521)] bta_gattc_disc_cmpl_cback: disc_type=3
01-19 15:30:09.610 I/bt_stack( 2751): [INFO:gatt_api.cc(711)] GATTC_Discover conn_id=0x0008, disc_type=4, s_handle=0x0023, e_handle=0xffff
01-19 15:30:09.610 I/bt_stack( 2751): [INFO:gatt_cl.cc(101)] gatt_act_discovery opcode: 0x08
01-19 15:30:09.610 I/bluetooth( 2751): attp_cl_send_cmd: Sending ATT command to l2cap cid:0x0004 eatt_channels:0 transport:BT_TRANSPORT_LE
01-19 15:30:09.610 I/bt_btm  ( 2751): LogMsg: l2c_link_check_send_pkts: l2cb.controller_xmit_window=6
01-19 15:30:09.610 I/bt_btm  ( 2751): LogMsg: Direct send, transport=2, xmit_window=6, le_xmit_window=8, sent_not_acked=0, link_xmit_quota=8
01-19 15:30:09.610 I/bt_btm  ( 2751): LogMsg: Sending to lower layer
01-19 15:30:09.610 I/bt_btm  ( 2751): LogMsg: l2c_link_send_to_lower_ble: TotalWin=7,Hndl=0x200,Quota=8,Unack=1,RRQuota=0,RRUnack=0
01-19 15:30:09.610 I/bt_btm  ( 2751): LogMsg: No next buffer, skipping
01-19 15:30:09.610 I/bt_l2cap( 2751): LogMsg: l2cu_no_dynamic_ccbs NO IDLE timeout set for fixed cid 0x0004
01-19 15:30:09.610 I/bluetooth( 2751): attp_cl_send_cmd: Starting ATT response timer
01-19 15:30:09.616 I/CAR.GH  (20305): onCreate completed
01-19 15:30:09.617 I/bt_btm  ( 2751): LogMsg: l2c_link_check_send_pkts: l2cb.controller_xmit_window=6
01-19 15:30:09.617 I/bt_btm  ( 2751): LogMsg: Direct send, transport=2, xmit_window=6, le_xmit_window=8, sent_not_acked=0, link_xmit_quota=8
01-19 15:30:09.617 I/bt_btm  ( 2751): LogMsg: No next buffer, skipping
01-19 15:30:09.617 I/bt_btm  ( 2751): LogMsg: l2c_link_process_num_completed_pkts: TotalWin=8,LinkUnack(0x200)=0,RRCheck=0,RRUnack=0
01-19 15:30:09.618 D/OplusActivityManager(20305): get AMS extension: android.os.BinderProxy@1583a7a
01-19 15:30:09.621 I/GH.SharedService(20290): Shared Service created
01-19 15:30:09.624 I/bt_btm  ( 2751): LogMsg: btm_bda_to_acl: bda=60:77:71:fc:68:cf transport=2
01-19 15:30:09.625 V/bt_stack( 2751): [VERBOSE1:gatt_main.cc(1054)] gatt_get_ch_state: ch_state=4
01-19 15:30:09.625 I/bt_stack( 2751): [INFO:gatt_cl.cc(1194)] gatt_client_handle_server_rsp opcode: 0x09
01-19 15:30:09.625 I/bt_stack( 2751): [INFO:gatt_cl.cc(799)] gatt_process_read_by_type_rspop=1 subtype=4
01-19 15:30:09.625 I/bt_stack( 2751): [INFO:gatt_cl.cc(983)] gatt_process_read_by_type_rsp: initiate another discovery request
01-19 15:30:09.625 I/bt_stack( 2751): [INFO:gatt_cl.cc(101)] gatt_act_discovery opcode: 0x08
01-19 15:30:09.625 I/bluetooth( 2751): attp_cl_send_cmd: Sending ATT command to l2cap cid:0x0004 eatt_channels:0 transport:BT_TRANSPORT_LE
01-19 15:30:09.625 I/bt_btm  ( 2751): LogMsg: l2c_link_check_send_pkts: l2cb.controller_xmit_window=6
01-19 15:30:09.625 I/bt_btm  ( 2751): LogMsg: Direct send, transport=2, xmit_window=6, le_xmit_window=8, sent_not_acked=0, link_xmit_quota=8
01-19 15:30:09.625 I/bt_btm  ( 2751): LogMsg: Sending to lower layer
01-19 15:30:09.625 I/bt_btm  ( 2751): LogMsg: l2c_link_send_to_lower_ble: TotalWin=7,Hndl=0x200,Quota=8,Unack=1,RRQuota=0,RRUnack=0
01-19 15:30:09.625 I/bt_btm  ( 2751): LogMsg: No next buffer, skipping
01-19 15:30:09.625 I/bt_l2cap( 2751): LogMsg: l2cu_no_dynamic_ccbs NO IDLE timeout set for fixed cid 0x0004
01-19 15:30:09.625 I/bluetooth( 2751): attp_cl_send_cmd: Starting ATT response timer
01-19 15:30:09.632 I/bt_btm  ( 2751): LogMsg: l2c_link_check_send_pkts: l2cb.controller_xmit_window=6
01-19 15:30:09.632 I/bt_btm  ( 2751): LogMsg: Direct send, transport=2, xmit_window=6, le_xmit_window=8, sent_not_acked=0, link_xmit_quota=8
01-19 15:30:09.632 I/bt_btm  ( 2751): LogMsg: No next buffer, skipping
01-19 15:30:09.632 I/bt_btm  ( 2751): LogMsg: l2c_link_process_num_completed_pkts: TotalWin=8,LinkUnack(0x200)=0,RRCheck=0,RRUnack=0
01-19 15:30:09.637 I/GH.SharedServiceConnect(20290): onServiceConnected(ComponentName:ComponentInfo{com.google.android.projection.gearhead/com.google.android.gearhead.service.SharedService}, service:lcu@af2284)
01-19 15:30:09.639 I/bt_btm  ( 2751): LogMsg: btm_bda_to_acl: bda=60:77:71:fc:68:cf transport=2
01-19 15:30:09.640 V/bt_stack( 2751): [VERBOSE1:gatt_main.cc(1054)] gatt_get_ch_state: ch_state=4
01-19 15:30:09.640 I/bt_stack( 2751): [INFO:gatt_cl.cc(1194)] gatt_client_handle_server_rsp opcode: 0x09
01-19 15:30:09.640 I/bt_stack( 2751): [INFO:gatt_cl.cc(799)] gatt_process_read_by_type_rspop=1 subtype=4
01-19 15:30:09.640 I/bt_stack( 2751): [INFO:gatt_cl.cc(983)] gatt_process_read_by_type_rsp: initiate another discovery request
01-19 15:30:09.640 I/bt_stack( 2751): [INFO:gatt_cl.cc(101)] gatt_act_discovery opcode: 0x08
01-19 15:30:09.640 I/bluetooth( 2751): attp_cl_send_cmd: Sending ATT command to l2cap cid:0x0004 eatt_channels:0 transport:BT_TRANSPORT_LE
01-19 15:30:09.640 I/bt_btm  ( 2751): LogMsg: l2c_link_check_send_pkts: l2cb.controller_xmit_window=6
01-19 15:30:09.640 I/bt_btm  ( 2751): LogMsg: Direct send, transport=2, xmit_window=6, le_xmit_window=8, sent_not_acked=0, link_xmit_quota=8
01-19 15:30:09.640 I/bt_btm  ( 2751): LogMsg: Sending to lower layer
01-19 15:30:09.640 I/bt_btm  ( 2751): LogMsg: l2c_link_send_to_lower_ble: TotalWin=7,Hndl=0x200,Quota=8,Unack=1,RRQuota=0,RRUnack=0
01-19 15:30:09.640 I/bt_btm  ( 2751): LogMsg: No next buffer, skipping
01-19 15:30:09.640 I/bt_l2cap( 2751): LogMsg: l2cu_no_dynamic_ccbs NO IDLE timeout set for fixed cid 0x0004
01-19 15:30:09.640 I/bluetooth( 2751): attp_cl_send_cmd: Starting ATT response timer
01-19 15:30:09.647 I/bt_btm  ( 2751): LogMsg: l2c_link_check_send_pkts: l2cb.controller_xmit_window=6
01-19 15:30:09.647 I/bt_btm  ( 2751): LogMsg: Direct send, transport=2, xmit_window=6, le_xmit_window=8, sent_not_acked=0, link_xmit_quota=8
01-19 15:30:09.647 I/bt_btm  ( 2751): LogMsg: No next buffer, skipping
01-19 15:30:09.647 I/bt_btm  ( 2751): LogMsg: l2c_link_process_num_completed_pkts: TotalWin=8,LinkUnack(0x200)=0,RRCheck=0,RRUnack=0
01-19 15:30:09.654 I/bt_btm  ( 2751): LogMsg: btm_bda_to_acl: bda=60:77:71:fc:68:cf transport=2
01-19 15:30:09.655 V/bt_stack( 2751): [VERBOSE1:gatt_main.cc(1054)] gatt_get_ch_state: ch_state=4
01-19 15:30:09.655 I/bt_stack( 2751): [INFO:gatt_cl.cc(1194)] gatt_client_handle_server_rsp opcode: 0x09
01-19 15:30:09.655 I/bt_stack( 2751): [INFO:gatt_cl.cc(799)] gatt_process_read_by_type_rspop=1 subtype=4
01-19 15:30:09.655 I/bt_stack( 2751): [INFO:gatt_cl.cc(983)] gatt_process_read_by_type_rsp: initiate another discovery request
01-19 15:30:09.655 I/bt_stack( 2751): [INFO:gatt_cl.cc(101)] gatt_act_discovery opcode: 0x08
01-19 15:30:09.655 I/bluetooth( 2751): attp_cl_send_cmd: Sending ATT command to l2cap cid:0x0004 eatt_channels:0 transport:BT_TRANSPORT_LE
01-19 15:30:09.655 I/bt_btm  ( 2751): LogMsg: l2c_link_check_send_pkts: l2cb.controller_xmit_window=6
01-19 15:30:09.655 I/bt_btm  ( 2751): LogMsg: Direct send, transport=2, xmit_window=6, le_xmit_window=8, sent_not_acked=0, link_xmit_quota=8
01-19 15:30:09.655 I/bt_btm  ( 2751): LogMsg: Sending to lower layer
01-19 15:30:09.655 I/bt_btm  ( 2751): LogMsg: l2c_link_send_to_lower_ble: TotalWin=7,Hndl=0x200,Quota=8,Unack=1,RRQuota=0,RRUnack=0
01-19 15:30:09.655 I/bt_btm  ( 2751): LogMsg: No next buffer, skipping
01-19 15:30:09.655 I/bt_l2cap( 2751): LogMsg: l2cu_no_dynamic_ccbs NO IDLE timeout set for fixed cid 0x0004
01-19 15:30:09.655 I/bluetooth( 2751): attp_cl_send_cmd: Starting ATT response timer
01-19 15:30:09.657 D/CompatibilityChangeReporter( 1654): Compat change id reported: 157233955; UID 10122; state: ENABLED
01-19 15:30:09.662 I/bt_btm  ( 2751): LogMsg: l2c_link_check_send_pkts: l2cb.controller_xmit_window=6
01-19 15:30:09.662 I/bt_btm  ( 2751): LogMsg: Direct send, transport=2, xmit_window=6, le_xmit_window=8, sent_not_acked=0, link_xmit_quota=8
01-19 15:30:09.662 I/bt_btm  ( 2751): LogMsg: No next buffer, skipping
01-19 15:30:09.662 I/bt_btm  ( 2751): LogMsg: l2c_link_process_num_completed_pkts: TotalWin=8,LinkUnack(0x200)=0,RRCheck=0,RRUnack=0
01-19 15:30:09.670 I/bt_btm  ( 2751): LogMsg: btm_bda_to_acl: bda=60:77:71:fc:68:cf transport=2
01-19 15:30:09.670 V/bt_stack( 2751): [VERBOSE1:gatt_main.cc(1054)] gatt_get_ch_state: ch_state=4
01-19 15:30:09.670 I/bt_stack( 2751): [INFO:gatt_cl.cc(1194)] gatt_client_handle_server_rsp opcode: 0x01
01-19 15:30:09.670 I/bt_stack( 2751): [INFO:gatt_cl.cc(533)] gatt_process_error_rsp
01-19 15:30:09.670 V/bt_stack( 2751): [VERBOSE1:gatt_cl.cc(494)] gatt_proc_disc_error_rspreason: 0a cmd_code 0008
01-19 15:30:09.670 V/bt_stack( 2751): [VERBOSE1:gatt_cl.cc(504)] Discovery completed
01-19 15:30:09.670 I/bt_stack( 2751): [INFO:gatt_utils.cc(1500)] gatt_end_operation status=0 op=1 subtype=4
01-19 15:30:09.670 I/bt_stack( 2751): [INFO:bta_gattc_cache.cc(521)] bta_gattc_disc_cmpl_cback: disc_type=4
01-19 15:30:09.670 V/bt_stack( 2751): [VERBOSE1:bta_gattc_cache.cc(299)] starting discover characteristics descriptor
01-19 15:30:09.670 I/bt_stack( 2751): [INFO:gatt_api.cc(711)] GATTC_Discover conn_id=0x0008, disc_type=5, s_handle=0x0026, e_handle=0x0027
01-19 15:30:09.670 I/bt_stack( 2751): [INFO:gatt_cl.cc(101)] gatt_act_discovery opcode: 0x04
01-19 15:30:09.671 I/bluetooth( 2751): attp_cl_send_cmd: Sending ATT command to l2cap cid:0x0004 eatt_channels:0 transport:BT_TRANSPORT_LE
01-19 15:30:09.671 I/bt_btm  ( 2751): LogMsg: l2c_link_check_send_pkts: l2cb.controller_xmit_window=6
01-19 15:30:09.671 I/bt_btm  ( 2751): LogMsg: Direct send, transport=2, xmit_window=6, le_xmit_window=8, sent_not_acked=0, link_xmit_quota=8
01-19 15:30:09.671 I/bt_btm  ( 2751): LogMsg: Sending to lower layer
01-19 15:30:09.671 I/bt_btm  ( 2751): LogMsg: l2c_link_send_to_lower_ble: TotalWin=7,Hndl=0x200,Quota=8,Unack=1,RRQuota=0,RRUnack=0
01-19 15:30:09.671 I/bt_btm  ( 2751): LogMsg: No next buffer, skipping
01-19 15:30:09.671 I/bt_l2cap( 2751): LogMsg: l2cu_no_dynamic_ccbs NO IDLE timeout set for fixed cid 0x0004
01-19 15:30:09.671 I/bluetooth( 2751): attp_cl_send_cmd: Starting ATT response timer
01-19 15:30:09.677 I/bt_btm  ( 2751): LogMsg: l2c_link_check_send_pkts: l2cb.controller_xmit_window=6
01-19 15:30:09.677 I/bt_btm  ( 2751): LogMsg: Direct send, transport=2, xmit_window=6, le_xmit_window=8, sent_not_acked=0, link_xmit_quota=8
01-19 15:30:09.677 I/bt_btm  ( 2751): LogMsg: No next buffer, skipping
01-19 15:30:09.677 I/bt_btm  ( 2751): LogMsg: l2c_link_process_num_completed_pkts: TotalWin=8,LinkUnack(0x200)=0,RRCheck=0,RRUnack=0
01-19 15:30:09.685 I/bt_btm  ( 2751): LogMsg: btm_bda_to_acl: bda=60:77:71:fc:68:cf transport=2
01-19 15:30:09.685 V/bt_stack( 2751): [VERBOSE1:gatt_main.cc(1054)] gatt_get_ch_state: ch_state=4
01-19 15:30:09.685 I/bt_stack( 2751): [INFO:gatt_cl.cc(1194)] gatt_client_handle_server_rsp opcode: 0x05
01-19 15:30:09.685 I/bt_stack( 2751): [INFO:gatt_utils.cc(1500)] gatt_end_operation status=0 op=1 subtype=5
01-19 15:30:09.685 I/bt_stack( 2751): [INFO:bta_gattc_cache.cc(521)] bta_gattc_disc_cmpl_cback: disc_type=5
01-19 15:30:09.685 V/bt_stack( 2751): [VERBOSE1:bta_gattc_cache.cc(299)] starting discover characteristics descriptor
01-19 15:30:09.685 I/bt_stack( 2751): [INFO:gatt_api.cc(711)] GATTC_Discover conn_id=0x0008, disc_type=5, s_handle=0x002a, e_handle=0x002b
01-19 15:30:09.685 I/bt_stack( 2751): [INFO:gatt_cl.cc(101)] gatt_act_discovery opcode: 0x04
01-19 15:30:09.685 I/bluetooth( 2751): attp_cl_send_cmd: Sending ATT command to l2cap cid:0x0004 eatt_channels:0 transport:BT_TRANSPORT_LE
01-19 15:30:09.685 I/bt_btm  ( 2751): LogMsg: l2c_link_check_send_pkts: l2cb.controller_xmit_window=6
01-19 15:30:09.685 I/bt_btm  ( 2751): LogMsg: Direct send, transport=2, xmit_window=6, le_xmit_window=8, sent_not_acked=0, link_xmit_quota=8
01-19 15:30:09.685 I/bt_btm  ( 2751): LogMsg: Sending to lower layer
01-19 15:30:09.685 I/bt_btm  ( 2751): LogMsg: l2c_link_send_to_lower_ble: TotalWin=7,Hndl=0x200,Quota=8,Unack=1,RRQuota=0,RRUnack=0
01-19 15:30:09.686 I/bt_btm  ( 2751): LogMsg: No next buffer, skipping
01-19 15:30:09.686 I/bt_l2cap( 2751): LogMsg: l2cu_no_dynamic_ccbs NO IDLE timeout set for fixed cid 0x0004
01-19 15:30:09.686 I/bluetooth( 2751): attp_cl_send_cmd: Starting ATT response timer
01-19 15:30:09.687 I/iter.Simple.dev(20021): Background concurrent copying GC freed 3546KB AllocSpace bytes, 12(240KB) LOS objects, 66% free, 4008KB/11MB, paused 177us,40us total 400.219ms
01-19 15:30:09.692 I/SurfaceFlinger( 1123): [SF client] REMOVE (0xb4000072c6d32f40) for (20021:com.THLight.BLE.USBeacon.Writer.Simple.dev)
01-19 15:30:09.692 I/bt_btm  ( 2751): LogMsg: l2c_link_check_send_pkts: l2cb.controller_xmit_window=6
01-19 15:30:09.692 I/bt_btm  ( 2751): LogMsg: Direct send, transport=2, xmit_window=6, le_xmit_window=8, sent_not_acked=0, link_xmit_quota=8
01-19 15:30:09.692 I/bt_btm  ( 2751): LogMsg: No next buffer, skipping
01-19 15:30:09.692 I/bt_btm  ( 2751): LogMsg: l2c_link_process_num_completed_pkts: TotalWin=8,LinkUnack(0x200)=0,RRCheck=0,RRUnack=0
01-19 15:30:09.700 I/bt_btm  ( 2751): LogMsg: btm_bda_to_acl: bda=60:77:71:fc:68:cf transport=2
01-19 15:30:09.700 V/bt_stack( 2751): [VERBOSE1:gatt_main.cc(1054)] gatt_get_ch_state: ch_state=4
01-19 15:30:09.700 I/bt_stack( 2751): [INFO:gatt_cl.cc(1194)] gatt_client_handle_server_rsp opcode: 0x05
01-19 15:30:09.700 I/bt_stack( 2751): [INFO:gatt_utils.cc(1500)] gatt_end_operation status=0 op=1 subtype=5
01-19 15:30:09.700 I/bt_stack( 2751): [INFO:bta_gattc_cache.cc(521)] bta_gattc_disc_cmpl_cback: disc_type=5
01-19 15:30:09.700 V/bt_stack( 2751): [VERBOSE1:bta_gattc_cache.cc(299)] starting discover characteristics descriptor
01-19 15:30:09.700 I/bt_stack( 2751): [INFO:gatt_api.cc(711)] GATTC_Discover conn_id=0x0008, disc_type=5, s_handle=0x002e, e_handle=0xffff
01-19 15:30:09.700 I/bt_stack( 2751): [INFO:gatt_cl.cc(101)] gatt_act_discovery opcode: 0x04
01-19 15:30:09.700 I/bluetooth( 2751): attp_cl_send_cmd: Sending ATT command to l2cap cid:0x0004 eatt_channels:0 transport:BT_TRANSPORT_LE
01-19 15:30:09.700 I/bt_btm  ( 2751): LogMsg: l2c_link_check_send_pkts: l2cb.controller_xmit_window=6
01-19 15:30:09.700 I/bt_btm  ( 2751): LogMsg: Direct send, transport=2, xmit_window=6, le_xmit_window=8, sent_not_acked=0, link_xmit_quota=8
01-19 15:30:09.700 I/bt_btm  ( 2751): LogMsg: Sending to lower layer
01-19 15:30:09.700 I/bt_btm  ( 2751): LogMsg: l2c_link_send_to_lower_ble: TotalWin=7,Hndl=0x200,Quota=8,Unack=1,RRQuota=0,RRUnack=0
01-19 15:30:09.700 I/bt_btm  ( 2751): LogMsg: No next buffer, skipping
01-19 15:30:09.700 I/bt_l2cap( 2751): LogMsg: l2cu_no_dynamic_ccbs NO IDLE timeout set for fixed cid 0x0004
01-19 15:30:09.700 I/bluetooth( 2751): attp_cl_send_cmd: Starting ATT response timer
01-19 15:30:09.707 I/bt_btm  ( 2751): LogMsg: l2c_link_check_send_pkts: l2cb.controller_xmit_window=6
01-19 15:30:09.707 I/bt_btm  ( 2751): LogMsg: Direct send, transport=2, xmit_window=6, le_xmit_window=8, sent_not_acked=0, link_xmit_quota=8
01-19 15:30:09.707 I/bt_btm  ( 2751): LogMsg: No next buffer, skipping
01-19 15:30:09.707 I/bt_btm  ( 2751): LogMsg: l2c_link_process_num_completed_pkts: TotalWin=8,LinkUnack(0x200)=0,RRCheck=0,RRUnack=0
01-19 15:30:09.715 I/bt_btm  ( 2751): LogMsg: btm_bda_to_acl: bda=60:77:71:fc:68:cf transport=2
01-19 15:30:09.715 V/bt_stack( 2751): [VERBOSE1:gatt_main.cc(1054)] gatt_get_ch_state: ch_state=4
01-19 15:30:09.715 I/bt_stack( 2751): [INFO:gatt_cl.cc(1194)] gatt_client_handle_server_rsp opcode: 0x05
01-19 15:30:09.715 I/bt_stack( 2751): [INFO:gatt_cl.cc(101)] gatt_act_discovery opcode: 0x04
01-19 15:30:09.715 I/bluetooth( 2751): attp_cl_send_cmd: Sending ATT command to l2cap cid:0x0004 eatt_channels:0 transport:BT_TRANSPORT_LE
01-19 15:30:09.715 I/bt_btm  ( 2751): LogMsg: l2c_link_check_send_pkts: l2cb.controller_xmit_window=6
01-19 15:30:09.715 I/bt_btm  ( 2751): LogMsg: Direct send, transport=2, xmit_window=6, le_xmit_window=8, sent_not_acked=0, link_xmit_quota=8
01-19 15:30:09.715 I/bt_btm  ( 2751): LogMsg: Sending to lower layer
01-19 15:30:09.715 I/bt_btm  ( 2751): LogMsg: l2c_link_send_to_lower_ble: TotalWin=7,Hndl=0x200,Quota=8,Unack=1,RRQuota=0,RRUnack=0
01-19 15:30:09.715 I/bt_btm  ( 2751): LogMsg: No next buffer, skipping
01-19 15:30:09.715 I/bt_l2cap( 2751): LogMsg: l2cu_no_dynamic_ccbs NO IDLE timeout set for fixed cid 0x0004
01-19 15:30:09.715 I/bluetooth( 2751): attp_cl_send_cmd: Starting ATT response timer
01-19 15:30:09.723 I/bt_btm  ( 2751): LogMsg: l2c_link_check_send_pkts: l2cb.controller_xmit_window=6
01-19 15:30:09.723 I/bt_btm  ( 2751): LogMsg: Direct send, transport=2, xmit_window=6, le_xmit_window=8, sent_not_acked=0, link_xmit_quota=8
01-19 15:30:09.723 I/bt_btm  ( 2751): LogMsg: No next buffer, skipping
01-19 15:30:09.723 I/bt_btm  ( 2751): LogMsg: l2c_link_process_num_completed_pkts: TotalWin=8,LinkUnack(0x200)=0,RRCheck=0,RRUnack=0
01-19 15:30:09.730 I/bt_btm  ( 2751): LogMsg: btm_bda_to_acl: bda=60:77:71:fc:68:cf transport=2
01-19 15:30:09.730 V/bt_stack( 2751): [VERBOSE1:gatt_main.cc(1054)] gatt_get_ch_state: ch_state=4
01-19 15:30:09.730 I/bt_stack( 2751): [INFO:gatt_cl.cc(1194)] gatt_client_handle_server_rsp opcode: 0x01
01-19 15:30:09.730 I/bt_stack( 2751): [INFO:gatt_cl.cc(533)] gatt_process_error_rsp
01-19 15:30:09.730 V/bt_stack( 2751): [VERBOSE1:gatt_cl.cc(494)] gatt_proc_disc_error_rspreason: 0a cmd_code 0004
01-19 15:30:09.730 V/bt_stack( 2751): [VERBOSE1:gatt_cl.cc(504)] Discovery completed
01-19 15:30:09.730 I/bt_stack( 2751): [INFO:gatt_utils.cc(1500)] gatt_end_operation status=0 op=1 subtype=5
01-19 15:30:09.730 I/bt_stack( 2751): [INFO:bta_gattc_cache.cc(521)] bta_gattc_disc_cmpl_cback: disc_type=5
01-19 15:30:09.730 V/bt_stack( 2751): [VERBOSE1:bta_gattc_cache.cc(299)] starting discover characteristics descriptor
01-19 15:30:09.730 I/bt_stack( 2751): [INFO:bta_gattc_cache.cc(251)] bta_gattc_explore_srvc_finished: service discovery finished
01-19 15:30:09.730 V/bt_stack( 2751): [VERBOSE1:bta_gattc_main.cc(314)] bta_gattc_sm_execute: State 0x03, Event 0x1f0e
01-19 15:30:09.730 V/bt_stack( 2751): [VERBOSE1:bta_gattc_act.cc(853)] bta_gattc_disc_cmpl: conn_id=0x0008
01-19 15:30:09.731 I/bt_btif ( 2751): LogMsg: interop_mtk_match_addr_byconfig:[MtkLeDisableFastConnection] check 60:**:**:**:68:cf in d0:5f:b8
01-19 15:30:09.731 V/bt_stack( 2751): [VERBOSE2:interop_mtk_conf.cc(310)] interop_mtk_match_name_byconfig:[MtkLeDisableFastConnection] check USBeacon in ELECOM Laser Mouse
01-19 15:30:09.731 I/bt_stack( 2751): [INFO:interop_mtk_conf.cc(338)] interop_mtk_match_name_byconfig:[MtkLeDisableFastConnection] check name USBeacon in partial name list YUNMAI-ISM2-W,BT-ILDFC
01-19 15:30:09.731 V/bt_stack( 2751): [VERBOSE2:l2c_ble.cc(168)] L2CA_EnableUpdateBleConnParams - BD_ADDR 60:77:71:fc:68:cf enable 1 current upd state 0x03
01-19 15:30:09.731 W/PhBaseOp( 4588): Phenotype API error. Event: # htoj@ad39b6c5, EventCode: COMMIT_CONFIG [CONTEXT service_id=51 ]
01-19 15:30:09.731 W/PhBaseOp( 4588): eoak: 29544: Stale snapshot for com.google.android.libraries.consentverifier#com.google.android.projection.gearhead(new configuration available)
01-19 15:30:09.731 W/PhBaseOp( 4588): 	at eoci.d(:com.google.android.gms@255034029@25.50.34 (190400-855735097):441)
01-19 15:30:09.731 W/PhBaseOp( 4588): 	at eoci.b(:com.google.android.gms@255034029@25.50.34 (190400-855735097):44)
01-19 15:30:09.731 W/PhBaseOp( 4588): 	at eoch.i(:com.google.android.gms@255034029@25.50.34 (190400-855735097):3)
01-19 15:30:09.731 W/PhBaseOp( 4588): 	at eocd.h(:com.google.android.gms@255034029@25.50.34 (190400-855735097):31)
01-19 15:30:09.731 W/PhBaseOp( 4588): 	at eocd.f(:com.google.android.gms@255034029@25.50.34 (190400-855735097):13)
01-19 15:30:09.731 W/PhBaseOp( 4588): 	at cojt.fA(:com.google.android.gms@255034029@25.50.34 (190400-855735097):1)
01-19 15:30:09.731 W/PhBaseOp( 4588): 	at cojx.run(:com.google.android.gms@255034029@25.50.34 (190400-855735097):118)
01-19 15:30:09.731 W/PhBaseOp( 4588): 	at gknx.run(:com.google.android.gms@255034029@25.50.34 (190400-855735097):19)
01-19 15:30:09.731 W/PhBaseOp( 4588): 	at bdya.c(:com.google.android.gms@255034029@25.50.34 (190400-855735097):50)
01-19 15:30:09.731 W/PhBaseOp( 4588): 	at bdya.run(:com.google.android.gms@255034029@25.50.34 (190400-855735097):73)
01-19 15:30:09.731 W/PhBaseOp( 4588): 	at java.util.concurrent.ThreadPoolExecutor.runWorker(ThreadPoolExecutor.java:1156)
01-19 15:30:09.731 W/PhBaseOp( 4588): 	at java.util.concurrent.ThreadPoolExecutor$Worker.run(ThreadPoolExecutor.java:651)
01-19 15:30:09.731 W/PhBaseOp( 4588): 	at bedr.run(:com.google.android.gms@255034029@25.50.34 (190400-855735097):8)
01-19 15:30:09.731 W/PhBaseOp( 4588): 	at java.lang.Thread.run(Thread.java:1119)
01-19 15:30:09.731 I/bt_stack( 2751): [INFO:interop_mtk_conf.cc(338)] interop_mtk_match_name_byconfig:[MtkLeAvoidDoFastConnectionTwice] check name USBeacon in partial name list FeiZhi
01-19 15:30:09.732 I/bt_btm  ( 2751): LogMsg: btm_bda_to_acl: bda=60:77:71:fc:68:cf transport=2
01-19 15:30:09.732 I/bt_btm  ( 2751): LogMsg: btm_find_or_alloc_dev
01-19 15:30:09.732 I/bt_l2cap( 2751): LogMsg: l2cble_start_conn_update mask:0002 p_lcb->min_interval:39
01-19 15:30:09.732 I/bt_btif ( 2751): LogMsg: bta_dm_vendor_set_host_info, id = 3, value = 00270027
01-19 15:30:09.732 I/bt_btm  ( 2751): LogMsg: BTM: BTM_VendorSpecificCommand: Opcode: 0xFD5F, ParamLen: 32.
01-19 15:30:09.732 I/bt_btif ( 2751): LogMsg: btif_transfer_context event 8, len 528
01-19 15:30:09.732 V/bt_stack( 2751): [VERBOSE1:bta_gattc_main.cc(350)] bta_gattc_sm_execute: GATTC State Change: 0x03 -> 0x02 after Event 0x1f0e
01-19 15:30:09.732 W/AsyncOperation( 4588): operation=CommitToConfigurationOperationCall, opStatusCode=29544 [CONTEXT service_id=51 ]
01-19 15:30:09.732 W/AsyncOperation( 4588): OperationException[Status{statusCode=Stale snapshot for com.google.android.libraries.consentverifier#com.google.android.projection.gearhead(new configuration available), resolution=null}]
01-19 15:30:09.732 W/AsyncOperation( 4588): 	at eocd.h(:com.google.android.gms@255034029@25.50.34 (190400-855735097):61)
01-19 15:30:09.732 W/AsyncOperation( 4588): 	at eocd.f(:com.google.android.gms@255034029@25.50.34 (190400-855735097):13)
01-19 15:30:09.732 W/AsyncOperation( 4588): 	at cojt.fA(:com.google.android.gms@255034029@25.50.34 (190400-855735097):1)
01-19 15:30:09.732 W/AsyncOperation( 4588): 	at cojx.run(:com.google.android.gms@255034029@25.50.34 (190400-855735097):118)
01-19 15:30:09.732 W/AsyncOperation( 4588): 	at gknx.run(:com.google.android.gms@255034029@25.50.34 (190400-855735097):19)
01-19 15:30:09.732 W/AsyncOperation( 4588): 	at bdya.c(:com.google.android.gms@255034029@25.50.34 (190400-855735097):50)
01-19 15:30:09.732 W/AsyncOperation( 4588): 	at bdya.run(:com.google.android.gms@255034029@25.50.34 (190400-855735097):73)
01-19 15:30:09.732 W/AsyncOperation( 4588): 	at java.util.concurrent.ThreadPoolExecutor.runWorker(ThreadPoolExecutor.java:1156)
01-19 15:30:09.732 W/AsyncOperation( 4588): 	at java.util.concurrent.ThreadPoolExecutor$Worker.run(ThreadPoolExecutor.java:651)
01-19 15:30:09.732 W/AsyncOperation( 4588): 	at bedr.run(:com.google.android.gms@255034029@25.50.34 (190400-855735097):8)
01-19 15:30:09.732 W/AsyncOperation( 4588): 	at java.lang.Thread.run(Thread.java:1119)
01-19 15:30:09.733 D/mtk.hal.bt@1.1-impl( 1001): BtHostDebugInfo
01-19 15:30:09.733 D/[BT]    ( 1001): mtk_bt_op: BT_VND_OP_SET_BTHOST
01-19 15:30:09.811 I/bt_l2cap( 2751): LogMsg: l2cble_process_conn_update_evt
01-19 15:30:09.811 I/bt_btm  ( 2751): LogMsg: btm_bda_to_acl: bda=60:77:71:fc:68:cf transport=2
01-19 15:30:09.811 I/bt_btm  ( 2751): LogMsg: btm_find_or_alloc_dev
01-19 15:30:09.811 I/bt_l2cap( 2751): LogMsg: l2cble_start_conn_update mask:0008 p_lcb->min_interval:39
01-19 15:30:09.811 I/bt_l2cap( 2751): LogMsg: l2cble_process_conn_update_evt: conn_update_mask=8
01-19 15:30:09.811 I/bt_btm  ( 2751): LogMsg: is_handle_equal: handle=512 is not found
01-19 15:30:09.811 I/bt_btm  ( 2751): LogMsg: is_handle_equal: handle=512 is not found
01-19 15:30:09.811 I/bt_btm  ( 2751): LogMsg: is_handle_equal: handle=512 is not found
01-19 15:30:09.811 I/bt_btm  ( 2751): LogMsg: is_handle_equal: handle=512 is not found
01-19 15:30:09.811 I/bt_btif ( 2751): LogMsg: bta_dm_gattc_callback event = 26
01-19 15:30:09.812 V/bt_stack( 2751): [VERBOSE2:hearing_aid.cc(1844)] hearingaid_gattc_callback event = 26
01-19 15:30:09.812 I/bt_btif ( 2751): LogMsg: bta_hh_gattc_callback event:BTA_GATTC_CONN_UPDATE_EVT
01-19 15:30:09.812 I/bt_btif ( 2751): LogMsg: btif_transfer_context event 22, len 24
01-19 15:30:09.812 I/bt_btif ( 2751): LogMsg: btif_transfer_context event 26, len 528
01-19 15:30:09.812 I/bt_btif ( 2751): LogMsg: btapp_gatts_handle_cback: HAL bt_gatt_callbacks->server->conn_updated_cb
01-19 15:30:09.812 D/BtGatt.GattService( 2751): onServerConnUpdate() - connId=6, status=0
01-19 15:30:09.813 I/bt_btif ( 2751): LogMsg: btif_gattc_upstreams_evt: HAL bt_gatt_callbacks->client->conn_updated_cb
01-19 15:30:09.813 D/BtGatt.GattService( 2751): onClientConnUpdate() - connId=8, status=0
01-19 15:30:09.813 D/BluetoothGattServer(23348): onConnectionUpdated() - Device=60:77:71:FC:68:CF interval=39 latency=0 timeout=500 status=0
01-19 15:30:09.909 I/bt_btm  ( 2751): LogMsg: btm_bda_to_acl: bda=60:77:71:fc:68:cf transport=2
01-19 15:30:09.910 V/bt_stack( 2751): [VERBOSE2:interop_mtk_conf.cc(310)] interop_mtk_match_name_byconfig:[MtkLeConnIntMinLimitAccept] check USBeacon in ELECOM Laser Mouse,Mad Catz M.O.U.S.9
01-19 15:30:09.910 I/bt_stack( 2751): [INFO:interop_mtk_conf.cc(338)] interop_mtk_match_name_byconfig:[MtkLeConnIntMinLimitAccept] check name USBeacon in partial name list BT-LLCIMLC
01-19 15:30:09.910 I/bt_stack( 2751): [INFO:interop_mtk_conf.cc(338)] interop_mtk_match_name_byconfig:[MtkLeAvoidDoFastConnectionTwice] check name USBeacon in partial name list FeiZhi
01-19 15:30:09.910 I/bt_btm  ( 2751): LogMsg: l2c_link_check_send_pkts: l2cb.controller_xmit_window=6
01-19 15:30:09.910 I/bt_btm  ( 2751): LogMsg: Direct send, transport=2, xmit_window=6, le_xmit_window=8, sent_not_acked=0, link_xmit_quota=8
01-19 15:30:09.910 I/bt_btm  ( 2751): LogMsg: Sending to lower layer
01-19 15:30:09.911 I/bt_btm  ( 2751): LogMsg: l2c_link_send_to_lower_ble: TotalWin=7,Hndl=0x200,Quota=8,Unack=1,RRQuota=0,RRUnack=0
01-19 15:30:09.911 I/bt_btm  ( 2751): LogMsg: No next buffer, skipping
01-19 15:30:09.911 I/bt_btif ( 2751): LogMsg: interop_mtk_match_addr_byconfig:[MtkLeConnLatencyAdjust] check 60:**:**:**:68:cf in 00:1b:dc
01-19 15:30:09.912 V/bt_stack( 2751): [VERBOSE2:interop_mtk_conf.cc(310)] interop_mtk_match_name_byconfig:[MtkLeConnLatencyAdjust] check USBeacon in BSMBB09DS
01-19 15:30:09.912 I/bt_stack( 2751): [INFO:interop_mtk_conf.cc(338)] interop_mtk_match_name_byconfig:[MtkLeConnLatencyAdjust] check name USBeacon in partial name list BT-ILCLA
01-19 15:30:09.912 V/bt_stack( 2751): [VERBOSE2:interop_mtk_conf.cc(310)] interop_mtk_match_name_byconfig:[MtkLeConnIntMinLimitAdjust] check USBeacon in Mad Catz M.O.U.S.9
01-19 15:30:09.912 I/bt_stack( 2751): [INFO:interop_mtk_conf.cc(338)] interop_mtk_match_name_byconfig:[MtkLeConnIntMinLimitAdjust] check name USBeacon in partial name list BT-ILCIMLD
01-19 15:30:09.913 I/bt_stack( 2751): [INFO:interop_mtk_conf.cc(338)] interop_mtk_match_name_byconfig:[MtkLeAvoidDoFastConnectionTwice] check name USBeacon in partial name list FeiZhi
01-19 15:30:09.913 I/bt_btm  ( 2751): LogMsg: btm_bda_to_acl: bda=60:77:71:fc:68:cf transport=2
01-19 15:30:09.913 I/bt_btm  ( 2751): LogMsg: btm_find_or_alloc_dev
01-19 15:30:09.913 I/bt_l2cap( 2751): LogMsg: l2cble_start_conn_update mask:000a p_lcb->min_interval:12
01-19 15:30:09.914 I/bt_btif ( 2751): LogMsg: bta_dm_vendor_set_host_info, id = 3, value = 000c000c
01-19 15:30:09.914 I/bt_btm  ( 2751): LogMsg: BTM: BTM_VendorSpecificCommand: Opcode: 0xFD5F, ParamLen: 32.
01-19 15:30:09.916 D/mtk.hal.bt@1.1-impl( 1001): BtHostDebugInfo
01-19 15:30:09.916 D/[BT]    ( 1001): mtk_bt_op: BT_VND_OP_SET_BTHOST
01-19 15:30:09.957 I/bt_btm  ( 2751): LogMsg: l2c_link_check_send_pkts: l2cb.controller_xmit_window=6
01-19 15:30:09.957 I/bt_btm  ( 2751): LogMsg: Direct send, transport=2, xmit_window=6, le_xmit_window=8, sent_not_acked=0, link_xmit_quota=8
01-19 15:30:09.957 I/bt_btm  ( 2751): LogMsg: No next buffer, skipping
01-19 15:30:09.957 I/bt_btm  ( 2751): LogMsg: l2c_link_process_num_completed_pkts: TotalWin=8,LinkUnack(0x200)=0,RRCheck=0,RRUnack=0
01-19 15:30:09.961 I/mtkpower_client( 1654): perf_lock_rel, hdl:13422, tid:2356
01-19 15:30:09.962 D/OGG_Detector( 1654): D:done mCurrStatus: 0
01-19 15:30:09.962 V/AutofillManager(20021): requestHideFillUi(null): anchor = null
01-19 15:30:09.962 D/PowerManagerService( 1654): userActivityNoUpdateLocked: groupId=0, eventTime=216560518, event=2, flags=0x0, uid=1000
01-19 15:30:09.963 I/libPowerHal( 1025): [setGPUFreq] MTKPOWER_HINT_APP_TOUCH user set gpu freq min:1, max:-1
01-19 15:30:09.963 I/libPowerHal( 1025): MTKPOWER_HINT_APP_TOUCH: set gpu opp level: 1
01-19 15:30:09.963 I/libPowerHal( 1025): MTKPOWER_HINT_APP_TOUCH: set gpu opp level max: 0
01-19 15:30:09.963 I/libPowerHal( 1025): [setGPUFreq] Soft min/max = (1, 0); Hard min/max = (2, 0)
01-19 15:30:09.963 I/libPowerHal( 1025): [setGPUFreq] final min/max = (1, 0)
01-19 15:30:09.963 I/libPowerHal( 1025): MTKPOWER_HINT_APP_TOUCH: set gpu opp level: 1
01-19 15:30:09.963 I/libPowerHal( 1025): MTKPOWER_HINT_APP_TOUCH: set gpu opp level max: 0
01-19 15:30:09.964 I/libPowerHal( 1025): MTKPOWER_HINT_APP_TOUCH: cpu_ctrl set cpu freq: 2139000 -1 1491000 -1
01-19 15:30:09.965 I/libPowerHal( 1025): [setGPUFreq] INTERACTION user set gpu freq min:0, max:-1
01-19 15:30:09.965 I/libPowerHal( 1025): INTERACTION: set gpu opp level: 0
01-19 15:30:09.965 I/libPowerHal( 1025): INTERACTION: set gpu opp level max: 0
01-19 15:30:09.965 I/libPowerHal( 1025): [setGPUFreq] Soft min/max = (0, 0); Hard min/max = (2, 0)
01-19 15:30:09.965 I/libPowerHal( 1025): [setGPUFreq] final min/max = (0, 0)
01-19 15:30:09.965 I/libPowerHal( 1025): INTERACTION: set gpu opp level: 0
01-19 15:30:09.965 I/libPowerHal( 1025): INTERACTION: set gpu opp level max: 0
01-19 15:30:09.965 D/OplusSystemUINavigationGestureExtImpl(20021): regionString = null
01-19 15:30:09.966 I/mtkpower_client( 1654): perf_lock_acq, hdl:13422, dur:0, num:4, tid:2356
01-19 15:30:09.966 I/libPowerHal( 1025): [perfLockRel] hdl:13422, idx:0
01-19 15:30:09.967 I/libPowerHal( 1025): [setGPUFreq] INTERACTION user set gpu freq min:0, max:-1
01-19 15:30:09.967 I/libPowerHal( 1025): INTERACTION: set gpu opp level max: 0
01-19 15:30:09.967 I/libPowerHal( 1025): [setGPUFreq] Soft min/max = (0, 0); Hard min/max = (2, 0)
01-19 15:30:09.967 I/libPowerHal( 1025): [setGPUFreq] final min/max = (0, 0)
01-19 15:30:09.967 I/libPowerHal( 1025): INTERACTION: set gpu opp level: 0
01-19 15:30:09.967 I/libPowerHal( 1025): INTERACTION: set gpu opp level max: 0
01-19 15:30:09.968 I/mtkpower_client( 1654): ret_hdl:13431
01-19 15:30:09.969 I/libPowerHal( 1025): cmdSetting - unknown cmd:2004100, scmd:(null) ,param_1:2
01-19 15:30:10.025 I/thermal_repeater( 1431): [recvMdThermalInfo] ret=33, strLen=127,  3, 29, -127, 25135, 32767, 25391
01-19 15:30:10.046 I/mtkpower@impl( 1025): [powerd_req] TIMER_MSG_PERF_LOCK_TIMEOUT hdl:13429
01-19 15:30:10.046 I/libPowerHal( 1025): [perfLockRel] hdl:13429, idx:2
01-19 15:30:10.046 I/libPowerHal( 1025): [unsetGPUFreq] current min:0, max:0; scn_gpu_min:0, scn_gpu_max:-1; scn_gpu_min(HL):-1, scn_gpu_max(HL):-1
01-19 15:30:10.046 I/libPowerHal( 1025): [setGPUFreq] Soft min/max = (0, 0); Hard min/max = (2, 0)
01-19 15:30:10.046 I/libPowerHal( 1025): [setGPUFreq] final min/max = (0, 0)
01-19 15:30:10.046 I/libPowerHal( 1025): INTERACTION: set gpu opp level: 0
01-19 15:30:10.046 I/libPowerHal( 1025): INTERACTION: set gpu opp level max: 0
01-19 15:30:10.048 I/mtkpower@impl( 1025): [powerd_req] TIMER_MSG_PERF_LOCK_TIMEOUT hdl:13430
01-19 15:30:10.048 I/libPowerHal( 1025): [perfLockRel] hdl:13430, idx:3
01-19 15:30:10.048 I/libPowerHal( 1025): [unsetGPUFreq] current min:0, max:0; scn_gpu_min:0, scn_gpu_max:-1; scn_gpu_min(HL):-1, scn_gpu_max(HL):-1
01-19 15:30:10.048 I/libPowerHal( 1025): INTERACTION: set gpu opp level: 1
01-19 15:30:10.048 I/libPowerHal( 1025): INTERACTION: set gpu opp level max: 0
01-19 15:30:10.048 I/libPowerHal( 1025): [setGPUFreq] Soft min/max = (1, 0); Hard min/max = (2, 0)
01-19 15:30:10.048 I/libPowerHal( 1025): [setGPUFreq] final min/max = (1, 0)
01-19 15:30:10.048 I/libPowerHal( 1025): INTERACTION: set gpu opp level: 1
01-19 15:30:10.048 I/libPowerHal( 1025): INTERACTION: set gpu opp level max: 0
01-19 15:30:10.048 I/libPowerHal( 1025): [PD] INTERACTION update cmd:1000000, param:-1
01-19 15:30:10.049 I/libPowerHal( 1025): [PD] INTERACTION update cmd:2020000 param:1
01-19 15:30:10.049 I/libPowerHal( 1025): [PD] INTERACTION update cmd:1000000 param:-1
01-19 15:30:10.075 D/PowerManagerService( 1654): userActivityNoUpdateLocked: groupId=0, eventTime=216560635, event=2, flags=0x0, uid=1000
01-19 15:30:10.076 I/libPowerHal( 1025): [setGPUFreq] INTERACTION user set gpu freq min:0, max:-1
01-19 15:30:10.076 I/libPowerHal( 1025): INTERACTION: set gpu opp level: 0
01-19 15:30:10.076 I/libPowerHal( 1025): INTERACTION: set gpu opp level max: 0
01-19 15:30:10.076 I/libPowerHal( 1025): [setGPUFreq] Soft min/max = (0, 0); Hard min/max = (2, 0)
01-19 15:30:10.076 I/libPowerHal( 1025): [setGPUFreq] final min/max = (0, 0)
01-19 15:30:10.076 I/libPowerHal( 1025): INTERACTION: set gpu opp level: 0
01-19 15:30:10.076 I/libPowerHal( 1025): INTERACTION: set gpu opp level max: 0
01-19 15:30:10.077 I/libPowerHal( 1025): [setGPUFreq] INTERACTION user set gpu freq min:0, max:-1
01-19 15:30:10.077 I/libPowerHal( 1025): INTERACTION: set gpu opp level max: 0
01-19 15:30:10.077 I/libPowerHal( 1025): [setGPUFreq] Soft min/max = (0, 0); Hard min/max = (2, 0)
01-19 15:30:10.077 I/libPowerHal( 1025): [setGPUFreq] final min/max = (0, 0)
01-19 15:30:10.077 I/libPowerHal( 1025): INTERACTION: set gpu opp level: 0
01-19 15:30:10.078 I/libPowerHal( 1025): INTERACTION: set gpu opp level max: 0
01-19 15:30:10.100 I/libPowerHal( 1025): [perfLockRel] hdl:13428, idx:1
01-19 15:30:10.100 I/libPowerHal( 1025): [unsetGPUFreq] current min:0, max:0; scn_gpu_min:1, scn_gpu_max:-1; scn_gpu_min(HL):-1, scn_gpu_max(HL):-1
01-19 15:30:10.100 I/libPowerHal( 1025): [setGPUFreq] Soft min/max = (0, 0); Hard min/max = (2, 0)
01-19 15:30:10.100 I/libPowerHal( 1025): [setGPUFreq] final min/max = (0, 0)
01-19 15:30:10.100 I/libPowerHal( 1025): MTKPOWER_HINT_APP_TOUCH: set gpu opp level: 0
01-19 15:30:10.100 I/libPowerHal( 1025): MTKPOWER_HINT_APP_TOUCH: set gpu opp level max: 0
01-19 15:30:10.100 I/libPowerHal( 1025): [PD] MTKPOWER_HINT_APP_TOUCH update cmd:3408600 param:0
01-19 15:30:10.103 D/OplusScrollToTopManager(20021): unregisterGuidePopupDismissReceiverInSystemUI
01-19 15:30:10.103 D/OplusScrollToTopManager(20021): Receiver not registered: android.view.OplusScrollToTopManager$1@4ac557f
01-19 15:30:10.103 D/OplusScrollToTopManager(20021): unregisterSystemUIBroadcastReceiver 
01-19 15:30:10.103 D/OplusScrollToTopManager(20021): java.lang.IllegalArgumentException: Receiver not registered: android.view.OplusScrollToTopManager$2@ea7494c
01-19 15:30:10.105 D/CoreBackPreview( 1654): Window{d38e1a0 u0 com.THLight.BLE.USBeacon.Writer.Simple.dev/com.THLight.BLE.USBeacon.Writer.Simple.ui.activity.scan.ScanDeviceListActivity}: Setting back callback null
01-19 15:30:10.106 V/ZoomWindowDecorView(20021): removeZoomView
01-19 15:30:10.109 D/OpenGLRenderer(20021): endAllActiveAnimators on 0xb400006fda535e00 (RippleDrawable) with handle 0xb40000704732aea0
01-19 15:30:10.110 W/InputManager-JNI( 1654): Input channel object 'd38e1a0 com.THLight.BLE.USBeacon.Writer.Simple.dev/com.THLight.BLE.USBeacon.Writer.Simple.ui.activity.scan.ScanDeviceListActivity (client)' was disposed without first being removed with the input manager!
01-19 15:30:10.112 D/BLASTBufferQueue(20021): [VRI[ScanDeviceListActivity]#3](f:0,a:1) destructor()
01-19 15:30:10.112 D/BufferQueueConsumer(20021): [VRI[ScanDeviceListActivity]#3(BLAST Consumer)3](id:4e3500000003,api:0,p:-1,c:20021) disconnect
01-19 15:30:10.114 V/WindowManager( 1654): Changing focus from Window{d38e1a0 u0 com.THLight.BLE.USBeacon.Writer.Simple.dev/com.THLight.BLE.USBeacon.Writer.Simple.ui.activity.scan.ScanDeviceListActivity EXITING} to Window{ad0f33b u0 com.THLight.BLE.USBeacon.Writer.Simple.dev/com.THLight.BLE.USBeacon.Writer.Simple.ui.activity.scan.ScanDeviceListActivity},diplayid=0
01-19 15:30:10.118 D/Theia.NoFocusWindow( 1654): FocusWindowErrorScene cancelCheckFreezeScreen
01-19 15:30:10.124 I/Quality (20021): Skipped: true 1 cost 20.026928 refreshRate 16708144 bit true processName com.THLight.BLE.USBeacon.Writer.Simple.dev
01-19 15:30:10.125 D/Layer   ( 1123): reparent to null sequence=10190, seq[1], name=Surface(name=53ed7a StatusBar)/@0x47c2944 - animation-leash of insets_animation#10190
01-19 15:30:10.125 D/Layer   ( 1123): reparent to null sequence=10191, seq[2], name=Surface(name=91d88c3 NavigationBar0)/@0xc087a2d - animation-leash of insets_animation#10191
01-19 15:30:10.126 D/OplusLayer( 1123): ~Layer() sequence=10190, name=Surface(name=53ed7a StatusBar)/@0x47c2944 - animation-leash of insets_animation#10190
01-19 15:30:10.126 D/OplusLayer( 1123): ~Layer() sequence=10191, name=Surface(name=91d88c3 NavigationBar0)/@0xc087a2d - animation-leash of insets_animation#10191
01-19 15:30:10.126 I/libPowerHal( 1025): [setGPUFreq] INTERACTION user set gpu freq min:0, max:-1
01-19 15:30:10.126 I/libPowerHal( 1025): INTERACTION: set gpu opp level max: 0
01-19 15:30:10.127 I/libPowerHal( 1025): [setGPUFreq] Soft min/max = (0, 0); Hard min/max = (2, 0)
01-19 15:30:10.127 I/libPowerHal( 1025): [setGPUFreq] final min/max = (0, 0)
01-19 15:30:10.127 I/libPowerHal( 1025): INTERACTION: set gpu opp level: 0
01-19 15:30:10.127 I/libPowerHal( 1025): INTERACTION: set gpu opp level max: 0
01-19 15:30:10.128 I/DispPerfService( 1123): updateLayerMask 0
01-19 15:30:10.128 I/FocusResolver( 1654): updateFocusedWindow,  on display 0, reason: NO_WINDOW, result:   FocusedWindows: <none>
01-19 15:30:10.130 V/WindowManager( 1654): Unknown focus tokens, dropping reportFocusChanged
01-19 15:30:10.143 I/FocusResolver( 1654): updateFocusedWindow, ad0f33b com.THLight.BLE.USBeacon.Writer.Simple.dev/com.THLight.BLE.USBeacon.Writer.Simple.ui.activity.scan.ScanDeviceListActivity on display 0, reason: setFocusedWindow, result:   FocusedWindows:
01-19 15:30:10.143 I/FocusResolver( 1654):     displayId=0, name='ad0f33b com.THLight.BLE.USBeacon.Writer.Simple.dev/com.THLight.BLE.USBeacon.Writer.Simple.ui.activity.scan.ScanDeviceListActivity'
01-19 15:30:10.144 D/VRI[ScanDeviceListActivity](20021): onFocusEvent true
01-19 15:30:10.156 I/mtkpower@impl( 1025): [powerd_req] TIMER_MSG_PERF_LOCK_TIMEOUT hdl:13432
01-19 15:30:10.156 I/libPowerHal( 1025): [perfLockRel] hdl:13432, idx:2
01-19 15:30:10.156 I/libPowerHal( 1025): [unsetGPUFreq] current min:0, max:0; scn_gpu_min:0, scn_gpu_max:-1; scn_gpu_min(HL):-1, scn_gpu_max(HL):-1
01-19 15:30:10.156 I/libPowerHal( 1025): [setGPUFreq] Soft min/max = (0, 0); Hard min/max = (2, 0)
01-19 15:30:10.156 I/libPowerHal( 1025): [setGPUFreq] final min/max = (0, 0)
01-19 15:30:10.156 I/libPowerHal( 1025): INTERACTION: set gpu opp level: 0
01-19 15:30:10.156 I/libPowerHal( 1025): INTERACTION: set gpu opp level max: 0
01-19 15:30:10.158 I/mtkpower@impl( 1025): [powerd_req] TIMER_MSG_PERF_LOCK_TIMEOUT hdl:13433
01-19 15:30:10.158 I/libPowerHal( 1025): [perfLockRel] hdl:13433, idx:3
01-19 15:30:10.158 I/libPowerHal( 1025): [unsetGPUFreq] current min:0, max:0; scn_gpu_min:0, scn_gpu_max:-1; scn_gpu_min(HL):-1, scn_gpu_max(HL):-1
01-19 15:30:10.158 I/libPowerHal( 1025): [setGPUFreq] Soft min/max = (0, 0); Hard min/max = (2, 0)
01-19 15:30:10.158 I/libPowerHal( 1025): [setGPUFreq] final min/max = (0, 0)
01-19 15:30:10.158 I/libPowerHal( 1025): INTERACTION: set gpu opp level: 0
01-19 15:30:10.158 I/libPowerHal( 1025): INTERACTION: set gpu opp level max: 0
01-19 15:30:10.207 I/mtkpower@impl( 1025): [powerd_req] TIMER_MSG_PERF_LOCK_TIMEOUT hdl:13434
01-19 15:30:10.207 I/libPowerHal( 1025): [perfLockRel] hdl:13434, idx:1
01-19 15:30:10.207 I/libPowerHal( 1025): INTERACTION: cpu_ctrl set cpu freq: -1 -1 -1 -1
01-19 15:30:10.207 I/libPowerHal( 1025): [unsetGPUFreq] current min:0, max:0; scn_gpu_min:0, scn_gpu_max:-1; scn_gpu_min(HL):-1, scn_gpu_max(HL):-1
01-19 15:30:10.208 I/libPowerHal( 1025): INTERACTION: set gpu opp level: 2
01-19 15:30:10.208 I/libPowerHal( 1025): INTERACTION: set gpu opp level max: 0
01-19 15:30:10.208 I/libPowerHal( 1025): [setGPUFreq] Soft min/max = (2, 0); Hard min/max = (2, 0)
01-19 15:30:10.208 I/libPowerHal( 1025): [setGPUFreq] final min/max = (2, 0)
01-19 15:30:10.208 I/libPowerHal( 1025): INTERACTION: set gpu opp level: 2
01-19 15:30:10.208 I/libPowerHal( 1025): INTERACTION: set gpu opp level max: 0
01-19 15:30:10.208 I/libPowerHal( 1025): [PD] INTERACTION update cmd:1000000, param:-1
01-19 15:30:10.208 I/libPowerHal( 1025): [PD] INTERACTION update cmd:2020000 param:1
01-19 15:30:10.208 I/libPowerHal( 1025): [PD] INTERACTION update cmd:1000000 param:-1
