01-19 15:30:10.293 D/Layer   ( 1123): reparent to null sequence=10192, seq[4], name=com.THLight.BLE.USBeacon.Writer.Simple.dev/com.THLight.BLE.USBeacon.Writer.Simple.ui.activity.scan.ScanDeviceListActivity#10192
01-19 15:30:10.293 D/Layer   ( 1123): reparent to null sequence=10189, seq[10], name=d38e1a0 com.THLight.BLE.USBeacon.Writer.Simple.dev/com.THLight.BLE.USBeacon.Writer.Simple.ui.activity.scan.ScanDeviceListActivity#10189
01-19 15:30:10.293 D/Layer   ( 1123): reparent to null sequence=10194, seq[32], name=Surface(name=d38e1a0 com.THLight.BLE.USBeacon.Writer.Simple.dev/com.THLight.BLE.USBeacon.Writer.Simple.ui.activity.scan.ScanDeviceListActivity)/@0xafb6cd - animation-leash of window_animation#10194
01-19 15:30:10.294 D/OplusLayer( 1123): ~Layer() sequence=10194, name=Surface(name=d38e1a0 com.THLight.BLE.USBeacon.Writer.Simple.dev/com.THLight.BLE.USBeacon.Writer.Simple.ui.activity.scan.ScanDeviceListActivity)/@0xafb6cd - animation-leash of window_animation#10194
01-19 15:30:10.294 D/OplusLayer( 1123): ~Layer() sequence=10189, name=d38e1a0 com.THLight.BLE.USBeacon.Writer.Simple.dev/com.THLight.BLE.USBeacon.Writer.Simple.ui.activity.scan.ScanDeviceListActivity#10189
01-19 15:30:10.299 I/BufferQueueDebug( 1123): [com.THLight.BLE.USBeacon.Writer.Simple.dev/com.THLight.BLE.USBeacon.Writer.Simple.ui.activity.scan.ScanDeviceListActivity#10192](this:0xb4000072d525e9e8,id:-1,api:0,p:-1,c:1123) onDestructor()
01-19 15:30:10.299 D/OplusLayer( 1123): ~Layer() sequence=10192, name=com.THLight.BLE.USBeacon.Writer.Simple.dev/com.THLight.BLE.USBeacon.Writer.Simple.ui.activity.scan.ScanDeviceListActivity#10192
01-19 15:30:10.300 I/DispPerfService( 1123): updateLayerMask 0
01-19 15:30:10.361 I/bt_l2cap( 2751): LogMsg: l2cble_process_conn_update_evt
01-19 15:30:10.361 I/bt_btm  ( 2751): LogMsg: btm_bda_to_acl: bda=60:77:71:fc:68:cf transport=2
01-19 15:30:10.361 I/bt_btm  ( 2751): LogMsg: btm_find_or_alloc_dev
01-19 15:30:10.361 I/bt_l2cap( 2751): LogMsg: l2cble_start_conn_update mask:0008 p_lcb->min_interval:12
01-19 15:30:10.361 I/bt_l2cap( 2751): LogMsg: l2cble_process_conn_update_evt: conn_update_mask=8
01-19 15:30:10.362 I/bt_btm  ( 2751): LogMsg: is_handle_equal: handle=512 is not found
01-19 15:30:10.362 I/bt_btm  ( 2751): LogMsg: is_handle_equal: handle=512 is not found
01-19 15:30:10.362 I/bt_btm  ( 2751): LogMsg: is_handle_equal: handle=512 is not found
01-19 15:30:10.362 I/bt_btm  ( 2751): LogMsg: is_handle_equal: handle=512 is not found
01-19 15:30:10.362 I/bt_btif ( 2751): LogMsg: bta_dm_gattc_callback event = 26
01-19 15:30:10.362 V/bt_stack( 2751): [VERBOSE2:hearing_aid.cc(1844)] hearingaid_gattc_callback event = 26
01-19 15:30:10.362 I/bt_btif ( 2751): LogMsg: bta_hh_gattc_callback event:BTA_GATTC_CONN_UPDATE_EVT
01-19 15:30:10.362 I/bt_btif ( 2751): LogMsg: btif_transfer_context event 22, len 24
01-19 15:30:10.362 I/bt_btif ( 2751): LogMsg: btif_transfer_context event 26, len 528
01-19 15:30:10.363 I/bt_btif ( 2751): LogMsg: btapp_gatts_handle_cback: HAL bt_gatt_callbacks->server->conn_updated_cb
01-19 15:30:10.363 D/BtGatt.GattService( 2751): onServerConnUpdate() - connId=6, status=0
01-19 15:30:10.363 I/bt_btif ( 2751): LogMsg: btif_gattc_upstreams_evt: HAL bt_gatt_callbacks->client->conn_updated_cb
01-19 15:30:10.363 D/BtGatt.GattService( 2751): onClientConnUpdate() - connId=8, status=0
01-19 15:30:10.364 D/BluetoothGattServer(23348): onConnectionUpdated() - Device=60:77:71:FC:68:CF interval=12 latency=0 timeout=100 status=0
01-19 15:30:10.743 I/libPowerHal( 1025): [updateFPS] pid(20021) : 60 => 90
01-19 15:30:10.748 E/UxUtility( 1025): notifyAppState error = NULL
01-19 15:30:10.748 I/TouchUtility( 1025): notifyAppState error = NULL
01-19 15:30:10.887 D/OplusWifiSarManager( 1654): wifisarprop msg=11110001001000011 sar_idx=11110000001000011
01-19 15:30:11.036 E/IHansComunication( 4494): HANS printMessageBody: RCV message: type = 3,port = 86870,caller_pid = 1,caller_uid = 0,target_pid = 20348,target_uid = 0,pkg_cmd = -1,rpc = signal/-1
01-19 15:30:11.439 I/Process (19348): Sending signal. PID: 19348 SIG: 9
01-19 15:30:11.505 I/Zygote  (  984): Process 19348 exited due to signal 9 (Killed)
01-19 15:30:11.507 W/Process ( 1654): Unable to open /proc/19348/status
01-19 15:30:11.508 I/ActivityManager( 1654): Process com.oplus.statistics.rom:cc (pid 19348) has died: prev LAST
01-19 15:30:11.508 I/libprocessgroup( 1654): Successfully killed process cgroup uid 10262 pid 19348 in 0ms
01-19 15:30:11.509 D/OplusUIFirst_FB( 1654): com.oplus.statistics.rom remove pid: 19348
01-19 15:30:11.509 I/mtkpower_client( 1654): [Legacy][PowerHal_Wrap_notifyAppState] com.oplus.statistics.rom/com.oplus.statistics.rom pid=19348 state:3
01-19 15:30:11.509 I/game_scn( 1654): collectForegroundAppList packName=com.oplus.statistics.rom, actName=com.oplus.statistics.rom, pid=19348, uid=10262, state:DEAD
01-19 15:30:11.515 D/RilUtility( 1025): notify_rild_crash_pid_set certPid:-1, crash:19348, scn:0x0
01-19 15:30:11.515 V/DeepThinker(23486): ProcessManager: onProcessDied pid:19348, uid:10262
01-19 15:30:11.519 D/ConnectivityService( 1654): releasing NetworkRequest [ REQUEST id=4208, [ Capabilities: INTERNET&NOT_RESTRICTED&TRUSTED&NOT_VCN_MANAGED Uid: 10262 RequestorUid: 10262 RequestorPkg: com.oplus.statistics.rom UnderlyingNetworks: Null] ] (release request)
01-19 15:30:11.519 D/IMGMemtrackHAL( 1008): hal_get_memory: memtrack cache rebuild was required
01-19 15:30:11.520 D/BluetoothGatt(20021): discoverServices() - device: 60:77:71:FC:68:CF
01-19 15:30:11.528 D/BtGatt.GattService( 2751): discoverServices() - address=60:77:71:FC:68:CF, connId=8
01-19 15:30:11.529 I/bt_btif ( 2751): LogMsg: bta_sys_event: Event 0x1f09
01-19 15:30:11.529 V/bt_stack( 2751): [VERBOSE1:bta_gattc_main.cc(314)] bta_gattc_sm_execute: State 0x02, Event 0x1f09
01-19 15:30:11.529 V/bt_stack( 2751): [VERBOSE1:bta_gattc_act.cc(1211)] bta_gattc_search: conn_id=0x0008
01-19 15:30:11.530 I/bt_btif ( 2751): LogMsg: btif_transfer_context event 7, len 528
01-19 15:30:11.530 I/bt_btif ( 2751): LogMsg: btif_transfer_context event 7, len 528
01-19 15:30:11.530 I/bt_btif ( 2751): LogMsg: btif_transfer_context event 7, len 528
01-19 15:30:11.530 I/bt_btif ( 2751): LogMsg: btif_transfer_context event 7, len 528
01-19 15:30:11.530 I/bt_btif ( 2751): LogMsg: btif_transfer_context event 7, len 528
01-19 15:30:11.530 I/bt_btif ( 2751): LogMsg: btif_transfer_context event 6, len 528
01-19 15:30:11.530 V/bt_stack( 2751): [VERBOSE1:bta_gattc_main.cc(350)] bta_gattc_sm_execute: GATTC State Change: 0x02 -> 0x02 after Event 0x1f09
01-19 15:30:11.530 I/bt_btif ( 2751): LogMsg: btif_gattc_upstreams_evt: HAL bt_gatt_callbacks->client->search_complete_cb
01-19 15:30:11.530 D/BtGatt.GattService( 2751): onSearchCompleted() - connId=8, status=0
01-19 15:30:11.532 D/BluetoothGatt(20021): onConnectionUpdated() - Device=60:77:71:FC:68:CF interval=6 latency=0 timeout=500 status=0
01-19 15:30:11.532 I/bt_bta_gattc( 2751): bta_gattc_get_gatt_db: bta_gattc_get_gatt_db
01-19 15:30:11.532 V/bt_stack( 2751): [VERBOSE1:bta_gattc_cache.cc(960)] bta_gattc_get_gatt_db_impl: start_handle 0x0000, end_handle 0xffff
01-19 15:30:11.532 I/bt_btif ( 2751): LogMsg: btif_gattc_get_gatt_db_impl: HAL bt_gatt_callbacks->client->get_gatt_db_cb
01-19 15:30:11.533 D/BluetoothGatt(20021): onConnectionUpdated() - Device=60:77:71:FC:68:CF interval=39 latency=0 timeout=500 status=0
01-19 15:30:11.533 D/BtGatt.GattService( 2751): onGetGattDb() - address=60:77:71:FC:68:CF
01-19 15:30:11.533 D/BtGatt.GattService( 2751): got service with UUID=00001800-0000-1000-8000-00805f9b34fb id: 1
01-19 15:30:11.533 D/BtGatt.GattService( 2751): got characteristic with UUID=00002a00-0000-1000-8000-00805f9b34fb id: 3
01-19 15:30:11.533 D/BtGatt.GattService( 2751): got characteristic with UUID=00002a01-0000-1000-8000-00805f9b34fb id: 5
01-19 15:30:11.533 D/BtGatt.GattService( 2751): got characteristic with UUID=00002a04-0000-1000-8000-00805f9b34fb id: 7
01-19 15:30:11.533 D/BtGatt.GattService( 2751): got service with UUID=00001801-0000-1000-8000-00805f9b34fb id: 8
01-19 15:30:11.533 D/BtGatt.GattService( 2751): got service with UUID=0000180a-0000-1000-8000-00805f9b34fb id: 9
01-19 15:30:11.533 D/BtGatt.GattService( 2751): got characteristic with UUID=00002a23-0000-1000-8000-00805f9b34fb id: 11
01-19 15:30:11.533 D/BtGatt.GattService( 2751): got characteristic with UUID=00002a24-0000-1000-8000-00805f9b34fb id: 13
01-19 15:30:11.533 D/BtGatt.GattService( 2751): got characteristic with UUID=00002a25-0000-1000-8000-00805f9b34fb id: 15
01-19 15:30:11.534 D/BtGatt.GattService( 2751): got characteristic with UUID=00002a26-0000-1000-8000-00805f9b34fb id: 17
01-19 15:30:11.534 D/BtGatt.GattService( 2751): got characteristic with UUID=00002a27-0000-1000-8000-00805f9b34fb id: 19
01-19 15:30:11.534 D/BtGatt.GattService( 2751): got characteristic with UUID=00002a28-0000-1000-8000-00805f9b34fb id: 21
01-19 15:30:11.534 D/BtGatt.GattService( 2751): got characteristic with UUID=00002a29-0000-1000-8000-00805f9b34fb id: 23
01-19 15:30:11.534 D/BtGatt.GattService( 2751): got characteristic with UUID=00002a2a-0000-1000-8000-00805f9b34fb id: 25
01-19 15:30:11.534 D/BtGatt.GattService( 2751): got characteristic with UUID=00002a50-0000-1000-8000-00805f9b34fb id: 27
01-19 15:30:11.534 D/BtGatt.GattService( 2751): got service with UUID=0000f000-0000-1000-8000-00805f9b34fb id: 28
01-19 15:30:11.534 D/BtGatt.GattService( 2751): got characteristic with UUID=0000f001-0000-1000-8000-00805f9b34fb id: 30
01-19 15:30:11.534 D/BtGatt.GattService( 2751): got descriptor with UUID=00002901-0000-1000-8000-00805f9b34fb id: 31
01-19 15:30:11.534 D/BtGatt.GattService( 2751): got characteristic with UUID=0000f002-0000-1000-8000-00805f9b34fb id: 33
01-19 15:30:11.534 D/BtGatt.GattService( 2751): got descriptor with UUID=00002901-0000-1000-8000-00805f9b34fb id: 34
01-19 15:30:11.534 D/BtGatt.GattService( 2751): got service with UUID=f000ffc0-0451-4000-b000-000000000000 id: 35
01-19 15:30:11.534 D/BtGatt.GattService( 2751): got characteristic with UUID=f000ffc1-0451-4000-b000-000000000000 id: 37
01-19 15:30:11.534 D/BtGatt.GattService( 2751): got descriptor with UUID=00002902-0000-1000-8000-00805f9b34fb id: 38
01-19 15:30:11.534 D/BtGatt.GattService( 2751): got descriptor with UUID=00002901-0000-1000-8000-00805f9b34fb id: 39
01-19 15:30:11.534 D/BtGatt.GattService( 2751): got characteristic with UUID=f000ffc2-0451-4000-b000-000000000000 id: 41
01-19 15:30:11.534 D/BtGatt.GattService( 2751): got descriptor with UUID=00002902-0000-1000-8000-00805f9b34fb id: 42
01-19 15:30:11.534 D/BtGatt.GattService( 2751): got descriptor with UUID=00002901-0000-1000-8000-00805f9b34fb id: 43
01-19 15:30:11.534 D/BtGatt.GattService( 2751): got characteristic with UUID=f000ffc3-0451-4000-b000-000000000000 id: 45
01-19 15:30:11.534 D/BtGatt.GattService( 2751): got descriptor with UUID=00002901-0000-1000-8000-00805f9b34fb id: 46
01-19 15:30:11.536 D/BluetoothGatt(20021): onConnectionUpdated() - Device=60:77:71:FC:68:CF interval=12 latency=0 timeout=100 status=0
01-19 15:30:11.539 D/BluetoothGatt(20021): onSearchComplete() = Device=60:77:71:FC:68:CF Status=0
01-19 15:30:11.539 I/System.out(20021): ConnectBLE onServicesDiscovered
01-19 15:30:11.539 I/System.out(20021): ConnectBLE onServicesDiscovered GATT_SUCCESS
01-19 15:30:11.539 I/System.out(20021): ConnectBLE generateDeviceDataService  
01-19 15:30:11.540 I/System.out(20021): ConnectBLE generateDeviceDataService versionCharacteristic 00002a26-0000-1000-8000-00805f9b34fb
01-19 15:30:11.540 I/System.out(20021): ConnectBLE generateCommandCharacteristic : 0000f001-0000-1000-8000-00805f9b34fb
01-19 15:30:11.540 I/System.out(20021): ConnectBLE generateAckCharacteristic : 0000f002-0000-1000-8000-00805f9b34fb
01-19 15:30:11.543 I/System.out(20021): ConnectBLE generateUuidService step 1 
01-19 15:30:11.543 D/OplusScrollToTopManager(20021): unregisterGuidePopupDismissReceiverInSystemUI
01-19 15:30:11.543 D/OplusScrollToTopManager(20021): Receiver not registered: android.view.OplusScrollToTopManager$1@2578d95
01-19 15:30:11.543 D/OplusScrollToTopManager(20021): unregisterSystemUIBroadcastReceiver 
01-19 15:30:11.543 D/OplusScrollToTopManager(20021): java.lang.IllegalArgumentException: Receiver not registered: android.view.OplusScrollToTopManager$2@2a8deaa
01-19 15:30:11.544 D/CoreBackPreview( 1654): Window{ad0f33b u0 com.THLight.BLE.USBeacon.Writer.Simple.dev/com.THLight.BLE.USBeacon.Writer.Simple.ui.activity.scan.ScanDeviceListActivity}: Setting back callback null
01-19 15:30:11.545 V/ZoomWindowDecorView(20021): removeZoomView
01-19 15:30:11.550 D/BLASTBufferQueue(20021): [VRI[ScanDeviceListActivity]#2](f:0,a:1) destructor()
01-19 15:30:11.550 D/BufferQueueConsumer(20021): [VRI[ScanDeviceListActivity]#2(BLAST Consumer)2](id:4e3500000002,api:0,p:-1,c:20021) disconnect
01-19 15:30:11.552 W/InputManager-JNI( 1654): Input channel object 'ad0f33b com.THLight.BLE.USBeacon.Writer.Simple.dev/com.THLight.BLE.USBeacon.Writer.Simple.ui.activity.scan.ScanDeviceListActivity (client)' was disposed without first being removed with the input manager!
01-19 15:30:11.555 V/WindowManager( 1654): Changing focus from Window{ad0f33b u0 com.THLight.BLE.USBeacon.Writer.Simple.dev/com.THLight.BLE.USBeacon.Writer.Simple.ui.activity.scan.ScanDeviceListActivity EXITING} to Window{8a4b098 u0 com.THLight.BLE.USBeacon.Writer.Simple.dev/com.THLight.BLE.USBeacon.Writer.Simple.ui.activity.scan.ScanDeviceListActivity},diplayid=0
01-19 15:30:11.560 D/Theia.NoFocusWindow( 1654): FocusWindowErrorScene cancelCheckFreezeScreen
01-19 15:30:11.562 I/FocusResolver( 1654): updateFocusedWindow,  on display 0, reason: NO_WINDOW, result:   FocusedWindows: <none>
01-19 15:30:11.563 I/libPowerHal( 1025): [setGPUFreq] INTERACTION user set gpu freq min:0, max:-1
01-19 15:30:11.563 I/libPowerHal( 1025): INTERACTION: set gpu opp level: 0
01-19 15:30:11.564 I/libPowerHal( 1025): INTERACTION: set gpu opp level max: 0
01-19 15:30:11.564 I/libPowerHal( 1025): [setGPUFreq] Soft min/max = (0, 0); Hard min/max = (2, 0)
01-19 15:30:11.564 I/libPowerHal( 1025): [setGPUFreq] final min/max = (0, 0)
01-19 15:30:11.564 I/libPowerHal( 1025): INTERACTION: set gpu opp level: 0
01-19 15:30:11.564 I/libPowerHal( 1025): INTERACTION: set gpu opp level max: 0
01-19 15:30:11.564 I/libPowerHal( 1025): INTERACTION: cpu_ctrl set cpu freq: 2139000 -1 1491000 -1
01-19 15:30:11.575 V/WindowManager( 1654): Unknown focus tokens, dropping reportFocusChanged
01-19 15:30:11.576 D/Layer   ( 1123): reparent to null sequence=10195, seq[1], name=Surface(name=53ed7a StatusBar)/@0x47c2944 - animation-leash of insets_animation#10195
01-19 15:30:11.576 D/Layer   ( 1123): reparent to null sequence=10196, seq[2], name=Surface(name=91d88c3 NavigationBar0)/@0xc087a2d - animation-leash of insets_animation#10196
01-19 15:30:11.577 D/OplusLayer( 1123): ~Layer() sequence=10195, name=Surface(name=53ed7a StatusBar)/@0x47c2944 - animation-leash of insets_animation#10195
01-19 15:30:11.577 D/OplusLayer( 1123): ~Layer() sequence=10196, name=Surface(name=91d88c3 NavigationBar0)/@0xc087a2d - animation-leash of insets_animation#10196
01-19 15:30:11.578 I/libPowerHal( 1025): [setGPUFreq] INTERACTION user set gpu freq min:0, max:-1
01-19 15:30:11.578 I/libPowerHal( 1025): INTERACTION: set gpu opp level max: 0
01-19 15:30:11.578 I/libPowerHal( 1025): [setGPUFreq] Soft min/max = (0, 0); Hard min/max = (2, 0)
01-19 15:30:11.578 I/libPowerHal( 1025): [setGPUFreq] final min/max = (0, 0)
01-19 15:30:11.578 I/libPowerHal( 1025): INTERACTION: set gpu opp level: 0
01-19 15:30:11.578 I/libPowerHal( 1025): INTERACTION: set gpu opp level max: 0
01-19 15:30:11.584 I/ActivityTaskManager( 1654): START u0 {cmp=com.THLight.BLE.USBeacon.Writer.Simple.dev/com.THLight.BLE.USBeacon.Writer.Simple.ui.activity.connect.EditDeviceActivity (has extras) mCallingUid=10154} from uid 10154
01-19 15:30:11.585 I/mtkpower_client( 1654): perf_lock_rel, hdl:13431, tid:2356
01-19 15:30:11.585 I/mtkpower_client( 1654): perf_lock_acq, hdl:13431, dur:0, num:8, tid:2356
01-19 15:30:11.585 I/libPowerHal( 1025): [perfLockRel] hdl:13431, idx:0
01-19 15:30:11.587 I/mtkpower_client( 1654): ret_hdl:13437
01-19 15:30:11.587 I/libPowerHal( 1025): cmdSetting - unknown cmd:2004100, scmd:(null) ,param_1:0
01-19 15:30:11.587 D/CompatibilityChangeReporter( 1654): Compat change id reported: 194480991; UID 10154; state: ENABLED
01-19 15:30:11.587 I/libPowerHal( 1025): system_server: cpu_ctrl set cpu freq: 2301000 -1 1800000 -1
01-19 15:30:11.588 D/OplusZoomWindowRUSConfigManager( 1654): isSupportZoomModeWithPolicyLocked: target = com.THLight.BLE.USBeacon.Writer.Simple.dev/com.THLight.BLE.USBeacon.Writer.Simple.ui.activity.connect.EditDeviceActivity
01-19 15:30:11.589 D/OplusZoomWindowRUSConfigManager( 1654): targetPkg = com.THLight.BLE.USBeacon.Writer.Simple.dev
01-19 15:30:11.589 V/OplusZoomWindowManagerService( 1654): unSupportZoom: false ,callingPid: 20021 ,sourceStack: Task{ea961b7 #230 type=standard A=10154:com.THLight.BLE.USBeacon.Writer.Simple.dev U=0 visible=true visibleRequested=true mode=fullscreen translucent=false sz=1}
01-19 15:30:11.590 D/CompatibilityChangeReporter( 1654): Compat change id reported: 174042980; UID 10154; state: DISABLED
01-19 15:30:11.591 D/CompatibilityChangeReporter( 1654): Compat change id reported: 184838306; UID 10154; state: DISABLED
01-19 15:30:11.591 D/CompatibilityChangeReporter( 1654): Compat change id reported: 185004937; UID 10154; state: DISABLED
01-19 15:30:11.591 D/CompatibilityChangeReporter( 1654): Compat change id reported: 181136395; UID 10154; state: DISABLED
01-19 15:30:11.592 D/CompatibilityChangeReporter( 1654): Compat change id reported: 174042936; UID 10154; state: DISABLED
01-19 15:30:11.594 D/TaskFragmentExtImpl( 1654): add ActivityRecord{a03db76 u0 com.THLight.BLE.USBeacon.Writer.Simple.dev/com.THLight.BLE.USBeacon.Writer.Simple.ui.activity.connect.EditDeviceActivity} t230} to mActivityRecordSum = Counter{ com.THLight.BLE.USBeacon.Writer.Simple.dev/com.THLight.BLE.USBeacon.Writer.Simple.ui.activity.connect.EditDeviceActivity(1) com.THLight.BLE.USBeacon.Writer.Simple.dev/com.THLight.BLE.USBeacon.Writer.Simple.ui.activity.scan.ScanDeviceListActivity(1) }
01-19 15:30:11.596 I/mtkpower@impl( 1025): [setMode] type:5, enabled:1
01-19 15:30:11.596 D/ActivityTaskManager( 1654): getStartingWindowType: newTask=false, taskSwitch=false, processRunning=true, allowTaskSnapshot=true, activityCreated=false, snapshot=null, record:ActivityRecord{a03db76 u0 com.THLight.BLE.USBeacon.Writer.Simple.dev/com.THLight.BLE.USBeacon.Writer.Simple.ui.activity.connect.EditDeviceActivity} t230}
01-19 15:30:11.596 D/OplusZoomWindowRUSConfigManager( 1654): isSupportZoomModeWithPolicyLocked: target = com.THLight.BLE.USBeacon.Writer.Simple.dev/com.THLight.BLE.USBeacon.Writer.Simple.ui.activity.connect.EditDeviceActivity
01-19 15:30:11.596 D/OplusZoomWindowRUSConfigManager( 1654): targetPkg = com.THLight.BLE.USBeacon.Writer.Simple.dev
01-19 15:30:11.597 V/OplusZoomWindowManagerService( 1654): unSupportZoom: false ,callingPid: 20021 ,sourceStack: Task{ea961b7 #230 type=standard A=10154:com.THLight.BLE.USBeacon.Writer.Simple.dev U=0 visible=true visibleRequested=true mode=fullscreen translucent=false sz=2}
01-19 15:30:11.599 I/PowerHalWrapper( 1654): <amsBoostResume> last:com.THLight.BLE.USBeacon.Writer.Simple.dev, next:com.THLight.BLE.USBeacon.Writer.Simple.dev 
01-19 15:30:11.600 I/libPowerHal( 1025): [perfLockRel] hdl:13408, idx:-1
01-19 15:30:11.605 D/OplusUIFirst_FB( 1654): com.THLight.BLE.USBeacon.Writer.Simple.dev activity event: []
01-19 15:30:11.605 D/OplusUIFirst_FB( 1654): List of ThreadOp: size=0 []
01-19 15:30:11.608 I/Quality (20021): Skipped: false 3 cost 52.90595 refreshRate 16666667 bit true processName com.THLight.BLE.USBeacon.Writer.Simple.dev
01-19 15:30:11.612 I/FocusResolver( 1654): updateFocusedWindow, 8a4b098 com.THLight.BLE.USBeacon.Writer.Simple.dev/com.THLight.BLE.USBeacon.Writer.Simple.ui.activity.scan.ScanDeviceListActivity on display 0, reason: setFocusedWindow, result:   FocusedWindows:
01-19 15:30:11.612 I/FocusResolver( 1654):     displayId=0, name='8a4b098 com.THLight.BLE.USBeacon.Writer.Simple.dev/com.THLight.BLE.USBeacon.Writer.Simple.ui.activity.scan.ScanDeviceListActivity'
01-19 15:30:11.615 D/OplusUIFirst_FB( 1654): com.THLight.BLE.USBeacon.Writer.Simple.dev activity event: []
01-19 15:30:11.615 D/OplusUIFirst_FB( 1654): List of ThreadOp: size=0 []
01-19 15:30:11.615 D/OplusUIFirst_FB( 1654): handleParaSwitch com.THLight.BLE.USBeacon.Writer.Simple.dev null null 1
01-19 15:30:11.615 D/OplusUIFirst_FB( 1654): com.THLight.BLE.USBeacon.Writer.Simple.dev activity event: []
01-19 15:30:11.615 D/OplusUIFirst_FB( 1654): List of ThreadOp: size=0 []
01-19 15:30:11.615 D/OplusUIFirst_FB( 1654): handleParaSwitch com.THLight.BLE.USBeacon.Writer.Simple.dev null null 1
01-19 15:30:11.615 W/ActivityTaskManager( 1654): Tried to set launchTime (0) < mLastActivityLaunchTime (216537642)
01-19 15:30:11.630 D/OplusDexOptimizeManager( 1654): Do not in AppLaunchOptList!
01-19 15:30:11.633 I/PowerHalWrapper( 1654): amsBoostNotify pid:20021,activity:com.THLight.BLE.USBeacon.Writer.Simple.ui.activity.connect.EditDeviceActivity, package:com.THLight.BLE.USBeacon.Writer.Simple.dev, mProcessCreatePackcom.THLight.BLE.USBeacon.Writer.Simple.dev 
01-19 15:30:11.633 I/PowerHalWrapper( 1654): state: 1 
01-19 15:30:11.633 I/mtkpower_client( 1654): [Legacy][PowerHal_Wrap_notifyAppState] com.THLight.BLE.USBeacon.Writer.Simple.dev/com.THLight.BLE.USBeacon.Writer.Simple.ui.activity.connect.EditDeviceActivity pid=20021 state:1
01-19 15:30:11.633 I/game_scn( 1654): collectForegroundAppList packName=com.THLight.BLE.USBeacon.Writer.Simple.dev, actName=com.THLight.BLE.USBeacon.Writer.Simple.ui.activity.connect.EditDeviceActivity, pid=20021, uid=10154, state:RESUMED
01-19 15:30:11.633 I/PowerHalWrapper( 1654): amsBoostNotify AMS_BOOST_PROCESS_CREATE_BOOST:true 
01-19 15:30:11.634 I/InputDispatcher( 1654): setFocusedApplication displayId=0 ActivityRecord{a03db76 u0 com.THLight.BLE.USBeacon.Writer.Simple.dev/com.THLight.BLE.USBeacon.Writer.Simple.ui.activity.connect.EditDeviceActivity} t230}
01-19 15:30:11.635 V/WindowManager( 1654): Changing focus from Window{8a4b098 u0 com.THLight.BLE.USBeacon.Writer.Simple.dev/com.THLight.BLE.USBeacon.Writer.Simple.ui.activity.scan.ScanDeviceListActivity} to null,diplayid=0
01-19 15:30:11.636 D/Theia.NoFocusWindow( 1654): FocusWindowErrorScene CheckFreezeScreen
01-19 15:30:11.636 I/mtkpower@impl( 1025): [notifyAppState] act com.THLight.BLE.USBeacon.Writer.Simple.ui.activity.scan.ScanDeviceListActivity => com.THLight.BLE.USBeacon.Writer.Simple.ui.activity.connect.EditDeviceActivity
01-19 15:30:11.641 I/PowerHalWrapper( 1654): amsBoostNotify pid:20021,activity:com.THLight.BLE.USBeacon.Writer.Simple.ui.activity.scan.ScanDeviceListActivity, package:com.THLight.BLE.USBeacon.Writer.Simple.dev, mProcessCreatePackcom.THLight.BLE.USBeacon.Writer.Simple.dev 
01-19 15:30:11.641 I/PowerHalWrapper( 1654): state: 0 
01-19 15:30:11.641 I/mtkpower_client( 1654): [Legacy][PowerHal_Wrap_notifyAppState] com.THLight.BLE.USBeacon.Writer.Simple.dev/com.THLight.BLE.USBeacon.Writer.Simple.ui.activity.scan.ScanDeviceListActivity pid=20021 state:0
01-19 15:30:11.641 I/game_scn( 1654): collectForegroundAppList packName=com.THLight.BLE.USBeacon.Writer.Simple.dev, actName=com.THLight.BLE.USBeacon.Writer.Simple.ui.activity.scan.ScanDeviceListActivity, pid=20021, uid=10154, state:PAUSED
01-19 15:30:11.641 I/PowerHalWrapper( 1654): amsBoostNotify AMS_BOOST_PROCESS_CREATE_BOOST:true 
01-19 15:30:11.642 D/VRI[ScanDeviceListActivity](20021): onFocusEvent true
01-19 15:30:11.645 I/mtkpower@impl( 1025): [powerd_req] TIMER_MSG_PERF_LOCK_TIMEOUT hdl:13435
01-19 15:30:11.645 I/libPowerHal( 1025): [perfLockRel] hdl:13435, idx:1
01-19 15:30:11.645 I/libPowerHal( 1025): [unsetGPUFreq] current min:0, max:0; scn_gpu_min:0, scn_gpu_max:-1; scn_gpu_min(HL):-1, scn_gpu_max(HL):-1
01-19 15:30:11.645 I/libPowerHal( 1025): [setGPUFreq] Soft min/max = (0, 0); Hard min/max = (2, 0)
01-19 15:30:11.645 I/libPowerHal( 1025): [setGPUFreq] final min/max = (0, 0)
01-19 15:30:11.645 I/libPowerHal( 1025): INTERACTION: set gpu opp level: 0
01-19 15:30:11.645 I/libPowerHal( 1025): INTERACTION: set gpu opp level max: 0
01-19 15:30:11.645 I/mtkpower_client( 1654): perf_lock_rel, hdl:13437, tid:2356
01-19 15:30:11.646 D/libMEOW (20021): meow new tls: 0xb400006fcbfc4f00
01-19 15:30:11.646 D/libMEOW (20021): applied 1 plugins for [com.THLight.BLE.USBeacon.Writer.Simple.dev]:
01-19 15:30:11.646 D/libMEOW (20021):   plugin 1: [libMEOW_gift.so]: 0xb400007035992880
01-19 15:30:11.646 D/libMEOW (20021): rebuild call chain: 0xb400006fc81a6a80
01-19 15:30:11.648 D/libMEOW (20021): meow delete tls: 0xb400006fcbfc4f00
01-19 15:30:11.648 I/mtkpower_client( 1654): perf_lock_acq, hdl:13437, dur:0, num:8, tid:2356
01-19 15:30:11.648 I/libPowerHal( 1025): [perfLockRel] hdl:13437, idx:0
01-19 15:30:11.649 I/mtkpower_client( 1654): ret_hdl:13440
01-19 15:30:11.650 I/libPowerHal( 1025): cmdSetting - unknown cmd:2004100, scmd:(null) ,param_1:0
01-19 15:30:11.658 I/mtkpower@impl( 1025): [powerd_req] TIMER_MSG_PERF_LOCK_TIMEOUT hdl:13436
01-19 15:30:11.658 I/libPowerHal( 1025): [perfLockRel] hdl:13436, idx:2
01-19 15:30:11.659 I/libPowerHal( 1025): [unsetGPUFreq] current min:0, max:0; scn_gpu_min:0, scn_gpu_max:-1; scn_gpu_min(HL):-1, scn_gpu_max(HL):-1
01-19 15:30:11.659 I/libPowerHal( 1025): INTERACTION: set gpu opp level: 2
01-19 15:30:11.659 I/libPowerHal( 1025): INTERACTION: set gpu opp level max: 0
01-19 15:30:11.659 I/libPowerHal( 1025): [setGPUFreq] Soft min/max = (2, 0); Hard min/max = (2, 0)
01-19 15:30:11.659 I/libPowerHal( 1025): [setGPUFreq] final min/max = (2, 0)
01-19 15:30:11.659 I/libPowerHal( 1025): INTERACTION: set gpu opp level: 2
01-19 15:30:11.659 I/libPowerHal( 1025): INTERACTION: set gpu opp level max: 0
01-19 15:30:11.659 I/libPowerHal( 1025): [PD] INTERACTION update cmd:2020000 param:1
01-19 15:30:11.661 I/FocusResolver( 1654): updateFocusedWindow,  on display 0, reason: NO_WINDOW, result:   FocusedWindows: <none>
01-19 15:30:11.669 W/OplusNavigationBarUtil( 1654): color navigation bar util isn't init.
01-19 15:30:11.729 D/Layer   ( 1123): reparent to null sequence=10185, seq[4], name=com.THLight.BLE.USBeacon.Writer.Simple.dev/com.THLight.BLE.USBeacon.Writer.Simple.ui.activity.scan.ScanDeviceListActivity#10185
01-19 15:30:11.729 D/Layer   ( 1123): reparent to null sequence=10182, seq[13], name=ad0f33b com.THLight.BLE.USBeacon.Writer.Simple.dev/com.THLight.BLE.USBeacon.Writer.Simple.ui.activity.scan.ScanDeviceListActivity#10182
01-19 15:30:11.729 D/Layer   ( 1123): reparent to null sequence=10197, seq[23], name=Surface(name=ad0f33b com.THLight.BLE.USBeacon.Writer.Simple.dev/com.THLight.BLE.USBeacon.Writer.Simple.ui.activity.scan.ScanDeviceListActivity)/@0x3704be9 - animation-leash of window_animation#10197
01-19 15:30:11.730 E/iter.Simple.dev(20021): hiddenapi: Accessing hidden field Landroid/bluetooth/BluetoothGatt;->mDeviceBusy:Ljava/lang/Boolean; (runtime_flags=0, domain=platform, api=max-target-r) from Lcom/THLight/BLE/USBeacon/Writer/Simple/manager/BluetoothConnectDeviceManager; (domain=app) using reflection: denied
01-19 15:30:11.730 D/OplusLayer( 1123): ~Layer() sequence=10197, name=Surface(name=ad0f33b com.THLight.BLE.USBeacon.Writer.Simple.dev/com.THLight.BLE.USBeacon.Writer.Simple.ui.activity.scan.ScanDeviceListActivity)/@0x3704be9 - animation-leash of window_animation#10197
01-19 15:30:11.730 D/OplusLayer( 1123): ~Layer() sequence=10182, name=ad0f33b com.THLight.BLE.USBeacon.Writer.Simple.dev/com.THLight.BLE.USBeacon.Writer.Simple.ui.activity.scan.ScanDeviceListActivity#10182
01-19 15:30:11.730 W/System.err(20021): java.lang.NoSuchFieldException: No field mDeviceBusy in class Landroid/bluetooth/BluetoothGatt; (declaration of 'android.bluetooth.BluetoothGatt' appears in /system/framework/framework.jar)
01-19 15:30:11.731 W/System.err(20021): 	at java.lang.Class.getDeclaredField(Native Method)
01-19 15:30:11.731 W/System.err(20021): 	at com.THLight.BLE.USBeacon.Writer.Simple.manager.BluetoothConnectDeviceManager.readField(BluetoothConnectDeviceManager.java:238)
01-19 15:30:11.731 W/System.err(20021): 	at com.THLight.BLE.USBeacon.Writer.Simple.manager.BluetoothConnectDeviceManager.isDeviceBusy(BluetoothConnectDeviceManager.java:231)
01-19 15:30:11.731 W/System.err(20021): 	at com.THLight.BLE.USBeacon.Writer.Simple.manager.BluetoothConnectDeviceManager.readVersionCharacteristic(BluetoothConnectDeviceManager.java:245)
01-19 15:30:11.731 W/System.err(20021): 	at com.THLight.BLE.USBeacon.Writer.Simple.ui.activity.connect.EditDeviceActivity.onCreate(EditDeviceActivity.java:94)
01-19 15:30:11.732 W/System.err(20021): 	at android.app.Activity.performCreate(Activity.java:8397)
01-19 15:30:11.732 W/System.err(20021): 	at android.app.Activity.performCreate(Activity.java:8370)
01-19 15:30:11.732 W/System.err(20021): 	at android.app.Instrumentation.callActivityOnCreate(Instrumentation.java:1403)
01-19 15:30:11.732 W/System.err(20021): 	at android.app.ActivityThread.performLaunchActivity(ActivityThread.java:3837)
01-19 15:30:11.732 W/System.err(20021): 	at android.app.ActivityThread.handleLaunchActivity(ActivityThread.java:4006)
01-19 15:30:11.732 W/System.err(20021): 	at android.app.servertransaction.LaunchActivityItem.execute(LaunchActivityItem.java:111)
01-19 15:30:11.732 W/System.err(20021): 	at android.app.servertransaction.TransactionExecutor.executeCallbacks(TransactionExecutor.java:135)
01-19 15:30:11.732 W/System.err(20021): 	at android.app.servertransaction.TransactionExecutor.execute(TransactionExecutor.java:95)
01-19 15:30:11.732 W/System.err(20021): 	at android.app.ActivityThread$H.handleMessage(ActivityThread.java:2462)
01-19 15:30:11.732 W/System.err(20021): 	at android.os.Handler.dispatchMessage(Handler.java:106)
01-19 15:30:11.733 W/System.err(20021): 	at android.os.Looper.loopOnce(Looper.java:240)
01-19 15:30:11.733 W/System.err(20021): 	at android.os.Looper.loop(Looper.java:351)
01-19 15:30:11.733 W/System.err(20021): 	at android.app.ActivityThread.main(ActivityThread.java:8377)
01-19 15:30:11.733 W/System.err(20021): 	at java.lang.reflect.Method.invoke(Native Method)
01-19 15:30:11.733 W/System.err(20021): 	at com.android.internal.os.RuntimeInit$MethodAndArgsCaller.run(RuntimeInit.java:584)
01-19 15:30:11.733 W/System.err(20021): 	at com.android.internal.os.ZygoteInit.main(ZygoteInit.java:1013)
01-19 15:30:11.734 I/BufferQueueDebug( 1123): [com.THLight.BLE.USBeacon.Writer.Simple.dev/com.THLight.BLE.USBeacon.Writer.Simple.ui.activity.scan.ScanDeviceListActivity#10185](this:0xb4000072c6bb99e8,id:-1,api:0,p:-1,c:1123) onDestructor()
01-19 15:30:11.734 D/OplusLayer( 1123): ~Layer() sequence=10185, name=com.THLight.BLE.USBeacon.Writer.Simple.dev/com.THLight.BLE.USBeacon.Writer.Simple.ui.activity.scan.ScanDeviceListActivity#10185
01-19 15:30:11.734 I/DispPerfService( 1123): updateLayerMask 0
01-19 15:30:11.735 D/BtGatt.GattService( 2751): readCharacteristic() - address=60:77:71:FC:68:CF
01-19 15:30:11.736 I/bt_btif ( 2751): LogMsg: bta_sys_event: Event 0x1f04
01-19 15:30:11.736 V/bt_stack( 2751): [VERBOSE1:bta_gattc_main.cc(314)] bta_gattc_sm_execute: State 0x02, Event 0x1f04
01-19 15:30:11.736 V/bt_stack( 2751): [VERBOSE1:gatt_api.cc(747)] GATTC_Read: conn_id=0x0008, type=0x02
01-19 15:30:11.736 I/bluetooth( 2751): attp_cl_send_cmd: Sending ATT command to l2cap cid:0x0004 eatt_channels:0 transport:BT_TRANSPORT_LE
01-19 15:30:11.736 I/bt_btm  ( 2751): LogMsg: l2c_link_check_send_pkts: l2cb.controller_xmit_window=6
01-19 15:30:11.736 I/bt_btm  ( 2751): LogMsg: Direct send, transport=2, xmit_window=6, le_xmit_window=8, sent_not_acked=0, link_xmit_quota=8
01-19 15:30:11.736 I/System.out(20021): ConnectBLE readVersionCharacteristic : 00002a26-0000-1000-8000-00805f9b34fb true
01-19 15:30:11.736 I/bt_btm  ( 2751): LogMsg: Sending to lower layer
01-19 15:30:11.736 I/bt_btm  ( 2751): LogMsg: l2c_link_send_to_lower_ble: TotalWin=7,Hndl=0x200,Quota=8,Unack=1,RRQuota=0,RRUnack=0
01-19 15:30:11.736 I/bt_btm  ( 2751): LogMsg: No next buffer, skipping
01-19 15:30:11.736 I/bt_l2cap( 2751): LogMsg: l2cu_no_dynamic_ccbs NO IDLE timeout set for fixed cid 0x0004
01-19 15:30:11.736 I/bluetooth( 2751): attp_cl_send_cmd: Starting ATT response timer
01-19 15:30:11.736 V/bt_stack( 2751): [VERBOSE1:bta_gattc_main.cc(350)] bta_gattc_sm_execute: GATTC State Change: 0x02 -> 0x02 after Event 0x1f04
01-19 15:30:11.746 I/SurfaceFlinger( 1123): [SF client] NEW(0xb4000072fcb23200) for (20021:com.THLight.BLE.USBeacon.Writer.Simple.dev)
01-19 15:30:11.746 D/Layer   ( 1123): reparent to null sequence=10187, seq[40], name=Dim Layer for - Task=230#10187
01-19 15:30:11.746 D/Layer   ( 1123): reparent to null sequence=10200, seq[10], name=Surface(name=Dim Layer for - Task=230)/@0x607630f - animation-leash of dimmer#10200
01-19 15:30:11.747 D/OplusLayer( 1123): ~Layer() sequence=10200, name=Surface(name=Dim Layer for - Task=230)/@0x607630f - animation-leash of dimmer#10200
01-19 15:30:11.747 D/OplusLayer( 1123): ~Layer() sequence=10187, name=Dim Layer for - Task=230#10187
01-19 15:30:11.751 D/WindowManager(20021): Add to mViews: DecorView@b59227d[EditDeviceActivity],pkg= com.THLight.BLE.USBeacon.Writer.Simple.dev
01-19 15:30:11.754 D/OplusFullScreenDisplayManager( 1654): adjustWindowParamsLw com.THLight.BLE.USBeacon.Writer.Simple.dev, no change cutoutMode: 0
01-19 15:30:11.754 I/bt_btm  ( 2751): LogMsg: l2c_link_check_send_pkts: l2cb.controller_xmit_window=6
01-19 15:30:11.754 I/bt_btm  ( 2751): LogMsg: Direct send, transport=2, xmit_window=6, le_xmit_window=8, sent_not_acked=0, link_xmit_quota=8
01-19 15:30:11.755 I/bt_btm  ( 2751): LogMsg: No next buffer, skipping
01-19 15:30:11.755 I/bt_btm  ( 2751): LogMsg: l2c_link_process_num_completed_pkts: TotalWin=8,LinkUnack(0x200)=0,RRCheck=0,RRUnack=0
01-19 15:30:11.756 I/WindowManager( 1654): addWindow: New client android.os.BinderProxy@478c09 : window=Window{3178e0e u0 com.THLight.BLE.USBeacon.Writer.Simple.dev/com.THLight.BLE.USBeacon.Writer.Simple.ui.activity.connect.EditDeviceActivity}
01-19 15:30:11.758 D/ViewRootImplExtImpl(20021): onDisplayChanged -1 for VRI android.view.ViewRootImpl@45a6979
01-19 15:30:11.759 D/CoreBackPreview( 1654): Window{3178e0e u0 com.THLight.BLE.USBeacon.Writer.Simple.dev/com.THLight.BLE.USBeacon.Writer.Simple.ui.activity.connect.EditDeviceActivity}: Setting back callback OnBackInvokedCallbackInfo{mCallback=android.window.IOnBackInvokedCallback$Stub$Proxy@4d5c63c, mPriority=0}
01-19 15:30:11.761 D/InputEventReceiver(20021): Input log is disabled
01-19 15:30:11.762 D/VRI[ScanDeviceListActivity](20021): onFocusEvent false
01-19 15:30:11.770 I/bt_btm  ( 2751): LogMsg: btm_bda_to_acl: bda=60:77:71:fc:68:cf transport=2
01-19 15:30:11.770 V/bt_stack( 2751): [VERBOSE1:gatt_main.cc(1054)] gatt_get_ch_state: ch_state=4
01-19 15:30:11.770 I/bt_stack( 2751): [INFO:gatt_cl.cc(1194)] gatt_client_handle_server_rsp opcode: 0x0b
01-19 15:30:11.770 I/bt_stack( 2751): [INFO:gatt_utils.cc(1500)] gatt_end_operation status=0 op=2 subtype=2
01-19 15:30:11.770 V/bt_stack( 2751): [VERBOSE1:bta_gattc_act.cc(1513)] bta_gattc_cmpl_cback: conn_id:8 op:2 status:0
01-19 15:30:11.770 I/bt_btif ( 2751): LogMsg: bta_sys_event: Event 0x1f0f
01-19 15:30:11.770 V/bt_stack( 2751): [VERBOSE1:bta_gattc_main.cc(314)] bta_gattc_sm_execute: State 0x02, Event 0x1f0f
01-19 15:30:11.770 I/bt_btif ( 2751): LogMsg: HAL bt_gatt_callbacks->client->read_characteristic_cb
01-19 15:30:11.770 V/bt_stack( 2751): [VERBOSE1:bta_gattc_main.cc(350)] bta_gattc_sm_execute: GATTC State Change: 0x02 -> 0x02 after Event 0x1f0f
01-19 15:30:11.770 D/BtGatt.GattService( 2751): onReadCharacteristic() - address=60:77:71:FC:68:CF, status=0, length=3
01-19 15:30:11.772 I/System.out(20021): ConnectBLE onCharacteristicRead 00002a26-0000-1000-8000-00805f9b34fb status: 0
01-19 15:30:11.772 I/System.out(20021): ConnectManager onVersionCharacteristicRead originValue: 2.7
01-19 15:30:11.772 I/System.out(20021): ConnectManager onVersionCharacteristicRead characteristicValue 2.7
01-19 15:30:11.772 I/System.out(20021): getVersionCharacteristicString - > 27
01-19 15:30:11.772 I/System.out(20021): ConnectBLE onVersionCharacteristicRead versionCharacteristicInt : 27
01-19 15:30:11.774 I/System.out(20021): BLE_CMD : name=CMD_GET_BEACON_TYPE raw=212E504B34478333622940D62D287F63008F
01-19 15:30:11.774 I/System.out(20021): ConnectBLE generateEncryptData : 212E504B34478333622940D62D287F63008F
01-19 15:30:11.775 I/System.out(20021): BLE_CMD : name=CMD_CHECK_ACC_UUID raw=F6036F70706F6F70706F6F70706F6F70706F
01-19 15:30:11.775 I/System.out(20021): ConnectBLE generateEncryptData : F6036F70706F6F70706F6F70706F6F70706F
01-19 15:30:11.775 I/System.out(20021): ConnectBLE Command executeCommandTask gattWriteCommandList  : 2UnKnown
01-19 15:30:11.775 I/System.out(20021): BLE_QUEUE : size=2 type=UnKnown
01-19 15:30:11.775 I/System.out(20021): ConnectBLE commandWriteData -- >  D58BAEA3A0C51B348967617B271982635120
01-19 15:30:11.777 D/BtGatt.GattService( 2751): writeCharacteristic() - address=60:77:71:FC:68:CF
01-19 15:30:11.777 D/BtGatt.GattService( 2751): writeCharacteristic() - trying to acquire permit.
01-19 15:30:11.777 I/bt_btif ( 2751): LogMsg: bta_sys_event: Event 0x1f05
01-19 15:30:11.777 V/bt_stack( 2751): [VERBOSE1:bta_gattc_main.cc(314)] bta_gattc_sm_execute: State 0x02, Event 0x1f05
01-19 15:30:11.777 I/bt_stack( 2751): [INFO:gatt_utils.cc(1470)] gatt_send_write_msg len=18
01-19 15:30:11.777 I/bluetooth( 2751): attp_cl_send_cmd: Sending ATT command to l2cap cid:0x0004 eatt_channels:0 transport:BT_TRANSPORT_LE
01-19 15:30:11.777 I/bt_btm  ( 2751): LogMsg: l2c_link_check_send_pkts: l2cb.controller_xmit_window=6
01-19 15:30:11.777 I/bt_btm  ( 2751): LogMsg: Direct send, transport=2, xmit_window=6, le_xmit_window=8, sent_not_acked=0, link_xmit_quota=8
01-19 15:30:11.777 I/bt_btm  ( 2751): LogMsg: Sending to lower layer
01-19 15:30:11.777 I/bt_btm  ( 2751): LogMsg: l2c_link_send_to_lower_ble: TotalWin=7,Hndl=0x200,Quota=8,Unack=1,RRQuota=0,RRUnack=0
01-19 15:30:11.778 I/bt_btm  ( 2751): LogMsg: No next buffer, skipping
01-19 15:30:11.778 I/bt_l2cap( 2751): LogMsg: l2cu_no_dynamic_ccbs NO IDLE timeout set for fixed cid 0x0004
01-19 15:30:11.778 I/bluetooth( 2751): attp_cl_send_cmd: Starting ATT response timer
01-19 15:30:11.778 V/bt_stack( 2751): [VERBOSE1:bta_gattc_main.cc(350)] bta_gattc_sm_execute: GATTC State Change: 0x02 -> 0x02 after Event 0x1f05
01-19 15:30:11.784 I/bt_btm  ( 2751): LogMsg: l2c_link_check_send_pkts: l2cb.controller_xmit_window=6
01-19 15:30:11.784 I/bt_btm  ( 2751): LogMsg: Direct send, transport=2, xmit_window=6, le_xmit_window=8, sent_not_acked=0, link_xmit_quota=8
01-19 15:30:11.785 I/bt_btm  ( 2751): LogMsg: No next buffer, skipping
01-19 15:30:11.785 I/bt_btm  ( 2751): LogMsg: l2c_link_process_num_completed_pkts: TotalWin=8,LinkUnack(0x200)=0,RRCheck=0,RRUnack=0
01-19 15:30:11.799 I/bt_btm  ( 2751): LogMsg: btm_bda_to_acl: bda=60:77:71:fc:68:cf transport=2
01-19 15:30:11.799 V/bt_stack( 2751): [VERBOSE1:gatt_main.cc(1054)] gatt_get_ch_state: ch_state=4
01-19 15:30:11.799 I/bt_stack( 2751): [INFO:gatt_cl.cc(1194)] gatt_client_handle_server_rsp opcode: 0x13
01-19 15:30:11.800 I/bt_stack( 2751): [INFO:gatt_utils.cc(1500)] gatt_end_operation status=0 op=3 subtype=2
01-19 15:30:11.800 V/bt_stack( 2751): [VERBOSE1:bta_gattc_act.cc(1513)] bta_gattc_cmpl_cback: conn_id:8 op:3 status:0
01-19 15:30:11.800 I/bt_btif ( 2751): LogMsg: bta_sys_event: Event 0x1f0f
01-19 15:30:11.800 V/bt_stack( 2751): [VERBOSE1:bta_gattc_main.cc(314)] bta_gattc_sm_execute: State 0x02, Event 0x1f0f
01-19 15:30:11.800 I/bt_btif ( 2751): LogMsg: HAL bt_gatt_callbacks->client->write_characteristic_cb
01-19 15:30:11.800 V/bt_stack( 2751): [VERBOSE1:bta_gattc_main.cc(350)] bta_gattc_sm_execute: GATTC State Change: 0x02 -> 0x02 after Event 0x1f0f
01-19 15:30:11.800 D/BtGatt.GattService( 2751): onWriteCharacteristic() - increasing permit for address=60:77:71:FC:68:CF
01-19 15:30:11.800 D/BtGatt.GattService( 2751): onWriteCharacteristic() - address=60:77:71:FC:68:CF, status=0, length=18
01-19 15:30:11.801 I/System.out(20021): ConnectBLE onCharacteristicWrite  : 2e , D52E0B060560BE912CC2C4DE82BC27C6F485
01-19 15:30:11.803 D/BtGatt.GattService( 2751): readCharacteristic() - address=60:77:71:FC:68:CF
01-19 15:30:11.803 I/bt_btif ( 2751): LogMsg: bta_sys_event: Event 0x1f04
01-19 15:30:11.804 V/bt_stack( 2751): [VERBOSE1:bta_gattc_main.cc(314)] bta_gattc_sm_execute: State 0x02, Event 0x1f04
01-19 15:30:11.804 V/bt_stack( 2751): [VERBOSE1:gatt_api.cc(747)] GATTC_Read: conn_id=0x0008, type=0x02
01-19 15:30:11.804 I/bluetooth( 2751): attp_cl_send_cmd: Sending ATT command to l2cap cid:0x0004 eatt_channels:0 transport:BT_TRANSPORT_LE
01-19 15:30:11.804 I/bt_btm  ( 2751): LogMsg: l2c_link_check_send_pkts: l2cb.controller_xmit_window=6
01-19 15:30:11.804 I/bt_btm  ( 2751): LogMsg: Direct send, transport=2, xmit_window=6, le_xmit_window=8, sent_not_acked=0, link_xmit_quota=8
01-19 15:30:11.804 I/bt_btm  ( 2751): LogMsg: Sending to lower layer
01-19 15:30:11.804 I/bt_btm  ( 2751): LogMsg: l2c_link_send_to_lower_ble: TotalWin=7,Hndl=0x200,Quota=8,Unack=1,RRQuota=0,RRUnack=0
01-19 15:30:11.804 I/bt_btm  ( 2751): LogMsg: No next buffer, skipping
01-19 15:30:11.804 I/bt_l2cap( 2751): LogMsg: l2cu_no_dynamic_ccbs NO IDLE timeout set for fixed cid 0x0004
01-19 15:30:11.804 I/bluetooth( 2751): attp_cl_send_cmd: Starting ATT response timer
01-19 15:30:11.804 V/bt_stack( 2751): [VERBOSE1:bta_gattc_main.cc(350)] bta_gattc_sm_execute: GATTC State Change: 0x02 -> 0x02 after Event 0x1f04
01-19 15:30:11.814 I/bt_btm  ( 2751): LogMsg: l2c_link_check_send_pkts: l2cb.controller_xmit_window=6
01-19 15:30:11.815 I/bt_btm  ( 2751): LogMsg: Direct send, transport=2, xmit_window=6, le_xmit_window=8, sent_not_acked=0, link_xmit_quota=8
01-19 15:30:11.815 I/bt_btm  ( 2751): LogMsg: No next buffer, skipping
01-19 15:30:11.815 I/bt_btm  ( 2751): LogMsg: l2c_link_process_num_completed_pkts: TotalWin=8,LinkUnack(0x200)=0,RRCheck=0,RRUnack=0
01-19 15:30:11.829 D/AutofillManager(20021): Fill dialog is enabled:false, hints=[password, passwordAuto, creditCardNumber, creditCardSecurityCode, creditCardExpirationDate]
01-19 15:30:11.829 V/TextView(20021): notifyAutoFillManagerAfterTextChanged
01-19 15:30:11.829 I/bt_btm  ( 2751): LogMsg: btm_bda_to_acl: bda=60:77:71:fc:68:cf transport=2
01-19 15:30:11.829 V/bt_stack( 2751): [VERBOSE1:gatt_main.cc(1054)] gatt_get_ch_state: ch_state=4
01-19 15:30:11.830 I/bt_stack( 2751): [INFO:gatt_cl.cc(1194)] gatt_client_handle_server_rsp opcode: 0x0b
01-19 15:30:11.830 V/AutofillManager(20021): notifyValueChanged(1073741824): ignoring on state UNKNOWN
01-19 15:30:11.830 I/bt_stack( 2751): [INFO:gatt_utils.cc(1500)] gatt_end_operation status=0 op=2 subtype=2
01-19 15:30:11.830 V/bt_stack( 2751): [VERBOSE1:bta_gattc_act.cc(1513)] bta_gattc_cmpl_cback: conn_id:8 op:2 status:0
01-19 15:30:11.830 I/bt_btif ( 2751): LogMsg: bta_sys_event: Event 0x1f0f
01-19 15:30:11.830 V/bt_stack( 2751): [VERBOSE1:bta_gattc_main.cc(314)] bta_gattc_sm_execute: State 0x02, Event 0x1f0f
01-19 15:30:11.830 I/bt_btif ( 2751): LogMsg: HAL bt_gatt_callbacks->client->read_characteristic_cb
01-19 15:30:11.830 V/bt_stack( 2751): [VERBOSE1:bta_gattc_main.cc(350)] bta_gattc_sm_execute: GATTC State Change: 0x02 -> 0x02 after Event 0x1f0f
01-19 15:30:11.830 D/BtGatt.GattService( 2751): onReadCharacteristic() - address=60:77:71:FC:68:CF, status=0, length=18
01-19 15:30:11.831 I/System.out(20021): ConnectBLE onCharacteristicRead 0000f002-0000-1000-8000-00805f9b34fb status: 0
01-19 15:30:11.831 I/System.out(20021): ConnectBLE onAckCharacteristicRead Ack : 88 , 503E3B7A67297D1E5432FDAD1D0A8070
01-19 15:30:11.831 I/System.out(20021): EditDeviceActivity OnMessageAckResponse flag : 2e , responseCode : ffffff88 , data : 503E3B7A67297D1E5432FDAD1D0A8070
01-19 15:30:11.831 I/System.out(20021): ConnectBLE Command executeCommandTask gattWriteCommandList  : 1UnKnown
01-19 15:30:11.831 I/System.out(20021): BLE_QUEUE : size=1 type=UnKnown
01-19 15:30:11.831 I/System.out(20021): ConnectBLE commandWriteData -- >  F5A6CAD5D5CACAD5D5CACAD5D5CACAD5D5CA
01-19 15:30:11.832 V/TextView(20021): notifyAutoFillManagerAfterTextChanged
01-19 15:30:11.832 V/AutofillManager(20021): notifyValueChanged(1073741824): ignoring on state UNKNOWN
01-19 15:30:11.833 D/BtGatt.GattService( 2751): writeCharacteristic() - address=60:77:71:FC:68:CF
01-19 15:30:11.833 D/BtGatt.GattService( 2751): writeCharacteristic() - trying to acquire permit.
01-19 15:30:11.833 I/bt_btif ( 2751): LogMsg: bta_sys_event: Event 0x1f05
01-19 15:30:11.833 V/bt_stack( 2751): [VERBOSE1:bta_gattc_main.cc(314)] bta_gattc_sm_execute: State 0x02, Event 0x1f05
01-19 15:30:11.833 I/bt_stack( 2751): [INFO:gatt_utils.cc(1470)] gatt_send_write_msg len=18
01-19 15:30:11.833 I/bluetooth( 2751): attp_cl_send_cmd: Sending ATT command to l2cap cid:0x0004 eatt_channels:0 transport:BT_TRANSPORT_LE
01-19 15:30:11.833 I/bt_btm  ( 2751): LogMsg: l2c_link_check_send_pkts: l2cb.controller_xmit_window=6
01-19 15:30:11.833 I/bt_btm  ( 2751): LogMsg: Direct send, transport=2, xmit_window=6, le_xmit_window=8, sent_not_acked=0, link_xmit_quota=8
01-19 15:30:11.833 I/bt_btm  ( 2751): LogMsg: Sending to lower layer
01-19 15:30:11.833 I/bt_btm  ( 2751): LogMsg: l2c_link_send_to_lower_ble: TotalWin=7,Hndl=0x200,Quota=8,Unack=1,RRQuota=0,RRUnack=0
01-19 15:30:11.833 I/bt_btm  ( 2751): LogMsg: No next buffer, skipping
01-19 15:30:11.834 I/bt_l2cap( 2751): LogMsg: l2cu_no_dynamic_ccbs NO IDLE timeout set for fixed cid 0x0004
01-19 15:30:11.834 I/bluetooth( 2751): attp_cl_send_cmd: Starting ATT response timer
01-19 15:30:11.834 V/bt_stack( 2751): [VERBOSE1:bta_gattc_main.cc(350)] bta_gattc_sm_execute: GATTC State Change: 0x02 -> 0x02 after Event 0x1f05
01-19 15:30:11.839 V/TextView(20021): notifyAutoFillManagerAfterTextChanged
01-19 15:30:11.839 V/AutofillManager(20021): notifyValueChanged(1073741825): ignoring on state UNKNOWN
01-19 15:30:11.841 V/TextView(20021): notifyAutoFillManagerAfterTextChanged
01-19 15:30:11.841 V/AutofillManager(20021): notifyValueChanged(1073741825): ignoring on state UNKNOWN
01-19 15:30:11.845 I/bt_btm  ( 2751): LogMsg: l2c_link_check_send_pkts: l2cb.controller_xmit_window=6
01-19 15:30:11.845 I/bt_btm  ( 2751): LogMsg: Direct send, transport=2, xmit_window=6, le_xmit_window=8, sent_not_acked=0, link_xmit_quota=8
01-19 15:30:11.845 I/bt_btm  ( 2751): LogMsg: No next buffer, skipping
01-19 15:30:11.845 I/bt_btm  ( 2751): LogMsg: l2c_link_process_num_completed_pkts: TotalWin=8,LinkUnack(0x200)=0,RRCheck=0,RRUnack=0
01-19 15:30:11.847 V/TextView(20021): notifyAutoFillManagerAfterTextChanged
01-19 15:30:11.848 V/AutofillManager(20021): notifyValueChanged(1073741826): ignoring on state UNKNOWN
01-19 15:30:11.849 V/TextView(20021): notifyAutoFillManagerAfterTextChanged
01-19 15:30:11.850 V/AutofillManager(20021): notifyValueChanged(1073741826): ignoring on state UNKNOWN
01-19 15:30:11.856 V/TextView(20021): notifyAutoFillManagerAfterTextChanged
01-19 15:30:11.856 V/AutofillManager(20021): notifyValueChanged(1073741827): ignoring on state UNKNOWN
01-19 15:30:11.858 V/TextView(20021): notifyAutoFillManagerAfterTextChanged
01-19 15:30:11.858 V/AutofillManager(20021): notifyValueChanged(1073741827): ignoring on state UNKNOWN
01-19 15:30:11.859 I/bt_btm  ( 2751): LogMsg: btm_bda_to_acl: bda=60:77:71:fc:68:cf transport=2
01-19 15:30:11.859 V/bt_stack( 2751): [VERBOSE1:gatt_main.cc(1054)] gatt_get_ch_state: ch_state=4
01-19 15:30:11.859 I/bt_stack( 2751): [INFO:gatt_cl.cc(1194)] gatt_client_handle_server_rsp opcode: 0x13
01-19 15:30:11.860 I/bt_stack( 2751): [INFO:gatt_utils.cc(1500)] gatt_end_operation status=0 op=3 subtype=2
01-19 15:30:11.860 V/bt_stack( 2751): [VERBOSE1:bta_gattc_act.cc(1513)] bta_gattc_cmpl_cback: conn_id:8 op:3 status:0
01-19 15:30:11.860 I/bt_btif ( 2751): LogMsg: bta_sys_event: Event 0x1f0f
01-19 15:30:11.860 V/bt_stack( 2751): [VERBOSE1:bta_gattc_main.cc(314)] bta_gattc_sm_execute: State 0x02, Event 0x1f0f
01-19 15:30:11.860 I/bt_btif ( 2751): LogMsg: HAL bt_gatt_callbacks->client->write_characteristic_cb
01-19 15:30:11.860 V/bt_stack( 2751): [VERBOSE1:bta_gattc_main.cc(350)] bta_gattc_sm_execute: GATTC State Change: 0x02 -> 0x02 after Event 0x1f0f
01-19 15:30:11.860 D/BtGatt.GattService( 2751): onWriteCharacteristic() - increasing permit for address=60:77:71:FC:68:CF
01-19 15:30:11.860 D/BtGatt.GattService( 2751): onWriteCharacteristic() - address=60:77:71:FC:68:CF, status=0, length=18
01-19 15:30:11.861 I/System.out(20021): ConnectBLE onCharacteristicWrite  : 3 , F5036F70706F6F70706F6F70706F6F70706F
01-19 15:30:11.862 D/BtGatt.GattService( 2751): readCharacteristic() - address=60:77:71:FC:68:CF
01-19 15:30:11.863 I/bt_btif ( 2751): LogMsg: bta_sys_event: Event 0x1f04
01-19 15:30:11.863 V/bt_stack( 2751): [VERBOSE1:bta_gattc_main.cc(314)] bta_gattc_sm_execute: State 0x02, Event 0x1f04
01-19 15:30:11.863 V/bt_stack( 2751): [VERBOSE1:gatt_api.cc(747)] GATTC_Read: conn_id=0x0008, type=0x02
01-19 15:30:11.863 I/bluetooth( 2751): attp_cl_send_cmd: Sending ATT command to l2cap cid:0x0004 eatt_channels:0 transport:BT_TRANSPORT_LE
01-19 15:30:11.863 I/bt_btm  ( 2751): LogMsg: l2c_link_check_send_pkts: l2cb.controller_xmit_window=6
01-19 15:30:11.863 I/bt_btm  ( 2751): LogMsg: Direct send, transport=2, xmit_window=6, le_xmit_window=8, sent_not_acked=0, link_xmit_quota=8
01-19 15:30:11.863 I/bt_btm  ( 2751): LogMsg: Sending to lower layer
01-19 15:30:11.863 I/bt_btm  ( 2751): LogMsg: l2c_link_send_to_lower_ble: TotalWin=7,Hndl=0x200,Quota=8,Unack=1,RRQuota=0,RRUnack=0
01-19 15:30:11.863 I/bt_btm  ( 2751): LogMsg: No next buffer, skipping
