01-19 15:53:11.844 D/InputMethodManagerService( 1654): onHandleImeWindowVisibleStatus: vis = 3, needsToShowImeSwitcher = false
01-19 15:53:11.848 D/InsetsController(22851): show(ime(), fromIme=true)
01-19 15:53:11.852 I/KeyboardModeUtils(23388): KeyboardModeUtils.getKeyboardBottomOffset():435 inch: 0.000000 ydpi: 269.209991 adjustKeyboardBottomByDisplaySize: false currentDensityDpi: 320 defaultDensityDpi: 320 keyboardBottomToScreenPx: 0 keyboardBottomToNavBarPx: -88 navBarHeight: 88
01-19 15:53:11.853 I/BaseKeyboardSizeHelper(23388): BaseKeyboardSizeHelper.calculateMaxKeyboardBodyHeight():73 leave 194 height for app when ime window height:1440, header height:88 and isFullscreenMode:false, so the max keyboard body height is:1158
01-19 15:53:11.853 I/BaseKeyboardSizeHelper(23388): BaseKeyboardSizeHelper.calculateMaxKeyboardBodyHeight():73 leave 194 height for app when ime window height:1440, header height:88 and isFullscreenMode:false, so the max keyboard body height is:1158
01-19 15:53:11.853 I/WindowMetricsNotification(23388): WindowMetricsNotification.notifyWithWindow():166 
01-19 15:53:11.853 I/WindowMetricsNotification(23388): WindowMetricsNotification.notify():159 pze[bounds=Rect(0, 72 - 720, 1600), insets=Rect(0, 0 - 0, 88), densityDpi=320, smallestScreenWidthDp=360, displayWidth=720, displayHeight=1600, xdpi=269.21, ydpi=269.21, isTrustable=true, displayId=0]; DisplayMetrics{density=2.0, width=720, height=1600, scaledDensity=2.0, xdpi=269.21, ydpi=269.21}
01-19 15:53:11.864 I/GoogleInputMethodService(23388): GoogleInputMethodService$1.onKeyboardViewShown():323 onKeyboardViewShown: keyboardType=prime, keyboardViewType=HEADER keyboardView=com.google.android.libraries.inputmethod.widgets.SoftKeyboardView{9dab461 V.E...... ........ 0,0-720,88}
01-19 15:53:11.865 I/BaseKeyboardSizeHelper(23388): BaseKeyboardSizeHelper.calculateMaxKeyboardBodyHeight():73 leave 194 height for app when ime window height:1440, header height:88 and isFullscreenMode:false, so the max keyboard body height is:1158
01-19 15:53:11.866 I/GoogleInputMethodService(23388): GoogleInputMethodService$1.onKeyboardViewShown():323 onKeyboardViewShown: keyboardType=prime, keyboardViewType=BODY keyboardView=com.google.android.libraries.inputmethod.widgets.SoftKeyboardView{5123045 V.E...... ........ 0,0-720,504}
01-19 15:53:11.867 I/BaseKeyboardSizeHelper(23388): BaseKeyboardSizeHelper.calculateMaxKeyboardBodyHeight():73 leave 194 height for app when ime window height:1440, header height:88 and isFullscreenMode:false, so the max keyboard body height is:1158
01-19 15:53:11.867 I/GlobeKeyExtension(23388): GlobeKeyExtension$1.onKeyboardViewShown():72 maybeDisableLanguageSwitchKeyPref when the keyboard is shown
01-19 15:53:11.868 I/GlobeKeyExtension(23388): GlobeKeyExtension.maybeDisableLanguageSwitchKeyPref():200 maybeDisableLanguageSwitchKeyPref hasGlobeKeyBeenDisabled: false, shouldDisableLanguageSwitchKey: false
01-19 15:53:11.868 I/NewLanguagePromptExtension(23388): NewLanguagePromptExtension$1.onKeyboardViewShown():88 Not show new language banner: not prime keyboard, or the extension not activated.
01-19 15:53:11.889 I/mtkpower@impl( 1025): [powerd_req] TIMER_MSG_PERF_LOCK_TIMEOUT hdl:13783
01-19 15:53:11.889 I/libPowerHal( 1025): [perfLockRel] hdl:13783, idx:1
01-19 15:53:11.889 I/libPowerHal( 1025): INTERACTION: cpu_ctrl set cpu freq: -1 -1 -1 -1
01-19 15:53:11.889 I/libPowerHal( 1025): [unsetGPUFreq] current min:0, max:0; scn_gpu_min:0, scn_gpu_max:-1; scn_gpu_min(HL):-1, scn_gpu_max(HL):-1
01-19 15:53:11.889 I/libPowerHal( 1025): INTERACTION: set gpu opp level: 2
01-19 15:53:11.889 I/libPowerHal( 1025): INTERACTION: set gpu opp level max: 0
01-19 15:53:11.889 I/libPowerHal( 1025): [setGPUFreq] Soft min/max = (2, 0); Hard min/max = (2, 0)
01-19 15:53:11.889 I/libPowerHal( 1025): [setGPUFreq] final min/max = (2, 0)
01-19 15:53:11.889 I/libPowerHal( 1025): INTERACTION: set gpu opp level: 2
01-19 15:53:11.889 I/libPowerHal( 1025): INTERACTION: set gpu opp level max: 0
01-19 15:53:11.890 I/libPowerHal( 1025): [PD] INTERACTION update cmd:1000000, param:-1
01-19 15:53:11.890 I/libPowerHal( 1025): [PD] INTERACTION update cmd:2020000 param:1
01-19 15:53:11.890 I/libPowerHal( 1025): [PD] INTERACTION update cmd:1000000 param:-1
01-19 15:53:11.906 D/Layer   ( 1123): reparent to null sequence=10557, seq[17], name=Surface(name=f63b1f7 PopupWindow:e221251)/@0xbd076d0 - animation-leash of window_animation#10557
01-19 15:53:11.906 D/OplusLayer( 1123): ~Layer() sequence=10557, name=Surface(name=f63b1f7 PopupWindow:e221251)/@0xbd076d0 - animation-leash of window_animation#10557
01-19 15:53:11.975 D/OplusSmartBrightnessController( 1654): handleMessage MSG_LUX_CHANGED, mLux:163.45117 luxQueue=[176.0, 176.0, 170.0, 161.0, 152.0, 156.0, 151.0]
01-19 15:53:12.287 E/OplusArpPeer_euclid_psw( 1654): ARP read failure: android.system.ErrnoException: read failed: EAGAIN (Try again)
01-19 15:53:12.291 E/OplusArpPeer_euclid_psw( 1654):  OplusArpPeer close
01-19 15:53:12.594 I/mtkpower_client( 1654): perf_lock_rel, hdl:13781, tid:2356
01-19 15:53:12.595 D/PowerManagerService( 1654): userActivityNoUpdateLocked: groupId=0, eventTime=217943151, event=2, flags=0x0, uid=1000
01-19 15:53:12.595 D/OGG_Detector( 1654): D:done mCurrStatus: 0
01-19 15:53:12.597 E/SystemServiceRegistry( 1654): Manager wrapper not available: linearmotor
01-19 15:53:12.597 I/libPowerHal( 1025): [setGPUFreq] MTKPOWER_HINT_APP_TOUCH user set gpu freq min:1, max:-1
01-19 15:53:12.597 I/libPowerHal( 1025): MTKPOWER_HINT_APP_TOUCH: set gpu opp level: 1
01-19 15:53:12.597 I/libPowerHal( 1025): MTKPOWER_HINT_APP_TOUCH: set gpu opp level max: 0
01-19 15:53:12.597 I/libPowerHal( 1025): [setGPUFreq] Soft min/max = (1, 0); Hard min/max = (2, 0)
01-19 15:53:12.598 I/libPowerHal( 1025): [setGPUFreq] final min/max = (1, 0)
01-19 15:53:12.598 I/libPowerHal( 1025): MTKPOWER_HINT_APP_TOUCH: set gpu opp level: 1
01-19 15:53:12.598 I/libPowerHal( 1025): MTKPOWER_HINT_APP_TOUCH: set gpu opp level max: 0
01-19 15:53:12.598 D/SystemVibratorExtImpl( 1654): convertToLinearVibration uid = 10147, opPkg = com.google.android.inputmethod.latin, effect = Composed{segments=[Prebaked{effect=CLICK, strength=MEDIUM, fallback=true}], repeat=-1}, attributes = VibrationAttributes: Usage=TOUCH Audio Usage= USAGE_UNKNOWN Flags=0
01-19 15:53:12.598 D/SystemVibratorExtImpl( 1654): no vibrator_lmvibrator or CTS vibration, do not convert
01-19 15:53:12.599 I/libPowerHal( 1025): MTKPOWER_HINT_APP_TOUCH: cpu_ctrl set cpu freq: 2139000 -1 1491000 -1
01-19 15:53:12.599 I/VibratorManagerServiceExtImpl( 1654): vibrate is uid=10147, pid=1654, opPkg=com.google.android.inputmethod.latin, effect=Mono{mEffect=Composed{segments=[Prebaked{effect=CLICK, strength=MEDIUM, fallback=true}], repeat=-1}}, attributes=VibrationAttributes: Usage=TOUCH Audio Usage= USAGE_UNKNOWN Flags=0, token=196348416
01-19 15:53:12.600 D/VibratorManagerServiceExtImpl( 1654): startCustomizeVibratorLocked id= 0,size=1
01-19 15:53:12.600 D/VibratorManagerServiceExtImpl( 1654): startCustomizeVibratorLocked withCallback=false
01-19 15:53:12.600 I/DropBoxManagerService( 1654): add tag=system_server_wtf isTagEnabled=true flags=0x2
01-19 15:53:12.601 I/mtkpower_client( 1654): perf_lock_acq, hdl:13781, dur:0, num:4, tid:2356
01-19 15:53:12.601 I/libPowerHal( 1025): [perfLockRel] hdl:13781, idx:0
01-19 15:53:12.602 I/libPowerHal( 1025): [setGPUFreq] INTERACTION user set gpu freq min:0, max:-1
01-19 15:53:12.602 I/libPowerHal( 1025): INTERACTION: set gpu opp level: 0
01-19 15:53:12.602 I/libPowerHal( 1025): INTERACTION: set gpu opp level max: 0
01-19 15:53:12.602 I/libPowerHal( 1025): [setGPUFreq] Soft min/max = (0, 0); Hard min/max = (2, 0)
01-19 15:53:12.602 I/libPowerHal( 1025): [setGPUFreq] final min/max = (0, 0)
01-19 15:53:12.602 I/libPowerHal( 1025): INTERACTION: set gpu opp level: 0
01-19 15:53:12.602 I/libPowerHal( 1025): INTERACTION: set gpu opp level max: 0
01-19 15:53:12.603 D/Vibrator( 1111): Vibrator perform 1, 0
01-19 15:53:12.603 D/DropBoxManagerService( 1654): file :: /data/system/dropbox/system_server_wtf@1768809192602.txt
01-19 15:53:12.603 I/Vibrator( 1111): Vibrator on for timeoutMs: 30
01-19 15:53:12.603 I/mtkpower_client( 1654): ret_hdl:13786
01-19 15:53:12.603 D/Vibrator( 1111): Vibrator using LED trigger
01-19 15:53:12.603 W/AES     ( 1654): Exception Log handling...
01-19 15:53:12.603 I/libPowerHal( 1025): cmdSetting - unknown cmd:2004100, scmd:(null) ,param_1:2
01-19 15:53:12.604 D/AES     ( 1654): ExceptionLog: notify aed, process:system_server pid:1654 cause:system_server_wtf 
01-19 15:53:12.604 W/AES     ( 1654): skip for Exp level 0
01-19 15:53:12.604 I/libPowerHal( 1025): [setGPUFreq] INTERACTION user set gpu freq min:0, max:-1
01-19 15:53:12.604 I/libPowerHal( 1025): INTERACTION: set gpu opp level max: 0
01-19 15:53:12.604 I/libPowerHal( 1025): [setGPUFreq] Soft min/max = (0, 0); Hard min/max = (2, 0)
01-19 15:53:12.604 I/libPowerHal( 1025): [setGPUFreq] final min/max = (0, 0)
01-19 15:53:12.604 I/libPowerHal( 1025): INTERACTION: set gpu opp level: 0
01-19 15:53:12.604 I/libPowerHal( 1025): INTERACTION: set gpu opp level max: 0
01-19 15:53:12.634 D/Vibrator( 1111): Vibrator off
01-19 15:53:12.635 D/Vibrator( 1111): Vibrator using LED trigger
01-19 15:53:12.683 I/mtkpower@impl( 1025): [powerd_req] TIMER_MSG_PERF_LOCK_TIMEOUT hdl:13785
01-19 15:53:12.683 I/libPowerHal( 1025): [perfLockRel] hdl:13785, idx:2
01-19 15:53:12.683 I/libPowerHal( 1025): [unsetGPUFreq] current min:0, max:0; scn_gpu_min:0, scn_gpu_max:-1; scn_gpu_min(HL):-1, scn_gpu_max(HL):-1
01-19 15:53:12.683 I/libPowerHal( 1025): [setGPUFreq] Soft min/max = (0, 0); Hard min/max = (2, 0)
01-19 15:53:12.683 I/libPowerHal( 1025): [setGPUFreq] final min/max = (0, 0)
01-19 15:53:12.683 I/libPowerHal( 1025): INTERACTION: set gpu opp level: 0
01-19 15:53:12.683 I/libPowerHal( 1025): INTERACTION: set gpu opp level max: 0
01-19 15:53:12.685 I/mtkpower@impl( 1025): [powerd_req] TIMER_MSG_PERF_LOCK_TIMEOUT hdl:13787
01-19 15:53:12.685 I/libPowerHal( 1025): [perfLockRel] hdl:13787, idx:3
01-19 15:53:12.685 I/libPowerHal( 1025): [unsetGPUFreq] current min:0, max:0; scn_gpu_min:0, scn_gpu_max:-1; scn_gpu_min(HL):-1, scn_gpu_max(HL):-1
01-19 15:53:12.685 I/libPowerHal( 1025): INTERACTION: set gpu opp level: 1
01-19 15:53:12.685 I/libPowerHal( 1025): INTERACTION: set gpu opp level max: 0
01-19 15:53:12.685 I/libPowerHal( 1025): [setGPUFreq] Soft min/max = (1, 0); Hard min/max = (2, 0)
01-19 15:53:12.685 I/libPowerHal( 1025): [setGPUFreq] final min/max = (1, 0)
01-19 15:53:12.685 I/libPowerHal( 1025): INTERACTION: set gpu opp level: 1
01-19 15:53:12.685 I/libPowerHal( 1025): INTERACTION: set gpu opp level max: 0
01-19 15:53:12.685 I/libPowerHal( 1025): [PD] INTERACTION update cmd:1000000, param:-1
01-19 15:53:12.685 I/libPowerHal( 1025): [PD] INTERACTION update cmd:2020000 param:1
01-19 15:53:12.686 I/libPowerHal( 1025): [PD] INTERACTION update cmd:1000000 param:-1
01-19 15:53:12.691 D/PowerManagerService( 1654): userActivityNoUpdateLocked: groupId=0, eventTime=217943251, event=2, flags=0x0, uid=1000
01-19 15:53:12.692 I/libPowerHal( 1025): [setGPUFreq] INTERACTION user set gpu freq min:0, max:-1
01-19 15:53:12.692 I/libPowerHal( 1025): INTERACTION: set gpu opp level: 0
01-19 15:53:12.692 I/libPowerHal( 1025): INTERACTION: set gpu opp level max: 0
01-19 15:53:12.692 I/libPowerHal( 1025): [setGPUFreq] Soft min/max = (0, 0); Hard min/max = (2, 0)
01-19 15:53:12.692 I/libPowerHal( 1025): [setGPUFreq] final min/max = (0, 0)
01-19 15:53:12.692 I/libPowerHal( 1025): INTERACTION: set gpu opp level: 0
01-19 15:53:12.692 I/libPowerHal( 1025): INTERACTION: set gpu opp level max: 0
01-19 15:53:12.694 I/libPowerHal( 1025): [setGPUFreq] INTERACTION user set gpu freq min:0, max:-1
01-19 15:53:12.694 I/libPowerHal( 1025): INTERACTION: set gpu opp level max: 0
01-19 15:53:12.694 I/libPowerHal( 1025): [setGPUFreq] Soft min/max = (0, 0); Hard min/max = (2, 0)
01-19 15:53:12.694 I/libPowerHal( 1025): [setGPUFreq] final min/max = (0, 0)
01-19 15:53:12.694 I/libPowerHal( 1025): INTERACTION: set gpu opp level: 0
01-19 15:53:12.694 I/libPowerHal( 1025): INTERACTION: set gpu opp level max: 0
01-19 15:53:12.716 I/libPowerHal( 1025): [perfLockRel] hdl:13784, idx:1
01-19 15:53:12.716 I/libPowerHal( 1025): [unsetGPUFreq] current min:0, max:0; scn_gpu_min:1, scn_gpu_max:-1; scn_gpu_min(HL):-1, scn_gpu_max(HL):-1
01-19 15:53:12.716 I/libPowerHal( 1025): [setGPUFreq] Soft min/max = (0, 0); Hard min/max = (2, 0)
01-19 15:53:12.716 I/libPowerHal( 1025): [setGPUFreq] final min/max = (0, 0)
01-19 15:53:12.716 I/libPowerHal( 1025): MTKPOWER_HINT_APP_TOUCH: set gpu opp level: 0
01-19 15:53:12.716 I/libPowerHal( 1025): MTKPOWER_HINT_APP_TOUCH: set gpu opp level max: 0
01-19 15:53:12.717 I/libPowerHal( 1025): [PD] MTKPOWER_HINT_APP_TOUCH update cmd:3408600 param:0
01-19 15:53:12.718 W/TooltipLifecycleManager(23388): TooltipLifecycleManager.dismissTooltips():153 Tooltip with id SUGGESTION_VIEW_EDU_MINI_DIALOG not found in tooltipManager.
01-19 15:53:12.724 D/EditableInputConnectionExtImpl(22851): handleSendKeyEvent
01-19 15:53:12.724 D/EditableInputConnectionExtImpl(22851): handleKeyCodeDel
01-19 15:53:12.724 D/EditableInputConnectionExtImpl(22851): handleKeyCodeDelDown
01-19 15:53:12.724 D/CursorFeedback(22851): handleKeyCodeDelDown
01-19 15:53:12.724 D/EditableInputConnectionExtImpl(22851): handleSendKeyEvent
01-19 15:53:12.724 D/EditableInputConnectionExtImpl(22851): handleKeyCodeDel
01-19 15:53:12.724 D/EditableInputConnectionExtImpl(22851): handleKeyCodeDelUp
01-19 15:53:12.727 D/OplusScrollToTopManager(22851): unregisterGuidePopupDismissReceiverInSystemUI
01-19 15:53:12.728 D/OplusScrollToTopManager(22851): Receiver not registered: android.view.OplusScrollToTopManager$1@b68a6bc
01-19 15:53:12.728 D/OplusScrollToTopManager(22851): unregisterSystemUIBroadcastReceiver 
01-19 15:53:12.728 D/OplusScrollToTopManager(22851): java.lang.IllegalArgumentException: Receiver not registered: android.view.OplusScrollToTopManager$2@fc47645
01-19 15:53:12.729 D/CoreBackPreview( 1654): Window{f63b1f7 u0 PopupWindow:e221251}: Setting back callback null
01-19 15:53:12.729 V/ZoomWindowDecorView(22851): removeZoomView
01-19 15:53:12.731 D/BLASTBufferQueue(22851): [VRI[PopupWindow:e221251]#15](f:0,a:1) destructor()
01-19 15:53:12.731 D/BufferQueueConsumer(22851): [VRI[PopupWindow:e221251]#15(BLAST Consumer)15](id:59430000000f,api:0,p:-1,c:22851) disconnect
01-19 15:53:12.733 W/InputManager-JNI( 1654): Input channel object 'f63b1f7 PopupWindow:e221251 (client)' was disposed without first being removed with the input manager!
01-19 15:53:12.742 V/TextView(22851): notifyAutoFillManagerAfterTextChanged
01-19 15:53:12.742 V/AutofillManager(22851): notifyValueChanged(1073741825): ignoring on state FINISHED
01-19 15:53:12.742 I/libPowerHal( 1025): [setGPUFreq] INTERACTION user set gpu freq min:0, max:-1
01-19 15:53:12.743 I/libPowerHal( 1025): INTERACTION: set gpu opp level max: 0
01-19 15:53:12.744 I/libPowerHal( 1025): [setGPUFreq] Soft min/max = (0, 0); Hard min/max = (2, 0)
01-19 15:53:12.744 I/libPowerHal( 1025): [setGPUFreq] final min/max = (0, 0)
01-19 15:53:12.744 I/libPowerHal( 1025): INTERACTION: set gpu opp level: 0
01-19 15:53:12.744 I/libPowerHal( 1025): INTERACTION: set gpu opp level max: 0
01-19 15:53:12.772 I/mtkpower@impl( 1025): [powerd_req] TIMER_MSG_PERF_LOCK_TIMEOUT hdl:13788
01-19 15:53:12.772 I/libPowerHal( 1025): [perfLockRel] hdl:13788, idx:2
01-19 15:53:12.772 I/libPowerHal( 1025): [unsetGPUFreq] current min:0, max:0; scn_gpu_min:0, scn_gpu_max:-1; scn_gpu_min(HL):-1, scn_gpu_max(HL):-1
01-19 15:53:12.772 I/libPowerHal( 1025): [setGPUFreq] Soft min/max = (0, 0); Hard min/max = (2, 0)
01-19 15:53:12.772 I/libPowerHal( 1025): [setGPUFreq] final min/max = (0, 0)
01-19 15:53:12.772 I/libPowerHal( 1025): INTERACTION: set gpu opp level: 0
01-19 15:53:12.773 I/libPowerHal( 1025): INTERACTION: set gpu opp level max: 0
01-19 15:53:12.775 I/mtkpower@impl( 1025): [powerd_req] TIMER_MSG_PERF_LOCK_TIMEOUT hdl:13789
01-19 15:53:12.775 I/libPowerHal( 1025): [perfLockRel] hdl:13789, idx:3
01-19 15:53:12.775 I/libPowerHal( 1025): [unsetGPUFreq] current min:0, max:0; scn_gpu_min:0, scn_gpu_max:-1; scn_gpu_min(HL):-1, scn_gpu_max(HL):-1
01-19 15:53:12.775 I/libPowerHal( 1025): [setGPUFreq] Soft min/max = (0, 0); Hard min/max = (2, 0)
01-19 15:53:12.775 I/libPowerHal( 1025): [setGPUFreq] final min/max = (0, 0)
01-19 15:53:12.775 I/libPowerHal( 1025): INTERACTION: set gpu opp level: 0
01-19 15:53:12.775 I/libPowerHal( 1025): INTERACTION: set gpu opp level max: 0
01-19 15:53:12.824 I/mtkpower@impl( 1025): [powerd_req] TIMER_MSG_PERF_LOCK_TIMEOUT hdl:13790
01-19 15:53:12.824 I/libPowerHal( 1025): [perfLockRel] hdl:13790, idx:1
01-19 15:53:12.824 I/libPowerHal( 1025): INTERACTION: cpu_ctrl set cpu freq: -1 -1 -1 -1
01-19 15:53:12.824 I/libPowerHal( 1025): [unsetGPUFreq] current min:0, max:0; scn_gpu_min:0, scn_gpu_max:-1; scn_gpu_min(HL):-1, scn_gpu_max(HL):-1
01-19 15:53:12.824 I/libPowerHal( 1025): INTERACTION: set gpu opp level: 2
01-19 15:53:12.824 I/libPowerHal( 1025): INTERACTION: set gpu opp level max: 0
01-19 15:53:12.825 I/libPowerHal( 1025): [setGPUFreq] Soft min/max = (2, 0); Hard min/max = (2, 0)
01-19 15:53:12.825 I/libPowerHal( 1025): [setGPUFreq] final min/max = (2, 0)
01-19 15:53:12.825 I/libPowerHal( 1025): INTERACTION: set gpu opp level: 2
01-19 15:53:12.825 I/libPowerHal( 1025): INTERACTION: set gpu opp level max: 0
01-19 15:53:12.825 I/libPowerHal( 1025): [PD] INTERACTION update cmd:1000000, param:-1
01-19 15:53:12.825 I/libPowerHal( 1025): [PD] INTERACTION update cmd:2020000 param:1
01-19 15:53:12.825 I/libPowerHal( 1025): [PD] INTERACTION update cmd:1000000 param:-1
01-19 15:53:12.909 D/Layer   ( 1123): reparent to null sequence=10556, seq[4], name=PopupWindow:e221251#10556
01-19 15:53:12.909 D/Layer   ( 1123): reparent to null sequence=10555, seq[6], name=f63b1f7 PopupWindow:e221251#10555
01-19 15:53:12.909 D/Layer   ( 1123): reparent to null sequence=10558, seq[23], name=Surface(name=f63b1f7 PopupWindow:e221251)/@0xbd076d0 - animation-leash of window_animation#10558
01-19 15:53:12.910 D/OplusLayer( 1123): ~Layer() sequence=10558, name=Surface(name=f63b1f7 PopupWindow:e221251)/@0xbd076d0 - animation-leash of window_animation#10558
01-19 15:53:12.910 D/OplusLayer( 1123): ~Layer() sequence=10555, name=f63b1f7 PopupWindow:e221251#10555
01-19 15:53:12.914 I/BufferQueueDebug( 1123): [PopupWindow:e221251#10556](this:0xb4000072c9a549e8,id:-1,api:0,p:-1,c:1123) onDestructor()
01-19 15:53:12.914 D/OplusLayer( 1123): ~Layer() sequence=10556, name=PopupWindow:e221251#10556
01-19 15:53:12.915 I/DispPerfService( 1123): updateLayerMask 0
01-19 15:53:12.976 D/OplusSmartBrightnessController( 1654): handleMessage MSG_LUX_CHANGED, mLux:177.81958 luxQueue=[173.0, 177.0, 180.0, 180.0, 179.0]
01-19 15:53:13.163 I/thermal_repeater( 1431): [recvMdThermalInfo] ret=33, strLen=127,  3, 28, -127, 25135, 32767, 25391
01-19 15:53:13.300 E/VirtualSensors( 1010): pedo minute, step_count = 13, report_count = 1109 move_statust = 0 ,time_gap = 0 , step_run_count = 0 , step_walk_count = 13
01-19 15:53:13.300 E/power   ( 1010): ISystemSuspend::getService() failed.
01-19 15:53:13.300 E/VirtualSensors( 1010): post_events : call
01-19 15:53:13.313 E/AppOps  ( 1654): attributionTag  not declared in manifest of com.oplus.exsystemservice
01-19 15:53:13.323 E/AppOps  ( 1654): attributionTag  not declared in manifest of com.oplus.exsystemservice
01-19 15:53:13.325 I/StepApp_StepDataPreHandler( 2277): (main)onSensorChanged raw data: step=13.0 state=0.0 minuteDelta=0.0 timestamp=219635419146668 steprun=0.0 stepwalk=13.0 formatted data: step=13 state=0 timestamp=219635419146668 time=1768809193299 steprun=0 stepwalk=13
01-19 15:53:13.327 I/StepApp_StepDataSaver( 2277): (StepDataDispatcher)getNewFixedOffsetStep type is STEP
01-19 15:53:13.329 I/StepApp_StepDataSaver( 2277): (StepDataDispatcher)isRebootCountStep:false	 lastRealTimeStamp = 1768809120000	 bootTimestamp = 1768589557880	 mLastModifiedMinuteTime = 2026-01-19-15-52
01-19 15:53:13.329 I/StepApp_StepDataSaver( 2277): (StepDataDispatcher)calOffSet:sensorStep = 13	 lastModifiedStep = 13	 offSet = 0
01-19 15:53:13.329 I/StepApp_StepDataSaver( 2277): (StepDataDispatcher)getNewFixedOffsetStep type is RUN
01-19 15:53:13.330 I/StepApp_StepDataSaver( 2277): (StepDataDispatcher)isRebootCountStep:false	 lastRealTimeStamp = 1768809120000	 bootTimestamp = 1768589557880	 mLastModifiedMinuteTime = 2026-01-19-15-52
01-19 15:53:13.330 I/StepApp_StepDataSaver( 2277): (StepDataDispatcher)calOffSet:sensorStep = 0	 lastModifiedStep = 0	 offSet = 0
01-19 15:53:13.330 I/StepApp_StepDataSaver( 2277): (StepDataDispatcher)getNewFixedOffsetStep type is WALK
01-19 15:53:13.331 I/StepApp_StepDataSaver( 2277): (StepDataDispatcher)isRebootCountStep:false	 lastRealTimeStamp = 1768809120000	 bootTimestamp = 1768589557880	 mLastModifiedMinuteTime = 2026-01-19-15-52
01-19 15:53:13.331 I/StepApp_StepDataSaver( 2277): (StepDataDispatcher)calOffSet:sensorStep = 13	 lastModifiedStep = 13	 offSet = 0
01-19 15:53:13.380 I/mtkpower_client( 1654): perf_lock_rel, hdl:13786, tid:2356
01-19 15:53:13.380 D/PowerManagerService( 1654): userActivityNoUpdateLocked: groupId=0, eventTime=217943936, event=2, flags=0x0, uid=1000
01-19 15:53:13.380 D/OGG_Detector( 1654): D:done mCurrStatus: 0
01-19 15:53:13.381 I/libPowerHal( 1025): [setGPUFreq] MTKPOWER_HINT_APP_TOUCH user set gpu freq min:1, max:-1
01-19 15:53:13.381 I/libPowerHal( 1025): MTKPOWER_HINT_APP_TOUCH: set gpu opp level: 1
01-19 15:53:13.381 I/libPowerHal( 1025): MTKPOWER_HINT_APP_TOUCH: set gpu opp level max: 0
01-19 15:53:13.381 I/libPowerHal( 1025): [setGPUFreq] Soft min/max = (1, 0); Hard min/max = (2, 0)
01-19 15:53:13.381 I/libPowerHal( 1025): [setGPUFreq] final min/max = (1, 0)
01-19 15:53:13.381 I/libPowerHal( 1025): MTKPOWER_HINT_APP_TOUCH: set gpu opp level: 1
01-19 15:53:13.382 I/libPowerHal( 1025): MTKPOWER_HINT_APP_TOUCH: set gpu opp level max: 0
01-19 15:53:13.383 I/libPowerHal( 1025): MTKPOWER_HINT_APP_TOUCH: cpu_ctrl set cpu freq: 2139000 -1 1491000 -1
01-19 15:53:13.384 E/SystemServiceRegistry( 1654): Manager wrapper not available: linearmotor
01-19 15:53:13.384 I/mtkpower_client( 1654): perf_lock_acq, hdl:13786, dur:0, num:4, tid:2356
01-19 15:53:13.384 I/libPowerHal( 1025): [setGPUFreq] INTERACTION user set gpu freq min:0, max:-1
01-19 15:53:13.384 I/libPowerHal( 1025): INTERACTION: set gpu opp level: 0
01-19 15:53:13.385 D/SystemVibratorExtImpl( 1654): convertToLinearVibration uid = 10147, opPkg = com.google.android.inputmethod.latin, effect = Composed{segments=[Prebaked{effect=CLICK, strength=MEDIUM, fallback=true}], repeat=-1}, attributes = VibrationAttributes: Usage=TOUCH Audio Usage= USAGE_UNKNOWN Flags=0
01-19 15:53:13.385 D/SystemVibratorExtImpl( 1654): no vibrator_lmvibrator or CTS vibration, do not convert
01-19 15:53:13.385 I/VibratorManagerServiceExtImpl( 1654): vibrate is uid=10147, pid=1654, opPkg=com.google.android.inputmethod.latin, effect=Mono{mEffect=Composed{segments=[Prebaked{effect=CLICK, strength=MEDIUM, fallback=true}], repeat=-1}}, attributes=VibrationAttributes: Usage=TOUCH Audio Usage= USAGE_UNKNOWN Flags=0, token=196348416
01-19 15:53:13.385 D/VibratorManagerServiceExtImpl( 1654): startCustomizeVibratorLocked id= 0,size=1
01-19 15:53:13.385 D/VibratorManagerServiceExtImpl( 1654): startCustomizeVibratorLocked withCallback=false
01-19 15:53:13.385 I/libPowerHal( 1025): INTERACTION: set gpu opp level max: 0
01-19 15:53:13.385 I/libPowerHal( 1025): [setGPUFreq] Soft min/max = (0, 0); Hard min/max = (2, 0)
01-19 15:53:13.385 I/libPowerHal( 1025): [setGPUFreq] final min/max = (0, 0)
01-19 15:53:13.385 I/libPowerHal( 1025): INTERACTION: set gpu opp level: 0
01-19 15:53:13.385 I/libPowerHal( 1025): INTERACTION: set gpu opp level max: 0
01-19 15:53:13.386 I/libPowerHal( 1025): [perfLockRel] hdl:13786, idx:0
01-19 15:53:13.387 I/mtkpower_client( 1654): ret_hdl:13794
01-19 15:53:13.388 D/Vibrator( 1111): Vibrator perform 1, 0
01-19 15:53:13.388 I/Vibrator( 1111): Vibrator on for timeoutMs: 30
01-19 15:53:13.388 D/Vibrator( 1111): Vibrator using LED trigger
01-19 15:53:13.390 I/libPowerHal( 1025): [setGPUFreq] INTERACTION user set gpu freq min:0, max:-1
01-19 15:53:13.390 I/libPowerHal( 1025): INTERACTION: set gpu opp level max: 0
01-19 15:53:13.390 I/libPowerHal( 1025): [setGPUFreq] Soft min/max = (0, 0); Hard min/max = (2, 0)
01-19 15:53:13.390 I/libPowerHal( 1025): [setGPUFreq] final min/max = (0, 0)
01-19 15:53:13.390 I/libPowerHal( 1025): INTERACTION: set gpu opp level: 0
01-19 15:53:13.390 I/libPowerHal( 1025): INTERACTION: set gpu opp level max: 0
01-19 15:53:13.390 I/libPowerHal( 1025): cmdSetting - unknown cmd:2004100, scmd:(null) ,param_1:2
01-19 15:53:13.419 D/Vibrator( 1111): Vibrator off
01-19 15:53:13.419 D/Vibrator( 1111): Vibrator using LED trigger
01-19 15:53:13.466 I/mtkpower@impl( 1025): [powerd_req] TIMER_MSG_PERF_LOCK_TIMEOUT hdl:13792
01-19 15:53:13.466 I/libPowerHal( 1025): [perfLockRel] hdl:13792, idx:2
01-19 15:53:13.466 I/libPowerHal( 1025): [unsetGPUFreq] current min:0, max:0; scn_gpu_min:0, scn_gpu_max:-1; scn_gpu_min(HL):-1, scn_gpu_max(HL):-1
01-19 15:53:13.466 I/libPowerHal( 1025): [setGPUFreq] Soft min/max = (0, 0); Hard min/max = (2, 0)
01-19 15:53:13.466 I/libPowerHal( 1025): [setGPUFreq] final min/max = (0, 0)
01-19 15:53:13.466 I/libPowerHal( 1025): INTERACTION: set gpu opp level: 0
01-19 15:53:13.466 I/libPowerHal( 1025): INTERACTION: set gpu opp level max: 0
01-19 15:53:13.470 I/mtkpower@impl( 1025): [powerd_req] TIMER_MSG_PERF_LOCK_TIMEOUT hdl:13793
01-19 15:53:13.470 I/libPowerHal( 1025): [perfLockRel] hdl:13793, idx:3
01-19 15:53:13.470 I/libPowerHal( 1025): [unsetGPUFreq] current min:0, max:0; scn_gpu_min:0, scn_gpu_max:-1; scn_gpu_min(HL):-1, scn_gpu_max(HL):-1
01-19 15:53:13.470 I/libPowerHal( 1025): INTERACTION: set gpu opp level: 1
01-19 15:53:13.470 I/libPowerHal( 1025): INTERACTION: set gpu opp level max: 0
01-19 15:53:13.470 I/libPowerHal( 1025): [setGPUFreq] Soft min/max = (1, 0); Hard min/max = (2, 0)
01-19 15:53:13.470 I/libPowerHal( 1025): [setGPUFreq] final min/max = (1, 0)
01-19 15:53:13.470 I/libPowerHal( 1025): INTERACTION: set gpu opp level: 1
01-19 15:53:13.470 I/libPowerHal( 1025): INTERACTION: set gpu opp level max: 0
01-19 15:53:13.470 I/libPowerHal( 1025): [PD] INTERACTION update cmd:1000000, param:-1
01-19 15:53:13.470 I/libPowerHal( 1025): [PD] INTERACTION update cmd:2020000 param:1
01-19 15:53:13.471 I/libPowerHal( 1025): [PD] INTERACTION update cmd:1000000 param:-1
01-19 15:53:13.519 I/libPowerHal( 1025): [perfLockRel] hdl:13791, idx:1
01-19 15:53:13.519 I/libPowerHal( 1025): MTKPOWER_HINT_APP_TOUCH: cpu_ctrl set cpu freq: -1 -1 -1 -1
01-19 15:53:13.519 I/libPowerHal( 1025): [unsetGPUFreq] current min:1, max:0; scn_gpu_min:1, scn_gpu_max:-1; scn_gpu_min(HL):-1, scn_gpu_max(HL):-1
01-19 15:53:13.519 I/libPowerHal( 1025): MTKPOWER_HINT_APP_TOUCH: set gpu opp level: 2
01-19 15:53:13.520 I/libPowerHal( 1025): MTKPOWER_HINT_APP_TOUCH: set gpu opp level max: 0
01-19 15:53:13.520 D/PowerManagerService( 1654): userActivityNoUpdateLocked: groupId=0, eventTime=217944079, event=2, flags=0x0, uid=1000
01-19 15:53:13.520 I/libPowerHal( 1025): [setGPUFreq] Soft min/max = (2, 0); Hard min/max = (2, 0)
01-19 15:53:13.520 I/libPowerHal( 1025): [setGPUFreq] final min/max = (2, 0)
01-19 15:53:13.520 I/libPowerHal( 1025): MTKPOWER_HINT_APP_TOUCH: set gpu opp level: 2
01-19 15:53:13.520 I/libPowerHal( 1025): MTKPOWER_HINT_APP_TOUCH: set gpu opp level max: 0
01-19 15:53:13.520 I/libPowerHal( 1025): [PD] MTKPOWER_HINT_APP_TOUCH update cmd:3408600 param:0
01-19 15:53:13.522 W/TooltipLifecycleManager(23388): TooltipLifecycleManager.dismissTooltips():153 Tooltip with id SUGGESTION_VIEW_EDU_MINI_DIALOG not found in tooltipManager.
01-19 15:53:13.524 I/libPowerHal( 1025): [setGPUFreq] INTERACTION user set gpu freq min:0, max:-1
01-19 15:53:13.524 I/libPowerHal( 1025): INTERACTION: set gpu opp level: 0
01-19 15:53:13.524 I/libPowerHal( 1025): INTERACTION: set gpu opp level max: 0
01-19 15:53:13.524 I/libPowerHal( 1025): [setGPUFreq] Soft min/max = (0, 0); Hard min/max = (2, 0)
01-19 15:53:13.524 I/libPowerHal( 1025): [setGPUFreq] final min/max = (0, 0)
01-19 15:53:13.524 I/libPowerHal( 1025): INTERACTION: set gpu opp level: 0
01-19 15:53:13.525 I/libPowerHal( 1025): INTERACTION: set gpu opp level max: 0
01-19 15:53:13.525 I/libPowerHal( 1025): INTERACTION: cpu_ctrl set cpu freq: 2139000 -1 1491000 -1
01-19 15:53:13.527 I/libPowerHal( 1025): [setGPUFreq] INTERACTION user set gpu freq min:0, max:-1
01-19 15:53:13.527 V/TextView(22851): notifyAutoFillManagerAfterTextChanged
01-19 15:53:13.527 I/libPowerHal( 1025): INTERACTION: set gpu opp level max: 0
01-19 15:53:13.527 V/AutofillManager(22851): notifyValueChanged(1073741825): ignoring on state FINISHED
01-19 15:53:13.527 I/libPowerHal( 1025): [setGPUFreq] Soft min/max = (0, 0); Hard min/max = (2, 0)
01-19 15:53:13.527 I/libPowerHal( 1025): [setGPUFreq] final min/max = (0, 0)
01-19 15:53:13.527 I/libPowerHal( 1025): INTERACTION: set gpu opp level: 0
01-19 15:53:13.527 I/libPowerHal( 1025): INTERACTION: set gpu opp level max: 0
01-19 15:53:13.605 I/mtkpower@impl( 1025): [powerd_req] TIMER_MSG_PERF_LOCK_TIMEOUT hdl:13795
01-19 15:53:13.605 I/libPowerHal( 1025): [perfLockRel] hdl:13795, idx:1
01-19 15:53:13.605 I/libPowerHal( 1025): [unsetGPUFreq] current min:0, max:0; scn_gpu_min:0, scn_gpu_max:-1; scn_gpu_min(HL):-1, scn_gpu_max(HL):-1
01-19 15:53:13.605 I/libPowerHal( 1025): [setGPUFreq] Soft min/max = (0, 0); Hard min/max = (2, 0)
01-19 15:53:13.605 I/libPowerHal( 1025): [setGPUFreq] final min/max = (0, 0)
01-19 15:53:13.605 I/libPowerHal( 1025): INTERACTION: set gpu opp level: 0
01-19 15:53:13.606 I/libPowerHal( 1025): INTERACTION: set gpu opp level max: 0
01-19 15:53:13.607 I/mtkpower@impl( 1025): [powerd_req] TIMER_MSG_PERF_LOCK_TIMEOUT hdl:13796
01-19 15:53:13.607 I/libPowerHal( 1025): [perfLockRel] hdl:13796, idx:2
01-19 15:53:13.608 I/libPowerHal( 1025): INTERACTION: cpu_ctrl set cpu freq: -1 -1 -1 -1
01-19 15:53:13.608 I/libPowerHal( 1025): [unsetGPUFreq] current min:0, max:0; scn_gpu_min:0, scn_gpu_max:-1; scn_gpu_min(HL):-1, scn_gpu_max(HL):-1
01-19 15:53:13.608 I/libPowerHal( 1025): INTERACTION: set gpu opp level: 2
01-19 15:53:13.608 I/libPowerHal( 1025): INTERACTION: set gpu opp level max: 0
01-19 15:53:13.608 I/libPowerHal( 1025): [setGPUFreq] Soft min/max = (2, 0); Hard min/max = (2, 0)
01-19 15:53:13.608 I/libPowerHal( 1025): [setGPUFreq] final min/max = (2, 0)
01-19 15:53:13.608 I/libPowerHal( 1025): INTERACTION: set gpu opp level: 2
01-19 15:53:13.608 I/libPowerHal( 1025): INTERACTION: set gpu opp level max: 0
01-19 15:53:13.608 I/libPowerHal( 1025): [PD] INTERACTION update cmd:1000000, param:-1
01-19 15:53:13.608 I/libPowerHal( 1025): [PD] INTERACTION update cmd:2020000 param:1
01-19 15:53:13.608 I/libPowerHal( 1025): [PD] INTERACTION update cmd:1000000 param:-1
01-19 15:53:13.993 I/libPowerHal( 1025): perfUserScnCheckAll
01-19 15:53:13.994 I/libPowerHal( 1025): perfScnDumpAll cmd:0
01-19 15:53:13.994 I/libPowerHal( 1025): ========================
01-19 15:53:13.994 I/libPowerHal( 1025): system_server - freq:-1, -1, HL:-1, -1
01-19 15:53:13.994 I/libPowerHal( 1025): system_server - freq:-1, -1, HL:-1, -1
01-19 15:53:13.994 I/libPowerHal( 1025): system_server - gpu freq min:-1, max:-1, scn_action:1
01-19 15:53:13.994 I/libPowerHal( 1025): ========================
01-19 15:53:14.181 I/libPowerHal( 1025): [setGPUFreq] MTKPOWER_HINT_APP_TOUCH user set gpu freq min:1, max:-1
01-19 15:53:14.181 I/libPowerHal( 1025): MTKPOWER_HINT_APP_TOUCH: set gpu opp level: 1
01-19 15:53:14.181 I/mtkpower_client( 1654): perf_lock_rel, hdl:13794, tid:2356
01-19 15:53:14.181 I/libPowerHal( 1025): MTKPOWER_HINT_APP_TOUCH: set gpu opp level max: 0
01-19 15:53:14.181 I/libPowerHal( 1025): [setGPUFreq] Soft min/max = (1, 0); Hard min/max = (2, 0)
01-19 15:53:14.181 V/AutofillManager(22851): requestHideFillUi(null): anchor = null
01-19 15:53:14.181 I/libPowerHal( 1025): [setGPUFreq] final min/max = (1, 0)
01-19 15:53:14.181 I/libPowerHal( 1025): MTKPOWER_HINT_APP_TOUCH: set gpu opp level: 1
01-19 15:53:14.182 I/libPowerHal( 1025): MTKPOWER_HINT_APP_TOUCH: set gpu opp level max: 0
01-19 15:53:14.182 D/PowerManagerService( 1654): userActivityNoUpdateLocked: groupId=0, eventTime=217944737, event=2, flags=0x0, uid=1000
01-19 15:53:14.182 I/libPowerHal( 1025): MTKPOWER_HINT_APP_TOUCH: cpu_ctrl set cpu freq: 2139000 -1 1491000 -1
01-19 15:53:14.182 D/OGG_Detector( 1654): D:done mCurrStatus: 0
01-19 15:53:14.184 I/libPowerHal( 1025): [setGPUFreq] INTERACTION user set gpu freq min:0, max:-1
01-19 15:53:14.184 I/libPowerHal( 1025): INTERACTION: set gpu opp level: 0
01-19 15:53:14.184 I/libPowerHal( 1025): INTERACTION: set gpu opp level max: 0
01-19 15:53:14.184 I/libPowerHal( 1025): [setGPUFreq] Soft min/max = (0, 0); Hard min/max = (2, 0)
01-19 15:53:14.184 I/libPowerHal( 1025): [setGPUFreq] final min/max = (0, 0)
01-19 15:53:14.184 I/libPowerHal( 1025): INTERACTION: set gpu opp level: 0
01-19 15:53:14.185 I/libPowerHal( 1025): INTERACTION: set gpu opp level max: 0
01-19 15:53:14.185 I/mtkpower_client( 1654): perf_lock_acq, hdl:13794, dur:0, num:4, tid:2356
01-19 15:53:14.185 I/libPowerHal( 1025): [perfLockRel] hdl:13794, idx:0
01-19 15:53:14.186 I/libPowerHal( 1025): [setGPUFreq] INTERACTION user set gpu freq min:0, max:-1
01-19 15:53:14.186 I/libPowerHal( 1025): INTERACTION: set gpu opp level max: 0
01-19 15:53:14.187 I/libPowerHal( 1025): [setGPUFreq] Soft min/max = (0, 0); Hard min/max = (2, 0)
01-19 15:53:14.187 I/libPowerHal( 1025): [setGPUFreq] final min/max = (0, 0)
01-19 15:53:14.187 I/libPowerHal( 1025): INTERACTION: set gpu opp level: 0
01-19 15:53:14.187 I/libPowerHal( 1025): INTERACTION: set gpu opp level max: 0
01-19 15:53:14.187 I/mtkpower_client( 1654): ret_hdl:13800
01-19 15:53:14.187 I/libPowerHal( 1025): cmdSetting - unknown cmd:2004100, scmd:(null) ,param_1:2
01-19 15:53:14.265 I/mtkpower@impl( 1025): [powerd_req] TIMER_MSG_PERF_LOCK_TIMEOUT hdl:13798
01-19 15:53:14.265 I/libPowerHal( 1025): [perfLockRel] hdl:13798, idx:2
01-19 15:53:14.265 I/libPowerHal( 1025): [unsetGPUFreq] current min:0, max:0; scn_gpu_min:0, scn_gpu_max:-1; scn_gpu_min(HL):-1, scn_gpu_max(HL):-1
01-19 15:53:14.265 I/libPowerHal( 1025): [setGPUFreq] Soft min/max = (0, 0); Hard min/max = (2, 0)
01-19 15:53:14.265 I/libPowerHal( 1025): [setGPUFreq] final min/max = (0, 0)
01-19 15:53:14.265 I/libPowerHal( 1025): INTERACTION: set gpu opp level: 0
01-19 15:53:14.265 I/libPowerHal( 1025): INTERACTION: set gpu opp level max: 0
01-19 15:53:14.267 I/mtkpower@impl( 1025): [powerd_req] TIMER_MSG_PERF_LOCK_TIMEOUT hdl:13799
01-19 15:53:14.267 I/libPowerHal( 1025): [perfLockRel] hdl:13799, idx:3
01-19 15:53:14.267 I/libPowerHal( 1025): [unsetGPUFreq] current min:0, max:0; scn_gpu_min:0, scn_gpu_max:-1; scn_gpu_min(HL):-1, scn_gpu_max(HL):-1
01-19 15:53:14.267 I/libPowerHal( 1025): INTERACTION: set gpu opp level: 1
01-19 15:53:14.267 I/libPowerHal( 1025): INTERACTION: set gpu opp level max: 0
01-19 15:53:14.267 I/libPowerHal( 1025): [setGPUFreq] Soft min/max = (1, 0); Hard min/max = (2, 0)
01-19 15:53:14.267 I/libPowerHal( 1025): [setGPUFreq] final min/max = (1, 0)
01-19 15:53:14.267 I/libPowerHal( 1025): INTERACTION: set gpu opp level: 1
01-19 15:53:14.267 I/libPowerHal( 1025): INTERACTION: set gpu opp level max: 0
01-19 15:53:14.267 I/libPowerHal( 1025): [PD] INTERACTION update cmd:1000000, param:-1
01-19 15:53:14.267 I/libPowerHal( 1025): [PD] INTERACTION update cmd:2020000 param:1
01-19 15:53:14.268 I/libPowerHal( 1025): [PD] INTERACTION update cmd:1000000 param:-1
01-19 15:53:14.270 I/libPowerHal( 1025): [perfLockRel] hdl:13797, idx:1
01-19 15:53:14.270 I/libPowerHal( 1025): MTKPOWER_HINT_APP_TOUCH: cpu_ctrl set cpu freq: -1 -1 -1 -1
01-19 15:53:14.270 I/libPowerHal( 1025): [unsetGPUFreq] current min:1, max:0; scn_gpu_min:1, scn_gpu_max:-1; scn_gpu_min(HL):-1, scn_gpu_max(HL):-1
01-19 15:53:14.270 I/libPowerHal( 1025): MTKPOWER_HINT_APP_TOUCH: set gpu opp level: 2
01-19 15:53:14.271 I/libPowerHal( 1025): MTKPOWER_HINT_APP_TOUCH: set gpu opp level max: 0
01-19 15:53:14.271 I/libPowerHal( 1025): [setGPUFreq] Soft min/max = (2, 0); Hard min/max = (2, 0)
01-19 15:53:14.271 I/libPowerHal( 1025): [setGPUFreq] final min/max = (2, 0)
01-19 15:53:14.271 I/libPowerHal( 1025): MTKPOWER_HINT_APP_TOUCH: set gpu opp level: 2
01-19 15:53:14.271 I/libPowerHal( 1025): MTKPOWER_HINT_APP_TOUCH: set gpu opp level max: 0
01-19 15:53:14.271 I/libPowerHal( 1025): [PD] MTKPOWER_HINT_APP_TOUCH update cmd:3408600 param:0
01-19 15:53:14.277 I/ActivityTaskManager( 1654): START u0 {cmp=com.THLight.BLE.USBeacon.Writer.Simple.dev/com.THLight.BLE.USBeacon.Writer.Simple.ui.activity.register.RegisterActivity mCallingUid=10154} from uid 10154
01-19 15:53:14.278 I/mtkpower_client( 1654): perf_lock_rel, hdl:13800, tid:2356
01-19 15:53:14.279 I/mtkpower_client( 1654): perf_lock_acq, hdl:13800, dur:0, num:8, tid:2356
01-19 15:53:14.279 I/libPowerHal( 1025): [perfLockRel] hdl:13800, idx:0
01-19 15:53:14.281 I/mtkpower_client( 1654): ret_hdl:13801
01-19 15:53:14.281 I/libPowerHal( 1025): cmdSetting - unknown cmd:2004100, scmd:(null) ,param_1:0
01-19 15:53:14.282 I/libPowerHal( 1025): system_server: cpu_ctrl set cpu freq: 2301000 -1 1800000 -1
01-19 15:53:14.284 D/OplusZoomWindowRUSConfigManager( 1654): isSupportZoomModeWithPolicyLocked: target = com.THLight.BLE.USBeacon.Writer.Simple.dev/com.THLight.BLE.USBeacon.Writer.Simple.ui.activity.register.RegisterActivity
01-19 15:53:14.284 D/OplusZoomWindowRUSConfigManager( 1654): targetPkg = com.THLight.BLE.USBeacon.Writer.Simple.dev
01-19 15:53:14.284 V/OplusZoomWindowManagerService( 1654): unSupportZoom: false ,callingPid: 22851 ,sourceStack: Task{15c6d2d #233 type=standard A=10154:com.THLight.BLE.USBeacon.Writer.Simple.dev U=0 visible=true visibleRequested=true mode=fullscreen translucent=false sz=1}
01-19 15:53:14.287 D/TaskFragmentExtImpl( 1654): add ActivityRecord{8cb93ad u0 com.THLight.BLE.USBeacon.Writer.Simple.dev/com.THLight.BLE.USBeacon.Writer.Simple.ui.activity.register.RegisterActivity} t233} to mActivityRecordSum = Counter{ com.THLight.BLE.USBeacon.Writer.Simple.dev/com.THLight.BLE.USBeacon.Writer.Simple.ui.activity.login.LoginActivity(1) com.THLight.BLE.USBeacon.Writer.Simple.dev/com.THLight.BLE.USBeacon.Writer.Simple.ui.activity.register.RegisterActivity(1) }
01-19 15:53:14.288 I/mtkpower@impl( 1025): [setMode] type:5, enabled:1
01-19 15:53:14.288 D/ActivityTaskManager( 1654): getStartingWindowType: newTask=false, taskSwitch=false, processRunning=true, allowTaskSnapshot=true, activityCreated=false, snapshot=null, record:ActivityRecord{8cb93ad u0 com.THLight.BLE.USBeacon.Writer.Simple.dev/com.THLight.BLE.USBeacon.Writer.Simple.ui.activity.register.RegisterActivity} t233}
01-19 15:53:14.288 D/OplusZoomWindowRUSConfigManager( 1654): isSupportZoomModeWithPolicyLocked: target = com.THLight.BLE.USBeacon.Writer.Simple.dev/com.THLight.BLE.USBeacon.Writer.Simple.ui.activity.register.RegisterActivity
01-19 15:53:14.288 D/OplusZoomWindowRUSConfigManager( 1654): targetPkg = com.THLight.BLE.USBeacon.Writer.Simple.dev
01-19 15:53:14.289 V/OplusZoomWindowManagerService( 1654): unSupportZoom: false ,callingPid: 22851 ,sourceStack: Task{15c6d2d #233 type=standard A=10154:com.THLight.BLE.USBeacon.Writer.Simple.dev U=0 visible=true visibleRequested=true mode=fullscreen translucent=false sz=2}
01-19 15:53:14.292 I/PowerHalWrapper( 1654): <amsBoostResume> last:com.THLight.BLE.USBeacon.Writer.Simple.dev, next:com.THLight.BLE.USBeacon.Writer.Simple.dev 
01-19 15:53:14.293 I/libPowerHal( 1025): [perfLockRel] hdl:13754, idx:-1
01-19 15:53:14.297 D/OplusUIFirst_FB( 1654): com.THLight.BLE.USBeacon.Writer.Simple.dev activity event: []
01-19 15:53:14.297 D/OplusUIFirst_FB( 1654): List of ThreadOp: size=0 []
01-19 15:53:14.300 I/Quality (22851): Skipped: false 1 cost 25.320652 refreshRate 16705841 bit true processName com.THLight.BLE.USBeacon.Writer.Simple.dev
01-19 15:53:14.306 D/OplusUIFirst_FB( 1654): com.THLight.BLE.USBeacon.Writer.Simple.dev activity event: []
01-19 15:53:14.306 D/OplusUIFirst_FB( 1654): List of ThreadOp: size=0 []
01-19 15:53:14.306 D/OplusUIFirst_FB( 1654): handleParaSwitch com.THLight.BLE.USBeacon.Writer.Simple.dev null null 1
01-19 15:53:14.306 I/OplusHansManager ( 1654): resumeTaskAffinityIfNeedLocked uid: 10154 packageName: com.THLight.BLE.USBeacon.Writer.Simple.dev
01-19 15:53:14.307 D/OplusUIFirst_FB( 1654): com.THLight.BLE.USBeacon.Writer.Simple.dev activity event: []
01-19 15:53:14.307 D/OplusUIFirst_FB( 1654): List of ThreadOp: size=0 []
01-19 15:53:14.307 D/OplusUIFirst_FB( 1654): handleParaSwitch com.THLight.BLE.USBeacon.Writer.Simple.dev null null 1
01-19 15:53:14.307 W/ActivityTaskManager( 1654): Tried to set launchTime (0) < mLastActivityLaunchTime (217936680)
01-19 15:53:14.311 D/OplusDexOptimizeManager( 1654): Do not in AppLaunchOptList!
01-19 15:53:14.314 I/PowerHalWrapper( 1654): amsBoostNotify pid:22851,activity:com.THLight.BLE.USBeacon.Writer.Simple.ui.activity.register.RegisterActivity, package:com.THLight.BLE.USBeacon.Writer.Simple.dev, mProcessCreatePackcom.THLight.BLE.USBeacon.Writer.Simple.dev 
01-19 15:53:14.314 I/PowerHalWrapper( 1654): state: 1 
01-19 15:53:14.314 I/mtkpower_client( 1654): [Legacy][PowerHal_Wrap_notifyAppState] com.THLight.BLE.USBeacon.Writer.Simple.dev/com.THLight.BLE.USBeacon.Writer.Simple.ui.activity.register.RegisterActivity pid=22851 state:1
01-19 15:53:14.314 I/game_scn( 1654): collectForegroundAppList packName=com.THLight.BLE.USBeacon.Writer.Simple.dev, actName=com.THLight.BLE.USBeacon.Writer.Simple.ui.activity.register.RegisterActivity, pid=22851, uid=10154, state:RESUMED
01-19 15:53:14.314 I/PowerHalWrapper( 1654): amsBoostNotify AMS_BOOST_PROCESS_CREATE_BOOST:false 
01-19 15:53:14.315 I/InputDispatcher( 1654): setFocusedApplication displayId=0 ActivityRecord{8cb93ad u0 com.THLight.BLE.USBeacon.Writer.Simple.dev/com.THLight.BLE.USBeacon.Writer.Simple.ui.activity.register.RegisterActivity} t233}
01-19 15:53:14.315 I/mtkpower@impl( 1025): [notifyAppState] act com.THLight.BLE.USBeacon.Writer.Simple.ui.activity.login.LoginActivity => com.THLight.BLE.USBeacon.Writer.Simple.ui.activity.register.RegisterActivity
01-19 15:53:14.315 V/WindowManager( 1654): Changing focus from Window{a314469 u0 com.THLight.BLE.USBeacon.Writer.Simple.dev/com.THLight.BLE.USBeacon.Writer.Simple.ui.activity.login.LoginActivity} to null,diplayid=0
01-19 15:53:14.316 D/Theia.NoFocusWindow( 1654): FocusWindowErrorScene CheckFreezeScreen
01-19 15:53:14.320 I/PowerHalWrapper( 1654): amsBoostNotify pid:22851,activity:com.THLight.BLE.USBeacon.Writer.Simple.ui.activity.login.LoginActivity, package:com.THLight.BLE.USBeacon.Writer.Simple.dev, mProcessCreatePackcom.THLight.BLE.USBeacon.Writer.Simple.dev 
01-19 15:53:14.320 I/PowerHalWrapper( 1654): state: 0 
01-19 15:53:14.321 I/mtkpower_client( 1654): [Legacy][PowerHal_Wrap_notifyAppState] com.THLight.BLE.USBeacon.Writer.Simple.dev/com.THLight.BLE.USBeacon.Writer.Simple.ui.activity.login.LoginActivity pid=22851 state:0
01-19 15:53:14.321 I/game_scn( 1654): collectForegroundAppList packName=com.THLight.BLE.USBeacon.Writer.Simple.dev, actName=com.THLight.BLE.USBeacon.Writer.Simple.ui.activity.login.LoginActivity, pid=22851, uid=10154, state:PAUSED
01-19 15:53:14.321 I/PowerHalWrapper( 1654): amsBoostNotify AMS_BOOST_PROCESS_CREATE_BOOST:false 
01-19 15:53:14.327 I/mtkpower_client( 1654): perf_lock_rel, hdl:13801, tid:2356
01-19 15:53:14.327 I/mtkpower_client( 1654): perf_lock_acq, hdl:13801, dur:0, num:8, tid:2356
01-19 15:53:14.328 I/libPowerHal( 1025): [perfLockRel] hdl:13801, idx:0
01-19 15:53:14.329 D/libMEOW (22851): meow new tls: 0xb400006fc29b4640
01-19 15:53:14.329 D/libMEOW (22851): applied 1 plugins for [com.THLight.BLE.USBeacon.Writer.Simple.dev]:
01-19 15:53:14.329 D/libMEOW (22851):   plugin 1: [libMEOW_gift.so]: 0xb400007035992880
01-19 15:53:14.329 I/mtkpower_client( 1654): ret_hdl:13804
01-19 15:53:14.329 D/libMEOW (22851): rebuild call chain: 0xb400006fd27cfe80
01-19 15:53:14.330 D/libMEOW (22851): meow delete tls: 0xb400006fc29b4640
01-19 15:53:14.331 I/libPowerHal( 1025): cmdSetting - unknown cmd:2004100, scmd:(null) ,param_1:0
01-19 15:53:14.343 W/OplusNavigationBarUtil( 1654): color navigation bar util isn't init.
01-19 15:53:14.346 I/FocusResolver( 1654): updateFocusedWindow,  on display 0, reason: Waiting for window because NOT_FOCUSABLE, result:   FocusedWindows: <none>
01-19 15:53:14.359 D/AutofillManager(22851): Fill dialog is enabled:false, hints=[password, passwordAuto, creditCardNumber, creditCardSecurityCode, creditCardExpirationDate]
01-19 15:53:14.359 V/TextView(22851): notifyAutoFillManagerAfterTextChanged
01-19 15:53:14.359 V/AutofillManager(22851): notifyValueChanged(1073741824): ignoring on state UNKNOWN
01-19 15:53:14.360 V/TextView(22851): notifyAutoFillManagerAfterTextChanged
01-19 15:53:14.360 V/AutofillManager(22851): notifyValueChanged(1073741824): ignoring on state UNKNOWN
01-19 15:53:14.363 V/TextView(22851): notifyAutoFillManagerAfterTextChanged
01-19 15:53:14.363 V/AutofillManager(22851): notifyValueChanged(1073741825): ignoring on state UNKNOWN
01-19 15:53:14.363 V/TextView(22851): notifyAutoFillManagerAfterTextChanged
01-19 15:53:14.363 V/AutofillManager(22851): notifyValueChanged(1073741825): ignoring on state UNKNOWN
01-19 15:53:14.364 V/TextView(22851): notifyAutoFillManagerAfterTextChanged
01-19 15:53:14.364 V/AutofillManager(22851): notifyValueChanged(1073741825): ignoring on state UNKNOWN
01-19 15:53:14.367 V/TextView(22851): notifyAutoFillManagerAfterTextChanged
01-19 15:53:14.367 V/AutofillManager(22851): notifyValueChanged(1073741826): ignoring on state UNKNOWN
01-19 15:53:14.367 V/TextView(22851): notifyAutoFillManagerAfterTextChanged
01-19 15:53:14.367 V/AutofillManager(22851): notifyValueChanged(1073741826): ignoring on state UNKNOWN
01-19 15:53:14.368 V/TextView(22851): notifyAutoFillManagerAfterTextChanged
01-19 15:53:14.368 V/AutofillManager(22851): notifyValueChanged(1073741826): ignoring on state UNKNOWN
01-19 15:53:14.381 I/SurfaceFlinger( 1123): [SF client] NEW(0xb4000072c9a65000) for (22851:com.THLight.BLE.USBeacon.Writer.Simple.dev)
01-19 15:53:14.385 D/WindowManager(22851): Add to mViews: DecorView@e4f07e4[RegisterActivity],pkg= com.THLight.BLE.USBeacon.Writer.Simple.dev
01-19 15:53:14.389 D/OplusFullScreenDisplayManager( 1654): adjustWindowParamsLw com.THLight.BLE.USBeacon.Writer.Simple.dev, no change cutoutMode: 0
01-19 15:53:14.391 I/WindowManager( 1654): addWindow: New client android.os.BinderProxy@94a503a : window=Window{ff204eb u0 com.THLight.BLE.USBeacon.Writer.Simple.dev/com.THLight.BLE.USBeacon.Writer.Simple.ui.activity.register.RegisterActivity}
01-19 15:53:14.393 D/ViewRootImplExtImpl(22851): onDisplayChanged -1 for VRI android.view.ViewRootImpl@5e6be50
01-19 15:53:14.394 D/CoreBackPreview( 1654): Window{ff204eb u0 com.THLight.BLE.USBeacon.Writer.Simple.dev/com.THLight.BLE.USBeacon.Writer.Simple.ui.activity.register.RegisterActivity}: Setting back callback OnBackInvokedCallbackInfo{mCallback=android.window.IOnBackInvokedCallback$Stub$Proxy@7cb78e1, mPriority=0}
01-19 15:53:14.396 D/InputEventReceiver(22851): Input log is disabled
01-19 15:53:14.397 D/VRI[LoginActivity](22851): onFocusEvent false
01-19 15:53:14.398 I/Quality (22851): Skipped: false 1 cost 18.801308 refreshRate 16705501 bit true processName com.THLight.BLE.USBeacon.Writer.Simple.dev
01-19 15:53:14.406 D/OplusFullScreenDisplayManager( 1654): adjustWindowParamsLw com.THLight.BLE.USBeacon.Writer.Simple.dev, no change cutoutMode: 0
01-19 15:53:14.406 V/WindowManager( 1654): Relayout Window{ff204eb u0 com.THLight.BLE.USBeacon.Writer.Simple.dev/com.THLight.BLE.USBeacon.Writer.Simple.ui.activity.register.RegisterActivity}: viewVisibility=0, oldvis=4, req=720x1600
01-19 15:53:14.407 I/BufferQueueDebug( 1123): [com.THLight.BLE.USBeacon.Writer.Simple.dev/com.THLight.BLE.USBeacon.Writer.Simple.ui.activity.register.RegisterActivity#10561](this:0xb4000072fcadd9e8,id:-1,api:0,p:-1,c:-1) BufferQueue core=(1123:/system/bin/surfaceflinger)
01-19 15:53:14.414 V/WindowManager( 1654): Changing focus from null to Window{ff204eb u0 com.THLight.BLE.USBeacon.Writer.Simple.dev/com.THLight.BLE.USBeacon.Writer.Simple.ui.activity.register.RegisterActivity},diplayid=0
01-19 15:53:14.417 D/Theia.NoFocusWindow( 1654): FocusWindowErrorScene cancelCheckFreezeScreen
01-19 15:53:14.420 D/BufferQueueConsumer(22851): [](id:594300000010,api:0,p:-1,c:22851) connect: controlledByApp=false
01-19 15:53:14.420 E/IPCThreadState(22851): attemptIncStrongHandle(107): Not supported
01-19 15:53:14.422 V/ZoomWindowDecorView(22851): setLastReportedMergedConfiguration mZoomDisplayHeight: 1600 getDecorView.240060388
01-19 15:53:14.428 D/AutofillManager(22851): Trigger fill request at view entered
01-19 15:53:14.428 D/Layer   ( 1123): reparent to null sequence=10545, seq[1], name=Surface(name=53ed7a StatusBar)/@0x47c2944 - animation-leash of insets_animation#10545
01-19 15:53:14.430 V/AutofillManager(22851): receiver results: flags=7 enabled=true, enabledForAugmentedOnly: false
01-19 15:53:14.430 V/AutofillManager(22851): startSessionLocked(): id=5, bounds=null, value=null, flags=208, state=UNKNOWN, compatMode=false, augmentedOnly=false, enabledAugmentedOnly=false, enteredIds=null
01-19 15:53:14.432 V/AutofillManagerServiceImpl( 1654): startSession(): token=Token{3abba73 ActivityRecord{8cb93ad u0 com.THLight.BLE.USBeacon.Writer.Simple.dev/com.THLight.BLE.USBeacon.Writer.Simple.ui.activity.register.RegisterActivity} t233}}, flags=208, forAugmentedAutofillOnly=false
01-19 15:53:14.432 V/AutofillSession( 1654): updateLocked(960436300): id=5@960436300, action=START_SESSION, flags=208
