01-19 15:53:14.432 V/AutofillSession( 1654): updateLocked(960436300): mCurrentViewId=null, mExpiredResponse=false, viewState=null
01-19 15:53:14.432 V/AutofillSession( 1654): Creating viewState for 5@960436300
01-19 15:53:14.432 V/AutofillSession( 1654): Requesting structure for request #1 ,requestId=147, flags=208
01-19 15:53:14.433 V/RemoteInlineSuggestionRenderService( 1654): handlePendingRequest(): com.android.internal.infra.AbstractRemoteService$MyAsyncPendingRequest@3a6ac92
01-19 15:53:14.433 V/RemoteInlineSuggestionRenderService( 1654): not scheduling unbind when value is 0
01-19 15:53:14.434 D/AutofillInlineSuggestionsRequestSession( 1654): onCreateInlineSuggestionsRequestLocked called: 5@960436300
01-19 15:53:14.435 D/AutofillInlineSuggestionsRequestSession( 1654): onInlineSuggestionsSessionInvalidated() called.
01-19 15:53:14.435 D/VRI[RegisterActivity](22851): registerCallbacksForSync syncBuffer=false
01-19 15:53:14.450 D/BLASTBufferQueue(22851): [VRI[RegisterActivity]#16](f:0,a:1) acquireNextBufferLocked size=720x1600 mFrameNumber=1 applyTransaction=true mTimestamp=217945011314836(auto) mPendingTransactions.size=0 graphicBufferId=98144297681020 transform=0
01-19 15:53:14.451 D/VRI[RegisterActivity](22851): Received frameCommittedCallback lastAttemptedDrawFrameNum=1 didProduceBuffer=true syncBuffer=false
01-19 15:53:14.451 W/Parcel  (22851): Expecting binder but got null!
01-19 15:53:14.452 D/VRI[RegisterActivity](22851): draw finished.
01-19 15:53:14.455 D/WindowManager( 1654): finishDrawingWindow: Window{ff204eb u0 com.THLight.BLE.USBeacon.Writer.Simple.dev/com.THLight.BLE.USBeacon.Writer.Simple.ui.activity.register.RegisterActivity} mDrawState=DRAW_PENDING
01-19 15:53:14.459 I/Quality (22851): Skipped: false 3 cost 51.55809 refreshRate 16704912 bit true processName com.THLight.BLE.USBeacon.Writer.Simple.dev
01-19 15:53:14.462 D/BufferStateLayer( 1123): com.THLight.BLE.USBeacon.Writer.Simple.dev/com.THLight.BLE.USBeacon.Writer.Simple.ui.activity.register.RegisterActivity#10561 setBuffer frameId=1, bufferId=98144297681020 fenceId=506, w= 720, h=1600
01-19 15:53:14.462 D/OplusLayer( 1123): (10561,com.THLight.BLE.USBeacon.Writer.Simple.dev/com.THLight.BLE.USBeacon.Writer.Simple.ui.activity.register.RegisterActivity#10561,com.THLight.BLE.USBeacon.Writer.Simple.dev) setBuffer
01-19 15:53:14.466 D/OplusZoomWindowManagerService( 1654): adjustWindowCropForLeash start: appToken = ActivityRecord{8cb93ad u0 com.THLight.BLE.USBeacon.Writer.Simple.dev/com.THLight.BLE.USBeacon.Writer.Simple.ui.activity.register.RegisterActivity} t233}
01-19 15:53:14.469 I/Quality ( 1654): LaunchTime2.0: com.THLight.BLE.USBeacon.Writer.Simple.dev/com.THLight.BLE.USBeacon.Writer.Simple.ui.activity.register.RegisterActivity 2 172
01-19 15:53:14.470 I/ActivityTaskManager( 1654): Displayed com.THLight.BLE.USBeacon.Writer.Simple.dev/com.THLight.BLE.USBeacon.Writer.Simple.ui.activity.register.RegisterActivity: +192ms
01-19 15:53:14.479 D/OplusLayer( 1123): ~Layer() sequence=10545, name=Surface(name=53ed7a StatusBar)/@0x47c2944 - animation-leash of insets_animation#10545
01-19 15:53:14.480 V/AutofillSession( 1654): New structure for requestId 147: android.app.assist.AssistStructure@75a948c
01-19 15:53:14.480 I/libPowerHal( 1025): [setGPUFreq] INTERACTION user set gpu freq min:0, max:-1
01-19 15:53:14.480 I/libPowerHal( 1025): INTERACTION: set gpu opp level: 0
01-19 15:53:14.480 I/libPowerHal( 1025): INTERACTION: set gpu opp level max: 0
01-19 15:53:14.480 I/libPowerHal( 1025): [setGPUFreq] Soft min/max = (0, 0); Hard min/max = (2, 0)
01-19 15:53:14.480 I/libPowerHal( 1025): [setGPUFreq] final min/max = (0, 0)
01-19 15:53:14.480 I/libPowerHal( 1025): INTERACTION: set gpu opp level: 0
01-19 15:53:14.480 I/libPowerHal( 1025): INTERACTION: set gpu opp level max: 0
01-19 15:53:14.480 I/AssistStructure(22851): Flattened final assist data: 1960 bytes, containing 1 windows, 6 views
01-19 15:53:14.481 D/AutofillSession( 1654): createPendingIntent for request 147
01-19 15:53:14.481 D/ContentCapturePerUserService( 1654): Notified activity assist data for activity: Token{3abba73 ActivityRecord{8cb93ad u0 com.THLight.BLE.USBeacon.Writer.Simple.dev/com.THLight.BLE.USBeacon.Writer.Simple.ui.activity.register.RegisterActivity} t233}} without a session Id
01-19 15:53:14.486 D/VRI[RegisterActivity](22851): registerCallbacksForSync syncBuffer=false
01-19 15:53:14.497 D/VRI[RegisterActivity](22851): Received frameCommittedCallback lastAttemptedDrawFrameNum=3 didProduceBuffer=true syncBuffer=false
01-19 15:53:14.498 D/VRI[RegisterActivity](22851): draw finished.
01-19 15:53:14.499 D/WindowManager( 1654): finishDrawingWindow: Window{ff204eb u0 com.THLight.BLE.USBeacon.Writer.Simple.dev/com.THLight.BLE.USBeacon.Writer.Simple.ui.activity.register.RegisterActivity} mDrawState=HAS_DRAWN
01-19 15:53:14.507 I/mtkpower@impl( 1025): [setMode] type:5, enabled:0
01-19 15:53:14.507 I/libPowerHal( 1025): [perfLockRel] hdl:13802, idx:1
01-19 15:53:14.508 I/PowerHalWrapper( 1654): amsBoostStop AMS_BOOST_PACK_SWITCH:false, AMS_BOOST_ACT_SWITCH:true, AMS_BOOST_PROCESS_CREATE:false 
01-19 15:53:14.508 I/mtkpower@impl( 1025): [mtkPowerHint] hint:23, hold:0, ext:30, ext_hold:2000
01-19 15:53:14.509 I/libPowerHal( 1025): [perfLockRel] hdl:13803, idx:2
01-19 15:53:14.509 I/libPowerHal( 1025): [PD] MTKPOWER_HINT_ACT_SWITCH update cmd:1408300 param:0
01-19 15:53:14.514 I/FocusResolver( 1654): updateFocusedWindow, ff204eb com.THLight.BLE.USBeacon.Writer.Simple.dev/com.THLight.BLE.USBeacon.Writer.Simple.ui.activity.register.RegisterActivity on display 0, reason: Window became focusable. Previous reason: NOT_VISIBLE, result:   FocusedWindows:
01-19 15:53:14.514 I/FocusResolver( 1654):     displayId=0, name='ff204eb com.THLight.BLE.USBeacon.Writer.Simple.dev/com.THLight.BLE.USBeacon.Writer.Simple.ui.activity.register.RegisterActivity'
01-19 15:53:14.514 I/DispPerfService( 1123): updateLayerMask 0
01-19 15:53:14.515 D/VRI[RegisterActivity](22851): onFocusEvent true
01-19 15:53:14.516 W/OnBackInvokedCallback(22851): OnBackInvokedCallback is not enabled for the application.
01-19 15:53:14.516 W/OnBackInvokedCallback(22851): Set 'android:enableOnBackInvokedCallback="true"' in the application manifest.
01-19 15:53:14.518 D/InputMethodManagerService( 1654): isSecurity: attribute.packageName=com.THLight.BLE.USBeacon.Writer.Simple.dev mCurMethodId=com.google.android.inputmethod.latin/com.android.inputmethod.latin.LatinIME
01-19 15:53:14.518 D/InputMethodManagerService( 1654): isSecurity= false (  enable=false needShow=false inBlackList=false isExist=false )
01-19 15:53:14.520 I/GoogleInputMethodService(23388): GoogleInputMethodService.onFinishInputView():1577 onFinishInputView(false)
01-19 15:53:14.520 I/GlobeKeyExtension(23388): GlobeKeyExtension.onDeactivate():144 
01-19 15:53:14.521 W/TooltipLifecycleManager(23388): TooltipLifecycleManager.dismissTooltips():153 Tooltip with id SUGGESTION_VIEW_EDU_MINI_DIALOG not found in tooltipManager.
01-19 15:53:14.522 I/VoiceInputManagerWrapper(23388): VoiceInputManagerWrapper.shutdown():131 shutdown()
01-19 15:53:14.523 D/OplusUIFirst_FB( 1654): com.google.android.inputmethod.latin moveToBack 23388
01-19 15:53:14.525 W/TooltipLifecycleManager(23388): TooltipLifecycleManager.dismissTooltips():153 Tooltip with id spell_check_add_to_dictionary not found in tooltipManager.
01-19 15:53:14.526 D/InputMethodManagerService( 1654): onHandleImeWindowVisibleStatus: vis = 0, needsToShowImeSwitcher = false
01-19 15:53:14.526 I/AndroidIME(23388): AbstractIme.onDeactivate():213 PasswordIme.onDeactivate()
01-19 15:53:14.527 W/RemoteInputConnectionImpl(22851): requestCursorAnchorInfo on inactive InputConnection
01-19 15:53:14.529 D/HidDeviceService( 2751): handleMessage(): msg.what=8
01-19 15:53:14.534 D/OplusWindowManagerServiceEnhance( 1654): setInsetAnimationTid: pid 22851 tid 24235 enable true
01-19 15:53:14.539 I/PrimesLoggerHolder(23388): FrameMetricServiceImpl.stopAsFuture():239 Measurement not found: OnConfigurationChanged
01-19 15:53:14.541 W/TooltipLifecycleManager(23388): TooltipLifecycleManager.dismissTooltips():153 Tooltip with id undo_access_point_promotion_banner not found in tooltipManager.
01-19 15:53:14.545 V/WindowStateExtImpl( 1654): notifyWindowStateChange input show
01-19 15:53:14.554 D/OplusFullScreenDisplayManager( 1654): adjustWindowParamsLw com.google.android.inputmethod.latin, no change cutoutMode: 0
01-19 15:53:14.554 V/WindowManager( 1654): Relayout Window{444f6c4 u0 InputMethod}: viewVisibility=0, oldvis=0, req=720x1528
01-19 15:53:14.559 I/mtkpower@impl( 1025): [powerd_req] TIMER_MSG_PERF_LOCK_TIMEOUT hdl:13805
01-19 15:53:14.559 I/libPowerHal( 1025): [perfLockRel] hdl:13805, idx:3
01-19 15:53:14.560 I/libPowerHal( 1025): [unsetGPUFreq] current min:0, max:0; scn_gpu_min:0, scn_gpu_max:-1; scn_gpu_min(HL):-1, scn_gpu_max(HL):-1
01-19 15:53:14.560 I/libPowerHal( 1025): INTERACTION: set gpu opp level: 2
01-19 15:53:14.560 I/libPowerHal( 1025): INTERACTION: set gpu opp level max: 0
01-19 15:53:14.560 I/libPowerHal( 1025): [setGPUFreq] Soft min/max = (2, 0); Hard min/max = (2, 0)
01-19 15:53:14.560 I/libPowerHal( 1025): [setGPUFreq] final min/max = (2, 0)
01-19 15:53:14.560 I/libPowerHal( 1025): INTERACTION: set gpu opp level: 2
01-19 15:53:14.560 I/libPowerHal( 1025): INTERACTION: set gpu opp level max: 0
01-19 15:53:14.560 I/libPowerHal( 1025): [PD] INTERACTION update cmd:1000000, param:1
01-19 15:53:14.560 I/libPowerHal( 1025): [PD] INTERACTION update cmd:1000000 param:1
01-19 15:53:14.572 I/KeyboardModeUtils(23388): KeyboardModeUtils.getKeyboardBottomOffset():435 inch: 0.000000 ydpi: 269.209991 adjustKeyboardBottomByDisplaySize: false currentDensityDpi: 320 defaultDensityDpi: 320 keyboardBottomToScreenPx: 0 keyboardBottomToNavBarPx: -88 navBarHeight: 88
01-19 15:53:14.574 I/BaseKeyboardSizeHelper(23388): BaseKeyboardSizeHelper.calculateMaxKeyboardBodyHeight():73 leave 194 height for app when ime window height:1440, header height:88 and isFullscreenMode:false, so the max keyboard body height is:1158
01-19 15:53:14.576 I/BaseKeyboardSizeHelper(23388): BaseKeyboardSizeHelper.calculateMaxKeyboardBodyHeight():73 leave 194 height for app when ime window height:1440, header height:88 and isFullscreenMode:false, so the max keyboard body height is:1158
01-19 15:53:14.578 D/VRI[InputMethod](23388): registerCallbacksForSync syncBuffer=false
01-19 15:53:14.589 D/VRI[InputMethod](23388): Received frameCommittedCallback lastAttemptedDrawFrameNum=26 didProduceBuffer=true syncBuffer=false
01-19 15:53:14.589 D/VRI[InputMethod](23388): draw finished.
01-19 15:53:14.591 D/WindowManager( 1654): finishDrawingWindow: Window{444f6c4 u0 InputMethod} mDrawState=HAS_DRAWN
01-19 15:53:14.591 I/GoogleInputMethodService(23388): GoogleInputMethodService.onFinishInput():2092 
01-19 15:53:14.592 I/GED     (23388): ged_boost_gpu_freq, level 100, eOrigin 2, final_idx 2, oppidx_max 2, oppidx_min 0
01-19 15:53:14.593 I/Module  (23388): DeviceLockedStatusModuleProvider$Module.updateDeviceLockedStatus():103 repeatCheckTimes = 0, locked = false
01-19 15:53:14.594 W/TooltipLifecycleManager(23388): TooltipLifecycleManager.dismissTooltips():153 Tooltip with id SUGGESTION_VIEW_EDU_MINI_DIALOG not found in tooltipManager.
01-19 15:53:14.601 I/GoogleInputMethodService(23388): GoogleInputMethodService.onStartInput():1349 onStartInput(EditorInfo{EditorInfo{packageName=com.THLight.BLE.USBeacon.Writer.Simple.dev, inputType=0, inputTypeString=NULL, enableLearning=false, autoCorrection=false, autoComplete=false, imeOptions=0, privateImeOptions=null, actionName=UNSPECIFIED, actionLabel=null, initialSelStart=-1, initialSelEnd=-1, initialCapsMode=0, label=null, fieldId=-1, fieldName=null, extras=Bundle[{com.oplus.im.SCENES=0}], hintText=null, hintLocales=[]}}, false)
01-19 15:53:14.601 D/AutofillInlineSuggestionsRequestSession( 1654): onInlineSuggestionsRequest() received: InlineSuggestionsRequest { maxSuggestionCount = 9, inlinePresentationSpecs = [InlinePresentationSpec { minSize = 68x88, maxSize = 480x88, style = Bundle[mParcelledData.dataSize=2924] }, InlinePresentationSpec { minSize = 68x88, maxSize = 480x88, style = Bundle[mParcelledData.dataSize=2924] }, InlinePresentationSpec { minSize = 68x88, maxSize = 480x88, style = Bundle[mParcelledData.dataSize=2924] }, InlinePresentationSpec { minSize = 68x88, maxSize = 480x88, style = Bundle[mParcelledData.dataSize=2924] }, InlinePresentationSpec { minSize = 68x88, maxSize = 480x88, style = Bundle[mParcelledData.dataSize=2924] }, InlinePresentationSpec { minSize = 68x88, maxSize = 480x88, style = Bundle[mParcelledData.dataSize=2924] }, InlinePresentationSpec { minSize = 68x88, maxSize = 480x88, style = Bundle[mParcelledData.dataSize=2924] }, InlinePresentationSpec { minSize = 68x88, maxSize = 480x88, style = Bundle[mParcelledData.dataSize=2924] }, InlinePresentationSpec { minSize = 68x88, maxSize = 480x88, style = Bundle[mParcelledData.dataSize=2924] }], hostPackageName = com.google.android.inputmethod.latin, supportedLocales = [en_US], extras = Bundle[EMPTY_PARCEL], hostInputToken = android.os.BinderProxy@424f9ad, hostDisplayId = 0, inlineTooltipPresentationSpec = null }
01-19 15:53:14.602 V/AutofillInlineSuggestionsRequestSession( 1654): maybeUpdateResponseToImeLocked called
01-19 15:53:14.604 I/Module  (23388): DeviceLockedStatusModuleProvider$Module.updateDeviceLockedStatus():103 repeatCheckTimes = 1, locked = false
01-19 15:53:14.604 D/InputMethodManagerService( 1654): onHandleImeWindowVisibleStatus: vis = 0, needsToShowImeSwitcher = false
01-19 15:53:14.606 I/HardKeyTracker(23388): HardKeyTracker.registerKeySequence():170 Register key sequence nys{labelResId=0, callback=gjm@f3907a3, lastModifier=0, keyCodes=[57, 57], actions=[1, 0]}
01-19 15:53:14.607 I/HardKeyTracker(23388): HardKeyTracker.registerKeySequence():170 Register key sequence nys{labelResId=0, callback=gjm@6ae1aa0, lastModifier=0, keyCodes=[58, 58], actions=[1, 0]}
01-19 15:53:14.613 D/Layer   ( 1123): reparent to null sequence=10548, seq[80], name=Surface(name=444f6c4 InputMethod)/@0x9f34e2 - animation-leash of insets_animation#10548
01-19 15:53:14.613 D/OplusLayer( 1123): ~Layer() sequence=10548, name=Surface(name=444f6c4 InputMethod)/@0x9f34e2 - animation-leash of insets_animation#10548
01-19 15:53:14.615 W/BroadcastQueue( 1654): Background execution not allowed: receiving Intent { act=android.intent.action.DROPBOX_ENTRY_ADDED flg=0x10 (has extras) } to com.google.android.gms/.stats.service.DropBoxEntryAddedReceiver
01-19 15:53:14.616 V/RemoteFillService( 1654): calling onFillRequest() for id=147
01-19 15:53:14.616 I/DispPerfService( 1123): updateLayerMask 0
01-19 15:53:14.703 I/AssistStructure( 1654): Flattened final assist data: 1696 bytes, containing 1 windows, 6 views
01-19 15:53:14.708 W/aoin    ( 4588): Failed to retrieve prediction data. [CONTEXT service_id=177 ]
01-19 15:53:14.708 W/aoin    ( 4588): java.util.concurrent.ExecutionException: fral: No data was found for the table autofill-domain-predictions-prod-spanner.
01-19 15:53:14.708 W/aoin    ( 4588): 	at gtbc.j(:com.google.android.gms@255034029@25.50.34 (190400-855735097):21)
01-19 15:53:14.708 W/aoin    ( 4588): 	at gtbl.v(:com.google.android.gms@255034029@25.50.34 (190400-855735097):31)
01-19 15:53:14.708 W/aoin    ( 4588): 	at gtbc.get(:com.google.android.gms@255034029@25.50.34 (190400-855735097):6)
01-19 15:53:14.708 W/aoin    ( 4588): 	at aoin.e(:com.google.android.gms@255034029@25.50.34 (190400-855735097):81)
01-19 15:53:14.708 W/aoin    ( 4588): 	at aoin.a(:com.google.android.gms@255034029@25.50.34 (190400-855735097):124)
01-19 15:53:14.708 W/aoin    ( 4588): 	at aofx.call(:com.google.android.gms@255034029@25.50.34 (190400-855735097):5)
01-19 15:53:14.708 W/aoin    ( 4588): 	at java.util.concurrent.FutureTask.run(FutureTask.java:317)
01-19 15:53:14.708 W/aoin    ( 4588): 	at bdya.c(:com.google.android.gms@255034029@25.50.34 (190400-855735097):50)
01-19 15:53:14.708 W/aoin    ( 4588): 	at bdya.run(:com.google.android.gms@255034029@25.50.34 (190400-855735097):73)
01-19 15:53:14.708 W/aoin    ( 4588): 	at java.util.concurrent.ThreadPoolExecutor.runWorker(ThreadPoolExecutor.java:1156)
01-19 15:53:14.708 W/aoin    ( 4588): 	at java.util.concurrent.ThreadPoolExecutor$Worker.run(ThreadPoolExecutor.java:651)
01-19 15:53:14.708 W/aoin    ( 4588): 	at bedr.run(:com.google.android.gms@255034029@25.50.34 (190400-855735097):8)
01-19 15:53:14.708 W/aoin    ( 4588): 	at java.lang.Thread.run(Thread.java:1119)
01-19 15:53:14.708 W/aoin    ( 4588): Caused by: fral: No data was found for the table autofill-domain-predictions-prod-spanner.
01-19 15:53:14.708 W/aoin    ( 4588): 	at frbc.a(:com.google.android.gms@255034029@25.50.34 (190400-855735097):217)
01-19 15:53:14.708 W/aoin    ( 4588): 	at gtbn.d(:com.google.android.gms@255034029@25.50.34 (190400-855735097):3)
01-19 15:53:14.708 W/aoin    ( 4588): 	at gtbp.run(:com.google.android.gms@255034029@25.50.34 (190400-855735097):38)
01-19 15:53:14.708 W/aoin    ( 4588): 	at gtdb.execute(:com.google.android.gms@255034029@25.50.34 (190400-855735097):1)
01-19 15:53:14.708 W/aoin    ( 4588): 	at gtbc.f(:com.google.android.gms@255034029@25.50.34 (190400-855735097):1)
01-19 15:53:14.708 W/aoin    ( 4588): 	at gtbc.m(:com.google.android.gms@255034029@25.50.34 (190400-855735097):99)
01-19 15:53:14.708 W/aoin    ( 4588): 	at gtbc.t(:com.google.android.gms@255034029@25.50.34 (190400-855735097):26)
01-19 15:53:14.708 W/aoin    ( 4588): 	at gtbn.e(:com.google.android.gms@255034029@25.50.34 (190400-855735097):3)
01-19 15:53:14.708 W/aoin    ( 4588): 	at gtbp.run(:com.google.android.gms@255034029@25.50.34 (190400-855735097):44)
01-19 15:53:14.708 W/aoin    ( 4588): 	at gtdb.execute(:com.google.android.gms@255034029@25.50.34 (190400-855735097):1)
01-19 15:53:14.708 W/aoin    ( 4588): 	at gtbc.f(:com.google.android.gms@255034029@25.50.34 (190400-855735097):1)
01-19 15:53:14.708 W/aoin    ( 4588): 	at gtbc.m(:com.google.android.gms@255034029@25.50.34 (190400-855735097):99)
01-19 15:53:14.708 W/aoin    ( 4588): 	at gtbc.q(:com.google.android.gms@255034029@25.50.34 (190400-855735097):13)
01-19 15:53:14.708 W/aoin    ( 4588): 	at gtau.run(:com.google.android.gms@255034029@25.50.34 (190400-855735097):120)
01-19 15:53:14.708 W/aoin    ( 4588): 	at gtdb.execute(:com.google.android.gms@255034029@25.50.34 (190400-855735097):1)
01-19 15:53:14.708 W/aoin    ( 4588): 	at gtbc.f(:com.google.android.gms@255034029@25.50.34 (190400-855735097):1)
01-19 15:53:14.708 W/aoin    ( 4588): 	at gtbc.m(:com.google.android.gms@255034029@25.50.34 (190400-855735097):99)
01-19 15:53:14.708 W/aoin    ( 4588): 	at gtbc.q(:com.google.android.gms@255034029@25.50.34 (190400-855735097):13)
01-19 15:53:14.708 W/aoin    ( 4588): 	at gtbo.e(:com.google.android.gms@255034029@25.50.34 (190400-855735097):1)
01-19 15:53:14.708 W/aoin    ( 4588): 	at gtbp.run(:com.google.android.gms@255034029@25.50.34 (190400-855735097):44)
01-19 15:53:14.708 W/aoin    ( 4588): 	at gtdb.execute(:com.google.android.gms@255034029@25.50.34 (190400-855735097):1)
01-19 15:53:14.708 W/aoin    ( 4588): 	at gtbc.f(:com.google.android.gms@255034029@25.50.34 (190400-855735097):1)
01-19 15:53:14.708 W/aoin    ( 4588): 	at gtbc.m(:com.google.android.gms@255034029@25.50.34 (190400-855735097):99)
01-19 15:53:14.708 W/aoin    ( 4588): 	at gtbc.q(:com.google.android.gms@255034029@25.50.34 (190400-855735097):13)
01-19 15:53:14.708 W/aoin    ( 4588): 	at gtau.run(:com.google.android.gms@255034029@25.50.34 (190400-855735097):120)
01-19 15:53:14.708 W/aoin    ( 4588): 	at gtdb.execute(:com.google.android.gms@255034029@25.50.34 (190400-855735097):1)
01-19 15:53:14.708 W/aoin    ( 4588): 	at gtbc.f(:com.google.android.gms@255034029@25.50.34 (190400-855735097):1)
01-19 15:53:14.708 W/aoin    ( 4588): 	at gtbc.m(:com.google.android.gms@255034029@25.50.34 (190400-855735097):99)
01-19 15:53:14.708 W/aoin    ( 4588): 	at gtbc.q(:com.google.android.gms@255034029@25.50.34 (190400-855735097):13)
01-19 15:53:14.708 W/aoin    ( 4588): 	at gtbo.e(:com.google.android.gms@255034029@25.50.34 (190400-855735097):1)
01-19 15:53:14.708 W/aoin    ( 4588): 	at gtbp.run(:com.google.android.gms@255034029@25.50.34 (190400-855735097):44)
01-19 15:53:14.708 W/aoin    ( 4588): 	at gtdb.execute(:com.google.android.gms@255034029@25.50.34 (190400-855735097):1)
01-19 15:53:14.708 W/aoin    ( 4588): 	at gtbc.f(:com.google.android.gms@255034029@25.50.34 (190400-855735097):1)
01-19 15:53:14.708 W/aoin    ( 4588): 	at gtbc.m(:com.google.android.gms@255034029@25.50.34 (190400-855735097):99)
01-19 15:53:14.708 W/aoin    ( 4588): 	at gtbc.t(:com.google.android.gms@255034029@25.50.34 (190400-855735097):26)
01-19 15:53:14.708 W/aoin    ( 4588): 	at gtdy.run(:com.google.android.gms@255034029@25.50.34 (190400-855735097):5)
01-19 15:53:14.708 W/aoin    ( 4588): 	at gtdb.execute(:com.google.android.gms@255034029@25.50.34 (190400-855735097):1)
01-19 15:53:14.708 W/aoin    ( 4588): 	at gtbc.f(:com.google.android.gms@255034029@25.50.34 (190400-855735097):1)
01-19 15:53:14.708 W/aoin    ( 4588): 	at gtbc.m(:com.google.android.gms@255034029@25.50.34 (190400-855735097):99)
01-19 15:53:14.708 W/aoin    ( 4588): 	at gtbc.t(:com.google.android.gms@255034029@25.50.34 (190400-855735097):26)
01-19 15:53:14.708 W/aoin    ( 4588): 	at gtbn.e(:com.google.android.gms@255034029@25.50.34 (190400-855735097):3)
01-19 15:53:14.708 W/aoin    ( 4588): 	at gtbp.run(:com.google.android.gms@255034029@25.50.34 (190400-855735097):44)
01-19 15:53:14.708 W/aoin    ( 4588): 	at gtfe.run(:com.google.android.gms@255034029@25.50.34 (190400-855735097):64)
01-19 15:53:14.708 W/aoin    ( 4588): 	... 6 more
01-19 15:53:14.737 I/UsernameSaveInfoFactory( 4588): Form is missing username. [CONTEXT service_id=177 ]
01-19 15:53:14.775 I/SyncManager(17892): (REDACTED) Executing sync(type=%s%s)
01-19 15:53:14.776 I/DeviceInfoManager(17892): Creating device info [CONTEXT service_id=80 ]
01-19 15:53:14.781 V/OplusZoomWindowManagerService( 1654): onAnimationFinished:  r = ActivityRecord{8cb93ad u0 com.THLight.BLE.USBeacon.Writer.Simple.dev/com.THLight.BLE.USBeacon.Writer.Simple.ui.activity.register.RegisterActivity} t233}
01-19 15:53:14.781 I/OplusAppSwitchManagerService( 1654):  handleAppVisible , r = ActivityRecord{8cb93ad u0 com.THLight.BLE.USBeacon.Writer.Simple.dev/com.THLight.BLE.USBeacon.Writer.Simple.ui.activity.register.RegisterActivity} t233}
01-19 15:53:14.782 I/mtkpower_client( 1654): perf_lock_rel, hdl:13804, tid:2356
01-19 15:53:14.782 I/mtkpower_client( 1654): perf_lock_acq, hdl:13804, dur:0, num:8, tid:2356
01-19 15:53:14.782 I/libPowerHal( 1025): [perfLockRel] hdl:13804, idx:0
01-19 15:53:14.783 I/libPowerHal( 1025): system_server: cpu_ctrl set cpu freq: -1 -1 -1 -1
01-19 15:53:14.784 I/mtkpower_client( 1654): ret_hdl:13807
01-19 15:53:14.786 I/libPowerHal( 1025): cmdSetting - unknown cmd:2004100, scmd:(null) ,param_1:0
01-19 15:53:14.787 I/libPowerHal( 1025): system_server: cpu_ctrl set cpu freq: 2301000 -1 1800000 -1
01-19 15:53:14.796 D/Layer   ( 1123): reparent to null sequence=10563, seq[42], name=Surface(name=ActivityRecord{8cb93ad u0 com.THLight.BLE.USBeacon.Writer.Simple.dev/com.THLight.BLE.USBeacon.Writer.Simple.ui.activity.register.RegisterActivity})/@0xf6cb260 - animation-leash of app_transition#10563
01-19 15:53:14.796 D/Layer   ( 1123): reparent to null sequence=10564, seq[2], name=Surface(name=ActivityRecord{8cb93ad u0 com.THLight.BLE.USBeacon.Writer.Simple.dev/com.THLight.BLE.USBeacon.Writer.Simple.ui.activity.register.RegisterActivity})/@0xf6cb260 - animation-bounds#10564
01-19 15:53:14.796 W/OplusExSystemServiceHelper( 4588): checkOplusExSystemService intent getComponent is null
01-19 15:53:14.796 D/OplusLayer( 1123): ~Layer() sequence=10564, name=Surface(name=ActivityRecord{8cb93ad u0 com.THLight.BLE.USBeacon.Writer.Simple.dev/com.THLight.BLE.USBeacon.Writer.Simple.ui.activity.register.RegisterActivity})/@0xf6cb260 - animation-bounds#10564
01-19 15:53:14.796 D/OplusLayer( 1123): ~Layer() sequence=10563, name=Surface(name=ActivityRecord{8cb93ad u0 com.THLight.BLE.USBeacon.Writer.Simple.dev/com.THLight.BLE.USBeacon.Writer.Simple.ui.activity.register.RegisterActivity})/@0xf6cb260 - animation-leash of app_transition#10563
01-19 15:53:14.823 E/AuthPII ( 4588): [RequestTokenManager] getToken() -> BAD_AUTHENTICATION. App: com.google.android.gms, Service: oauth2:https://www.googleapis.com/auth/chromesync
01-19 15:53:14.823 E/AuthPII ( 4588): bcro: Long live credential not available.
01-19 15:53:14.823 E/AuthPII ( 4588): 	at aeqi.a(:com.google.android.gms@255034029@25.50.34 (190400-855735097):1401)
01-19 15:53:14.823 E/AuthPII ( 4588): 	at aeqp.b(:com.google.android.gms@255034029@25.50.34 (190400-855735097):26)
01-19 15:53:14.823 E/AuthPII ( 4588): 	at aeqn.a(:com.google.android.gms@255034029@25.50.34 (190400-855735097):744)
01-19 15:53:14.823 E/AuthPII ( 4588): 	at aeqm.b(:com.google.android.gms@255034029@25.50.34 (190400-855735097):142)
01-19 15:53:14.823 E/AuthPII ( 4588): 	at ygv.d(:com.google.android.gms@255034029@25.50.34 (190400-855735097):662)
01-19 15:53:14.823 E/AuthPII ( 4588): 	at ygv.dispatchTransaction(:com.google.android.gms@255034029@25.50.34 (190400-855735097):153)
01-19 15:53:14.823 E/AuthPII ( 4588): 	at busp.a(:com.google.android.gms@255034029@25.50.34 (190400-855735097):72)
01-19 15:53:14.823 E/AuthPII ( 4588): 	at xoz.onTransact(:com.google.android.gms@255034029@25.50.34 (190400-855735097):23)
01-19 15:53:14.823 E/AuthPII ( 4588): 	at android.os.Binder.transact(Binder.java:1188)
01-19 15:53:14.823 E/AuthPII ( 4588): 	at cfwv.onTransact(:com.google.android.gms@255034029@25.50.34 (190400-855735097):10)
01-19 15:53:14.823 E/AuthPII ( 4588): 	at android.os.Binder.transact(Binder.java:1188)
01-19 15:53:14.823 E/AuthPII ( 4588): 	at butd.onTransact(:com.google.android.gms@255034029@25.50.34 (190400-855735097):161)
01-19 15:53:14.823 E/AuthPII ( 4588): 	at android.os.Binder.execTransactInternal(Binder.java:1331)
01-19 15:53:14.823 E/AuthPII ( 4588): 	at android.os.Binder.execTransact(Binder.java:1268)
01-19 15:53:14.823 E/AuthPII ( 4588): Message is Long live credential not available.
01-19 15:53:14.823 E/AuthPII ( 4588): bcro: Long live credential not available.
01-19 15:53:14.823 E/AuthPII ( 4588): 	at aeqi.a(:com.google.android.gms@255034029@25.50.34 (190400-855735097):1401)
01-19 15:53:14.823 E/AuthPII ( 4588): 	at aeqp.b(:com.google.android.gms@255034029@25.50.34 (190400-855735097):26)
01-19 15:53:14.823 E/AuthPII ( 4588): 	at aeqn.a(:com.google.android.gms@255034029@25.50.34 (190400-855735097):744)
01-19 15:53:14.823 E/AuthPII ( 4588): 	at aeqm.b(:com.google.android.gms@255034029@25.50.34 (190400-855735097):142)
01-19 15:53:14.823 E/AuthPII ( 4588): 	at ygv.d(:com.google.android.gms@255034029@25.50.34 (190400-855735097):662)
01-19 15:53:14.823 E/AuthPII ( 4588): 	at ygv.dispatchTransaction(:com.google.android.gms@255034029@25.50.34 (190400-855735097):153)
01-19 15:53:14.823 E/AuthPII ( 4588): 	at busp.a(:com.google.android.gms@255034029@25.50.34 (190400-855735097):72)
01-19 15:53:14.823 E/AuthPII ( 4588): 	at xoz.onTransact(:com.google.android.gms@255034029@25.50.34 (190400-855735097):23)
01-19 15:53:14.823 E/AuthPII ( 4588): 	at android.os.Binder.transact(Binder.java:1188)
01-19 15:53:14.823 E/AuthPII ( 4588): 	at cfwv.onTransact(:com.google.android.gms@255034029@25.50.34 (190400-855735097):10)
01-19 15:53:14.823 E/AuthPII ( 4588): 	at android.os.Binder.transact(Binder.java:1188)
01-19 15:53:14.823 E/AuthPII ( 4588): 	at butd.onTransact(:com.google.android.gms@255034029@25.50.34 (190400-855735097):161)
01-19 15:53:14.823 E/AuthPII ( 4588): 	at android.os.Binder.execTransactInternal(Binder.java:1331)
01-19 15:53:14.823 E/AuthPII ( 4588): 	at android.os.Binder.execTransact(Binder.java:1268)
01-19 15:53:14.848 I/Auth    ( 4588): (REDACTED) [GetToken] GetToken failed for app=%s with userRecoverable status: %s 
01-19 15:53:14.849 W/Auth    ( 4588): [ChimeraGetToken] exception while trying to fetch auth tokens for app=com.google.android.gms, scope=oauth2:https://www.googleapis.com/auth/chromesync [CONTEXT service_id=153 ]
01-19 15:53:14.849 W/Auth    ( 4588): aeqh: GetToken failed with status code and recovery intent: BadAuthentication
01-19 15:53:14.849 W/Auth    ( 4588): 	at aeqm.b(:com.google.android.gms@255034029@25.50.34 (190400-855735097):339)
01-19 15:53:14.849 W/Auth    ( 4588): 	at ygv.d(:com.google.android.gms@255034029@25.50.34 (190400-855735097):662)
01-19 15:53:14.849 W/Auth    ( 4588): 	at ygv.dispatchTransaction(:com.google.android.gms@255034029@25.50.34 (190400-855735097):153)
01-19 15:53:14.849 W/Auth    ( 4588): 	at busp.a(:com.google.android.gms@255034029@25.50.34 (190400-855735097):72)
01-19 15:53:14.849 W/Auth    ( 4588): 	at xoz.onTransact(:com.google.android.gms@255034029@25.50.34 (190400-855735097):23)
01-19 15:53:14.849 W/Auth    ( 4588): 	at android.os.Binder.transact(Binder.java:1188)
01-19 15:53:14.849 W/Auth    ( 4588): 	at cfwv.onTransact(:com.google.android.gms@255034029@25.50.34 (190400-855735097):10)
01-19 15:53:14.849 W/Auth    ( 4588): 	at android.os.Binder.transact(Binder.java:1188)
01-19 15:53:14.849 W/Auth    ( 4588): 	at butd.onTransact(:com.google.android.gms@255034029@25.50.34 (190400-855735097):161)
01-19 15:53:14.849 W/Auth    ( 4588): 	at android.os.Binder.execTransactInternal(Binder.java:1331)
01-19 15:53:14.849 W/Auth    ( 4588): 	at android.os.Binder.execTransact(Binder.java:1268)
01-19 15:53:14.850 W/Auth    (17892): [GoogleAuthUtil] [GoogleAuthUtil] error status:BAD_AUTHENTICATION with method:getTokenWithDetails
01-19 15:53:14.853 W/SyncManager(17892): Sync(type=EVENT_DATA_READ) failed with error code AUTH_ERROR_RESOLVABLE. [CONTEXT service_id=80 ]
01-19 15:53:14.853 W/SyncManager(17892): balb: Authentication exception
01-19 15:53:14.853 W/SyncManager(17892): 	at baty.f(:com.google.android.gms@255034029@25.50.34 (190400-855735097):15)
01-19 15:53:14.853 W/SyncManager(17892): 	at batq.a(:com.google.android.gms@255034029@25.50.34 (190400-855735097):19)
01-19 15:53:14.853 W/SyncManager(17892): 	at baty.h(:com.google.android.gms@255034029@25.50.34 (190400-855735097):26)
01-19 15:53:14.853 W/SyncManager(17892): 	at baty.e(:com.google.android.gms@255034029@25.50.34 (190400-855735097):6)
01-19 15:53:14.853 W/SyncManager(17892): 	at bavq.a(:com.google.android.gms@255034029@25.50.34 (190400-855735097):192)
01-19 15:53:14.853 W/SyncManager(17892): 	at bavq.b(:com.google.android.gms@255034029@25.50.34 (190400-855735097):14)
01-19 15:53:14.853 W/SyncManager(17892): 	at baxs.a(:com.google.android.gms@255034029@25.50.34 (190400-855735097):26)
01-19 15:53:14.853 W/SyncManager(17892): 	at baxw.a(:com.google.android.gms@255034029@25.50.34 (190400-855735097):786)
01-19 15:53:14.853 W/SyncManager(17892): 	at bavs.e(:com.google.android.gms@255034029@25.50.34 (190400-855735097):11)
01-19 15:53:14.853 W/SyncManager(17892): 	at bavs.n(:com.google.android.gms@255034029@25.50.34 (190400-855735097):7)
01-19 15:53:14.853 W/SyncManager(17892): 	at bavs.m(:com.google.android.gms@255034029@25.50.34 (190400-855735097):4)
01-19 15:53:14.853 W/SyncManager(17892): 	at bavs.b(:com.google.android.gms@255034029@25.50.34 (190400-855735097):22)
01-19 15:53:14.853 W/SyncManager(17892): 	at baou.c(:com.google.android.gms@255034029@25.50.34 (190400-855735097):184)
01-19 15:53:14.853 W/SyncManager(17892): 	at bant.h(:com.google.android.gms@255034029@25.50.34 (190400-855735097):114)
01-19 15:53:14.853 W/SyncManager(17892): 	at bant.f(:com.google.android.gms@255034029@25.50.34 (190400-855735097):16)
01-19 15:53:14.853 W/SyncManager(17892): 	at cojt.fA(:com.google.android.gms@255034029@25.50.34 (190400-855735097):1)
01-19 15:53:14.853 W/SyncManager(17892): 	at cojx.run(:com.google.android.gms@255034029@25.50.34 (190400-855735097):118)
01-19 15:53:14.853 W/SyncManager(17892): 	at gknx.run(:com.google.android.gms@255034029@25.50.34 (190400-855735097):19)
01-19 15:53:14.853 W/SyncManager(17892): 	at bdya.c(:com.google.android.gms@255034029@25.50.34 (190400-855735097):50)
01-19 15:53:14.853 W/SyncManager(17892): 	at bdya.run(:com.google.android.gms@255034029@25.50.34 (190400-855735097):73)
01-19 15:53:14.853 W/SyncManager(17892): 	at java.util.concurrent.ThreadPoolExecutor.runWorker(ThreadPoolExecutor.java:1156)
01-19 15:53:14.853 W/SyncManager(17892): 	at java.util.concurrent.ThreadPoolExecutor$Worker.run(ThreadPoolExecutor.java:651)
01-19 15:53:14.853 W/SyncManager(17892): 	at bedr.run(:com.google.android.gms@255034029@25.50.34 (190400-855735097):8)
01-19 15:53:14.853 W/SyncManager(17892): 	at java.lang.Thread.run(Thread.java:1119)
01-19 15:53:14.853 W/SyncManager(17892): Caused by: com.google.android.gms.auth.UserRecoverableAuthException: BadAuthentication
01-19 15:53:14.853 W/SyncManager(17892): 	at adtl.l(:com.google.android.gms@255034029@25.50.34 (190400-855735097):34)
01-19 15:53:14.853 W/SyncManager(17892): 	at adtf.a(:com.google.android.gms@255034029@25.50.34 (190400-855735097):122)
01-19 15:53:14.853 W/SyncManager(17892): 	at adtl.m(:com.google.android.gms@255034029@25.50.34 (190400-855735097):34)
01-19 15:53:14.853 W/SyncManager(17892): 	at adtl.o(:com.google.android.gms@255034029@25.50.34 (190400-855735097):64)
01-19 15:53:14.853 W/SyncManager(17892): 	at adtl.h(:com.google.android.gms@255034029@25.50.34 (190400-855735097):4)
01-19 15:53:14.853 W/SyncManager(17892): 	at bdsj.b(:com.google.android.gms@255034029@25.50.34 (190400-855735097):38)
01-19 15:53:14.853 W/SyncManager(17892): 	at bdqz.n(:com.google.android.gms@255034029@25.50.34 (190400-855735097):32)
01-19 15:53:14.853 W/SyncManager(17892): 	at bdro.E(:com.google.android.gms@255034029@25.50.34 (190400-855735097):8)
01-19 15:53:14.853 W/SyncManager(17892): 	at bdro.f(:com.google.android.gms@255034029@25.50.34 (190400-855735097):14)
01-19 15:53:14.853 W/SyncManager(17892): 	at bato.a(:com.google.android.gms@255034029@25.50.34 (190400-855735097):70)
01-19 15:53:14.853 W/SyncManager(17892): 	at batp.a(:com.google.android.gms@255034029@25.50.34 (190400-855735097):5)
01-19 15:53:14.853 W/SyncManager(17892): 	at baty.f(:com.google.android.gms@255034029@25.50.34 (190400-855735097):1)
01-19 15:53:14.853 W/SyncManager(17892): 	... 23 more
01-19 15:53:14.854 I/SyncManager(17892): (REDACTED) Executing sync(type=%s) finished in %s
01-19 15:53:14.857 W/EntityManager(17892): Suppressed transient error with code AUTH_ERROR_RESOLVABLE [CONTEXT service_id=80 ]
01-19 15:53:14.857 W/EntityManager(17892): balb: Authentication exception
01-19 15:53:14.857 W/EntityManager(17892): 	at baty.f(:com.google.android.gms@255034029@25.50.34 (190400-855735097):15)
01-19 15:53:14.857 W/EntityManager(17892): 	at batq.a(:com.google.android.gms@255034029@25.50.34 (190400-855735097):19)
01-19 15:53:14.857 W/EntityManager(17892): 	at baty.h(:com.google.android.gms@255034029@25.50.34 (190400-855735097):26)
01-19 15:53:14.857 W/EntityManager(17892): 	at baty.e(:com.google.android.gms@255034029@25.50.34 (190400-855735097):6)
01-19 15:53:14.857 W/EntityManager(17892): 	at bavq.a(:com.google.android.gms@255034029@25.50.34 (190400-855735097):192)
01-19 15:53:14.857 W/EntityManager(17892): 	at bavq.b(:com.google.android.gms@255034029@25.50.34 (190400-855735097):14)
01-19 15:53:14.857 W/EntityManager(17892): 	at baxs.a(:com.google.android.gms@255034029@25.50.34 (190400-855735097):26)
01-19 15:53:14.857 W/EntityManager(17892): 	at baxw.a(:com.google.android.gms@255034029@25.50.34 (190400-855735097):786)
01-19 15:53:14.857 W/EntityManager(17892): 	at bavs.e(:com.google.android.gms@255034029@25.50.34 (190400-855735097):11)
01-19 15:53:14.857 W/EntityManager(17892): 	at bavs.n(:com.google.android.gms@255034029@25.50.34 (190400-855735097):7)
01-19 15:53:14.857 W/EntityManager(17892): 	at bavs.m(:com.google.android.gms@255034029@25.50.34 (190400-855735097):4)
01-19 15:53:14.857 W/EntityManager(17892): 	at bavs.b(:com.google.android.gms@255034029@25.50.34 (190400-855735097):22)
01-19 15:53:14.857 W/EntityManager(17892): 	at baou.c(:com.google.android.gms@255034029@25.50.34 (190400-855735097):184)
01-19 15:53:14.857 W/EntityManager(17892): 	at bant.h(:com.google.android.gms@255034029@25.50.34 (190400-855735097):114)
01-19 15:53:14.857 W/EntityManager(17892): 	at bant.f(:com.google.android.gms@255034029@25.50.34 (190400-855735097):16)
01-19 15:53:14.857 W/EntityManager(17892): 	at cojt.fA(:com.google.android.gms@255034029@25.50.34 (190400-855735097):1)
01-19 15:53:14.857 W/EntityManager(17892): 	at cojx.run(:com.google.android.gms@255034029@25.50.34 (190400-855735097):118)
01-19 15:53:14.857 W/EntityManager(17892): 	at gknx.run(:com.google.android.gms@255034029@25.50.34 (190400-855735097):19)
01-19 15:53:14.857 W/EntityManager(17892): 	at bdya.c(:com.google.android.gms@255034029@25.50.34 (190400-855735097):50)
01-19 15:53:14.857 W/EntityManager(17892): 	at bdya.run(:com.google.android.gms@255034029@25.50.34 (190400-855735097):73)
01-19 15:53:14.857 W/EntityManager(17892): 	at java.util.concurrent.ThreadPoolExecutor.runWorker(ThreadPoolExecutor.java:1156)
01-19 15:53:14.857 W/EntityManager(17892): 	at java.util.concurrent.ThreadPoolExecutor$Worker.run(ThreadPoolExecutor.java:651)
01-19 15:53:14.857 W/EntityManager(17892): 	at bedr.run(:com.google.android.gms@255034029@25.50.34 (190400-855735097):8)
01-19 15:53:14.857 W/EntityManager(17892): 	at java.lang.Thread.run(Thread.java:1119)
01-19 15:53:14.857 W/EntityManager(17892): Caused by: com.google.android.gms.auth.UserRecoverableAuthException: BadAuthentication
01-19 15:53:14.857 W/EntityManager(17892): 	at adtl.l(:com.google.android.gms@255034029@25.50.34 (190400-855735097):34)
01-19 15:53:14.857 W/EntityManager(17892): 	at adtf.a(:com.google.android.gms@255034029@25.50.34 (190400-855735097):122)
01-19 15:53:14.857 W/EntityManager(17892): 	at adtl.m(:com.google.android.gms@255034029@25.50.34 (190400-855735097):34)
01-19 15:53:14.857 W/EntityManager(17892): 	at adtl.o(:com.google.android.gms@255034029@25.50.34 (190400-855735097):64)
01-19 15:53:14.857 W/EntityManager(17892): 	at adtl.h(:com.google.android.gms@255034029@25.50.34 (190400-855735097):4)
01-19 15:53:14.857 W/EntityManager(17892): 	at bdsj.b(:com.google.android.gms@255034029@25.50.34 (190400-855735097):38)
01-19 15:53:14.857 W/EntityManager(17892): 	at bdqz.n(:com.google.android.gms@255034029@25.50.34 (190400-855735097):32)
01-19 15:53:14.857 W/EntityManager(17892): 	at bdro.E(:com.google.android.gms@255034029@25.50.34 (190400-855735097):8)
01-19 15:53:14.857 W/EntityManager(17892): 	at bdro.f(:com.google.android.gms@255034029@25.50.34 (190400-855735097):14)
01-19 15:53:14.857 W/EntityManager(17892): 	at bato.a(:com.google.android.gms@255034029@25.50.34 (190400-855735097):70)
01-19 15:53:14.857 W/EntityManager(17892): 	at batp.a(:com.google.android.gms@255034029@25.50.34 (190400-855735097):5)
01-19 15:53:14.857 W/EntityManager(17892): 	at baty.f(:com.google.android.gms@255034029@25.50.34 (190400-855735097):1)
01-19 15:53:14.857 W/EntityManager(17892): 	... 23 more
01-19 15:53:14.859 W/putmethod.latin(23388): Reducing the number of considered missed Gc histogram windows from 285 to 100
01-19 15:53:14.878 I/SyncManager(17892): (REDACTED) Executing sync(type=%s%s)
01-19 15:53:14.889 I/SyncManager(17892): (REDACTED) Executing sync(type=%s) finished in %s
01-19 15:53:14.906 V/AutofillSession( 1654): triggerAugmentedAutofillLocked(): com.THLight.BLE.USBeacon.Writer.Simple.dev/com.THLight.BLE.USBeacon.Writer.Simple.ui.activity.register.RegisterActivity not whitelisted 
01-19 15:53:14.906 V/AutofillSession( 1654): canceling session 960436300 when service returned null and it cannot be augmented. AutofillableIds: [1073741824@960436300, 1073741825@960436300, 1073741826@960436300]
01-19 15:53:14.906 V/AutofillSession( 1654): removeFromServiceLocked(960436300): null
01-19 15:53:14.906 D/AutofillSession( 1654): clearPendingIntentLocked
01-19 15:53:14.907 D/AutofillInlineSuggestionsRequestSession( 1654): onInlineSuggestionsResponseLocked called for:5@960436300
01-19 15:53:14.907 D/AutofillUI( 1654): destroySaveUiUiThread(): already destroyed
01-19 15:53:14.907 V/AutofillInlineSuggestionsRequestSession( 1654): maybeUpdateResponseToImeLocked called
01-19 15:53:14.907 V/AutofillSession( 1654): destroyLocked(): logging 1 requests
01-19 15:53:14.907 V/AutofillManager(22851): setSessionFinished(): from ACTIVE to FINISHED; autofillableIds=[1073741824, 1073741825, 1073741826]
01-19 15:53:14.907 V/RemoteInlineSuggestionRenderService( 1654): handlePendingRequest(): com.android.internal.infra.AbstractRemoteService$MyAsyncPendingRequest@f0bc53e
01-19 15:53:14.911 I/.gms.persistent( 4588): oneway function results for code 1 on binder at 0xb4000070476461e0 will be dropped but finished with status UNKNOWN_TRANSACTION and reply parcel size 80
01-19 15:53:14.912 V/RemoteInlineSuggestionRenderService( 1654): not scheduling unbind when value is 0
01-19 15:53:14.913 V/InlineSuggestionRenderService( 2943): handleDestroySuggestionViews called for 0:960436300
01-19 15:53:14.929 I/mtkpower_client( 1654): perf_lock_rel, hdl:13807, tid:2356
01-19 15:53:14.929 I/mtkpower_client( 1654): perf_lock_acq, hdl:13807, dur:0, num:4, tid:2356
01-19 15:53:14.929 I/libPowerHal( 1025): [perfLockRel] hdl:13807, idx:0
01-19 15:53:14.930 I/libPowerHal( 1025): system_server: cpu_ctrl set cpu freq: -1 -1 -1 -1
01-19 15:53:14.931 I/libPowerHal( 1025): cmdSetting - unknown cmd:2004100, scmd:(null) ,param_1:2
01-19 15:53:14.931 I/mtkpower_client( 1654): ret_hdl:13808
01-19 15:53:15.022 W/gle.android.gms(17892): Missing inline cache for java.lang.Object baxs.a(java.lang.Object)
01-19 15:53:15.023 D/AES     ( 1654): AEEIOCTL_GET/SET_SF_STATE IOCTL,cmd= 1074294797, lParam=0. 
01-19 15:53:15.023 D/AES     ( 1654): AEEIOCTL_RT_MON_Kick IOCTL,cmd= 2147774474, lParam=300. 
01-19 15:53:15.029 I/gle.android.gms(17892): Compiler allocated 4676KB to compile java.lang.Object baxs.a(java.lang.Object)
01-19 15:53:15.128 W/TooltipLifecycleManager(23388): TooltipLifecycleManager.dismissTooltips():153 Tooltip with id undo_access_point_promotion_banner not found in tooltipManager.
01-19 15:53:15.138 V/WindowManager( 1654): Relayout Window{444f6c4 u0 InputMethod}: viewVisibility=8, oldvis=0, req=720x1528
01-19 15:53:15.147 D/Layer   ( 1123): reparent to null sequence=10551, seq[4], name=InputMethod#10551
01-19 15:53:15.165 D/BLASTBufferQueue(23388): [VRI[InputMethod]#54](f:0,a:1) destructor()
01-19 15:53:15.165 D/BufferQueueConsumer(23388): [VRI[InputMethod]#54(BLAST Consumer)54](id:5b5c00000036,api:0,p:-1,c:23388) disconnect
01-19 15:53:15.175 D/OplusSmartBrightnessController( 1654): handleMessage MSG_LUX_CHANGED, mLux:163.31947 luxQueue=[175.0, 163.0, 161.0, 158.0, 163.0, 161.0, 164.0, 161.0]
01-19 15:53:15.181 I/BufferQueueDebug( 1123): [InputMethod#10551](this:0xb4000072c645b9e8,id:-1,api:0,p:-1,c:1123) onDestructor()
01-19 15:53:15.181 D/OplusLayer( 1123): ~Layer() sequence=10551, name=InputMethod#10551
01-19 15:53:15.451 D/OGG_Detector( 1654): D:done mCurrStatus: 0
01-19 15:53:15.452 V/AutofillManager(22851): requestHideFillUi(null): anchor = null
01-19 15:53:15.452 I/mtkpower_client( 1654): perf_lock_rel, hdl:13808, tid:2356
01-19 15:53:15.452 D/PowerManagerService( 1654): userActivityNoUpdateLocked: groupId=0, eventTime=217946008, event=2, flags=0x0, uid=1000
01-19 15:53:15.452 I/libPowerHal( 1025): [setGPUFreq] MTKPOWER_HINT_APP_TOUCH user set gpu freq min:1, max:-1
01-19 15:53:15.453 I/libPowerHal( 1025): MTKPOWER_HINT_APP_TOUCH: set gpu opp level: 1
01-19 15:53:15.453 I/libPowerHal( 1025): MTKPOWER_HINT_APP_TOUCH: set gpu opp level max: 0
01-19 15:53:15.453 I/libPowerHal( 1025): [setGPUFreq] Soft min/max = (1, 0); Hard min/max = (2, 0)
01-19 15:53:15.453 I/libPowerHal( 1025): [setGPUFreq] final min/max = (1, 0)
01-19 15:53:15.453 I/libPowerHal( 1025): MTKPOWER_HINT_APP_TOUCH: set gpu opp level: 1
01-19 15:53:15.453 I/libPowerHal( 1025): MTKPOWER_HINT_APP_TOUCH: set gpu opp level max: 0
01-19 15:53:15.453 I/libPowerHal( 1025): MTKPOWER_HINT_APP_TOUCH: cpu_ctrl set cpu freq: 2139000 -1 1491000 -1
01-19 15:53:15.456 D/OplusSystemUINavigationGestureExtImpl(22851): regionString = null
01-19 15:53:15.456 I/mtkpower_client( 1654): perf_lock_acq, hdl:13808, dur:0, num:4, tid:2356
01-19 15:53:15.457 I/libPowerHal( 1025): [setGPUFreq] INTERACTION user set gpu freq min:0, max:-1
01-19 15:53:15.457 I/libPowerHal( 1025): INTERACTION: set gpu opp level: 0
01-19 15:53:15.457 I/libPowerHal( 1025): INTERACTION: set gpu opp level max: 0
01-19 15:53:15.457 I/libPowerHal( 1025): [setGPUFreq] Soft min/max = (0, 0); Hard min/max = (2, 0)
01-19 15:53:15.457 I/libPowerHal( 1025): [setGPUFreq] final min/max = (0, 0)
01-19 15:53:15.457 I/libPowerHal( 1025): INTERACTION: set gpu opp level: 0
01-19 15:53:15.457 I/libPowerHal( 1025): INTERACTION: set gpu opp level max: 0
01-19 15:53:15.458 I/libPowerHal( 1025): [perfLockRel] hdl:13808, idx:0
01-19 15:53:15.459 I/libPowerHal( 1025): [setGPUFreq] INTERACTION user set gpu freq min:0, max:-1
01-19 15:53:15.459 I/libPowerHal( 1025): INTERACTION: set gpu opp level max: 0
01-19 15:53:15.459 I/libPowerHal( 1025): [setGPUFreq] Soft min/max = (0, 0); Hard min/max = (2, 0)
01-19 15:53:15.459 I/libPowerHal( 1025): [setGPUFreq] final min/max = (0, 0)
01-19 15:53:15.459 I/libPowerHal( 1025): INTERACTION: set gpu opp level: 0
01-19 15:53:15.459 I/libPowerHal( 1025): INTERACTION: set gpu opp level max: 0
01-19 15:53:15.460 I/mtkpower_client( 1654): ret_hdl:13812
01-19 15:53:15.460 I/libPowerHal( 1025): cmdSetting - unknown cmd:2004100, scmd:(null) ,param_1:2
01-19 15:53:15.537 I/mtkpower@impl( 1025): [powerd_req] TIMER_MSG_PERF_LOCK_TIMEOUT hdl:13810
01-19 15:53:15.537 I/libPowerHal( 1025): [perfLockRel] hdl:13810, idx:3
01-19 15:53:15.538 I/libPowerHal( 1025): [unsetGPUFreq] current min:0, max:0; scn_gpu_min:0, scn_gpu_max:-1; scn_gpu_min(HL):-1, scn_gpu_max(HL):-1
01-19 15:53:15.538 I/libPowerHal( 1025): [setGPUFreq] Soft min/max = (0, 0); Hard min/max = (2, 0)
01-19 15:53:15.538 I/libPowerHal( 1025): [setGPUFreq] final min/max = (0, 0)
01-19 15:53:15.538 I/libPowerHal( 1025): INTERACTION: set gpu opp level: 0
01-19 15:53:15.538 I/libPowerHal( 1025): INTERACTION: set gpu opp level max: 0
01-19 15:53:15.539 I/mtkpower@impl( 1025): [powerd_req] TIMER_MSG_PERF_LOCK_TIMEOUT hdl:13811
01-19 15:53:15.539 I/libPowerHal( 1025): [perfLockRel] hdl:13811, idx:4
01-19 15:53:15.539 I/libPowerHal( 1025): [unsetGPUFreq] current min:0, max:0; scn_gpu_min:0, scn_gpu_max:-1; scn_gpu_min(HL):-1, scn_gpu_max(HL):-1
01-19 15:53:15.540 I/libPowerHal( 1025): INTERACTION: set gpu opp level: 1
01-19 15:53:15.540 I/libPowerHal( 1025): INTERACTION: set gpu opp level max: 0
01-19 15:53:15.540 I/libPowerHal( 1025): [setGPUFreq] Soft min/max = (1, 0); Hard min/max = (2, 0)
01-19 15:53:15.540 I/libPowerHal( 1025): [setGPUFreq] final min/max = (1, 0)
01-19 15:53:15.540 I/libPowerHal( 1025): INTERACTION: set gpu opp level: 1
01-19 15:53:15.540 I/libPowerHal( 1025): INTERACTION: set gpu opp level max: 0
01-19 15:53:15.540 I/libPowerHal( 1025): [PD] INTERACTION update cmd:1000000, param:1
01-19 15:53:15.540 I/libPowerHal( 1025): [PD] INTERACTION update cmd:1000000 param:1
01-19 15:53:15.556 I/libPowerHal( 1025): [perfLockRel] hdl:13809, idx:2
01-19 15:53:15.556 I/libPowerHal( 1025): MTKPOWER_HINT_APP_TOUCH: cpu_ctrl set cpu freq: -1 -1 -1 -1
01-19 15:53:15.556 I/libPowerHal( 1025): [unsetGPUFreq] current min:1, max:0; scn_gpu_min:1, scn_gpu_max:-1; scn_gpu_min(HL):-1, scn_gpu_max(HL):-1
01-19 15:53:15.556 I/libPowerHal( 1025): MTKPOWER_HINT_APP_TOUCH: set gpu opp level: 2
01-19 15:53:15.557 D/PowerManagerService( 1654): userActivityNoUpdateLocked: groupId=0, eventTime=217946117, event=2, flags=0x0, uid=1000
01-19 15:53:15.557 I/libPowerHal( 1025): MTKPOWER_HINT_APP_TOUCH: set gpu opp level max: 0
01-19 15:53:15.557 I/libPowerHal( 1025): [setGPUFreq] Soft min/max = (2, 0); Hard min/max = (2, 0)
01-19 15:53:15.557 I/libPowerHal( 1025): [setGPUFreq] final min/max = (2, 0)
01-19 15:53:15.557 I/libPowerHal( 1025): MTKPOWER_HINT_APP_TOUCH: set gpu opp level: 2
01-19 15:53:15.557 I/libPowerHal( 1025): MTKPOWER_HINT_APP_TOUCH: set gpu opp level max: 0
01-19 15:53:15.557 I/libPowerHal( 1025): [PD] MTKPOWER_HINT_APP_TOUCH update cmd:3408600 param:0
01-19 15:53:15.558 V/AutofillManager(22851): ignoring notifyViewEntered(flags=0, view=1073741824) on state FINISHED because view was already entered: {1073741824, 1073741825, 1073741826}
01-19 15:53:15.559 I/libPowerHal( 1025): [setGPUFreq] INTERACTION user set gpu freq min:0, max:-1
01-19 15:53:15.559 I/libPowerHal( 1025): INTERACTION: set gpu opp level: 0
01-19 15:53:15.559 I/libPowerHal( 1025): INTERACTION: set gpu opp level max: 0
01-19 15:53:15.559 I/libPowerHal( 1025): [setGPUFreq] Soft min/max = (0, 0); Hard min/max = (2, 0)
01-19 15:53:15.559 I/libPowerHal( 1025): [setGPUFreq] final min/max = (0, 0)
01-19 15:53:15.559 I/libPowerHal( 1025): INTERACTION: set gpu opp level: 0
01-19 15:53:15.559 I/libPowerHal( 1025): INTERACTION: set gpu opp level max: 0
01-19 15:53:15.560 I/libPowerHal( 1025): INTERACTION: cpu_ctrl set cpu freq: 2139000 -1 1491000 -1
01-19 15:53:15.561 I/libPowerHal( 1025): [setGPUFreq] INTERACTION user set gpu freq min:0, max:-1
01-19 15:53:15.561 I/libPowerHal( 1025): INTERACTION: set gpu opp level max: 0
01-19 15:53:15.561 I/libPowerHal( 1025): [setGPUFreq] Soft min/max = (0, 0); Hard min/max = (2, 0)
01-19 15:53:15.561 I/libPowerHal( 1025): [setGPUFreq] final min/max = (0, 0)
01-19 15:53:15.561 I/libPowerHal( 1025): INTERACTION: set gpu opp level: 0
01-19 15:53:15.561 I/libPowerHal( 1025): INTERACTION: set gpu opp level max: 0
01-19 15:53:15.562 D/InputMethodManagerService( 1654): isSecurity: attribute.packageName=com.THLight.BLE.USBeacon.Writer.Simple.dev mCurMethodId=com.google.android.inputmethod.latin/com.android.inputmethod.latin.LatinIME
