--------- beginning of main
01-19 15:52:55.560 V/bt_stack( 2751): [VERBOSE1:btm_ble_gap.cc(2613)] btm_ble_process_adv_addr: bda=08:**:**:**:a9:4e addr_type=1
01-19 15:52:55.560 I/bt_btm  ( 2751): LogMsg: btm_ble_process_adv_pkt_cont
01-19 15:52:55.560 I/bt_btif ( 2751): LogMsg: bta_dm_observe_results_cb
01-19 15:52:55.561 I/bt_btif ( 2751): LogMsg: btif_ble_scanner_update_COD 08:f3:4d:c7:a9:4e cod is 0x000000
01-19 15:52:55.561 I/bt_btif ( 2751): LogMsg: btif_ble_scanner_update_COD cod in config 0x001f00, status=0
01-19 15:52:55.561 I/bt_btif ( 2751): LogMsg: btif_ble_scanner_update_COD invalid cod 0x0, use cod 0x1f00 in config
01-19 15:52:55.562 I/bt_btif ( 2751): LogMsg: bta_scan_results_cb_impl : type 0 channel 0
01-19 15:52:55.562 I/bt_btif ( 2751): LogMsg: bta_scan_results_cb_impl: HAL bt_gatt_callbacks->scanner->scan_result_cb
01-19 15:52:55.562 D/BtGatt.GattService( 2751): onScanResult() - eventType=0x0, addressType=1, address=08:F3:4D:C7:A9:4E, primaryPhy=1, secondaryPhy=1, advertisingSid=0x3, txPower=127, rssi=-91, periodicAdvInt=0x0, originalAddress=08:F3:4D:C7:A9:4E, type=0, channel=0
01-19 15:52:55.563 D/BtGatt.GattService( 2751): Skipping client: permission=true matches=false
01-19 15:52:56.843 D/ccci_mdinit( 1129): (1):monitor_time_update_thread round:7331 ########
01-19 15:52:59.802 D/OplusHecate( 1123): pixels[552,78]=0xffffffff
01-19 15:53:00.007 D/PhoneScreenOnTime(23265): affairType:231
01-19 15:53:00.010 D/Utils   (23265): getLastScrChangeTime: 1768809120008
01-19 15:53:00.011 D/SingleClockView( 2315): updateTime,  24hfmt=true, h=15, m=53
01-19 15:53:00.013 D/Utils   (23265): getScrOnSeconds: 64079993
01-19 15:53:00.013 D/Utils   (23265): setLastScrChangeTime: 1768809180008
01-19 15:53:00.017 D/Utils   (23265): setScrOnSeconds: 64139993
01-19 15:53:00.019 D/PhoneUsageTime(23265): affairType:231
--------- beginning of system
01-19 15:53:00.019 E/OplusCustomizeRestrictionManagerService( 1654): isBiometricDisabled start
01-19 15:53:00.020 D/Utils   (23265): getLastChargeTime: 1768809120020
01-19 15:53:00.020 E/OplusCustomizeRestrictionManagerService( 1654): isBiometricDisabled start
01-19 15:53:00.021 D/Utils   (23265): getLastChargeDurationTime: 64042607
01-19 15:53:00.091 D/ProcessCpuTrackerExtImpl( 1654): mContext is already set, return now! 
01-19 15:53:02.313 D/OplusPrivacyDotViewController( 2315): scheduleUpdate: 
01-19 15:53:02.314 D/OplusPrivacyDotViewController( 2315): processNextViewState: 
01-19 15:53:02.315 D/OplusPrivacyDotViewController( 2315): resolveState ViewState(systemPrivacyEventIsActive=false, shadeExpanded=false, qsExpanded=false, rtl=false, rotation=0, height=0, x=29, y=41, cornerIndex=1, designatedCorner=android.widget.FrameLayout{1f48c6e G.E...... ......ID 0,0-8,8 #7f0b0452 app:id/icons_container}, contentDescription=null, chipAnimationStart=false, preDraw=false) shouldShowDot false
01-19 15:53:02.315 D/OplusPrivacyDotViewController( 2315): updatePosition:29:41
01-19 15:53:02.319 D/OplusPrivacyDotViewController( 2315): updatePosition:29:41
01-19 15:53:02.326 V/WindowManager( 1654): Relayout Window{cbdf5b8 u0 OplusPrivacyIconTopLeft}: viewVisibility=8, oldvis=8, req=8x8
01-19 15:53:02.349 I/OplusPerfCount( 1123): The num of client composition of Primary display in last 60008 ms is: 15
01-19 15:53:02.349 I/OplusPerfCount( 1123): The num of blur fliter in last 60008 ms is: 55
01-19 15:53:02.350 I/Quality ( 1123): SFJankCountInfo: 356;0;0-0-0-0-0-0-0-0-0-0;1-0-0-0-0-0-0-0-0-0;2-0-0-0-0-0-0-0-0-0;3-0-0-0-0-0-0-0-0-0;4-0-0-0-0-0-0-0-0-0;5-0-0-0-0-0-0-0-0-0;6-0-0-0-0-0-0-0-0-0;7-0-0-0-0-0-0-0-0-0;8-0-0-0-0-0-0-0-0-0;9-0-0-0-0-0-0-0-0-0;
01-19 15:53:02.350 I/OplusPerfCount( 1123): The layer number in last 60008ms is: 3 layer, 16 time, 4 layer, 25 time, 5 layer, 285 time, 6 layer, 31 time, 
01-19 15:53:02.354 V/WindowManager( 1654): Relayout Window{e767333 u0 OplusPrivacyIconTopRight}: viewVisibility=8, oldvis=8, req=8x8
01-19 15:53:03.144 I/thermal_repeater( 1431): [recvMdThermalInfo] ret=33, strLen=127,  3, 28, -127, 25135, 32767, 25391
01-19 15:53:03.397 E/Situation( 1010): processEvent, handle:26, flush_action:0
01-19 15:53:03.397 E/Situation( 1010): orientation state = 0 
01-19 15:53:03.402 I/libPowerHal( 1025): [setGPUFreq] INTERACTION user set gpu freq min:0, max:-1
01-19 15:53:03.402 I/libPowerHal( 1025): INTERACTION: set gpu opp level: 0
01-19 15:53:03.403 I/libPowerHal( 1025): INTERACTION: set gpu opp level max: 0
01-19 15:53:03.403 I/libPowerHal( 1025): [setGPUFreq] Soft min/max = (0, 0); Hard min/max = (2, 0)
01-19 15:53:03.403 I/libPowerHal( 1025): [setGPUFreq] final min/max = (0, 0)
01-19 15:53:03.403 I/libPowerHal( 1025): INTERACTION: set gpu opp level: 0
01-19 15:53:03.403 I/libPowerHal( 1025): INTERACTION: set gpu opp level max: 0
01-19 15:53:03.404 I/libPowerHal( 1025): INTERACTION: cpu_ctrl set cpu freq: 2139000 -1 1491000 -1
01-19 15:53:03.485 I/mtkpower@impl( 1025): [powerd_req] TIMER_MSG_PERF_LOCK_TIMEOUT hdl:13728
01-19 15:53:03.485 I/libPowerHal( 1025): [perfLockRel] hdl:13728, idx:1
01-19 15:53:03.486 I/libPowerHal( 1025): INTERACTION: cpu_ctrl set cpu freq: -1 -1 -1 -1
01-19 15:53:03.486 I/libPowerHal( 1025): [unsetGPUFreq] current min:0, max:0; scn_gpu_min:0, scn_gpu_max:-1; scn_gpu_min(HL):-1, scn_gpu_max(HL):-1
01-19 15:53:03.486 I/libPowerHal( 1025): INTERACTION: set gpu opp level: 2
01-19 15:53:03.486 I/libPowerHal( 1025): INTERACTION: set gpu opp level max: 0
01-19 15:53:03.486 I/libPowerHal( 1025): [setGPUFreq] Soft min/max = (2, 0); Hard min/max = (2, 0)
01-19 15:53:03.486 I/libPowerHal( 1025): [setGPUFreq] final min/max = (2, 0)
01-19 15:53:03.486 I/libPowerHal( 1025): INTERACTION: set gpu opp level: 2
01-19 15:53:03.486 I/libPowerHal( 1025): INTERACTION: set gpu opp level max: 0
01-19 15:53:03.486 I/libPowerHal( 1025): [PD] INTERACTION update cmd:1000000, param:-1
01-19 15:53:03.486 I/libPowerHal( 1025): [PD] INTERACTION update cmd:2020000 param:1
01-19 15:53:03.486 I/libPowerHal( 1025): [PD] INTERACTION update cmd:1000000 param:-1
01-19 15:53:03.778 D/OplusSmartBrightnessController( 1654): handleMessage MSG_LUX_CHANGED, mLux:349.17636 luxQueue=[455.0, 447.0, 409.0, 378.0, 286.0, 185.0, 143.0]
01-19 15:53:03.782 E/system_server( 1654): updateValue is called with a value {0, 0, 0, 0, 0, 0, 0, 0, 0, 0, 0, 0, 0, 0, 0, 0, 0, 0, 0, 0, 0, 0, 0, 0, 0, 0, 0, 0, 0, 0, 0, 0}, which is lower than the previous value {1, 0, 0, 22, 0, 0, 1, 0, 0, 25, 0, 0, 0, 0, 2, 0, 0, 0, 0, 0, 0, 0, 0, 0, 0, 0, 0, 0, 0, 0, 0, 2430}
01-19 15:53:03.804 I/Finsky  (12458): [2] SCH: job service start with id 9652.
01-19 15:53:03.826 I/Finsky  (12458): [494] SCH: Satisfied jobs for 9652 are: 12-1
01-19 15:53:03.828 I/Finsky  (12458): [493] SCH: Job 12-1 starting
01-19 15:53:03.831 I/Finsky  (12458): [2] WM::SCH: Logging work start for 12-1
01-19 15:53:03.831 I/Finsky  (12458): [2] [ContentSync] job started
01-19 15:53:04.061 I/system_server( 1654): Background young concurrent copying GC freed 15MB AllocSpace bytes, 77(4260KB) LOS objects, 22% free, 65MB/84MB, paused 997us,1.597ms total 154.280ms
01-19 15:53:04.075 W/System  ( 1654): A resource failed to call release. 
01-19 15:53:04.807 D/VRR [OTI]( 1123): handleIdle from 1 to 0
01-19 15:53:04.807 D/VRR [OTI-HW]( 1123): isStateReady 0
01-19 15:53:04.807 D/VRR [OTI-HW]( 1123): rate range: min {id=0, hwcId=0, resolution=720x1600, refreshRate=60.00 Hz, dpi=269.21x269.21, group=0} cur {id=0, hwcId=0, resolution=720x1600, refreshRate=60.00 Hz, dpi=269.21x269.21, group=0} max {id=0, hwcId=0, resolution=720x1600, refreshRate=60.00 Hz, dpi=269.21x269.21, group=0}
01-19 15:53:04.807 D/VRR [OTI-HW]( 1123): keep rate.
01-19 15:53:04.808 D/PowerManagerService( 1654): userActivityNoUpdateLocked: groupId=0, eventTime=217935365, event=2, flags=0x0, uid=1000
01-19 15:53:04.808 D/OGG_Detector( 1654): D:done mCurrStatus: 0
01-19 15:53:04.809 I/mtkpower_client( 1654): perf_lock_rel, hdl:13724, tid:2356
01-19 15:53:04.809 I/libPowerHal( 1025): [setGPUFreq] MTKPOWER_HINT_APP_TOUCH user set gpu freq min:1, max:-1
01-19 15:53:04.809 I/libPowerHal( 1025): MTKPOWER_HINT_APP_TOUCH: set gpu opp level: 1
01-19 15:53:04.809 I/libPowerHal( 1025): MTKPOWER_HINT_APP_TOUCH: set gpu opp level max: 0
01-19 15:53:04.809 I/libPowerHal( 1025): [setGPUFreq] Soft min/max = (1, 0); Hard min/max = (2, 0)
01-19 15:53:04.809 I/libPowerHal( 1025): [setGPUFreq] final min/max = (1, 0)
01-19 15:53:04.809 I/libPowerHal( 1025): MTKPOWER_HINT_APP_TOUCH: set gpu opp level: 1
01-19 15:53:04.809 I/libPowerHal( 1025): MTKPOWER_HINT_APP_TOUCH: set gpu opp level max: 0
01-19 15:53:04.810 D/AutofillManager(22851): Fill dialog is enabled:false, hints=[password, passwordAuto, creditCardNumber, creditCardSecurityCode, creditCardExpirationDate]
01-19 15:53:04.810 I/OplusSmartBrightnessController( 1654): handleBrightnessTotalRateType: dim->automatic
01-19 15:53:04.810 V/AutofillManager(22851): requestHideFillUi(null): anchor = null
01-19 15:53:04.810 D/OplusDisplayPowerControllerExtImpl( 1654): original brightness:755 final brightness:755.0 scale:1.0 reason:4 darkLevel:0
01-19 15:53:04.810 D/DisplayManagerServiceExtImpl( 1654): request size(1,1),dpc=com.android.server.display.DisplayPowerController@484ef97 size(0,1),flags=0X200F,id(0,0,local:0), phase=1, enable=true, ready=false,prox=false policy=BRIGHT,dozeState=UNKNOWN,screenBrightnessOverride=-1.000000,useAuto=true,lowPower=false,lowPowerFactor=1.000000
01-19 15:53:04.814 D/OplusDisplayPowerControllerExtImpl( 1654): Animating brightness: target=13->755,rate=25->2600,type=automatic,byUse=false local:0
01-19 15:53:04.814 I/libPowerHal( 1025): MTKPOWER_HINT_APP_TOUCH: cpu_ctrl set cpu freq: 2139000 -1 1491000 -1
01-19 15:53:04.814 D/DisplayPowerController[0]( 1654): Brightness [755.0] reason changing to: 'automatic [ auto_adj ]', previous reason: 'automatic [ dim ]'. id=local:0
01-19 15:53:04.814 I/DisplayPowerController[0]( 1654): BrightnessEvent: disp=0, brt=755.0, rcmdBrt=NaN, preBrt=NaN, lux=0.0, preLux=0.0, hbmMax=1.0, hbmMode=off, thrmMax=1.0, flags=, reason=automatic [ auto_adj ]
01-19 15:53:04.814 D/OplusDisplayPowerControllerExtImpl( 1654): RECORD:onUpdatePowerState policy:3 state:2 brightness:755
01-19 15:53:04.816 I/libPowerHal( 1025): [setGPUFreq] INTERACTION user set gpu freq min:0, max:-1
01-19 15:53:04.816 I/libPowerHal( 1025): INTERACTION: set gpu opp level: 0
01-19 15:53:04.816 I/libPowerHal( 1025): INTERACTION: set gpu opp level max: 0
01-19 15:53:04.816 I/libPowerHal( 1025): [setGPUFreq] Soft min/max = (0, 0); Hard min/max = (2, 0)
01-19 15:53:04.816 I/libPowerHal( 1025): [setGPUFreq] final min/max = (0, 0)
01-19 15:53:04.816 I/libPowerHal( 1025): INTERACTION: set gpu opp level: 0
01-19 15:53:04.816 I/libPowerHal( 1025): INTERACTION: set gpu opp level max: 0
01-19 15:53:04.816 D/OplusSystemUINavigationGestureExtImpl(22851): regionString = null
01-19 15:53:04.816 D/VRR [OPlusRefreshRateService]( 1654): notifyBrightnessChange brightness: 755.0
01-19 15:53:04.816 D/VRR [OPlusRefreshRateService]( 1654): notifyNitsChange nits: 112.03284 discrete nits: 2.6263962
01-19 15:53:04.817 D/VRR [OPlusRefreshRateService]( 1654): handleBrightnessChange nits: 112.03284
01-19 15:53:04.817 D/OplusFeatureHDREnhanceBrightness( 1654): setAnimating : animating = true
01-19 15:53:04.817 D/OplusFeatureReduceBrightness( 1654): setAnimating : animating = true
01-19 15:53:04.818 I/mtkpower_client( 1654): perf_lock_acq, hdl:13724, dur:0, num:4, tid:2356
01-19 15:53:04.818 E/DisplayManagerServiceExtImpl( 1654): can't get service binder: oppposcreenmode
01-19 15:53:04.818 E/DisplayManagerServiceExtImpl( 1654): can't get service interface: opscreenmode
01-19 15:53:04.819 I/libPowerHal( 1025): [setGPUFreq] INTERACTION user set gpu freq min:0, max:-1
01-19 15:53:04.819 I/libPowerHal( 1025): INTERACTION: set gpu opp level max: 0
01-19 15:53:04.819 I/libPowerHal( 1025): [setGPUFreq] Soft min/max = (0, 0); Hard min/max = (2, 0)
01-19 15:53:04.819 I/libPowerHal( 1025): [setGPUFreq] final min/max = (0, 0)
01-19 15:53:04.819 I/libPowerHal( 1025): INTERACTION: set gpu opp level: 0
01-19 15:53:04.819 I/libPowerHal( 1025): INTERACTION: set gpu opp level max: 0
01-19 15:53:04.820 I/libPowerHal( 1025): [perfLockRel] hdl:13724, idx:0
01-19 15:53:04.821 I/mtkpower_client( 1654): ret_hdl:13732
01-19 15:53:04.821 I/libPowerHal( 1025): cmdSetting - unknown cmd:2004100, scmd:(null) ,param_1:2
01-19 15:53:04.823 D/DisplayPowerController[0]( 1654): onChange selfChange=false uri=content://settings/system/screen_brightness
01-19 15:53:04.824 D/OplusDisplayPowerControllerExtImpl( 1654): original brightness:755 final brightness:755.0 scale:1.0 reason:4 darkLevel:0
01-19 15:53:04.825 D/OplusDisplayPowerControllerExtImpl( 1654): Animating brightness: target=755->755,rate=2600->25,type=automatic,byUse=false local:0
01-19 15:53:04.825 D/DisplayPowerController[0]( 1654): Brightness [755.0] reason changing to: 'automatic [ auto_adj ]', previous reason: 'automatic'. id=local:0
01-19 15:53:04.825 I/DisplayPowerController[0]( 1654): BrightnessEvent: disp=0, brt=755.0(user_set), rcmdBrt=NaN, preBrt=NaN, lux=0.0, preLux=0.0, hbmMax=1.0, hbmMode=off, thrmMax=1.0, flags=user_set , reason=automatic [ auto_adj ]
01-19 15:53:04.825 D/VRR [OPlusRefreshRateService]( 1654): notifyBrightnessChange brightness: 755.0
01-19 15:53:04.825 D/DisplayManagerService( 1654): Delivering display event: displayId=0, event=4
01-19 15:53:04.831 E/DisplayManagerServiceExtImpl( 1654): can't get service binder: oppposcreenmode
01-19 15:53:04.831 E/DisplayManagerServiceExtImpl( 1654): can't get service interface: opscreenmode
01-19 15:53:04.834 D/DisplayPowerController[0]( 1654): onChange selfChange=false uri=content://settings/system/screen_brightness
01-19 15:53:04.835 D/OplusDisplayPowerControllerExtImpl( 1654): original brightness:755 final brightness:755.0 scale:1.0 reason:4 darkLevel:0
01-19 15:53:04.836 D/DisplayPowerController[0]( 1654): Brightness [755.0] reason changing to: 'automatic [ auto_adj ]', previous reason: 'automatic'. id=local:0
01-19 15:53:04.836 I/DisplayPowerController[0]( 1654): BrightnessEvent: disp=0, brt=755.0(user_set), rcmdBrt=NaN, preBrt=NaN, lux=0.0, preLux=0.0, hbmMax=1.0, hbmMode=off, thrmMax=1.0, flags=user_set , reason=automatic [ auto_adj ]
01-19 15:53:04.836 D/VRR [OPlusRefreshRateService]( 1654): notifyBrightnessChange brightness: 755.0
01-19 15:53:04.836 D/DisplayManagerService( 1654): Delivering display event: displayId=0, event=4
01-19 15:53:04.844 D/AALCust ( 1443): aal_backlight_bits, specialConfig:12
01-19 15:53:04.844 D/AAL     ( 1443): onBacklightChanged: 13/1023 -> 64/1023(phy:64/4095)
01-19 15:53:04.853 D/DisplayPowerController[0]( 1654): onChange selfChange=false uri=content://settings/system/screen_brightness
01-19 15:53:04.854 D/OplusDisplayPowerControllerExtImpl( 1654): original brightness:755 final brightness:755.0 scale:1.0 reason:4 darkLevel:0
01-19 15:53:04.855 D/DisplayPowerController[0]( 1654): Brightness [755.0] reason changing to: 'automatic [ auto_adj ]', previous reason: 'automatic'. id=local:0
01-19 15:53:04.855 I/DisplayPowerController[0]( 1654): BrightnessEvent: disp=0, brt=755.0(user_set), rcmdBrt=NaN, preBrt=NaN, lux=0.0, preLux=0.0, hbmMax=1.0, hbmMode=off, thrmMax=1.0, flags=user_set , reason=automatic [ auto_adj ]
01-19 15:53:04.855 D/VRR [OPlusRefreshRateService]( 1654): notifyBrightnessChange brightness: 755.0
01-19 15:53:04.855 D/DisplayManagerService( 1654): Delivering display event: displayId=0, event=4
01-19 15:53:04.864 D/AALCust ( 1443): aal_backlight_bits, specialConfig:12
01-19 15:53:04.864 D/AAL     ( 1443): onBacklightChanged: 64/1023 -> 115/1023(phy:115/4095)
01-19 15:53:04.868 D/OplusDisplayPanelFeature( 1654): setDisplayPanelFeatureValue +++, ID:184, value:8
01-19 15:53:04.869 D/DisplayPanel_Session( 1035): setDisplayPanelFeatureValue DP_FeatureId=184, display_id = 0
01-19 15:53:04.870 D/DisplayPowerController[0]( 1654): onChange selfChange=false uri=content://settings/system/screen_brightness
01-19 15:53:04.870 D/OplusDisplayPowerControllerExtImpl( 1654): original brightness:755 final brightness:755.0 scale:1.0 reason:4 darkLevel:0
01-19 15:53:04.871 D/DisplayPowerController[0]( 1654): Brightness [755.0] reason changing to: 'automatic [ auto_adj ]', previous reason: 'automatic'. id=local:0
01-19 15:53:04.871 I/DisplayPowerController[0]( 1654): BrightnessEvent: disp=0, brt=755.0(user_set), rcmdBrt=NaN, preBrt=NaN, lux=0.0, preLux=0.0, hbmMax=1.0, hbmMode=off, thrmMax=1.0, flags=user_set , reason=automatic [ auto_adj ]
01-19 15:53:04.871 D/VRR [OPlusRefreshRateService]( 1654): notifyBrightnessChange brightness: 755.0
01-19 15:53:04.871 D/DisplayManagerService( 1654): Delivering display event: displayId=0, event=4
01-19 15:53:04.880 D/AALCust ( 1443): aal_backlight_bits, specialConfig:12
01-19 15:53:04.880 D/AAL     ( 1443): onBacklightChanged: 115/1023 -> 158/1023(phy:158/4095)
01-19 15:53:04.886 D/DisplayPowerController[0]( 1654): onChange selfChange=false uri=content://settings/system/screen_brightness
01-19 15:53:04.887 D/OplusDisplayPowerControllerExtImpl( 1654): original brightness:755 final brightness:755.0 scale:1.0 reason:4 darkLevel:0
01-19 15:53:04.888 D/DisplayPowerController[0]( 1654): Brightness [755.0] reason changing to: 'automatic [ auto_adj ]', previous reason: 'automatic'. id=local:0
01-19 15:53:04.888 I/DisplayPowerController[0]( 1654): BrightnessEvent: disp=0, brt=755.0(user_set), rcmdBrt=NaN, preBrt=NaN, lux=0.0, preLux=0.0, hbmMax=1.0, hbmMode=off, thrmMax=1.0, flags=user_set , reason=automatic [ auto_adj ]
01-19 15:53:04.888 D/VRR [OPlusRefreshRateService]( 1654): notifyBrightnessChange brightness: 755.0
01-19 15:53:04.888 D/DisplayManagerService( 1654): Delivering display event: displayId=0, event=4
01-19 15:53:04.897 D/AALCust ( 1443): aal_backlight_bits, specialConfig:12
01-19 15:53:04.897 D/AAL     ( 1443): onBacklightChanged: 158/1023 -> 202/1023(phy:202/4095)
01-19 15:53:04.898 I/mtkpower@impl( 1025): [powerd_req] TIMER_MSG_PERF_LOCK_TIMEOUT hdl:13730
01-19 15:53:04.898 I/libPowerHal( 1025): [perfLockRel] hdl:13730, idx:2
01-19 15:53:04.898 I/libPowerHal( 1025): [unsetGPUFreq] current min:0, max:0; scn_gpu_min:0, scn_gpu_max:-1; scn_gpu_min(HL):-1, scn_gpu_max(HL):-1
01-19 15:53:04.898 I/libPowerHal( 1025): [setGPUFreq] Soft min/max = (0, 0); Hard min/max = (2, 0)
01-19 15:53:04.898 I/libPowerHal( 1025): [setGPUFreq] final min/max = (0, 0)
01-19 15:53:04.898 I/libPowerHal( 1025): INTERACTION: set gpu opp level: 0
01-19 15:53:04.898 I/libPowerHal( 1025): INTERACTION: set gpu opp level max: 0
01-19 15:53:04.900 I/mtkpower@impl( 1025): [powerd_req] TIMER_MSG_PERF_LOCK_TIMEOUT hdl:13731
01-19 15:53:04.900 I/libPowerHal( 1025): [perfLockRel] hdl:13731, idx:3
01-19 15:53:04.900 I/libPowerHal( 1025): [unsetGPUFreq] current min:0, max:0; scn_gpu_min:0, scn_gpu_max:-1; scn_gpu_min(HL):-1, scn_gpu_max(HL):-1
01-19 15:53:04.900 I/libPowerHal( 1025): INTERACTION: set gpu opp level: 1
01-19 15:53:04.900 I/libPowerHal( 1025): INTERACTION: set gpu opp level max: 0
01-19 15:53:04.900 I/libPowerHal( 1025): [setGPUFreq] Soft min/max = (1, 0); Hard min/max = (2, 0)
01-19 15:53:04.900 I/libPowerHal( 1025): [setGPUFreq] final min/max = (1, 0)
01-19 15:53:04.900 I/libPowerHal( 1025): INTERACTION: set gpu opp level: 1
01-19 15:53:04.900 I/libPowerHal( 1025): INTERACTION: set gpu opp level max: 0
01-19 15:53:04.900 I/libPowerHal( 1025): [PD] INTERACTION update cmd:1000000, param:-1
01-19 15:53:04.901 I/libPowerHal( 1025): [PD] INTERACTION update cmd:2020000 param:1
01-19 15:53:04.901 I/libPowerHal( 1025): [PD] INTERACTION update cmd:1000000 param:-1
01-19 15:53:04.904 D/DisplayPowerController[0]( 1654): onChange selfChange=false uri=content://settings/system/screen_brightness
01-19 15:53:04.904 D/OplusDisplayPowerControllerExtImpl( 1654): original brightness:755 final brightness:755.0 scale:1.0 reason:4 darkLevel:0
01-19 15:53:04.905 D/DisplayPowerController[0]( 1654): Brightness [755.0] reason changing to: 'automatic [ auto_adj ]', previous reason: 'automatic'. id=local:0
01-19 15:53:04.905 I/DisplayPowerController[0]( 1654): BrightnessEvent: disp=0, brt=755.0(user_set), rcmdBrt=NaN, preBrt=NaN, lux=0.0, preLux=0.0, hbmMax=1.0, hbmMode=off, thrmMax=1.0, flags=user_set , reason=automatic [ auto_adj ]
01-19 15:53:04.905 D/VRR [OPlusRefreshRateService]( 1654): notifyBrightnessChange brightness: 755.0
01-19 15:53:04.906 D/DisplayManagerService( 1654): Delivering display event: displayId=0, event=4
01-19 15:53:04.914 D/AALCust ( 1443): aal_backlight_bits, specialConfig:12
01-19 15:53:04.914 D/AAL     ( 1443): onBacklightChanged: 202/1023 -> 245/1023(phy:245/4095)
01-19 15:53:04.914 D/AAL     ( 1443): 01-19 03:53:04.847 BL=   4,ESS= 256, 01-19 03:53:04.864 BL=  15,ESS= 256, 01-19 03:53:04.881 BL=  26,ESS= 256, 01-19 03:53:04.898 BL=  37,ESS= 256, 01-19 03:53:04.914 BL=  48,ESS= 256, 
01-19 15:53:04.923 D/DisplayPowerController[0]( 1654): onChange selfChange=false uri=content://settings/system/screen_brightness
01-19 15:53:04.923 D/OplusDisplayPowerControllerExtImpl( 1654): original brightness:755 final brightness:755.0 scale:1.0 reason:4 darkLevel:0
01-19 15:53:04.924 D/DisplayPowerController[0]( 1654): Brightness [755.0] reason changing to: 'automatic [ auto_adj ]', previous reason: 'automatic'. id=local:0
01-19 15:53:04.924 I/DisplayPowerController[0]( 1654): BrightnessEvent: disp=0, brt=755.0(user_set), rcmdBrt=NaN, preBrt=NaN, lux=0.0, preLux=0.0, hbmMax=1.0, hbmMode=off, thrmMax=1.0, flags=user_set , reason=automatic [ auto_adj ]
01-19 15:53:04.924 D/VRR [OPlusRefreshRateService]( 1654): notifyBrightnessChange brightness: 755.0
01-19 15:53:04.925 D/DisplayManagerService( 1654): Delivering display event: displayId=0, event=4
01-19 15:53:04.931 D/AALCust ( 1443): aal_backlight_bits, specialConfig:12
01-19 15:53:04.931 D/AAL     ( 1443): onBacklightChanged: 245/1023 -> 289/1023(phy:289/4095)
01-19 15:53:04.931 I/libPowerHal( 1025): [perfLockRel] hdl:13729, idx:1
01-19 15:53:04.931 I/libPowerHal( 1025): MTKPOWER_HINT_APP_TOUCH: cpu_ctrl set cpu freq: -1 -1 -1 -1
01-19 15:53:04.931 I/libPowerHal( 1025): [unsetGPUFreq] current min:1, max:0; scn_gpu_min:1, scn_gpu_max:-1; scn_gpu_min(HL):-1, scn_gpu_max(HL):-1
01-19 15:53:04.931 I/libPowerHal( 1025): MTKPOWER_HINT_APP_TOUCH: set gpu opp level: 2
01-19 15:53:04.931 D/PowerManagerService( 1654): userActivityNoUpdateLocked: groupId=0, eventTime=217935491, event=2, flags=0x0, uid=1000
01-19 15:53:04.932 I/libPowerHal( 1025): MTKPOWER_HINT_APP_TOUCH: set gpu opp level max: 0
01-19 15:53:04.932 I/libPowerHal( 1025): [setGPUFreq] Soft min/max = (2, 0); Hard min/max = (2, 0)
01-19 15:53:04.932 I/libPowerHal( 1025): [setGPUFreq] final min/max = (2, 0)
01-19 15:53:04.932 I/libPowerHal( 1025): MTKPOWER_HINT_APP_TOUCH: set gpu opp level: 2
01-19 15:53:04.932 I/libPowerHal( 1025): MTKPOWER_HINT_APP_TOUCH: set gpu opp level max: 0
01-19 15:53:04.932 I/libPowerHal( 1025): [PD] MTKPOWER_HINT_APP_TOUCH update cmd:3408600 param:0
01-19 15:53:04.935 I/libPowerHal( 1025): [setGPUFreq] INTERACTION user set gpu freq min:0, max:-1
01-19 15:53:04.935 I/libPowerHal( 1025): INTERACTION: set gpu opp level: 0
01-19 15:53:04.935 I/libPowerHal( 1025): INTERACTION: set gpu opp level max: 0
01-19 15:53:04.935 I/libPowerHal( 1025): [setGPUFreq] Soft min/max = (0, 0); Hard min/max = (2, 0)
01-19 15:53:04.935 I/libPowerHal( 1025): [setGPUFreq] final min/max = (0, 0)
01-19 15:53:04.935 I/libPowerHal( 1025): INTERACTION: set gpu opp level: 0
01-19 15:53:04.936 I/libPowerHal( 1025): INTERACTION: set gpu opp level max: 0
01-19 15:53:04.936 I/libPowerHal( 1025): INTERACTION: cpu_ctrl set cpu freq: 2139000 -1 1491000 -1
01-19 15:53:04.938 D/DisplayPowerController[0]( 1654): onChange selfChange=false uri=content://settings/system/screen_brightness
01-19 15:53:04.939 D/OplusDisplayPowerControllerExtImpl( 1654): original brightness:755 final brightness:755.0 scale:1.0 reason:4 darkLevel:0
01-19 15:53:04.940 D/DisplayPowerController[0]( 1654): Brightness [755.0] reason changing to: 'automatic [ auto_adj ]', previous reason: 'automatic'. id=local:0
01-19 15:53:04.940 I/DisplayPowerController[0]( 1654): BrightnessEvent: disp=0, brt=755.0(user_set), rcmdBrt=NaN, preBrt=NaN, lux=0.0, preLux=0.0, hbmMax=1.0, hbmMode=off, thrmMax=1.0, flags=user_set , reason=automatic [ auto_adj ]
01-19 15:53:04.940 D/VRR [OPlusRefreshRateService]( 1654): notifyBrightnessChange brightness: 755.0
01-19 15:53:04.940 I/libPowerHal( 1025): [setGPUFreq] INTERACTION user set gpu freq min:0, max:-1
01-19 15:53:04.940 I/libPowerHal( 1025): INTERACTION: set gpu opp level max: 0
01-19 15:53:04.940 I/libPowerHal( 1025): [setGPUFreq] Soft min/max = (0, 0); Hard min/max = (2, 0)
01-19 15:53:04.940 I/libPowerHal( 1025): [setGPUFreq] final min/max = (0, 0)
01-19 15:53:04.940 I/libPowerHal( 1025): INTERACTION: set gpu opp level: 0
01-19 15:53:04.940 I/libPowerHal( 1025): INTERACTION: set gpu opp level max: 0
01-19 15:53:04.941 D/DisplayManagerService( 1654): Delivering display event: displayId=0, event=4
01-19 15:53:04.945 I/ActivityTaskManager( 1654): START u0 {cmp=com.THLight.BLE.USBeacon.Writer.Simple.dev/com.THLight.BLE.USBeacon.Writer.Simple.ui.activity.system.SystemActivity mCallingUid=10154} from uid 10154
01-19 15:53:04.946 I/mtkpower_client( 1654): perf_lock_rel, hdl:13732, tid:2356
01-19 15:53:04.946 I/mtkpower_client( 1654): perf_lock_acq, hdl:13732, dur:0, num:8, tid:2356
01-19 15:53:04.946 I/libPowerHal( 1025): [perfLockRel] hdl:13732, idx:0
01-19 15:53:04.947 D/AALCust ( 1443): aal_backlight_bits, specialConfig:12
01-19 15:53:04.947 D/AAL     ( 1443): onBacklightChanged: 289/1023 -> 333/1023(phy:333/4095)
01-19 15:53:04.948 I/mtkpower_client( 1654): ret_hdl:13735
01-19 15:53:04.948 I/libPowerHal( 1025): cmdSetting - unknown cmd:2004100, scmd:(null) ,param_1:0
01-19 15:53:04.948 I/libPowerHal( 1025): system_server: cpu_ctrl set cpu freq: 2301000 -1 1800000 -1
01-19 15:53:04.949 D/OplusZoomWindowRUSConfigManager( 1654): isSupportZoomModeWithPolicyLocked: target = com.THLight.BLE.USBeacon.Writer.Simple.dev/com.THLight.BLE.USBeacon.Writer.Simple.ui.activity.system.SystemActivity
01-19 15:53:04.949 D/OplusZoomWindowRUSConfigManager( 1654): targetPkg = com.THLight.BLE.USBeacon.Writer.Simple.dev
01-19 15:53:04.949 V/OplusZoomWindowManagerService( 1654): unSupportZoom: false ,callingPid: 22851 ,sourceStack: Task{15c6d2d #233 type=standard A=10154:com.THLight.BLE.USBeacon.Writer.Simple.dev U=0 visible=true visibleRequested=true mode=fullscreen translucent=false sz=1}
01-19 15:53:04.952 D/TaskFragmentExtImpl( 1654): add ActivityRecord{dcf0b83 u0 com.THLight.BLE.USBeacon.Writer.Simple.dev/com.THLight.BLE.USBeacon.Writer.Simple.ui.activity.system.SystemActivity} t233} to mActivityRecordSum = Counter{ com.THLight.BLE.USBeacon.Writer.Simple.dev/com.THLight.BLE.USBeacon.Writer.Simple.ui.activity.scan.ScanDeviceListActivity(1) com.THLight.BLE.USBeacon.Writer.Simple.dev/com.THLight.BLE.USBeacon.Writer.Simple.ui.activity.system.SystemActivity(1) }
01-19 15:53:04.953 D/ActivityTaskManager( 1654): getStartingWindowType: newTask=false, taskSwitch=false, processRunning=true, allowTaskSnapshot=true, activityCreated=false, snapshot=null, record:ActivityRecord{dcf0b83 u0 com.THLight.BLE.USBeacon.Writer.Simple.dev/com.THLight.BLE.USBeacon.Writer.Simple.ui.activity.system.SystemActivity} t233}
01-19 15:53:04.954 D/OplusZoomWindowRUSConfigManager( 1654): isSupportZoomModeWithPolicyLocked: target = com.THLight.BLE.USBeacon.Writer.Simple.dev/com.THLight.BLE.USBeacon.Writer.Simple.ui.activity.system.SystemActivity
01-19 15:53:04.954 D/OplusZoomWindowRUSConfigManager( 1654): targetPkg = com.THLight.BLE.USBeacon.Writer.Simple.dev
01-19 15:53:04.954 V/OplusZoomWindowManagerService( 1654): unSupportZoom: false ,callingPid: 22851 ,sourceStack: Task{15c6d2d #233 type=standard A=10154:com.THLight.BLE.USBeacon.Writer.Simple.dev U=0 visible=true visibleRequested=true mode=fullscreen translucent=false sz=2}
01-19 15:53:04.955 I/mtkpower@impl( 1025): [setMode] type:5, enabled:1
01-19 15:53:04.955 D/DisplayPowerController[0]( 1654): onChange selfChange=false uri=content://settings/system/screen_brightness
01-19 15:53:04.955 I/PowerHalWrapper( 1654): <amsBoostResume> last:com.THLight.BLE.USBeacon.Writer.Simple.dev, next:com.THLight.BLE.USBeacon.Writer.Simple.dev 
01-19 15:53:04.956 D/OplusDisplayPowerControllerExtImpl( 1654): original brightness:755 final brightness:755.0 scale:1.0 reason:4 darkLevel:0
01-19 15:53:04.957 D/DisplayPowerController[0]( 1654): Brightness [755.0] reason changing to: 'automatic [ auto_adj ]', previous reason: 'automatic'. id=local:0
01-19 15:53:04.957 I/DisplayPowerController[0]( 1654): BrightnessEvent: disp=0, brt=755.0(user_set), rcmdBrt=NaN, preBrt=NaN, lux=0.0, preLux=0.0, hbmMax=1.0, hbmMode=off, thrmMax=1.0, flags=user_set , reason=automatic [ auto_adj ]
01-19 15:53:04.957 D/VRR [OPlusRefreshRateService]( 1654): notifyBrightnessChange brightness: 755.0
01-19 15:53:04.959 I/libPowerHal( 1025): [perfLockRel] hdl:13722, idx:-1
01-19 15:53:04.960 W/SettingsProvider( 1654): notifyForSettingsChange delay for screen_brightness, value: 381, delta: 7, lastNotifyTimestamp: 217935515, minInterval: 10
01-19 15:53:04.961 D/OplusUIFirst_FB( 1654): com.THLight.BLE.USBeacon.Writer.Simple.dev activity event: []
01-19 15:53:04.961 D/OplusUIFirst_FB( 1654): List of ThreadOp: size=0 []
01-19 15:53:04.962 D/DisplayManagerService( 1654): Delivering display event: displayId=0, event=4
01-19 15:53:04.964 D/AALCust ( 1443): aal_backlight_bits, specialConfig:12
01-19 15:53:04.964 D/AAL     ( 1443): onBacklightChanged: 333/1023 -> 382/1023(phy:382/4095)
01-19 15:53:04.965 D/DisplayPowerController[0]( 1654): onChange selfChange=false uri=content://settings/system/screen_brightness
01-19 15:53:04.965 D/OplusDisplayPowerControllerExtImpl( 1654): original brightness:755 final brightness:755.0 scale:1.0 reason:4 darkLevel:0
01-19 15:53:04.966 D/DisplayPowerController[0]( 1654): Brightness [755.0] reason changing to: 'automatic [ auto_adj ]', previous reason: 'automatic'. id=local:0
01-19 15:53:04.966 I/DisplayPowerController[0]( 1654): BrightnessEvent: disp=0, brt=755.0(user_set), rcmdBrt=NaN, preBrt=NaN, lux=0.0, preLux=0.0, hbmMax=1.0, hbmMode=off, thrmMax=1.0, flags=user_set , reason=automatic [ auto_adj ]
01-19 15:53:04.966 D/VRR [OPlusRefreshRateService]( 1654): notifyBrightnessChange brightness: 755.0
01-19 15:53:04.966 D/DisplayManagerService( 1654): Delivering display event: displayId=0, event=4
01-19 15:53:04.972 W/SettingsProvider( 1654): notifyForSettingsChange delay for screen_brightness, value: 425, delta: 8, lastNotifyTimestamp: 217935525, minInterval: 10
01-19 15:53:04.975 D/DisplayPowerController[0]( 1654): onChange selfChange=false uri=content://settings/system/screen_brightness
01-19 15:53:04.975 D/OplusDisplayPowerControllerExtImpl( 1654): original brightness:755 final brightness:755.0 scale:1.0 reason:4 darkLevel:0
01-19 15:53:04.976 D/DisplayPowerController[0]( 1654): Brightness [755.0] reason changing to: 'automatic [ auto_adj ]', previous reason: 'automatic'. id=local:0
01-19 15:53:04.976 I/DisplayPowerController[0]( 1654): BrightnessEvent: disp=0, brt=755.0(user_set), rcmdBrt=NaN, preBrt=NaN, lux=0.0, preLux=0.0, hbmMax=1.0, hbmMode=off, thrmMax=1.0, flags=user_set , reason=automatic [ auto_adj ]
01-19 15:53:04.976 D/VRR [OPlusRefreshRateService]( 1654): notifyBrightnessChange brightness: 755.0
01-19 15:53:04.977 D/DisplayManagerService( 1654): Delivering display event: displayId=0, event=4
01-19 15:53:04.981 D/AALCust ( 1443): aal_backlight_bits, specialConfig:12
01-19 15:53:04.981 D/AAL     ( 1443): onBacklightChanged: 382/1023 -> 426/1023(phy:426/4095)
01-19 15:53:04.991 D/DisplayPowerController[0]( 1654): onChange selfChange=false uri=content://settings/system/screen_brightness
01-19 15:53:04.991 D/OplusDisplayPowerControllerExtImpl( 1654): original brightness:755 final brightness:755.0 scale:1.0 reason:4 darkLevel:0
01-19 15:53:04.992 D/DisplayPowerController[0]( 1654): Brightness [755.0] reason changing to: 'automatic [ auto_adj ]', previous reason: 'automatic'. id=local:0
01-19 15:53:04.992 I/DisplayPowerController[0]( 1654): BrightnessEvent: disp=0, brt=755.0(user_set), rcmdBrt=NaN, preBrt=NaN, lux=0.0, preLux=0.0, hbmMax=1.0, hbmMode=off, thrmMax=1.0, flags=user_set , reason=automatic [ auto_adj ]
01-19 15:53:04.992 D/VRR [OPlusRefreshRateService]( 1654): notifyBrightnessChange brightness: 755.0
01-19 15:53:04.993 D/DisplayManagerService( 1654): Delivering display event: displayId=0, event=4
01-19 15:53:04.997 D/AALCust ( 1443): aal_backlight_bits, specialConfig:12
01-19 15:53:04.997 D/AAL     ( 1443): onBacklightChanged: 426/1023 -> 472/1023(phy:472/4095)
01-19 15:53:04.998 D/AAL     ( 1443): 01-19 03:53:04.931 BL=  59,ESS= 256, 01-19 03:53:04.948 BL=  71,ESS= 256, 01-19 03:53:04.964 BL=  83,ESS= 256, 01-19 03:53:04.981 BL=  95,ESS= 256, 01-19 03:53:04.998 BL= 107,ESS= 256, 
01-19 15:53:05.008 D/DisplayPowerController[0]( 1654): onChange selfChange=false uri=content://settings/system/screen_brightness
01-19 15:53:05.008 D/OplusDisplayPowerControllerExtImpl( 1654): original brightness:755 final brightness:755.0 scale:1.0 reason:4 darkLevel:0
01-19 15:53:05.009 D/DisplayPowerController[0]( 1654): Brightness [755.0] reason changing to: 'automatic [ auto_adj ]', previous reason: 'automatic'. id=local:0
01-19 15:53:05.009 I/DisplayPowerController[0]( 1654): BrightnessEvent: disp=0, brt=755.0(user_set), rcmdBrt=NaN, preBrt=NaN, lux=0.0, preLux=0.0, hbmMax=1.0, hbmMode=off, thrmMax=1.0, flags=user_set , reason=automatic [ auto_adj ]
01-19 15:53:05.009 D/VRR [OPlusRefreshRateService]( 1654): notifyBrightnessChange brightness: 755.0
01-19 15:53:05.010 D/DisplayManagerService( 1654): Delivering display event: displayId=0, event=4
01-19 15:53:05.014 D/AALCust ( 1443): aal_backlight_bits, specialConfig:12
01-19 15:53:05.014 D/AAL     ( 1443): onBacklightChanged: 472/1023 -> 516/1023(phy:516/4095)
01-19 15:53:05.017 I/mtkpower@impl( 1025): [powerd_req] TIMER_MSG_PERF_LOCK_TIMEOUT hdl:13733
01-19 15:53:05.017 I/libPowerHal( 1025): [perfLockRel] hdl:13733, idx:1
01-19 15:53:05.017 I/libPowerHal( 1025): [unsetGPUFreq] current min:0, max:0; scn_gpu_min:0, scn_gpu_max:-1; scn_gpu_min(HL):-1, scn_gpu_max(HL):-1
01-19 15:53:05.017 I/libPowerHal( 1025): [setGPUFreq] Soft min/max = (0, 0); Hard min/max = (2, 0)
01-19 15:53:05.017 I/libPowerHal( 1025): [setGPUFreq] final min/max = (0, 0)
01-19 15:53:05.017 I/libPowerHal( 1025): INTERACTION: set gpu opp level: 0
01-19 15:53:05.017 I/libPowerHal( 1025): INTERACTION: set gpu opp level max: 0
01-19 15:53:05.020 I/mtkpower@impl( 1025): [powerd_req] TIMER_MSG_PERF_LOCK_TIMEOUT hdl:13734
01-19 15:53:05.020 I/libPowerHal( 1025): [perfLockRel] hdl:13734, idx:2
01-19 15:53:05.021 I/libPowerHal( 1025): [unsetGPUFreq] current min:0, max:0; scn_gpu_min:0, scn_gpu_max:-1; scn_gpu_min(HL):-1, scn_gpu_max(HL):-1
01-19 15:53:05.021 I/libPowerHal( 1025): INTERACTION: set gpu opp level: 2
01-19 15:53:05.021 I/libPowerHal( 1025): INTERACTION: set gpu opp level max: 0
01-19 15:53:05.021 I/libPowerHal( 1025): [setGPUFreq] Soft min/max = (2, 0); Hard min/max = (2, 0)
01-19 15:53:05.021 I/libPowerHal( 1025): [setGPUFreq] final min/max = (2, 0)
01-19 15:53:05.021 I/libPowerHal( 1025): INTERACTION: set gpu opp level: 2
01-19 15:53:05.021 I/libPowerHal( 1025): INTERACTION: set gpu opp level max: 0
01-19 15:53:05.021 I/libPowerHal( 1025): [PD] INTERACTION update cmd:2020000 param:1
01-19 15:53:05.031 D/AALCust ( 1443): aal_backlight_bits, specialConfig:12
01-19 15:53:05.031 D/AAL     ( 1443): onBacklightChanged: 516/1023 -> 560/1023(phy:560/4095)
01-19 15:53:05.037 D/DisplayPowerController[0]( 1654): onChange selfChange=false uri=content://settings/system/screen_brightness
01-19 15:53:05.037 D/OplusDisplayPowerControllerExtImpl( 1654): original brightness:755 final brightness:755.0 scale:1.0 reason:4 darkLevel:0
01-19 15:53:05.038 D/DisplayPowerController[0]( 1654): Brightness [755.0] reason changing to: 'automatic [ auto_adj ]', previous reason: 'automatic'. id=local:0
01-19 15:53:05.038 I/DisplayPowerController[0]( 1654): BrightnessEvent: disp=0, brt=755.0(user_set), rcmdBrt=NaN, preBrt=NaN, lux=0.0, preLux=0.0, hbmMax=1.0, hbmMode=off, thrmMax=1.0, flags=user_set , reason=automatic [ auto_adj ]
01-19 15:53:05.038 D/VRR [OPlusRefreshRateService]( 1654): notifyBrightnessChange brightness: 755.0
01-19 15:53:05.039 D/DisplayManagerService( 1654): Delivering display event: displayId=0, event=4
01-19 15:53:05.040 D/OplusUIFirst_FB( 1654): com.THLight.BLE.USBeacon.Writer.Simple.dev activity event: []
01-19 15:53:05.040 D/OplusUIFirst_FB( 1654): List of ThreadOp: size=0 []
01-19 15:53:05.040 D/OplusUIFirst_FB( 1654): handleParaSwitch com.THLight.BLE.USBeacon.Writer.Simple.dev null null 1
01-19 15:53:05.040 D/OplusUIFirst_FB( 1654): com.THLight.BLE.USBeacon.Writer.Simple.dev activity event: []
01-19 15:53:05.040 D/OplusUIFirst_FB( 1654): List of ThreadOp: size=0 []
01-19 15:53:05.040 D/OplusUIFirst_FB( 1654): handleParaSwitch com.THLight.BLE.USBeacon.Writer.Simple.dev null null 1
01-19 15:53:05.040 W/ActivityTaskManager( 1654): Tried to set launchTime (0) < mLastActivityLaunchTime (217918983)
01-19 15:53:05.048 D/AALCust ( 1443): aal_backlight_bits, specialConfig:12
01-19 15:53:05.048 D/AAL     ( 1443): onBacklightChanged: 560/1023 -> 603/1023(phy:603/4095)
01-19 15:53:05.050 D/DisplayPowerController[0]( 1654): onChange selfChange=false uri=content://settings/system/screen_brightness
01-19 15:53:05.050 D/OplusDisplayPowerControllerExtImpl( 1654): original brightness:755 final brightness:755.0 scale:1.0 reason:4 darkLevel:0
01-19 15:53:05.051 D/DisplayPowerController[0]( 1654): Brightness [755.0] reason changing to: 'automatic [ auto_adj ]', previous reason: 'automatic'. id=local:0
01-19 15:53:05.051 I/DisplayPowerController[0]( 1654): BrightnessEvent: disp=0, brt=755.0(user_set), rcmdBrt=NaN, preBrt=NaN, lux=0.0, preLux=0.0, hbmMax=1.0, hbmMode=off, thrmMax=1.0, flags=user_set , reason=automatic [ auto_adj ]
01-19 15:53:05.051 D/VRR [OPlusRefreshRateService]( 1654): notifyBrightnessChange brightness: 755.0
01-19 15:53:05.055 D/OplusDexOptimizeManager( 1654): Do not in AppLaunchOptList!
01-19 15:53:05.059 I/PowerHalWrapper( 1654): amsBoostNotify pid:22851,activity:com.THLight.BLE.USBeacon.Writer.Simple.ui.activity.system.SystemActivity, package:com.THLight.BLE.USBeacon.Writer.Simple.dev, mProcessCreatePackcom.THLight.BLE.USBeacon.Writer.Simple.dev 
01-19 15:53:05.059 I/PowerHalWrapper( 1654): state: 1 
01-19 15:53:05.059 I/mtkpower_client( 1654): [Legacy][PowerHal_Wrap_notifyAppState] com.THLight.BLE.USBeacon.Writer.Simple.dev/com.THLight.BLE.USBeacon.Writer.Simple.ui.activity.system.SystemActivity pid=22851 state:1
01-19 15:53:05.059 D/DisplayPowerController[0]( 1654): onChange selfChange=false uri=content://settings/system/screen_brightness
01-19 15:53:05.059 I/game_scn( 1654): collectForegroundAppList packName=com.THLight.BLE.USBeacon.Writer.Simple.dev, actName=com.THLight.BLE.USBeacon.Writer.Simple.ui.activity.system.SystemActivity, pid=22851, uid=10154, state:RESUMED
01-19 15:53:05.059 I/PowerHalWrapper( 1654): amsBoostNotify AMS_BOOST_PROCESS_CREATE_BOOST:false 
01-19 15:53:05.059 D/OplusDisplayPowerControllerExtImpl( 1654): original brightness:755 final brightness:755.0 scale:1.0 reason:4 darkLevel:0
01-19 15:53:05.059 I/InputDispatcher( 1654): setFocusedApplication displayId=0 ActivityRecord{dcf0b83 u0 com.THLight.BLE.USBeacon.Writer.Simple.dev/com.THLight.BLE.USBeacon.Writer.Simple.ui.activity.system.SystemActivity} t233}
01-19 15:53:05.060 D/DisplayPowerController[0]( 1654): Brightness [755.0] reason changing to: 'automatic [ auto_adj ]', previous reason: 'automatic'. id=local:0
01-19 15:53:05.060 I/DisplayPowerController[0]( 1654): BrightnessEvent: disp=0, brt=755.0(user_set), rcmdBrt=NaN, preBrt=NaN, lux=0.0, preLux=0.0, hbmMax=1.0, hbmMode=off, thrmMax=1.0, flags=user_set , reason=automatic [ auto_adj ]
01-19 15:53:05.060 D/VRR [OPlusRefreshRateService]( 1654): notifyBrightnessChange brightness: 755.0
01-19 15:53:05.061 V/WindowManager( 1654): Changing focus from Window{d8c47b3 u0 com.THLight.BLE.USBeacon.Writer.Simple.dev/com.THLight.BLE.USBeacon.Writer.Simple.ui.activity.scan.ScanDeviceListActivity} to null,diplayid=0
01-19 15:53:05.062 I/mtkpower@impl( 1025): [notifyAppState] act com.THLight.BLE.USBeacon.Writer.Simple.ui.activity.scan.ScanDeviceListActivity => com.THLight.BLE.USBeacon.Writer.Simple.ui.activity.system.SystemActivity
01-19 15:53:05.062 D/Theia.NoFocusWindow( 1654): FocusWindowErrorScene CheckFreezeScreen
01-19 15:53:05.065 D/AALCust ( 1443): aal_backlight_bits, specialConfig:12
01-19 15:53:05.065 D/AAL     ( 1443): onBacklightChanged: 603/1023 -> 647/1023(phy:647/4095)
01-19 15:53:05.067 I/PowerHalWrapper( 1654): amsBoostNotify pid:22851,activity:com.THLight.BLE.USBeacon.Writer.Simple.ui.activity.scan.ScanDeviceListActivity, package:com.THLight.BLE.USBeacon.Writer.Simple.dev, mProcessCreatePackcom.THLight.BLE.USBeacon.Writer.Simple.dev 
01-19 15:53:05.067 I/PowerHalWrapper( 1654): state: 0 
01-19 15:53:05.067 I/mtkpower_client( 1654): [Legacy][PowerHal_Wrap_notifyAppState] com.THLight.BLE.USBeacon.Writer.Simple.dev/com.THLight.BLE.USBeacon.Writer.Simple.ui.activity.scan.ScanDeviceListActivity pid=22851 state:0
01-19 15:53:05.067 I/game_scn( 1654): collectForegroundAppList packName=com.THLight.BLE.USBeacon.Writer.Simple.dev, actName=com.THLight.BLE.USBeacon.Writer.Simple.ui.activity.scan.ScanDeviceListActivity, pid=22851, uid=10154, state:PAUSED
01-19 15:53:05.067 I/PowerHalWrapper( 1654): amsBoostNotify AMS_BOOST_PROCESS_CREATE_BOOST:false 
01-19 15:53:05.068 D/DisplayManagerService( 1654): Delivering display event: displayId=0, event=4
01-19 15:53:05.068 D/DisplayManagerService( 1654): Delivering display event: displayId=0, event=4
01-19 15:53:05.072 D/libMEOW (22851): meow new tls: 0xb400006fd1e55500
01-19 15:53:05.073 D/libMEOW (22851): applied 1 plugins for [com.THLight.BLE.USBeacon.Writer.Simple.dev]:
01-19 15:53:05.073 D/libMEOW (22851):   plugin 1: [libMEOW_gift.so]: 0xb400007035992880
01-19 15:53:05.073 I/mtkpower_client( 1654): perf_lock_rel, hdl:13735, tid:2356
01-19 15:53:05.073 D/libMEOW (22851): rebuild call chain: 0xb400006fd1e64240
01-19 15:53:05.074 I/mtkpower_client( 1654): perf_lock_acq, hdl:13735, dur:0, num:8, tid:2356
01-19 15:53:05.074 I/libPowerHal( 1025): [perfLockRel] hdl:13735, idx:0
01-19 15:53:05.074 D/libMEOW (22851): meow delete tls: 0xb400006fd1e55500
01-19 15:53:05.075 I/mtkpower_client( 1654): ret_hdl:13738
01-19 15:53:05.077 D/DisplayPowerController[0]( 1654): onChange selfChange=false uri=content://settings/system/screen_brightness
01-19 15:53:05.077 D/OplusDisplayPowerControllerExtImpl( 1654): original brightness:755 final brightness:755.0 scale:1.0 reason:4 darkLevel:0
01-19 15:53:05.078 D/DisplayPowerController[0]( 1654): Brightness [755.0] reason changing to: 'automatic [ auto_adj ]', previous reason: 'automatic'. id=local:0
01-19 15:53:05.078 I/DisplayPowerController[0]( 1654): BrightnessEvent: disp=0, brt=755.0(user_set), rcmdBrt=NaN, preBrt=NaN, lux=0.0, preLux=0.0, hbmMax=1.0, hbmMode=off, thrmMax=1.0, flags=user_set , reason=automatic [ auto_adj ]
01-19 15:53:05.077 I/libPowerHal( 1025): cmdSetting - unknown cmd:2004100, scmd:(null) ,param_1:0
01-19 15:53:05.078 D/VRR [OPlusRefreshRateService]( 1654): notifyBrightnessChange brightness: 755.0
01-19 15:53:05.079 D/DisplayManagerService( 1654): Delivering display event: displayId=0, event=4
01-19 15:53:05.081 D/AALCust ( 1443): aal_backlight_bits, specialConfig:12
01-19 15:53:05.081 D/AAL     ( 1443): onBacklightChanged: 647/1023 -> 690/1023(phy:690/4095)
01-19 15:53:05.082 D/AAL     ( 1443): 01-19 03:53:05.014 BL= 119,ESS= 256, 01-19 03:53:05.034 BL= 131,ESS= 256, 01-19 03:53:05.048 BL= 143,ESS= 256, 01-19 03:53:05.065 BL= 155,ESS= 256, 01-19 03:53:05.082 BL= 167,ESS= 256, 
01-19 15:53:05.092 I/FocusResolver( 1654): updateFocusedWindow,  on display 0, reason: Waiting for window because NOT_FOCUSABLE, result:   FocusedWindows: <none>
01-19 15:53:05.092 D/DisplayPowerController[0]( 1654): onChange selfChange=false uri=content://settings/system/screen_brightness
01-19 15:53:05.092 W/OplusNavigationBarUtil( 1654): color navigation bar util isn't init.
01-19 15:53:05.093 D/OplusDisplayPowerControllerExtImpl( 1654): original brightness:755 final brightness:755.0 scale:1.0 reason:4 darkLevel:0
01-19 15:53:05.094 D/DisplayPowerController[0]( 1654): Brightness [755.0] reason changing to: 'automatic [ auto_adj ]', previous reason: 'automatic'. id=local:0
01-19 15:53:05.094 I/DisplayPowerController[0]( 1654): BrightnessEvent: disp=0, brt=755.0(user_set), rcmdBrt=NaN, preBrt=NaN, lux=0.0, preLux=0.0, hbmMax=1.0, hbmMode=off, thrmMax=1.0, flags=user_set , reason=automatic [ auto_adj ]
01-19 15:53:05.095 D/VRR [OPlusRefreshRateService]( 1654): notifyBrightnessChange brightness: 755.0
01-19 15:53:05.095 D/DisplayManagerService( 1654): Delivering display event: displayId=0, event=4
01-19 15:53:05.098 D/AALCust ( 1443): aal_backlight_bits, specialConfig:12
01-19 15:53:05.098 D/AAL     ( 1443): onBacklightChanged: 690/1023 -> 733/1023(phy:733/4095)
01-19 15:53:05.105 D/OplusFeatureHDREnhanceBrightness( 1654): setAnimating : animating = false
01-19 15:53:05.105 D/OplusFeatureReduceBrightness( 1654): setAnimating : animating = false
01-19 15:53:05.105 I/OplusSmartBrightnessController( 1654): setHDRAnimatingState = false
01-19 15:53:05.105 D/OplusDisplayPowerControllerExtImpl( 1654): original brightness:755 final brightness:755.0 scale:1.0 reason:4 darkLevel:0
01-19 15:53:05.106 D/DisplayPowerController[0]( 1654): Brightness [755.0] reason changing to: 'automatic [ auto_adj ]', previous reason: 'automatic'. id=local:0
01-19 15:53:05.106 I/DisplayPowerController[0]( 1654): BrightnessEvent: disp=0, brt=755.0, rcmdBrt=NaN, preBrt=NaN, lux=0.0, preLux=0.0, hbmMax=1.0, hbmMode=off, thrmMax=1.0, flags=, reason=automatic [ auto_adj ]
01-19 15:53:05.106 D/VRR [OPlusRefreshRateService]( 1654): notifyBrightnessChange brightness: 755.0
01-19 15:53:05.109 D/AutofillManager(22851): Fill dialog is enabled:false, hints=[password, passwordAuto, creditCardNumber, creditCardSecurityCode, creditCardExpirationDate]
01-19 15:53:05.109 V/TextView(22851): notifyAutoFillManagerAfterTextChanged
01-19 15:53:05.109 V/AutofillManager(22851): notifyValueChanged(1073741824): ignoring on state UNKNOWN
01-19 15:53:05.111 D/DisplayPowerController[0]( 1654): onChange selfChange=false uri=content://settings/system/screen_brightness
01-19 15:53:05.111 D/OplusDisplayPowerControllerExtImpl( 1654): original brightness:755 final brightness:755.0 scale:1.0 reason:4 darkLevel:0
01-19 15:53:05.112 D/DisplayPowerController[0]( 1654): Brightness [755.0] reason changing to: 'automatic [ auto_adj ]', previous reason: 'automatic'. id=local:0
01-19 15:53:05.112 I/DisplayPowerController[0]( 1654): BrightnessEvent: disp=0, brt=755.0(user_set), rcmdBrt=NaN, preBrt=NaN, lux=0.0, preLux=0.0, hbmMax=1.0, hbmMode=off, thrmMax=1.0, flags=user_set , reason=automatic [ auto_adj ]
01-19 15:53:05.112 D/VRR [OPlusRefreshRateService]( 1654): notifyBrightnessChange brightness: 755.0
01-19 15:53:05.113 D/DisplayManagerService( 1654): Delivering display event: displayId=0, event=4
01-19 15:53:05.114 D/AALCust ( 1443): aal_backlight_bits, specialConfig:12
01-19 15:53:05.114 D/AAL     ( 1443): onBacklightChanged: 733/1023 -> 755/1023(phy:755/4095)
01-19 15:53:05.132 D/AAL     ( 1443): 01-19 03:53:05.098 BL= 179,ESS= 256, 01-19 03:53:05.115 BL= 188,ESS= 256, 
01-19 15:53:05.148 V/TextView(22851): notifyAutoFillManagerAfterTextChanged
01-19 15:53:05.148 V/AutofillManager(22851): notifyValueChanged(1073741825): ignoring on state UNKNOWN
01-19 15:53:05.163 I/SurfaceFlinger( 1123): [SF client] NEW(0xb4000072c6815240) for (22851:com.THLight.BLE.USBeacon.Writer.Simple.dev)
01-19 15:53:05.167 D/WindowManager(22851): Add to mViews: DecorView@5bf943[SystemActivity],pkg= com.THLight.BLE.USBeacon.Writer.Simple.dev
01-19 15:53:05.172 D/OplusFullScreenDisplayManager( 1654): adjustWindowParamsLw com.THLight.BLE.USBeacon.Writer.Simple.dev, no change cutoutMode: 0
01-19 15:53:05.174 I/WindowManager( 1654): addWindow: New client android.os.BinderProxy@81a8cad : window=Window{4f8cbe2 u0 com.THLight.BLE.USBeacon.Writer.Simple.dev/com.THLight.BLE.USBeacon.Writer.Simple.ui.activity.system.SystemActivity}
01-19 15:53:05.174 D/OplusSmartBrightnessController( 1654): handleMessage MSG_LUX_CHANGED, mLux:160.38704 luxQueue=[165.0, 167.0, 164.0, 164.0, 157.0, 153.0, 152.0]
01-19 15:53:05.176 D/ViewRootImplExtImpl(22851): onDisplayChanged -1 for VRI android.view.ViewRootImpl@ebae69f
01-19 15:53:05.177 D/CoreBackPreview( 1654): Window{4f8cbe2 u0 com.THLight.BLE.USBeacon.Writer.Simple.dev/com.THLight.BLE.USBeacon.Writer.Simple.ui.activity.system.SystemActivity}: Setting back callback OnBackInvokedCallbackInfo{mCallback=android.window.IOnBackInvokedCallback$Stub$Proxy@191aa30, mPriority=0}
01-19 15:53:05.179 D/InputEventReceiver(22851): Input log is disabled
01-19 15:53:05.180 D/VRI[ScanDeviceListActivity](22851): onFocusEvent false
01-19 15:53:05.181 I/Quality (22851): Skipped: false 1 cost 19.468077 refreshRate 16933160 bit true processName com.THLight.BLE.USBeacon.Writer.Simple.dev
01-19 15:53:05.193 D/OplusFullScreenDisplayManager( 1654): adjustWindowParamsLw com.THLight.BLE.USBeacon.Writer.Simple.dev, no change cutoutMode: 0
01-19 15:53:05.193 V/WindowManager( 1654): Relayout Window{4f8cbe2 u0 com.THLight.BLE.USBeacon.Writer.Simple.dev/com.THLight.BLE.USBeacon.Writer.Simple.ui.activity.system.SystemActivity}: viewVisibility=0, oldvis=4, req=720x1600
