01-19 15:35:48.585 I/System.out(20021): readDeviceInformation : 2.7 325
01-19 15:35:48.585 I/System.out(20021): ConnectBLE Command executeCommandTask gattWriteCommandList  : 1UnKnown
01-19 15:35:48.585 I/System.out(20021): BLE_QUEUE : size=1 type=UnKnown
01-19 15:35:48.585 I/System.out(20021): ConnectBLE commandWriteData -- >  C65806AB896D1C563483A716DA46D785B169
01-19 15:35:48.587 D/BtGatt.GattService( 2751): writeCharacteristic() - address=60:77:71:FC:68:CF
01-19 15:35:48.587 D/BtGatt.GattService( 2751): writeCharacteristic() - trying to acquire permit.
01-19 15:35:48.587 I/bt_btif ( 2751): LogMsg: bta_sys_event: Event 0x1f05
01-19 15:35:48.587 V/bt_stack( 2751): [VERBOSE1:bta_gattc_main.cc(314)] bta_gattc_sm_execute: State 0x02, Event 0x1f05
01-19 15:35:48.587 I/bt_stack( 2751): [INFO:gatt_utils.cc(1470)] gatt_send_write_msg len=18
01-19 15:35:48.587 I/bluetooth( 2751): attp_cl_send_cmd: Sending ATT command to l2cap cid:0x0004 eatt_channels:0 transport:BT_TRANSPORT_LE
01-19 15:35:48.588 I/bt_btm  ( 2751): LogMsg: l2c_link_check_send_pkts: l2cb.controller_xmit_window=6
01-19 15:35:48.588 I/bt_btm  ( 2751): LogMsg: Direct send, transport=2, xmit_window=6, le_xmit_window=8, sent_not_acked=0, link_xmit_quota=8
01-19 15:35:48.588 I/bt_btm  ( 2751): LogMsg: Sending to lower layer
01-19 15:35:48.588 I/bt_btm  ( 2751): LogMsg: l2c_link_send_to_lower_ble: TotalWin=7,Hndl=0x200,Quota=8,Unack=1,RRQuota=0,RRUnack=0
01-19 15:35:48.588 I/bt_btm  ( 2751): LogMsg: No next buffer, skipping
01-19 15:35:48.588 I/bt_l2cap( 2751): LogMsg: l2cu_no_dynamic_ccbs NO IDLE timeout set for fixed cid 0x0004
01-19 15:35:48.588 I/bluetooth( 2751): attp_cl_send_cmd: Starting ATT response timer
01-19 15:35:48.588 V/bt_stack( 2751): [VERBOSE1:bta_gattc_main.cc(350)] bta_gattc_sm_execute: GATTC State Change: 0x02 -> 0x02 after Event 0x1f05
01-19 15:35:48.589 D/OplusLayer( 1123): ~Layer() sequence=10357, name=Screenshot Parent#10357
01-19 15:35:48.591 D/OplusLayer( 1123): ~Layer() sequence=10358, name=Screenshot Parent#10358
01-19 15:35:48.592 I/BufferQueueDebug( 1123): [Left Edge Extension#10359](this:0xb4000072c9dff9e8,id:-1,api:0,p:-1,c:-1) BufferQueue core=(1123:/system/bin/surfaceflinger)
01-19 15:35:48.593 I/BufferQueueDebug( 1123): [bbq-wrapper#10360](this:0xb4000072c9a849e8,id:-1,api:0,p:-1,c:-1) BufferQueue core=(1123:/system/bin/surfaceflinger)
01-19 15:35:48.595 D/BufferQueueConsumer( 1654): [](id:67600000193,api:0,p:-1,c:1654) connect: controlledByApp=false
01-19 15:35:48.595 I/BufferQueueDebug( 1123): [Right Edge Extension#10361](this:0xb4000072c9a549e8,id:-1,api:0,p:-1,c:-1) BufferQueue core=(1123:/system/bin/surfaceflinger)
01-19 15:35:48.595 D/Layer   ( 1123): reparent to null sequence=10340, seq[9], name=Dim Layer for - Task=231#10340
01-19 15:35:48.595 D/Layer   ( 1123): reparent to null sequence=10345, seq[10], name=Surface(name=Dim Layer for - Task=231)/@0x44f143d - animation-leash of dimmer#10345
01-19 15:35:48.596 E/IPCThreadState( 1654): attemptIncStrongHandle(2527): Not supported
01-19 15:35:48.596 E/IPCThreadState( 1654): attemptIncStrongHandle(2526): Not supported
01-19 15:35:48.596 D/OplusLayer( 1123): ~Layer() sequence=10345, name=Surface(name=Dim Layer for - Task=231)/@0x44f143d - animation-leash of dimmer#10345
01-19 15:35:48.596 D/OplusLayer( 1123): ~Layer() sequence=10340, name=Dim Layer for - Task=231#10340
01-19 15:35:48.596 D/BLASTBufferQueue( 1654): [bbq-adapter#397](f:0,a:0) constructor() width=1 height=1600 format=-1
01-19 15:35:48.598 D/BLASTBufferQueue( 1654): [bbq-adapter#397](f:0,a:1) acquireNextBufferLocked size=1x1600 mFrameNumber=1 applyTransaction=true mTimestamp=216899158665312(auto) mPendingTransactions.size=0 graphicBufferId=4823248279283 transform=0
01-19 15:35:48.598 I/bt_btm  ( 2751): LogMsg: l2c_link_check_send_pkts: l2cb.controller_xmit_window=6
01-19 15:35:48.598 I/bt_btm  ( 2751): LogMsg: Direct send, transport=2, xmit_window=6, le_xmit_window=8, sent_not_acked=0, link_xmit_quota=8
01-19 15:35:48.598 I/bt_btm  ( 2751): LogMsg: No next buffer, skipping
01-19 15:35:48.598 I/bt_btm  ( 2751): LogMsg: l2c_link_process_num_completed_pkts: TotalWin=8,LinkUnack(0x200)=0,RRCheck=0,RRUnack=0
01-19 15:35:48.598 I/BufferQueueDebug( 1123): [bbq-wrapper#10362](this:0xb4000072c9f5e9e8,id:-1,api:0,p:-1,c:-1) BufferQueue core=(1123:/system/bin/surfaceflinger)
01-19 15:35:48.600 D/BufferQueueConsumer( 1654): [](id:67600000194,api:0,p:-1,c:1654) connect: controlledByApp=false
01-19 15:35:48.600 D/BLASTBufferQueue( 1654): [bbq-adapter#398](f:0,a:0) constructor() width=1 height=1600 format=-1
01-19 15:35:48.601 D/BLASTBufferQueue( 1654): [bbq-adapter#398](f:0,a:1) acquireNextBufferLocked size=1x1600 mFrameNumber=1 applyTransaction=true mTimestamp=216899162705850(auto) mPendingTransactions.size=0 graphicBufferId=4823248279284 transform=0
01-19 15:35:48.612 D/BufferStateLayer( 1123): bbq-wrapper#10360 Left Edge Extension#10359 setBuffer frameId=1, bufferId=4823248279283 fenceId=-1, w= 1, h=1600
01-19 15:35:48.612 D/OplusLayer( 1123): (10360,bbq-wrapper#10360 Left Edge Extension#10359,system_server) setBuffer
01-19 15:35:48.612 D/BufferStateLayer( 1123): bbq-wrapper#10362 Right Edge Extension#10361 setBuffer frameId=1, bufferId=4823248279284 fenceId=-1, w= 1, h=1600
01-19 15:35:48.612 D/OplusLayer( 1123): (10362,bbq-wrapper#10362 Right Edge Extension#10361,system_server) setBuffer
01-19 15:35:48.613 I/libPowerHal( 1025): [setGPUFreq] INTERACTION user set gpu freq min:0, max:-1
01-19 15:35:48.613 I/libPowerHal( 1025): INTERACTION: set gpu opp level max: 0
01-19 15:35:48.614 I/libPowerHal( 1025): [setGPUFreq] Soft min/max = (0, 0); Hard min/max = (2, 0)
01-19 15:35:48.614 I/libPowerHal( 1025): [setGPUFreq] final min/max = (0, 0)
01-19 15:35:48.614 I/libPowerHal( 1025): INTERACTION: set gpu opp level: 0
01-19 15:35:48.614 I/libPowerHal( 1025): INTERACTION: set gpu opp level max: 0
01-19 15:35:48.628 I/bt_btm  ( 2751): LogMsg: btm_bda_to_acl: bda=60:77:71:fc:68:cf transport=2
01-19 15:35:48.628 I/mtkpower@impl( 1025): [powerd_req] TIMER_MSG_PERF_LOCK_TIMEOUT hdl:13560
01-19 15:35:48.628 V/bt_stack( 2751): [VERBOSE1:gatt_main.cc(1054)] gatt_get_ch_state: ch_state=4
01-19 15:35:48.628 I/libPowerHal( 1025): [perfLockRel] hdl:13560, idx:1
01-19 15:35:48.628 I/bt_stack( 2751): [INFO:gatt_cl.cc(1194)] gatt_client_handle_server_rsp opcode: 0x13
01-19 15:35:48.628 I/libPowerHal( 1025): [unsetGPUFreq] current min:0, max:0; scn_gpu_min:0, scn_gpu_max:-1; scn_gpu_min(HL):-1, scn_gpu_max(HL):-1
01-19 15:35:48.628 I/bt_stack( 2751): [INFO:gatt_utils.cc(1500)] gatt_end_operation status=0 op=3 subtype=2
01-19 15:35:48.628 I/libPowerHal( 1025): [setGPUFreq] Soft min/max = (0, 0); Hard min/max = (2, 0)
01-19 15:35:48.628 I/libPowerHal( 1025): [setGPUFreq] final min/max = (0, 0)
01-19 15:35:48.628 I/libPowerHal( 1025): INTERACTION: set gpu opp level: 0
01-19 15:35:48.628 V/bt_stack( 2751): [VERBOSE1:bta_gattc_act.cc(1513)] bta_gattc_cmpl_cback: conn_id:8 op:3 status:0
01-19 15:35:48.628 I/bt_btif ( 2751): LogMsg: bta_sys_event: Event 0x1f0f
01-19 15:35:48.628 V/bt_stack( 2751): [VERBOSE1:bta_gattc_main.cc(314)] bta_gattc_sm_execute: State 0x02, Event 0x1f0f
01-19 15:35:48.628 I/libPowerHal( 1025): INTERACTION: set gpu opp level max: 0
01-19 15:35:48.628 I/bt_btif ( 2751): LogMsg: HAL bt_gatt_callbacks->client->write_characteristic_cb
01-19 15:35:48.628 V/bt_stack( 2751): [VERBOSE1:bta_gattc_main.cc(350)] bta_gattc_sm_execute: GATTC State Change: 0x02 -> 0x02 after Event 0x1f0f
01-19 15:35:48.629 D/BtGatt.GattService( 2751): onWriteCharacteristic() - increasing permit for address=60:77:71:FC:68:CF
01-19 15:35:48.629 D/BtGatt.GattService( 2751): onWriteCharacteristic() - address=60:77:71:FC:68:CF, status=0, length=18
01-19 15:35:48.630 I/System.out(20021): ConnectBLE onCharacteristicWrite  : 16 , C61681EA625B07950DE0E985B691F5616C5A
01-19 15:35:48.631 I/FocusResolver( 1654): updateFocusedWindow, 1f0631 com.THLight.BLE.USBeacon.Writer.Simple.dev/com.THLight.BLE.USBeacon.Writer.Simple.ui.activity.scan.ScanDeviceListActivity on display 0, reason: Window became focusable. Previous reason: NOT_VISIBLE, result:   FocusedWindows:
01-19 15:35:48.631 I/FocusResolver( 1654):     displayId=0, name='1f0631 com.THLight.BLE.USBeacon.Writer.Simple.dev/com.THLight.BLE.USBeacon.Writer.Simple.ui.activity.scan.ScanDeviceListActivity'
01-19 15:35:48.631 I/DispPerfService( 1123): updateLayerMask 0
01-19 15:35:48.631 D/VRI[ScanDeviceListActivity](20021): onFocusEvent true
01-19 15:35:48.632 D/BtGatt.GattService( 2751): readCharacteristic() - address=60:77:71:FC:68:CF
01-19 15:35:48.632 I/bt_btif ( 2751): LogMsg: bta_sys_event: Event 0x1f04
01-19 15:35:48.632 V/bt_stack( 2751): [VERBOSE1:bta_gattc_main.cc(314)] bta_gattc_sm_execute: State 0x02, Event 0x1f04
01-19 15:35:48.632 V/bt_stack( 2751): [VERBOSE1:gatt_api.cc(747)] GATTC_Read: conn_id=0x0008, type=0x02
01-19 15:35:48.632 I/bluetooth( 2751): attp_cl_send_cmd: Sending ATT command to l2cap cid:0x0004 eatt_channels:0 transport:BT_TRANSPORT_LE
01-19 15:35:48.632 I/bt_btm  ( 2751): LogMsg: l2c_link_check_send_pkts: l2cb.controller_xmit_window=6
01-19 15:35:48.632 I/bt_btm  ( 2751): LogMsg: Direct send, transport=2, xmit_window=6, le_xmit_window=8, sent_not_acked=0, link_xmit_quota=8
01-19 15:35:48.633 I/bt_btm  ( 2751): LogMsg: Sending to lower layer
01-19 15:35:48.633 I/bt_btm  ( 2751): LogMsg: l2c_link_send_to_lower_ble: TotalWin=7,Hndl=0x200,Quota=8,Unack=1,RRQuota=0,RRUnack=0
01-19 15:35:48.633 I/bt_btm  ( 2751): LogMsg: No next buffer, skipping
01-19 15:35:48.633 I/bt_l2cap( 2751): LogMsg: l2cu_no_dynamic_ccbs NO IDLE timeout set for fixed cid 0x0004
01-19 15:35:48.633 I/bluetooth( 2751): attp_cl_send_cmd: Starting ATT response timer
01-19 15:35:48.633 V/bt_stack( 2751): [VERBOSE1:bta_gattc_main.cc(350)] bta_gattc_sm_execute: GATTC State Change: 0x02 -> 0x02 after Event 0x1f04
01-19 15:35:48.634 I/mtkpower@impl( 1025): [setMode] type:6, enabled:1
01-19 15:35:48.634 E/mtkpower@impl( 1025): [setMode] unknown type
01-19 15:35:48.634 D/InputMethodManagerService( 1654): isSecurity: attribute.packageName=com.THLight.BLE.USBeacon.Writer.Simple.dev mCurMethodId=com.google.android.inputmethod.latin/com.android.inputmethod.latin.LatinIME
01-19 15:35:48.634 D/InputMethodManagerService( 1654): isSecurity= false (  enable=false needShow=false inBlackList=false isExist=false )
01-19 15:35:48.637 V/AutofillInlineSuggestionsRequestSession( 1654): onInputMethodFinishInput() received
01-19 15:35:48.637 I/GoogleInputMethodService(23388): GoogleInputMethodService.onFinishInput():2092 
01-19 15:35:48.639 I/Module  (23388): DeviceLockedStatusModuleProvider$Module.updateDeviceLockedStatus():103 repeatCheckTimes = 0, locked = false
01-19 15:35:48.640 V/AutofillInlineSuggestionsRequestSession( 1654): onInputMethodStartInput() received on 2
01-19 15:35:48.640 I/GoogleInputMethodService(23388): GoogleInputMethodService.onStartInput():1349 onStartInput(EditorInfo{EditorInfo{packageName=com.THLight.BLE.USBeacon.Writer.Simple.dev, inputType=0, inputTypeString=NULL, enableLearning=false, autoCorrection=false, autoComplete=false, imeOptions=0, privateImeOptions=null, actionName=UNSPECIFIED, actionLabel=null, initialSelStart=-1, initialSelEnd=-1, initialCapsMode=0, label=null, fieldId=-1, fieldName=null, extras=Bundle[{com.oplus.im.SCENES=0}], hintText=null, hintLocales=[]}}, false)
01-19 15:35:48.641 I/Module  (23388): DeviceLockedStatusModuleProvider$Module.updateDeviceLockedStatus():103 repeatCheckTimes = 1, locked = false
01-19 15:35:48.643 I/bt_btm  ( 2751): LogMsg: l2c_link_check_send_pkts: l2cb.controller_xmit_window=6
01-19 15:35:48.643 I/bt_btm  ( 2751): LogMsg: Direct send, transport=2, xmit_window=6, le_xmit_window=8, sent_not_acked=0, link_xmit_quota=8
01-19 15:35:48.643 I/bt_btm  ( 2751): LogMsg: No next buffer, skipping
01-19 15:35:48.643 I/bt_btm  ( 2751): LogMsg: l2c_link_process_num_completed_pkts: TotalWin=8,LinkUnack(0x200)=0,RRCheck=0,RRUnack=0
01-19 15:35:48.645 D/Layer   ( 1123): reparent to null sequence=10334, seq[3], name=Surface(name=444f6c4 InputMethod)/@0x9f34e2 - animation-leash of insets_animation#10334
01-19 15:35:48.658 I/bt_btm  ( 2751): LogMsg: btm_bda_to_acl: bda=60:77:71:fc:68:cf transport=2
01-19 15:35:48.658 V/bt_stack( 2751): [VERBOSE1:gatt_main.cc(1054)] gatt_get_ch_state: ch_state=4
01-19 15:35:48.658 I/bt_stack( 2751): [INFO:gatt_cl.cc(1194)] gatt_client_handle_server_rsp opcode: 0x0b
01-19 15:35:48.658 I/bt_stack( 2751): [INFO:gatt_utils.cc(1500)] gatt_end_operation status=0 op=2 subtype=2
01-19 15:35:48.658 V/bt_stack( 2751): [VERBOSE1:bta_gattc_act.cc(1513)] bta_gattc_cmpl_cback: conn_id:8 op:2 status:0
01-19 15:35:48.658 I/bt_btif ( 2751): LogMsg: bta_sys_event: Event 0x1f0f
01-19 15:35:48.658 V/bt_stack( 2751): [VERBOSE1:bta_gattc_main.cc(314)] bta_gattc_sm_execute: State 0x02, Event 0x1f0f
01-19 15:35:48.658 I/bt_btif ( 2751): LogMsg: HAL bt_gatt_callbacks->client->read_characteristic_cb
01-19 15:35:48.659 V/bt_stack( 2751): [VERBOSE1:bta_gattc_main.cc(350)] bta_gattc_sm_execute: GATTC State Change: 0x02 -> 0x02 after Event 0x1f0f
01-19 15:35:48.659 D/BtGatt.GattService( 2751): onReadCharacteristic() - address=60:77:71:FC:68:CF, status=0, length=18
01-19 15:35:48.659 I/System.out(20021): ConnectBLE onCharacteristicRead 0000f002-0000-1000-8000-00805f9b34fb status: 0
01-19 15:35:48.660 I/System.out(20021): ConnectBLE onAckCharacteristicRead Ack : 16 , 0CEB68F1BD9252F20D6F7678ECE10F9A
01-19 15:35:48.660 I/System.out(20021): EditDeviceActivity OnMessageAckResponse flag : 16 , responseCode : 16 , data : 0CEB68F1BD9252F20D6F7678ECE10F9A
01-19 15:35:48.660 I/System.out(20021): ConnectBLE Command executeCommandTask gattWriteCommandList  : 0UnKnown
01-19 15:35:48.660 I/System.out(20021): BLE_QUEUE : size=0 type=UnKnown
01-19 15:35:48.660 I/System.out(20021): onMessageAckResponseDone ->  UnKnown
01-19 15:35:48.663 D/OplusLayer( 1123): ~Layer() sequence=10334, name=Surface(name=444f6c4 InputMethod)/@0x9f34e2 - animation-leash of insets_animation#10334
01-19 15:35:48.664 D/InputMethodManagerService( 1654): onHandleImeWindowVisibleStatus: vis = 0, needsToShowImeSwitcher = false
01-19 15:35:48.666 I/DispPerfService( 1123): updateLayerMask 0
01-19 15:35:48.694 I/mtkpower@impl( 1025): [powerd_req] TIMER_MSG_PERF_LOCK_TIMEOUT hdl:13562
01-19 15:35:48.694 I/libPowerHal( 1025): [perfLockRel] hdl:13562, idx:3
01-19 15:35:48.694 I/libPowerHal( 1025): INTERACTION: cpu_ctrl set cpu freq: -1 -1 -1 -1
01-19 15:35:48.694 I/libPowerHal( 1025): [unsetGPUFreq] current min:0, max:0; scn_gpu_min:0, scn_gpu_max:-1; scn_gpu_min(HL):-1, scn_gpu_max(HL):-1
01-19 15:35:48.694 I/libPowerHal( 1025): INTERACTION: set gpu opp level: 2
01-19 15:35:48.694 I/libPowerHal( 1025): INTERACTION: set gpu opp level max: 0
01-19 15:35:48.694 I/libPowerHal( 1025): [setGPUFreq] Soft min/max = (2, 0); Hard min/max = (2, 0)
01-19 15:35:48.694 I/libPowerHal( 1025): [setGPUFreq] final min/max = (2, 0)
01-19 15:35:48.695 I/libPowerHal( 1025): INTERACTION: set gpu opp level: 2
01-19 15:35:48.695 I/libPowerHal( 1025): INTERACTION: set gpu opp level max: 0
01-19 15:35:48.695 I/libPowerHal( 1025): [PD] INTERACTION update cmd:1000000, param:1
01-19 15:35:48.695 I/libPowerHal( 1025): [PD] INTERACTION update cmd:1000000 param:1
01-19 15:35:48.749 I/DispPerfService( 1123): updateLayerMask 0
01-19 15:35:48.983 I/DispPerfService( 1123): updateLayerMask 0
01-19 15:35:48.986 I/mtkpower@impl( 1025): [setMode] type:6, enabled:0
01-19 15:35:48.987 E/mtkpower@impl( 1025): [setMode] unknown type
01-19 15:35:49.049 V/OplusZoomWindowManagerService( 1654): onAnimationFinished:  r = ActivityRecord{c15d3bc u0 com.THLight.BLE.USBeacon.Writer.Simple.dev/com.THLight.BLE.USBeacon.Writer.Simple.ui.activity.scan.ScanDeviceListActivity} t231}
01-19 15:35:49.050 I/OplusAppSwitchManagerService( 1654):  handleAppVisible , r = ActivityRecord{c15d3bc u0 com.THLight.BLE.USBeacon.Writer.Simple.dev/com.THLight.BLE.USBeacon.Writer.Simple.ui.activity.scan.ScanDeviceListActivity} t231}
01-19 15:35:49.052 V/OplusZoomWindowManagerService( 1654): onAnimationFinished:  r = ActivityRecord{d09fb57 u0 com.THLight.BLE.USBeacon.Writer.Simple.dev/com.THLight.BLE.USBeacon.Writer.Simple.ui.activity.connect.EditDeviceActivity} t231 f}}
01-19 15:35:49.052 D/VRI[EditDeviceActivity](20021): dispatchAppVisibility visible:false
01-19 15:35:49.063 D/BLASTBufferQueue( 1654): [bbq-adapter#397](f:0,a:1) destructor()
01-19 15:35:49.063 D/BufferQueueConsumer( 1654): [bbq-adapter#397(BLAST Consumer)397](id:67600000193,api:0,p:-1,c:1654) disconnect
01-19 15:35:49.063 D/BLASTBufferQueue( 1654): [bbq-adapter#398](f:0,a:1) destructor()
01-19 15:35:49.063 D/BufferQueueConsumer( 1654): [bbq-adapter#398(BLAST Consumer)398](id:67600000194,api:0,p:-1,c:1654) disconnect
01-19 15:35:49.063 D/Layer   ( 1123): reparent to null sequence=10352, seq[66], name=Surface(name=794e5cf Toast)/@0x731e392 - animation-leash of window_animation#10352
01-19 15:35:49.063 D/Layer   ( 1123): reparent to null sequence=10353, seq[85], name=Surface(name=ActivityRecord{c15d3bc u0 com.THLight.BLE.USBeacon.Writer.Simple.dev/com.THLight.BLE.USBeacon.Writer.Simple.ui.activity.scan.ScanDeviceListActivity})/@0x12dd02f - animation-leash of app_transition#10353
01-19 15:35:49.064 D/Layer   ( 1123): reparent to null sequence=10361, seq[4], name=Right Edge Extension#10361
01-19 15:35:49.064 D/Layer   ( 1123): reparent to null sequence=10354, seq[1], name=Surface(name=ActivityRecord{c15d3bc u0 com.THLight.BLE.USBeacon.Writer.Simple.dev/com.THLight.BLE.USBeacon.Writer.Simple.ui.activity.scan.ScanDeviceListActivity})/@0x12dd02f - animation-bounds#10354
01-19 15:35:49.064 D/Layer   ( 1123): reparent to null sequence=10355, seq[79], name=Surface(name=ActivityRecord{d09fb57 u0 com.THLight.BLE.USBeacon.Writer.Simple.dev/com.THLight.BLE.USBeacon.Writer.Simple.ui.activity.connect.EditDeviceActivity})/@0xc5069d3 - animation-leash of app_transition#10355
01-19 15:35:49.064 D/Layer   ( 1123): reparent to null sequence=10359, seq[4], name=Left Edge Extension#10359
01-19 15:35:49.064 D/Layer   ( 1123): reparent to null sequence=10356, seq[2], name=Surface(name=ActivityRecord{d09fb57 u0 com.THLight.BLE.USBeacon.Writer.Simple.dev/com.THLight.BLE.USBeacon.Writer.Simple.ui.activity.connect.EditDeviceActivity})/@0xc5069d3 - animation-bounds#10356
01-19 15:35:49.064 D/OplusLayer( 1123): ~Layer() sequence=10354, name=Surface(name=ActivityRecord{c15d3bc u0 com.THLight.BLE.USBeacon.Writer.Simple.dev/com.THLight.BLE.USBeacon.Writer.Simple.ui.activity.scan.ScanDeviceListActivity})/@0x12dd02f - animation-bounds#10354
01-19 15:35:49.064 D/OplusLayer( 1123): ~Layer() sequence=10353, name=Surface(name=ActivityRecord{c15d3bc u0 com.THLight.BLE.USBeacon.Writer.Simple.dev/com.THLight.BLE.USBeacon.Writer.Simple.ui.activity.scan.ScanDeviceListActivity})/@0x12dd02f - animation-leash of app_transition#10353
01-19 15:35:49.064 I/BufferQueueDebug( 1123): [Right Edge Extension#10361](this:0xb4000072c9a549e8,id:-1,api:0,p:-1,c:1123) onDestructor()
01-19 15:35:49.064 D/OplusLayer( 1123): ~Layer() sequence=10361, name=Right Edge Extension#10361
01-19 15:35:49.065 D/OplusLayer( 1123): ~Layer() sequence=10356, name=Surface(name=ActivityRecord{d09fb57 u0 com.THLight.BLE.USBeacon.Writer.Simple.dev/com.THLight.BLE.USBeacon.Writer.Simple.ui.activity.connect.EditDeviceActivity})/@0xc5069d3 - animation-bounds#10356
01-19 15:35:49.065 D/OplusLayer( 1123): ~Layer() sequence=10355, name=Surface(name=ActivityRecord{d09fb57 u0 com.THLight.BLE.USBeacon.Writer.Simple.dev/com.THLight.BLE.USBeacon.Writer.Simple.ui.activity.connect.EditDeviceActivity})/@0xc5069d3 - animation-leash of app_transition#10355
01-19 15:35:49.065 I/BufferQueueDebug( 1123): [Left Edge Extension#10359](this:0xb4000072c9dff9e8,id:-1,api:0,p:-1,c:1123) onDestructor()
01-19 15:35:49.065 D/OplusLayer( 1123): ~Layer() sequence=10359, name=Left Edge Extension#10359
01-19 15:35:49.065 D/OplusLayer( 1123): ~Layer() sequence=10352, name=Surface(name=794e5cf Toast)/@0x731e392 - animation-leash of window_animation#10352
01-19 15:35:49.073 V/WindowManager( 1654): Relayout Window{c3e3874 u0 com.THLight.BLE.USBeacon.Writer.Simple.dev/com.THLight.BLE.USBeacon.Writer.Simple.ui.activity.connect.EditDeviceActivity}: viewVisibility=8, oldvis=0, req=720x1600
01-19 15:35:49.080 I/BufferQueueDebug( 1123): [bbq-wrapper#10360](this:0xb4000072c9a849e8,id:-1,api:0,p:-1,c:1123) onDestructor()
01-19 15:35:49.081 D/OplusLayer( 1123): ~Layer() sequence=10360, name=bbq-wrapper#10360 Left Edge Extension#10359
01-19 15:35:49.081 I/BufferQueueDebug( 1123): [bbq-wrapper#10362](this:0xb4000072c9f5e9e8,id:-1,api:0,p:-1,c:1123) onDestructor()
01-19 15:35:49.081 D/OplusLayer( 1123): ~Layer() sequence=10362, name=bbq-wrapper#10362 Right Edge Extension#10361
01-19 15:35:49.085 D/BLASTBufferQueue(20021): [VRI[EditDeviceActivity]#14](f:0,a:1) destructor()
01-19 15:35:49.085 D/BufferQueueConsumer(20021): [VRI[EditDeviceActivity]#14(BLAST Consumer)14](id:4e350000000e,api:0,p:-1,c:20021) disconnect
01-19 15:35:49.091 D/VRI[EditDeviceActivity](20021): setWindowStopped stopped:true
01-19 15:35:49.092 V/AutofillManager(20021): updateSessionLocked(): id=null, bounds=null, value=null, action=5, flags=0
01-19 15:35:49.093 V/AutofillManagerServiceImpl( 1654): updateSessionLocked(): session gone for 2147483647(10154)
01-19 15:35:49.098 D/AutofillManager(20021): onActivityFinishing(): calling cancelLocked()
01-19 15:35:49.099 V/AutofillManager(20021): cancelSessionLocked(): FINISHED
01-19 15:35:49.104 D/CursorFeedback(20021): editorDetachFromWindow android.widget.Editor@d7e7441
01-19 15:35:49.104 D/CursorFeedback(20021): editorDetachFromWindow android.widget.Editor@1897de6
01-19 15:35:49.104 D/CursorFeedback(20021): editorDetachFromWindow android.widget.Editor@1cadf27
01-19 15:35:49.105 D/CursorFeedback(20021): editorDetachFromWindow android.widget.Editor@28915d4
01-19 15:35:49.105 D/CursorFeedback(20021): editorDetachFromWindow android.widget.Editor@efd137d
01-19 15:35:49.105 D/CursorFeedback(20021): editorDetachFromWindow android.widget.Editor@d5f9272
01-19 15:35:49.105 D/CursorFeedback(20021): editorDetachFromWindow android.widget.Editor@67c46c3
01-19 15:35:49.105 D/CursorFeedback(20021): editorDetachFromWindow android.widget.Editor@e4bbb40
01-19 15:35:49.105 D/CursorFeedback(20021): editorDetachFromWindow android.widget.Editor@ccc6a79
01-19 15:35:49.109 D/CursorFeedback(20021): editorDetachFromWindow android.widget.Editor@16afdca
01-19 15:35:49.109 D/CursorFeedback(20021): editorDetachFromWindow android.widget.Editor@81dcb3b
01-19 15:35:49.109 D/CursorFeedback(20021): editorDetachFromWindow android.widget.Editor@33db258
01-19 15:35:49.109 D/CursorFeedback(20021): editorDetachFromWindow android.widget.Editor@5abefb1
01-19 15:35:49.115 D/CursorFeedback(20021): editorDetachFromWindow android.widget.Editor@dfb386e
01-19 15:35:49.115 D/CursorFeedback(20021): editorDetachFromWindow android.widget.Editor@23cbb0f
01-19 15:35:49.116 D/CursorFeedback(20021): editorDetachFromWindow android.widget.Editor@174679c
01-19 15:35:49.116 D/CursorFeedback(20021): editorDetachFromWindow android.widget.Editor@4c9d5a5
01-19 15:35:49.116 D/CursorFeedback(20021): editorDetachFromWindow android.widget.Editor@ba66d7a
01-19 15:35:49.116 D/CursorFeedback(20021): editorDetachFromWindow android.widget.Editor@193f92b
01-19 15:35:49.117 D/CursorFeedback(20021): editorDetachFromWindow android.widget.Editor@42e6188
01-19 15:35:49.117 D/CursorFeedback(20021): editorDetachFromWindow android.widget.Editor@a72721
01-19 15:35:49.117 D/CursorFeedback(20021): editorDetachFromWindow android.widget.Editor@99de746
01-19 15:35:49.117 D/CursorFeedback(20021): editorDetachFromWindow android.widget.Editor@ad6fd07
01-19 15:35:49.119 I/System.out(20021): BeaconFragment onDestroyView
01-19 15:35:49.121 D/BluetoothGatt(20021): cancelOpen() - device: 60:77:71:FC:68:CF
01-19 15:35:49.126 D/BtGatt.GattService( 2751): clientDisconnect() - address=60:77:71:FC:68:CF, connId=8
01-19 15:35:49.127 D/BtGatt.GattService( 2751): Gatt Logging: metric_id=5, session_index=8, connection state=3
01-19 15:35:49.128 I/bt_btif_gattc( 2751): btif_gattc_close_impl: client_if=8, conn_id=8, address=xx:xx:xx:xx:68:cf
01-19 15:35:49.128 I/bt_btif ( 2751): LogMsg: btif_gattc_close_impl conn_id=8
01-19 15:35:49.128 I/bt_btif ( 2751): LogMsg: BTA_GATTC_Close: conn_id=8
01-19 15:35:49.128 I/bt_btif ( 2751): LogMsg: BTA_GATTC_CancelOpen: client_if=8 is_direct=0 remote_bda=60:77:71:fc:68:cf
01-19 15:35:49.128 I/bt_btif ( 2751): LogMsg: bta_sys_event: Event 0x1f08
01-19 15:35:49.128 V/bt_stack( 2751): [VERBOSE1:bta_gattc_main.cc(314)] bta_gattc_sm_execute: State 0x02, Event 0x1f08
01-19 15:35:49.128 I/bluetooth( 2751): GATT_Disconnect: conn_id=8
01-19 15:35:49.128 I/bluetooth( 2751): gatt_update_app_hold_link_status: removed gatt_if=8
01-19 15:35:49.128 I/bt_btm  ( 2751): LogMsg: btm_bda_to_acl: bda=60:77:71:fc:68:cf transport=2
01-19 15:35:49.129 I/bt_stack( 2751): [INFO:eatt_impl.h(604)] disconnect xx:xx:xx:xx:68:cf
01-19 15:35:49.129 W/bt_stack( 2751): [WARNING:eatt_impl.h(608)] disconnect no eatt device found
01-19 15:35:49.129 I/bluetooth( 2751): gatt_update_app_use_link_flag: GATT fixed channel is no longer useful, start link idle timer for 1 seconds
01-19 15:35:49.129 I/bt_l2cap( 2751): LogMsg: L2CA_SetIdleTimeoutByBdAddr
01-19 15:35:49.129 I/bt_l2cap( 2751): LogMsg: L2CA_SetIdleTimeoutByBdAddr p_lcb->idle_timeout=1
01-19 15:35:49.129 I/bluetooth( 2751): GATT_SetIdleTimeout: idle_timeout=1, status=1, (1-OK 0-not performed)
01-19 15:35:49.129 D/BluetoothGatt(20021): close()
01-19 15:35:49.129 I/bt_btif ( 2751): LogMsg: btif_transfer_context event 5, len 528
01-19 15:35:49.129 D/BluetoothGatt(20021): unregisterApp() - mClientIf=8
01-19 15:35:49.129 V/bt_stack( 2751): [VERBOSE1:bta_gattc_main.cc(350)] bta_gattc_sm_execute: GATTC State Change: 0x02 -> 0x00 after Event 0x1f08
01-19 15:35:49.129 I/bt_btif ( 2751): LogMsg: bta_sys_event: Event 0x1f02
01-19 15:35:49.130 E/bt_stack( 2751): [ERROR:bta_gattc_utils.cc(444)] bta_gattc_mark_bg_conn unable to find the bg connection mask for bd_addr=60:77:71:fc:68:cf
01-19 15:35:49.130 I/bt_btif ( 2751): LogMsg: btif_transfer_context event 14, len 528
01-19 15:35:49.132 I/bt_btif ( 2751): LogMsg: btif_gattc_upstreams_evt: HAL bt_gatt_callbacks->client->close_cb
01-19 15:35:49.132 D/BtGatt.GattService( 2751): onDisconnected() - clientIf=8, connId=8, address=60:77:71:FC:68:CF
01-19 15:35:49.132 D/BtGatt.GattService( 2751): unregisterClient() - clientIf=8
01-19 15:35:49.135 D/OplusScrollToTopManager(20021): unregisterGuidePopupDismissReceiverInSystemUI
01-19 15:35:49.136 D/OplusScrollToTopManager(20021): Receiver not registered: android.view.OplusScrollToTopManager$1@85c991e
01-19 15:35:49.136 D/OplusScrollToTopManager(20021): unregisterSystemUIBroadcastReceiver 
01-19 15:35:49.136 D/OplusScrollToTopManager(20021): java.lang.IllegalArgumentException: Receiver not registered: android.view.OplusScrollToTopManager$2@14885ff
01-19 15:35:49.138 D/CoreBackPreview( 1654): Window{c3e3874 u0 com.THLight.BLE.USBeacon.Writer.Simple.dev/com.THLight.BLE.USBeacon.Writer.Simple.ui.activity.connect.EditDeviceActivity}: Setting back callback null
01-19 15:35:49.139 V/ZoomWindowDecorView(20021): removeZoomView
01-19 15:35:49.140 W/InputManager-JNI( 1654): Input channel object 'c3e3874 com.THLight.BLE.USBeacon.Writer.Simple.dev/com.THLight.BLE.USBeacon.Writer.Simple.ui.activity.connect.EditDeviceActivity (client)' was disposed without first being removed with the input manager!
01-19 15:35:49.145 D/BtGatt.GattService( 2751): onDisconnected() - removing permit for address=60:77:71:FC:68:CF
01-19 15:35:49.146 D/BtGatt.GattService( 2751): Gatt Logging: metric_id=5, session_index=8, connection state=0
01-19 15:35:49.146 D/BluetoothGatt(20021): onClientConnectionState() - status=0 clientIf=8 device=60:77:71:FC:68:CF
01-19 15:35:49.146 I/bt_stack( 2751): [INFO:gatt_api.cc(1045)] GATT_Deregister gatt_if=8
01-19 15:35:49.146 V/bt_stack( 2751): [VERBOSE1:gatt_main.cc(1054)] gatt_get_ch_state: ch_state=4
01-19 15:35:49.146 W/bluetooth( 2751): gatt_update_app_hold_link_status: attempt to remove non-existing gatt_if=8
01-19 15:35:49.146 I/bluetooth( 2751): gatt_update_app_use_link_flag: App status is not updated for gatt_if=8
01-19 15:35:49.146 I/bt_btif ( 2751): LogMsg: btif_transfer_context event 1, len 528
01-19 15:35:49.154 D/TaskFragmentExtImpl( 1654): remove ActivityRecord{d09fb57 u0 com.THLight.BLE.USBeacon.Writer.Simple.dev/com.THLight.BLE.USBeacon.Writer.Simple.ui.activity.connect.EditDeviceActivity} t-1 f}} to mActivityRecordSum = Counter{ com.THLight.BLE.USBeacon.Writer.Simple.dev/com.THLight.BLE.USBeacon.Writer.Simple.ui.activity.scan.ScanDeviceListActivity(1) }
01-19 15:35:49.157 I/Quality (20021): Skipped: true 2 cost 47.278774 refreshRate 16714382 bit true processName com.THLight.BLE.USBeacon.Writer.Simple.dev
01-19 15:35:49.163 D/Layer   ( 1123): reparent to null sequence=10320, seq[7], name=com.THLight.BLE.USBeacon.Writer.Simple.dev/com.THLight.BLE.USBeacon.Writer.Simple.ui.activity.connect.EditDeviceActivity#10320
01-19 15:35:49.163 D/Layer   ( 1123): reparent to null sequence=10319, seq[7], name=c3e3874 com.THLight.BLE.USBeacon.Writer.Simple.dev/com.THLight.BLE.USBeacon.Writer.Simple.ui.activity.connect.EditDeviceActivity#10319
01-19 15:35:49.164 D/OplusLayer( 1123): ~Layer() sequence=10319, name=c3e3874 com.THLight.BLE.USBeacon.Writer.Simple.dev/com.THLight.BLE.USBeacon.Writer.Simple.ui.activity.connect.EditDeviceActivity#10319
01-19 15:35:49.164 I/BufferQueueDebug( 1123): [com.THLight.BLE.USBeacon.Writer.Simple.dev/com.THLight.BLE.USBeacon.Writer.Simple.ui.activity.connect.EditDeviceActivity#10320](this:0xb4000072c6a969e8,id:-1,api:0,p:-1,c:1123) onDestructor()
01-19 15:35:49.164 D/OplusLayer( 1123): ~Layer() sequence=10320, name=com.THLight.BLE.USBeacon.Writer.Simple.dev/com.THLight.BLE.USBeacon.Writer.Simple.ui.activity.connect.EditDeviceActivity#10320
01-19 15:35:49.193 D/Layer   ( 1123): reparent to null sequence=10318, seq[5], name=ActivityRecord{d09fb57 u0 com.THLight.BLE.USBeacon.Writer.Simple.dev/com.THLight.BLE.USBeacon.Writer.Simple.ui.activity.connect.EditDeviceActivity}#10318
01-19 15:35:49.193 D/OplusLayer( 1123): ~Layer() sequence=10318, name=ActivityRecord{d09fb57 u0 com.THLight.BLE.USBeacon.Writer.Simple.dev/com.THLight.BLE.USBeacon.Writer.Simple.ui.activity.connect.EditDeviceActivity}#10318
01-19 15:35:49.193 D/OplusLayer( 1123): ~Layer() sequence=10327, name=41eb644 ActivityRecordInputSink com.THLight.BLE.USBeacon.Writer.Simple.dev/com.THLight.BLE.USBeacon.Writer.Simple.ui.activity.connect.EditDeviceActivity#10327
01-19 15:35:49.951 I/libPowerHal( 1025): [setGPUFreq] MTKPOWER_HINT_APP_TOUCH user set gpu freq min:1, max:-1
01-19 15:35:49.951 I/libPowerHal( 1025): MTKPOWER_HINT_APP_TOUCH: set gpu opp level: 1
01-19 15:35:49.951 V/AutofillManager( 2315): requestHideFillUi(null): anchor = null
01-19 15:35:49.952 I/libPowerHal( 1025): MTKPOWER_HINT_APP_TOUCH: set gpu opp level max: 0
01-19 15:35:49.952 V/Application( 2315): getAutofillClient(): null on super, trying to find activity thread
01-19 15:35:49.952 V/Application( 2315): getAutofillClient(): none of the 0 activities on com.android.systemui.SystemUIApplication@9df271a have focus
01-19 15:35:49.952 I/libPowerHal( 1025): [setGPUFreq] Soft min/max = (1, 0); Hard min/max = (2, 0)
01-19 15:35:49.952 I/libPowerHal( 1025): [setGPUFreq] final min/max = (1, 0)
01-19 15:35:49.952 V/AutofillManager( 2315): No AutofillClient for com.android.systemui on context com.android.systemui.SystemUIApplication@9df271a
01-19 15:35:49.952 I/libPowerHal( 1025): MTKPOWER_HINT_APP_TOUCH: set gpu opp level: 1
01-19 15:35:49.952 I/libPowerHal( 1025): MTKPOWER_HINT_APP_TOUCH: set gpu opp level max: 0
01-19 15:35:49.952 I/mtkpower_client( 1654): perf_lock_rel, hdl:13552, tid:2356
01-19 15:35:49.952 I/libPowerHal( 1025): MTKPOWER_HINT_APP_TOUCH: cpu_ctrl set cpu freq: 2139000 -1 1491000 -1
01-19 15:35:49.952 D/PowerManagerService( 1654): userActivityNoUpdateLocked: groupId=0, eventTime=216900508, event=2, flags=0x0, uid=1000
01-19 15:35:49.953 I/KeyButtonView( 2315): Back button event: ACTION_DOWN
01-19 15:35:49.953 D/OGG_Detector( 1654): D:done mCurrStatus: 0
01-19 15:35:49.954 D/PhoneWindowManagerExtImpl( 1654): interceptKeyBeforeQueueing:KeyEvent { action=ACTION_DOWN, keyCode=KEYCODE_BACK, scanCode=0, metaState=0, flags=0x48, repeatCount=0, eventTime=216900514000000, downTime=216900514000000, deviceId=-1, source=0x101, displayId=0 }   mIsUpGestureMode = false,  keyguardOn = false,  screenOn = true,  DisableBottomKeyMode = 0,  policyFlags = 721420290,  SosPowerKeyEnabled = true,  WalletSwitchState = 2,  IsQuickLaunchSupport = false,  canceled = false
01-19 15:35:49.954 E/OplusCustomizeRestrictionManagerService( 1654): isBackButtonDisabled start
01-19 15:35:49.954 I/mtkpower_client( 1654): perf_lock_acq, hdl:13552, dur:0, num:4, tid:2356
01-19 15:35:49.954 I/OplusJoystickManager( 1654): read game pad state for game manager -> false
01-19 15:35:49.954 W/OplusJoystickManager( 1654): mInterceptGamepadKey is false
01-19 15:35:49.954 D/WindowManager( 1654): interceptKeyTq keycode=4 interactive=true keyguardActive=false policyFlags=2b000002
01-19 15:35:49.954 D/KeyCombinationManager( 1654): down true keyCode 4 count 0 interactive true eventTime 216900514 mDownTimes: {}
01-19 15:35:49.954 I/libPowerHal( 1025): [setGPUFreq] INTERACTION user set gpu freq min:0, max:-1
01-19 15:35:49.954 I/libPowerHal( 1025): INTERACTION: set gpu opp level: 0
01-19 15:35:49.955 I/libPowerHal( 1025): INTERACTION: set gpu opp level max: 0
01-19 15:35:49.955 I/libPowerHal( 1025): [setGPUFreq] Soft min/max = (0, 0); Hard min/max = (2, 0)
01-19 15:35:49.955 I/libPowerHal( 1025): [setGPUFreq] final min/max = (0, 0)
01-19 15:35:49.955 I/libPowerHal( 1025): INTERACTION: set gpu opp level: 0
01-19 15:35:49.955 I/libPowerHal( 1025): INTERACTION: set gpu opp level max: 0
01-19 15:35:49.955 E/SystemServiceRegistry( 1654): Manager wrapper not available: linearmotor
01-19 15:35:49.955 D/VibratorManagerServiceExtImpl( 1654): is not PrebakedSegment
01-19 15:35:49.956 D/SystemVibratorExtImpl( 1654): convertToLinearVibration uid = 1000, opPkg = android, effect = Composed{segments=[Step{amplitude=0.0, frequencyHz=0.0, duration=0}, Step{amplitude=-1.0, frequencyHz=0.0, duration=65}], repeat=-1}, attributes = VibrationAttributes: Usage=TOUCH Audio Usage= USAGE_UNKNOWN Flags=0
01-19 15:35:49.956 D/SystemVibratorExtImpl( 1654): no vibrator_lmvibrator or CTS vibration, do not convert
01-19 15:35:49.956 I/VibratorManagerServiceExtImpl( 1654): vibrate is uid=1000, pid=1654, opPkg=android, effect=Mono{mEffect=Composed{segments=[Step{amplitude=0.0, frequencyHz=0.0, duration=0}, Step{amplitude=-1.0, frequencyHz=0.0, duration=65}], repeat=-1}}, attributes=VibrationAttributes: Usage=TOUCH Audio Usage= USAGE_UNKNOWN Flags=0, token=196348416
01-19 15:35:49.956 D/VibratorManagerServiceExtImpl( 1654): startCustomizeVibratorLocked id= 0,size=1
01-19 15:35:49.956 D/VibratorManagerServiceExtImpl( 1654): startCustomizeVibratorLocked withCallback=false
01-19 15:35:49.955 I/libPowerHal( 1025): [perfLockRel] hdl:13552, idx:0
01-19 15:35:49.957 D/PowerManagerService( 1654): userActivityNoUpdateLocked: groupId=0, eventTime=216900514, event=1, flags=0x0, uid=1000
01-19 15:35:49.958 I/libPowerHal( 1025): [setGPUFreq] INTERACTION user set gpu freq min:0, max:-1
01-19 15:35:49.958 I/libPowerHal( 1025): INTERACTION: set gpu opp level max: 0
01-19 15:35:49.958 I/libPowerHal( 1025): [setGPUFreq] Soft min/max = (0, 0); Hard min/max = (2, 0)
01-19 15:35:49.958 I/libPowerHal( 1025): [setGPUFreq] final min/max = (0, 0)
01-19 15:35:49.958 I/libPowerHal( 1025): INTERACTION: set gpu opp level: 0
01-19 15:35:49.958 I/libPowerHal( 1025): INTERACTION: set gpu opp level max: 0
01-19 15:35:49.959 I/mtkpower_client( 1654): ret_hdl:13566
01-19 15:35:49.959 I/libPowerHal( 1025): cmdSetting - unknown cmd:2004100, scmd:(null) ,param_1:2
01-19 15:35:49.960 I/Vibrator( 1111): Vibrator on for timeoutMs: 65
01-19 15:35:49.960 I/libPowerHal( 1025): [setGPUFreq] INTERACTION user set gpu freq min:0, max:-1
01-19 15:35:49.960 I/libPowerHal( 1025): INTERACTION: set gpu opp level max: 0
01-19 15:35:49.960 D/Vibrator( 1111): Vibrator using LED trigger
01-19 15:35:49.960 I/libPowerHal( 1025): [setGPUFreq] Soft min/max = (0, 0); Hard min/max = (2, 0)
01-19 15:35:49.960 I/libPowerHal( 1025): [setGPUFreq] final min/max = (0, 0)
01-19 15:35:49.960 I/libPowerHal( 1025): INTERACTION: set gpu opp level: 0
01-19 15:35:49.961 I/libPowerHal( 1025): INTERACTION: set gpu opp level max: 0
01-19 15:35:49.962 I/libPowerHal( 1025): [setGPUFreq] INTERACTION user set gpu freq min:0, max:-1
01-19 15:35:49.962 I/libPowerHal( 1025): INTERACTION: set gpu opp level max: 0
01-19 15:35:49.962 I/libPowerHal( 1025): [setGPUFreq] Soft min/max = (0, 0); Hard min/max = (2, 0)
01-19 15:35:49.962 I/libPowerHal( 1025): [setGPUFreq] final min/max = (0, 0)
01-19 15:35:49.962 I/libPowerHal( 1025): INTERACTION: set gpu opp level: 0
01-19 15:35:49.962 I/libPowerHal( 1025): INTERACTION: set gpu opp level max: 0
01-19 15:35:50.027 D/Vibrator( 1111): Vibrator off
01-19 15:35:50.027 D/Vibrator( 1111): Vibrator using LED trigger
01-19 15:35:50.035 I/mtkpower@impl( 1025): [powerd_req] TIMER_MSG_PERF_LOCK_TIMEOUT hdl:13564
01-19 15:35:50.035 I/libPowerHal( 1025): [perfLockRel] hdl:13564, idx:3
01-19 15:35:50.035 I/libPowerHal( 1025): [unsetGPUFreq] current min:0, max:0; scn_gpu_min:0, scn_gpu_max:-1; scn_gpu_min(HL):-1, scn_gpu_max(HL):-1
01-19 15:35:50.035 I/libPowerHal( 1025): [setGPUFreq] Soft min/max = (0, 0); Hard min/max = (2, 0)
01-19 15:35:50.035 I/libPowerHal( 1025): [setGPUFreq] final min/max = (0, 0)
01-19 15:35:50.035 I/libPowerHal( 1025): INTERACTION: set gpu opp level: 0
01-19 15:35:50.035 I/libPowerHal( 1025): INTERACTION: set gpu opp level max: 0
01-19 15:35:50.038 I/mtkpower@impl( 1025): [powerd_req] TIMER_MSG_PERF_LOCK_TIMEOUT hdl:13565
01-19 15:35:50.039 I/libPowerHal( 1025): [perfLockRel] hdl:13565, idx:4
01-19 15:35:50.039 I/libPowerHal( 1025): [unsetGPUFreq] current min:0, max:0; scn_gpu_min:0, scn_gpu_max:-1; scn_gpu_min(HL):-1, scn_gpu_max(HL):-1
01-19 15:35:50.039 I/libPowerHal( 1025): [setGPUFreq] Soft min/max = (0, 0); Hard min/max = (2, 0)
01-19 15:35:50.039 I/libPowerHal( 1025): [setGPUFreq] final min/max = (0, 0)
01-19 15:35:50.039 I/libPowerHal( 1025): INTERACTION: set gpu opp level: 0
01-19 15:35:50.039 I/libPowerHal( 1025): INTERACTION: set gpu opp level max: 0
01-19 15:35:50.041 I/mtkpower@impl( 1025): [powerd_req] TIMER_MSG_PERF_LOCK_TIMEOUT hdl:13567
01-19 15:35:50.041 I/libPowerHal( 1025): [perfLockRel] hdl:13567, idx:5
01-19 15:35:50.041 I/libPowerHal( 1025): [unsetGPUFreq] current min:0, max:0; scn_gpu_min:0, scn_gpu_max:-1; scn_gpu_min(HL):-1, scn_gpu_max(HL):-1
01-19 15:35:50.041 I/libPowerHal( 1025): [setGPUFreq] Soft min/max = (0, 0); Hard min/max = (2, 0)
01-19 15:35:50.042 I/libPowerHal( 1025): [setGPUFreq] final min/max = (0, 0)
01-19 15:35:50.042 I/libPowerHal( 1025): INTERACTION: set gpu opp level: 0
01-19 15:35:50.042 I/libPowerHal( 1025): INTERACTION: set gpu opp level max: 0
01-19 15:35:50.042 I/mtkpower@impl( 1025): [powerd_req] TIMER_MSG_PERF_LOCK_TIMEOUT hdl:13568
01-19 15:35:50.042 I/libPowerHal( 1025): [perfLockRel] hdl:13568, idx:6
01-19 15:35:50.042 I/libPowerHal( 1025): [unsetGPUFreq] current min:0, max:0; scn_gpu_min:0, scn_gpu_max:-1; scn_gpu_min(HL):-1, scn_gpu_max(HL):-1
01-19 15:35:50.042 I/libPowerHal( 1025): INTERACTION: set gpu opp level: 1
01-19 15:35:50.042 I/libPowerHal( 1025): INTERACTION: set gpu opp level max: 0
01-19 15:35:50.042 I/libPowerHal( 1025): [setGPUFreq] Soft min/max = (1, 0); Hard min/max = (2, 0)
01-19 15:35:50.043 I/libPowerHal( 1025): [setGPUFreq] final min/max = (1, 0)
01-19 15:35:50.043 I/libPowerHal( 1025): INTERACTION: set gpu opp level: 1
01-19 15:35:50.043 I/libPowerHal( 1025): INTERACTION: set gpu opp level max: 0
01-19 15:35:50.043 I/libPowerHal( 1025): [PD] INTERACTION update cmd:1000000, param:1
01-19 15:35:50.043 I/libPowerHal( 1025): [PD] INTERACTION update cmd:1000000 param:1
01-19 15:35:50.057 I/libPowerHal( 1025): [perfLockRel] hdl:13563, idx:1
01-19 15:35:50.057 D/PowerManagerService( 1654): userActivityNoUpdateLocked: groupId=0, eventTime=216900617, event=2, flags=0x0, uid=1000
01-19 15:35:50.058 I/libPowerHal( 1025): MTKPOWER_HINT_APP_TOUCH: cpu_ctrl set cpu freq: -1 -1 -1 -1
01-19 15:35:50.058 I/libPowerHal( 1025): [unsetGPUFreq] current min:1, max:0; scn_gpu_min:1, scn_gpu_max:-1; scn_gpu_min(HL):-1, scn_gpu_max(HL):-1
01-19 15:35:50.058 I/libPowerHal( 1025): MTKPOWER_HINT_APP_TOUCH: set gpu opp level: 2
01-19 15:35:50.058 I/libPowerHal( 1025): MTKPOWER_HINT_APP_TOUCH: set gpu opp level max: 0
01-19 15:35:50.058 I/libPowerHal( 1025): [setGPUFreq] Soft min/max = (2, 0); Hard min/max = (2, 0)
01-19 15:35:50.058 I/libPowerHal( 1025): [setGPUFreq] final min/max = (2, 0)
01-19 15:35:50.058 I/libPowerHal( 1025): MTKPOWER_HINT_APP_TOUCH: set gpu opp level: 2
01-19 15:35:50.058 I/libPowerHal( 1025): MTKPOWER_HINT_APP_TOUCH: set gpu opp level max: 0
01-19 15:35:50.059 I/KeyButtonView( 2315): Back button event: ACTION_UP
01-19 15:35:50.059 I/libPowerHal( 1025): [PD] MTKPOWER_HINT_APP_TOUCH update cmd:3408600 param:0
01-19 15:35:50.060 D/PhoneWindowManagerExtImpl( 1654): interceptKeyBeforeQueueing:KeyEvent { action=ACTION_UP, keyCode=KEYCODE_BACK, scanCode=0, metaState=0, flags=0x48, repeatCount=0, eventTime=216900620000000, downTime=216900514000000, deviceId=-1, source=0x101, displayId=0 }   mIsUpGestureMode = false,  keyguardOn = false,  screenOn = true,  DisableBottomKeyMode = 0,  policyFlags = 721420290,  SosPowerKeyEnabled = true,  WalletSwitchState = 2,  IsQuickLaunchSupport = false,  canceled = false
01-19 15:35:50.060 I/OplusJoystickManager( 1654): read game pad state for game manager -> false
01-19 15:35:50.060 W/OplusJoystickManager( 1654): mInterceptGamepadKey is false
01-19 15:35:50.060 D/WindowManager( 1654): interceptKeyTq keycode=4 interactive=true keyguardActive=false policyFlags=2b000002
01-19 15:35:50.061 D/KeyCombinationManager( 1654): down false keyCode 4 count 0 interactive true eventTime 216900620 mDownTimes: {4=216900514}
01-19 15:35:50.061 I/libPowerHal( 1025): [setGPUFreq] INTERACTION user set gpu freq min:0, max:-1
01-19 15:35:50.061 I/libPowerHal( 1025): INTERACTION: set gpu opp level: 0
01-19 15:35:50.061 I/libPowerHal( 1025): INTERACTION: set gpu opp level max: 0
01-19 15:35:50.061 D/AutofillManagerService( 1654): onBackKeyPressed()
01-19 15:35:50.061 I/libPowerHal( 1025): [setGPUFreq] Soft min/max = (0, 0); Hard min/max = (2, 0)
01-19 15:35:50.061 I/libPowerHal( 1025): [setGPUFreq] final min/max = (0, 0)
01-19 15:35:50.061 I/libPowerHal( 1025): INTERACTION: set gpu opp level: 0
01-19 15:35:50.061 I/libPowerHal( 1025): INTERACTION: set gpu opp level max: 0
01-19 15:35:50.061 V/AutofillUI( 1654): hideSaveUiUiThread(): mSaveUi=null, callback=null, mCallback=null
01-19 15:35:50.061 I/libPowerHal( 1025): INTERACTION: cpu_ctrl set cpu freq: 2139000 -1 1491000 -1
01-19 15:35:50.062 D/PowerManagerService( 1654): userActivityNoUpdateLocked: groupId=0, eventTime=216900620, event=1, flags=0x0, uid=1000
01-19 15:35:50.063 I/libPowerHal( 1025): [setGPUFreq] INTERACTION user set gpu freq min:0, max:-1
01-19 15:35:50.063 I/libPowerHal( 1025): INTERACTION: set gpu opp level max: 0
01-19 15:35:50.063 I/libPowerHal( 1025): [setGPUFreq] Soft min/max = (0, 0); Hard min/max = (2, 0)
01-19 15:35:50.063 I/libPowerHal( 1025): [setGPUFreq] final min/max = (0, 0)
01-19 15:35:50.063 I/libPowerHal( 1025): INTERACTION: set gpu opp level: 0
01-19 15:35:50.063 I/libPowerHal( 1025): INTERACTION: set gpu opp level max: 0
01-19 15:35:50.064 I/libPowerHal( 1025): [setGPUFreq] INTERACTION user set gpu freq min:0, max:-1
01-19 15:35:50.064 I/libPowerHal( 1025): INTERACTION: set gpu opp level max: 0
01-19 15:35:50.064 I/libPowerHal( 1025): [setGPUFreq] Soft min/max = (0, 0); Hard min/max = (2, 0)
01-19 15:35:50.064 I/libPowerHal( 1025): [setGPUFreq] final min/max = (0, 0)
01-19 15:35:50.064 I/libPowerHal( 1025): INTERACTION: set gpu opp level: 0
01-19 15:35:50.064 I/libPowerHal( 1025): INTERACTION: set gpu opp level max: 0
01-19 15:35:50.065 D/Activity(20021): dispatchKeyEvent to com.THLight.BLE.USBeacon.Writer.Simple.ui.activity.scan.ScanDeviceListActivity@4478a48 will call onBackPressed
01-19 15:35:50.065 D/Activity(20021): com.THLight.BLE.USBeacon.Writer.Simple.ui.activity.scan.ScanDeviceListActivity@4478a48onBackPressed!
01-19 15:35:50.065 I/libPowerHal( 1025): [setGPUFreq] INTERACTION user set gpu freq min:0, max:-1
01-19 15:35:50.065 I/libPowerHal( 1025): INTERACTION: set gpu opp level max: 0
01-19 15:35:50.065 I/libPowerHal( 1025): [setGPUFreq] Soft min/max = (0, 0); Hard min/max = (2, 0)
01-19 15:35:50.065 I/libPowerHal( 1025): [setGPUFreq] final min/max = (0, 0)
01-19 15:35:50.065 I/libPowerHal( 1025): INTERACTION: set gpu opp level: 0
01-19 15:35:50.065 I/libPowerHal( 1025): INTERACTION: set gpu opp level max: 0
01-19 15:35:50.070 I/mtkpower_client( 1654): perf_lock_rel, hdl:13566, tid:2356
01-19 15:35:50.070 I/mtkpower_client( 1654): perf_lock_acq, hdl:13566, dur:0, num:12, tid:2356
01-19 15:35:50.071 I/libPowerHal( 1025): [perfLockRel] hdl:13566, idx:0
01-19 15:35:50.071 D/ActivityTaskManager( 1654): onWindowFocusChanged Task{45706ac #6 type=home I=com.android.launcher/.Launcher U=0 rootTaskId=1 visible=true visibleRequested=false mode=fullscreen translucent=true sz=1} would transfer to compact
01-19 15:35:50.071 I/InputDispatcher( 1654): setFocusedApplication displayId=0 ActivityRecord{ff6ef4d u0 com.android.launcher/.Launcher} t6}
01-19 15:35:50.072 I/mtkpower_client( 1654): ret_hdl:13573
01-19 15:35:50.072 I/libPowerHal( 1025): cmdSetting - unknown cmd:1c3c000, scmd:(null) ,param_1:0
01-19 15:35:50.072 I/libPowerHal( 1025): cmdSetting - unknown cmd:2004100, scmd:(null) ,param_1:0
01-19 15:35:50.072 I/libPowerHal( 1025): system_server: cpu_ctrl set cpu freq: 2301000 -1 1800000 -1
01-19 15:35:50.072 V/WindowManager( 1654): Changing focus from Window{1f0631 u0 com.THLight.BLE.USBeacon.Writer.Simple.dev/com.THLight.BLE.USBeacon.Writer.Simple.ui.activity.scan.ScanDeviceListActivity} to null,diplayid=0
01-19 15:35:50.073 D/Theia.NoFocusWindow( 1654): FocusWindowErrorScene CheckFreezeScreen
01-19 15:35:50.074 V/OplusZoomWindowManagerService( 1654): prepareZoomTransition: curStack=Task{b27ce56 #231 type=standard A=10154:com.THLight.BLE.USBeacon.Writer.Simple.dev U=0 visible=false visibleRequested=true mode=fullscreen translucent=true sz=1}   nextStackTask{a26a798 #1 type=home ?? U=0 visible=true visibleRequested=false mode=fullscreen translucent=true sz=1}
01-19 15:35:50.075 I/mtkpower_client( 1654): perf_lock_rel, hdl:13573, tid:2356
01-19 15:35:50.075 I/mtkpower_client( 1654): perf_lock_acq, hdl:13573, dur:0, num:12, tid:2356
01-19 15:35:50.075 I/libPowerHal( 1025): [perfLockRel] hdl:13573, idx:0
01-19 15:35:50.076 I/libPowerHal( 1025): system_server: cpu_ctrl set cpu freq: 2139000 -1 1491000 -1
01-19 15:35:50.076 I/libPowerHal( 1025): [PD] system_server update cmd:1410000 param:0
01-19 15:35:50.077 I/mtkpower_client( 1654): ret_hdl:13574
01-19 15:35:50.077 I/libPowerHal( 1025): cmdSetting - unknown cmd:1c3c000, scmd:(null) ,param_1:0
01-19 15:35:50.077 I/libPowerHal( 1025): cmdSetting - unknown cmd:2004100, scmd:(null) ,param_1:0
01-19 15:35:50.077 I/libPowerHal( 1025): system_server: cpu_ctrl set cpu freq: 2301000 -1 1800000 -1
01-19 15:35:50.086 V/SensorManager( 1654): call sensorServiceCommonInterface name: setScreenShotDisable
01-19 15:35:50.086 D/SensorService( 1654): SensorService sensorServiceCommonInterface = setScreenShotDisable
01-19 15:35:50.086 D/SensorServiceExtImpl( 1654): sensorServiceCommonInterface funcName = setScreenShotDisable, flag = 0, status = 0
01-19 15:35:50.086 D/OplusUIFirst_FB( 1654): com.android.launcher activity event: []
01-19 15:35:50.086 D/OplusUIFirst_FB( 1654): List of ThreadOp: size=0 []
01-19 15:35:50.086 D/OplusUIFirst_FB( 1654): handleParaSwitch com.android.launcher null null 1
01-19 15:35:50.086 I/OplusHansManager ( 1654): front pkg: com.android.launcher, uid: 10098, prev pkg: com.THLight.BLE.USBeacon.Writer.Simple.dev, prev uid: 10154
01-19 15:35:50.087 I/OplusHansManager ( 1654): notifyAppGoForeground, uid=10098
01-19 15:35:50.087 D/OplusUIFirst_FB( 1654): com.android.launcher activity event: []
01-19 15:35:50.087 I/OplusHansManager ( 1654): notifyAppGoBackground, uid=10154
01-19 15:35:50.087 D/OplusUIFirst_FB( 1654): List of ThreadOp: size=0 []
01-19 15:35:50.087 D/OplusUIFirst_FB( 1654): handleParaSwitch com.android.launcher null null 1
01-19 15:35:50.087 I/Osense-DecisionMaker( 1654): notifySceneToAthenaPolicy: SCENE_LAUNCHER, bundle: Bundle[{prevPkgName=com.THLight.BLE.USBeacon.Writer.Simple.dev, curUid=10098, curPkgName=com.android.launcher, prevUid=10154}]
01-19 15:35:50.087 I/OplusHansManager ( 1654): uid=10154, pkg=com.THLight.BLE.USBeacon.Writer.Simple.dev enter SM
01-19 15:35:50.087 I/OplusHansManager ( 1654): uid=10154, pkg=com.THLight.BLE.USBeacon.Writer.Simple.dev R enter(), D stay=125
01-19 15:35:50.087 D/Osense-DecisionMaker( 1654): getCurrentSysStats, availmemMb: 1461
01-19 15:35:50.087 D/Osense-DecisionMaker( 1654): getCurrentSysStats, availmemMb: 1461
01-19 15:35:50.087 D/VRI[Launcher]( 2642): dispatchAppVisibility visible:true
01-19 15:35:50.088 D/Osense-DecisionMaker( 1654): getCurrentSysStats, availmemMb: 1461
01-19 15:35:50.088 D/Osense-DecisionMaker( 1654): getCurrentSysStats, availmemMb: 1461
01-19 15:35:50.089 I/OplusJoystickManager( 1654): handleApplicationSwitch deprecated!
01-19 15:35:50.089 D/OplusAppSwitchListener( 1654): Detect com.THLight.BLE.USBeacon.Writer.Simple.dev switch to background
01-19 15:35:50.089 D/OplusEapManager( 1654): mTargetExitName :com.THLight.BLE.USBeacon.Writer.Simple.dev
