01-19 15:35:46.484 V/bt_stack( 2751): [VERBOSE1:bta_gattc_main.cc(350)] bta_gattc_sm_execute: GATTC State Change: 0x02 -> 0x02 after Event 0x1f0f
01-19 15:35:46.484 D/BtGatt.GattService( 2751): onReadCharacteristic() - address=60:77:71:FC:68:CF, status=0, length=18
01-19 15:35:46.484 I/System.out(20021): ConnectBLE onCharacteristicRead 0000f002-0000-1000-8000-00805f9b34fb status: 0
01-19 15:35:46.485 I/System.out(20021): ConnectBLE onAckCharacteristicRead Ack : 14 , 0A00003C0A416703D614FA16BD334119
01-19 15:35:46.485 I/System.out(20021): EditDeviceActivity OnMessageAckResponse flag : 14 , responseCode : 14 , data : 0A00003C0A416703D614FA16BD334119
01-19 15:35:46.485 I/System.out(20021): ConnectBLE Command executeCommandTask gattWriteCommandList  : 3Read
01-19 15:35:46.485 I/System.out(20021): BLE_QUEUE : size=3 type=Read
01-19 15:35:46.485 I/System.out(20021): ConnectBLE commandWriteData -- >  3E40792803865659E2F303D75BD360FBD928
01-19 15:35:46.486 V/TextView(20021): notifyAutoFillManagerAfterTextChanged
01-19 15:35:46.487 V/AutofillManager(20021): notifyValueChanged(1073741843): ignoring on state UNKNOWN
01-19 15:35:46.487 D/BtGatt.GattService( 2751): writeCharacteristic() - address=60:77:71:FC:68:CF
01-19 15:35:46.487 D/BtGatt.GattService( 2751): writeCharacteristic() - trying to acquire permit.
01-19 15:35:46.487 V/TextView(20021): notifyAutoFillManagerAfterTextChanged
01-19 15:35:46.487 V/AutofillManager(20021): notifyValueChanged(1073741843): ignoring on state UNKNOWN
01-19 15:35:46.487 I/bt_btif ( 2751): LogMsg: bta_sys_event: Event 0x1f05
01-19 15:35:46.487 V/bt_stack( 2751): [VERBOSE1:bta_gattc_main.cc(314)] bta_gattc_sm_execute: State 0x02, Event 0x1f05
01-19 15:35:46.487 I/bt_stack( 2751): [INFO:gatt_utils.cc(1470)] gatt_send_write_msg len=18
01-19 15:35:46.487 I/bluetooth( 2751): attp_cl_send_cmd: Sending ATT command to l2cap cid:0x0004 eatt_channels:0 transport:BT_TRANSPORT_LE
01-19 15:35:46.487 I/bt_btm  ( 2751): LogMsg: l2c_link_check_send_pkts: l2cb.controller_xmit_window=6
01-19 15:35:46.487 I/bt_btm  ( 2751): LogMsg: Direct send, transport=2, xmit_window=6, le_xmit_window=8, sent_not_acked=0, link_xmit_quota=8
01-19 15:35:46.487 I/bt_btm  ( 2751): LogMsg: Sending to lower layer
01-19 15:35:46.488 I/bt_btm  ( 2751): LogMsg: l2c_link_send_to_lower_ble: TotalWin=7,Hndl=0x200,Quota=8,Unack=1,RRQuota=0,RRUnack=0
01-19 15:35:46.488 I/bt_btm  ( 2751): LogMsg: No next buffer, skipping
01-19 15:35:46.488 I/bt_l2cap( 2751): LogMsg: l2cu_no_dynamic_ccbs NO IDLE timeout set for fixed cid 0x0004
01-19 15:35:46.488 I/bluetooth( 2751): attp_cl_send_cmd: Starting ATT response timer
01-19 15:35:46.488 V/bt_stack( 2751): [VERBOSE1:bta_gattc_main.cc(350)] bta_gattc_sm_execute: GATTC State Change: 0x02 -> 0x02 after Event 0x1f05
01-19 15:35:46.490 V/TextView(20021): notifyAutoFillManagerAfterTextChanged
01-19 15:35:46.491 V/AutofillManager(20021): notifyValueChanged(1073741844): ignoring on state UNKNOWN
01-19 15:35:46.491 V/TextView(20021): notifyAutoFillManagerAfterTextChanged
01-19 15:35:46.491 V/AutofillManager(20021): notifyValueChanged(1073741844): ignoring on state UNKNOWN
01-19 15:35:46.494 V/TextView(20021): notifyAutoFillManagerAfterTextChanged
01-19 15:35:46.494 V/AutofillManager(20021): notifyValueChanged(1073741845): ignoring on state UNKNOWN
01-19 15:35:46.495 V/TextView(20021): notifyAutoFillManagerAfterTextChanged
01-19 15:35:46.495 V/AutofillManager(20021): notifyValueChanged(1073741845): ignoring on state UNKNOWN
01-19 15:35:46.503 V/TextView(20021): notifyAutoFillManagerAfterTextChanged
01-19 15:35:46.503 V/AutofillManager(20021): notifyValueChanged(1073741846): ignoring on state UNKNOWN
01-19 15:35:46.509 V/TextView(20021): notifyAutoFillManagerAfterTextChanged
01-19 15:35:46.509 V/AutofillManager(20021): notifyValueChanged(1073741847): ignoring on state UNKNOWN
01-19 15:35:46.509 V/TextView(20021): notifyAutoFillManagerAfterTextChanged
01-19 15:35:46.509 V/AutofillManager(20021): notifyValueChanged(1073741847): ignoring on state UNKNOWN
01-19 15:35:46.513 V/TextView(20021): notifyAutoFillManagerAfterTextChanged
01-19 15:35:46.513 V/AutofillManager(20021): notifyValueChanged(1073741848): ignoring on state UNKNOWN
01-19 15:35:46.513 V/TextView(20021): notifyAutoFillManagerAfterTextChanged
01-19 15:35:46.514 V/AutofillManager(20021): notifyValueChanged(1073741848): ignoring on state UNKNOWN
01-19 15:35:46.514 I/bt_btm  ( 2751): LogMsg: l2c_link_check_send_pkts: l2cb.controller_xmit_window=6
01-19 15:35:46.514 I/bt_btm  ( 2751): LogMsg: Direct send, transport=2, xmit_window=6, le_xmit_window=8, sent_not_acked=0, link_xmit_quota=8
01-19 15:35:46.514 I/bt_btm  ( 2751): LogMsg: No next buffer, skipping
01-19 15:35:46.514 I/bt_btm  ( 2751): LogMsg: l2c_link_process_num_completed_pkts: TotalWin=8,LinkUnack(0x200)=0,RRCheck=0,RRUnack=0
01-19 15:35:46.517 V/TextView(20021): notifyAutoFillManagerAfterTextChanged
01-19 15:35:46.517 V/AutofillManager(20021): notifyValueChanged(1073741849): ignoring on state UNKNOWN
01-19 15:35:46.528 I/bt_btm  ( 2751): LogMsg: btm_bda_to_acl: bda=60:77:71:fc:68:cf transport=2
01-19 15:35:46.528 V/bt_stack( 2751): [VERBOSE1:gatt_main.cc(1054)] gatt_get_ch_state: ch_state=4
01-19 15:35:46.528 I/bt_stack( 2751): [INFO:gatt_cl.cc(1194)] gatt_client_handle_server_rsp opcode: 0x13
01-19 15:35:46.528 I/bt_stack( 2751): [INFO:gatt_utils.cc(1500)] gatt_end_operation status=0 op=3 subtype=2
01-19 15:35:46.528 V/bt_stack( 2751): [VERBOSE1:bta_gattc_act.cc(1513)] bta_gattc_cmpl_cback: conn_id:8 op:3 status:0
01-19 15:35:46.528 I/bt_btif ( 2751): LogMsg: bta_sys_event: Event 0x1f0f
01-19 15:35:46.528 V/bt_stack( 2751): [VERBOSE1:bta_gattc_main.cc(314)] bta_gattc_sm_execute: State 0x02, Event 0x1f0f
01-19 15:35:46.528 I/bt_btif ( 2751): LogMsg: HAL bt_gatt_callbacks->client->write_characteristic_cb
01-19 15:35:46.529 V/bt_stack( 2751): [VERBOSE1:bta_gattc_main.cc(350)] bta_gattc_sm_execute: GATTC State Change: 0x02 -> 0x02 after Event 0x1f0f
01-19 15:35:46.529 D/BtGatt.GattService( 2751): onWriteCharacteristic() - increasing permit for address=60:77:71:FC:68:CF
01-19 15:35:46.529 D/BtGatt.GattService( 2751): onWriteCharacteristic() - address=60:77:71:FC:68:CF, status=0, length=18
01-19 15:35:46.529 I/System.out(20021): ConnectBLE onCharacteristicWrite  : 10 , 3E105E0AC0A19556B8FCC0F5D6F418FE760A
01-19 15:35:46.531 D/BtGatt.GattService( 2751): readCharacteristic() - address=60:77:71:FC:68:CF
01-19 15:35:46.532 I/bt_btif ( 2751): LogMsg: bta_sys_event: Event 0x1f04
01-19 15:35:46.532 V/bt_stack( 2751): [VERBOSE1:bta_gattc_main.cc(314)] bta_gattc_sm_execute: State 0x02, Event 0x1f04
01-19 15:35:46.532 V/bt_stack( 2751): [VERBOSE1:gatt_api.cc(747)] GATTC_Read: conn_id=0x0008, type=0x02
01-19 15:35:46.532 I/bluetooth( 2751): attp_cl_send_cmd: Sending ATT command to l2cap cid:0x0004 eatt_channels:0 transport:BT_TRANSPORT_LE
01-19 15:35:46.532 I/bt_btm  ( 2751): LogMsg: l2c_link_check_send_pkts: l2cb.controller_xmit_window=6
01-19 15:35:46.532 I/bt_btm  ( 2751): LogMsg: Direct send, transport=2, xmit_window=6, le_xmit_window=8, sent_not_acked=0, link_xmit_quota=8
01-19 15:35:46.532 I/bt_btm  ( 2751): LogMsg: Sending to lower layer
01-19 15:35:46.532 I/bt_btm  ( 2751): LogMsg: l2c_link_send_to_lower_ble: TotalWin=7,Hndl=0x200,Quota=8,Unack=1,RRQuota=0,RRUnack=0
01-19 15:35:46.532 I/bt_btm  ( 2751): LogMsg: No next buffer, skipping
01-19 15:35:46.532 I/bt_l2cap( 2751): LogMsg: l2cu_no_dynamic_ccbs NO IDLE timeout set for fixed cid 0x0004
01-19 15:35:46.532 I/bluetooth( 2751): attp_cl_send_cmd: Starting ATT response timer
01-19 15:35:46.532 V/bt_stack( 2751): [VERBOSE1:bta_gattc_main.cc(350)] bta_gattc_sm_execute: GATTC State Change: 0x02 -> 0x02 after Event 0x1f04
01-19 15:35:46.543 I/bt_btm  ( 2751): LogMsg: l2c_link_check_send_pkts: l2cb.controller_xmit_window=6
01-19 15:35:46.543 I/bt_btm  ( 2751): LogMsg: Direct send, transport=2, xmit_window=6, le_xmit_window=8, sent_not_acked=0, link_xmit_quota=8
01-19 15:35:46.543 I/bt_btm  ( 2751): LogMsg: No next buffer, skipping
01-19 15:35:46.543 I/bt_btm  ( 2751): LogMsg: l2c_link_process_num_completed_pkts: TotalWin=8,LinkUnack(0x200)=0,RRCheck=0,RRUnack=0
01-19 15:35:46.559 I/bt_btm  ( 2751): LogMsg: btm_bda_to_acl: bda=60:77:71:fc:68:cf transport=2
01-19 15:35:46.559 V/bt_stack( 2751): [VERBOSE1:gatt_main.cc(1054)] gatt_get_ch_state: ch_state=4
01-19 15:35:46.559 I/bt_stack( 2751): [INFO:gatt_cl.cc(1194)] gatt_client_handle_server_rsp opcode: 0x0b
01-19 15:35:46.559 I/bt_stack( 2751): [INFO:gatt_utils.cc(1500)] gatt_end_operation status=0 op=2 subtype=2
01-19 15:35:46.559 V/bt_stack( 2751): [VERBOSE1:bta_gattc_act.cc(1513)] bta_gattc_cmpl_cback: conn_id:8 op:2 status:0
01-19 15:35:46.559 I/bt_btif ( 2751): LogMsg: bta_sys_event: Event 0x1f0f
01-19 15:35:46.559 V/bt_stack( 2751): [VERBOSE1:bta_gattc_main.cc(314)] bta_gattc_sm_execute: State 0x02, Event 0x1f0f
01-19 15:35:46.559 I/bt_btif ( 2751): LogMsg: HAL bt_gatt_callbacks->client->read_characteristic_cb
01-19 15:35:46.559 V/bt_stack( 2751): [VERBOSE1:bta_gattc_main.cc(350)] bta_gattc_sm_execute: GATTC State Change: 0x02 -> 0x02 after Event 0x1f0f
01-19 15:35:46.559 D/BtGatt.GattService( 2751): onReadCharacteristic() - address=60:77:71:FC:68:CF, status=0, length=18
01-19 15:35:46.560 I/System.out(20021): ConnectBLE onCharacteristicRead 0000f002-0000-1000-8000-00805f9b34fb status: 0
01-19 15:35:46.560 I/System.out(20021): ConnectBLE onAckCharacteristicRead Ack : 10 , E2C56DB5DFFB48D2B060D0F5A71096E0
01-19 15:35:46.560 I/System.out(20021): EditDeviceActivity OnMessageAckResponse flag : 10 , responseCode : 10 , data : E2C56DB5DFFB48D2B060D0F5A71096E0
01-19 15:35:46.561 I/System.out(20021): ConnectBLE Command executeCommandTask gattWriteCommandList  : 2Read
01-19 15:35:46.561 I/System.out(20021): BLE_QUEUE : size=2 type=Read
01-19 15:35:46.561 I/System.out(20021): ConnectBLE commandWriteData -- >  9781ED38BBADF2C318E1FE4D8967856770A0
01-19 15:35:46.562 D/BtGatt.GattService( 2751): writeCharacteristic() - address=60:77:71:FC:68:CF
01-19 15:35:46.562 D/BtGatt.GattService( 2751): writeCharacteristic() - trying to acquire permit.
01-19 15:35:46.563 I/bt_btif ( 2751): LogMsg: bta_sys_event: Event 0x1f05
01-19 15:35:46.563 V/bt_stack( 2751): [VERBOSE1:bta_gattc_main.cc(314)] bta_gattc_sm_execute: State 0x02, Event 0x1f05
01-19 15:35:46.563 I/bt_stack( 2751): [INFO:gatt_utils.cc(1470)] gatt_send_write_msg len=18
01-19 15:35:46.563 I/bluetooth( 2751): attp_cl_send_cmd: Sending ATT command to l2cap cid:0x0004 eatt_channels:0 transport:BT_TRANSPORT_LE
01-19 15:35:46.563 I/bt_btm  ( 2751): LogMsg: l2c_link_check_send_pkts: l2cb.controller_xmit_window=6
01-19 15:35:46.563 I/bt_btm  ( 2751): LogMsg: Direct send, transport=2, xmit_window=6, le_xmit_window=8, sent_not_acked=0, link_xmit_quota=8
01-19 15:35:46.563 I/bt_btm  ( 2751): LogMsg: Sending to lower layer
01-19 15:35:46.563 I/bt_btm  ( 2751): LogMsg: l2c_link_send_to_lower_ble: TotalWin=7,Hndl=0x200,Quota=8,Unack=1,RRQuota=0,RRUnack=0
01-19 15:35:46.563 I/bt_btm  ( 2751): LogMsg: No next buffer, skipping
01-19 15:35:46.563 I/bt_l2cap( 2751): LogMsg: l2cu_no_dynamic_ccbs NO IDLE timeout set for fixed cid 0x0004
01-19 15:35:46.563 I/bluetooth( 2751): attp_cl_send_cmd: Starting ATT response timer
01-19 15:35:46.563 V/bt_stack( 2751): [VERBOSE1:bta_gattc_main.cc(350)] bta_gattc_sm_execute: GATTC State Change: 0x02 -> 0x02 after Event 0x1f05
01-19 15:35:46.573 I/bt_btm  ( 2751): LogMsg: l2c_link_check_send_pkts: l2cb.controller_xmit_window=6
01-19 15:35:46.573 I/bt_btm  ( 2751): LogMsg: Direct send, transport=2, xmit_window=6, le_xmit_window=8, sent_not_acked=0, link_xmit_quota=8
01-19 15:35:46.573 I/bt_btm  ( 2751): LogMsg: No next buffer, skipping
01-19 15:35:46.573 I/bt_btm  ( 2751): LogMsg: l2c_link_process_num_completed_pkts: TotalWin=8,LinkUnack(0x200)=0,RRCheck=0,RRUnack=0
01-19 15:35:46.588 I/bt_btm  ( 2751): LogMsg: btm_bda_to_acl: bda=60:77:71:fc:68:cf transport=2
01-19 15:35:46.588 V/bt_stack( 2751): [VERBOSE1:gatt_main.cc(1054)] gatt_get_ch_state: ch_state=4
01-19 15:35:46.588 I/bt_stack( 2751): [INFO:gatt_cl.cc(1194)] gatt_client_handle_server_rsp opcode: 0x13
01-19 15:35:46.588 I/bt_stack( 2751): [INFO:gatt_utils.cc(1500)] gatt_end_operation status=0 op=3 subtype=2
01-19 15:35:46.589 V/bt_stack( 2751): [VERBOSE1:bta_gattc_act.cc(1513)] bta_gattc_cmpl_cback: conn_id:8 op:3 status:0
01-19 15:35:46.589 I/bt_btif ( 2751): LogMsg: bta_sys_event: Event 0x1f0f
01-19 15:35:46.589 V/bt_stack( 2751): [VERBOSE1:bta_gattc_main.cc(314)] bta_gattc_sm_execute: State 0x02, Event 0x1f0f
01-19 15:35:46.589 I/bt_btif ( 2751): LogMsg: HAL bt_gatt_callbacks->client->write_characteristic_cb
01-19 15:35:46.589 V/bt_stack( 2751): [VERBOSE1:bta_gattc_main.cc(350)] bta_gattc_sm_execute: GATTC State Change: 0x02 -> 0x02 after Event 0x1f0f
01-19 15:35:46.589 D/BtGatt.GattService( 2751): onWriteCharacteristic() - increasing permit for address=60:77:71:FC:68:CF
01-19 15:35:46.589 D/BtGatt.GattService( 2751): onWriteCharacteristic() - address=60:77:71:FC:68:CF, status=0, length=18
01-19 15:35:46.590 I/System.out(20021): ConnectBLE onCharacteristicWrite  : 6 , 9706B7E0EEB6CB0F6087FB35269D169DC182
01-19 15:35:46.591 D/BtGatt.GattService( 2751): readCharacteristic() - address=60:77:71:FC:68:CF
01-19 15:35:46.592 I/bt_btif ( 2751): LogMsg: bta_sys_event: Event 0x1f04
01-19 15:35:46.592 V/bt_stack( 2751): [VERBOSE1:bta_gattc_main.cc(314)] bta_gattc_sm_execute: State 0x02, Event 0x1f04
01-19 15:35:46.592 V/bt_stack( 2751): [VERBOSE1:gatt_api.cc(747)] GATTC_Read: conn_id=0x0008, type=0x02
01-19 15:35:46.592 I/bluetooth( 2751): attp_cl_send_cmd: Sending ATT command to l2cap cid:0x0004 eatt_channels:0 transport:BT_TRANSPORT_LE
01-19 15:35:46.592 I/bt_btm  ( 2751): LogMsg: l2c_link_check_send_pkts: l2cb.controller_xmit_window=6
01-19 15:35:46.592 I/bt_btm  ( 2751): LogMsg: Direct send, transport=2, xmit_window=6, le_xmit_window=8, sent_not_acked=0, link_xmit_quota=8
01-19 15:35:46.592 I/bt_btm  ( 2751): LogMsg: Sending to lower layer
01-19 15:35:46.592 I/bt_btm  ( 2751): LogMsg: l2c_link_send_to_lower_ble: TotalWin=7,Hndl=0x200,Quota=8,Unack=1,RRQuota=0,RRUnack=0
01-19 15:35:46.592 I/bt_btm  ( 2751): LogMsg: No next buffer, skipping
01-19 15:35:46.592 I/bt_l2cap( 2751): LogMsg: l2cu_no_dynamic_ccbs NO IDLE timeout set for fixed cid 0x0004
01-19 15:35:46.592 I/bluetooth( 2751): attp_cl_send_cmd: Starting ATT response timer
01-19 15:35:46.592 V/bt_stack( 2751): [VERBOSE1:bta_gattc_main.cc(350)] bta_gattc_sm_execute: GATTC State Change: 0x02 -> 0x02 after Event 0x1f04
01-19 15:35:46.603 I/bt_btm  ( 2751): LogMsg: l2c_link_check_send_pkts: l2cb.controller_xmit_window=6
01-19 15:35:46.603 I/bt_btm  ( 2751): LogMsg: Direct send, transport=2, xmit_window=6, le_xmit_window=8, sent_not_acked=0, link_xmit_quota=8
01-19 15:35:46.603 I/bt_btm  ( 2751): LogMsg: No next buffer, skipping
01-19 15:35:46.603 I/bt_btm  ( 2751): LogMsg: l2c_link_process_num_completed_pkts: TotalWin=8,LinkUnack(0x200)=0,RRCheck=0,RRUnack=0
01-19 15:35:46.610 D/OplusFullScreenDisplayManager( 1654): adjustWindowParamsLw com.THLight.BLE.USBeacon.Writer.Simple.dev, no change cutoutMode: 0
01-19 15:35:46.610 V/WindowManager( 1654): Relayout Window{c3e3874 u0 com.THLight.BLE.USBeacon.Writer.Simple.dev/com.THLight.BLE.USBeacon.Writer.Simple.ui.activity.connect.EditDeviceActivity}: viewVisibility=0, oldvis=4, req=720x1600
01-19 15:35:46.611 I/BufferQueueDebug( 1123): [com.THLight.BLE.USBeacon.Writer.Simple.dev/com.THLight.BLE.USBeacon.Writer.Simple.ui.activity.connect.EditDeviceActivity#10320](this:0xb4000072c6a969e8,id:-1,api:0,p:-1,c:-1) BufferQueue core=(1123:/system/bin/surfaceflinger)
01-19 15:35:46.618 I/bt_btm  ( 2751): LogMsg: btm_bda_to_acl: bda=60:77:71:fc:68:cf transport=2
01-19 15:35:46.618 V/bt_stack( 2751): [VERBOSE1:gatt_main.cc(1054)] gatt_get_ch_state: ch_state=4
01-19 15:35:46.618 I/bt_stack( 2751): [INFO:gatt_cl.cc(1194)] gatt_client_handle_server_rsp opcode: 0x0b
01-19 15:35:46.618 I/bt_stack( 2751): [INFO:gatt_utils.cc(1500)] gatt_end_operation status=0 op=2 subtype=2
01-19 15:35:46.618 V/bt_stack( 2751): [VERBOSE1:bta_gattc_act.cc(1513)] bta_gattc_cmpl_cback: conn_id:8 op:2 status:0
01-19 15:35:46.618 I/bt_btif ( 2751): LogMsg: bta_sys_event: Event 0x1f0f
01-19 15:35:46.619 V/bt_stack( 2751): [VERBOSE1:bta_gattc_main.cc(314)] bta_gattc_sm_execute: State 0x02, Event 0x1f0f
01-19 15:35:46.619 I/bt_btif ( 2751): LogMsg: HAL bt_gatt_callbacks->client->read_characteristic_cb
01-19 15:35:46.619 V/bt_stack( 2751): [VERBOSE1:bta_gattc_main.cc(350)] bta_gattc_sm_execute: GATTC State Change: 0x02 -> 0x02 after Event 0x1f0f
01-19 15:35:46.619 D/BtGatt.GattService( 2751): onReadCharacteristic() - address=60:77:71:FC:68:CF, status=0, length=18
01-19 15:35:46.619 V/WindowManager( 1654): Changing focus from null to Window{c3e3874 u0 com.THLight.BLE.USBeacon.Writer.Simple.dev/com.THLight.BLE.USBeacon.Writer.Simple.ui.activity.connect.EditDeviceActivity},diplayid=0
01-19 15:35:46.620 I/System.out(20021): ConnectBLE onCharacteristicRead 0000f002-0000-1000-8000-00805f9b34fb status: 0
01-19 15:35:46.620 I/System.out(20021): ConnectBLE onAckCharacteristicRead Ack : 06 , 02070145010215B4537A3AA433566E8A
01-19 15:35:46.620 I/System.out(20021): EditDeviceActivity OnMessageAckResponse flag : 6 , responseCode : 6 , data : 02070145010215B4537A3AA433566E8A
01-19 15:35:46.620 I/System.out(20021): readDeviceInformation : 2.7 325
01-19 15:35:46.620 I/System.out(20021): ConnectBLE Command executeCommandTask gattWriteCommandList  : 1Read
01-19 15:35:46.620 I/System.out(20021): BLE_QUEUE : size=1 type=Read
01-19 15:35:46.620 I/System.out(20021): ConnectBLE commandWriteData -- >  7A5843C5CA3E99D2A35CC61E72690BABB27E
01-19 15:35:46.622 D/BtGatt.GattService( 2751): writeCharacteristic() - address=60:77:71:FC:68:CF
01-19 15:35:46.622 D/BtGatt.GattService( 2751): writeCharacteristic() - trying to acquire permit.
01-19 15:35:46.623 I/bt_btif ( 2751): LogMsg: bta_sys_event: Event 0x1f05
01-19 15:35:46.623 V/bt_stack( 2751): [VERBOSE1:bta_gattc_main.cc(314)] bta_gattc_sm_execute: State 0x02, Event 0x1f05
01-19 15:35:46.623 I/bt_stack( 2751): [INFO:gatt_utils.cc(1470)] gatt_send_write_msg len=18
01-19 15:35:46.623 I/bluetooth( 2751): attp_cl_send_cmd: Sending ATT command to l2cap cid:0x0004 eatt_channels:0 transport:BT_TRANSPORT_LE
01-19 15:35:46.623 I/bt_btm  ( 2751): LogMsg: l2c_link_check_send_pkts: l2cb.controller_xmit_window=6
01-19 15:35:46.623 I/bt_btm  ( 2751): LogMsg: Direct send, transport=2, xmit_window=6, le_xmit_window=8, sent_not_acked=0, link_xmit_quota=8
01-19 15:35:46.623 I/bt_btm  ( 2751): LogMsg: Sending to lower layer
01-19 15:35:46.623 I/bt_btm  ( 2751): LogMsg: l2c_link_send_to_lower_ble: TotalWin=7,Hndl=0x200,Quota=8,Unack=1,RRQuota=0,RRUnack=0
01-19 15:35:46.623 I/bt_btm  ( 2751): LogMsg: No next buffer, skipping
01-19 15:35:46.623 I/bt_l2cap( 2751): LogMsg: l2cu_no_dynamic_ccbs NO IDLE timeout set for fixed cid 0x0004
01-19 15:35:46.623 I/bluetooth( 2751): attp_cl_send_cmd: Starting ATT response timer
01-19 15:35:46.623 V/bt_stack( 2751): [VERBOSE1:bta_gattc_main.cc(350)] bta_gattc_sm_execute: GATTC State Change: 0x02 -> 0x02 after Event 0x1f05
01-19 15:35:46.623 D/Theia.NoFocusWindow( 1654): FocusWindowErrorScene cancelCheckFreezeScreen
01-19 15:35:46.627 D/BufferQueueConsumer(20021): [](id:4e350000000e,api:0,p:-1,c:20021) connect: controlledByApp=false
01-19 15:35:46.627 E/IPCThreadState(20021): attemptIncStrongHandle(97): Not supported
01-19 15:35:46.627 E/IPCThreadState(20021): attemptIncStrongHandle(95): Not supported
01-19 15:35:46.629 V/ZoomWindowDecorView(20021): setLastReportedMergedConfiguration mZoomDisplayHeight: 1600 getDecorView.173934927
01-19 15:35:46.633 I/bt_btm  ( 2751): LogMsg: l2c_link_check_send_pkts: l2cb.controller_xmit_window=6
01-19 15:35:46.633 I/bt_btm  ( 2751): LogMsg: Direct send, transport=2, xmit_window=6, le_xmit_window=8, sent_not_acked=0, link_xmit_quota=8
01-19 15:35:46.633 I/bt_btm  ( 2751): LogMsg: No next buffer, skipping
01-19 15:35:46.633 I/bt_btm  ( 2751): LogMsg: l2c_link_process_num_completed_pkts: TotalWin=8,LinkUnack(0x200)=0,RRCheck=0,RRUnack=0
01-19 15:35:46.646 D/Layer   ( 1123): reparent to null sequence=10315, seq[1], name=Surface(name=53ed7a StatusBar)/@0x47c2944 - animation-leash of insets_animation#10315
01-19 15:35:46.646 D/Layer   ( 1123): reparent to null sequence=10316, seq[2], name=Surface(name=91d88c3 NavigationBar0)/@0xc087a2d - animation-leash of insets_animation#10316
01-19 15:35:46.648 I/bt_btm  ( 2751): LogMsg: btm_bda_to_acl: bda=60:77:71:fc:68:cf transport=2
01-19 15:35:46.648 V/bt_stack( 2751): [VERBOSE1:gatt_main.cc(1054)] gatt_get_ch_state: ch_state=4
01-19 15:35:46.648 I/bt_stack( 2751): [INFO:gatt_cl.cc(1194)] gatt_client_handle_server_rsp opcode: 0x13
01-19 15:35:46.648 I/bt_stack( 2751): [INFO:gatt_utils.cc(1500)] gatt_end_operation status=0 op=3 subtype=2
01-19 15:35:46.648 V/bt_stack( 2751): [VERBOSE1:bta_gattc_act.cc(1513)] bta_gattc_cmpl_cback: conn_id:8 op:3 status:0
01-19 15:35:46.648 I/bt_btif ( 2751): LogMsg: bta_sys_event: Event 0x1f0f
01-19 15:35:46.648 V/bt_stack( 2751): [VERBOSE1:bta_gattc_main.cc(314)] bta_gattc_sm_execute: State 0x02, Event 0x1f0f
01-19 15:35:46.648 I/bt_btif ( 2751): LogMsg: HAL bt_gatt_callbacks->client->write_characteristic_cb
01-19 15:35:46.649 V/bt_stack( 2751): [VERBOSE1:bta_gattc_main.cc(350)] bta_gattc_sm_execute: GATTC State Change: 0x02 -> 0x02 after Event 0x1f0f
01-19 15:35:46.649 D/BtGatt.GattService( 2751): onWriteCharacteristic() - increasing permit for address=60:77:71:FC:68:CF
01-19 15:35:46.649 D/BtGatt.GattService( 2751): onWriteCharacteristic() - address=60:77:71:FC:68:CF, status=0, length=18
01-19 15:35:46.650 I/System.out(20021): ConnectBLE onCharacteristicWrite  : 16 , 7A16D071B28F66B4E817B1879C5AC2EAAC9F
01-19 15:35:46.652 D/BtGatt.GattService( 2751): readCharacteristic() - address=60:77:71:FC:68:CF
01-19 15:35:46.652 I/bt_btif ( 2751): LogMsg: bta_sys_event: Event 0x1f04
01-19 15:35:46.652 V/bt_stack( 2751): [VERBOSE1:bta_gattc_main.cc(314)] bta_gattc_sm_execute: State 0x02, Event 0x1f04
01-19 15:35:46.652 V/bt_stack( 2751): [VERBOSE1:gatt_api.cc(747)] GATTC_Read: conn_id=0x0008, type=0x02
01-19 15:35:46.652 I/bluetooth( 2751): attp_cl_send_cmd: Sending ATT command to l2cap cid:0x0004 eatt_channels:0 transport:BT_TRANSPORT_LE
01-19 15:35:46.652 I/bt_btm  ( 2751): LogMsg: l2c_link_check_send_pkts: l2cb.controller_xmit_window=6
01-19 15:35:46.652 I/bt_btm  ( 2751): LogMsg: Direct send, transport=2, xmit_window=6, le_xmit_window=8, sent_not_acked=0, link_xmit_quota=8
01-19 15:35:46.653 I/bt_btm  ( 2751): LogMsg: Sending to lower layer
01-19 15:35:46.653 I/bt_btm  ( 2751): LogMsg: l2c_link_send_to_lower_ble: TotalWin=7,Hndl=0x200,Quota=8,Unack=1,RRQuota=0,RRUnack=0
01-19 15:35:46.653 I/bt_btm  ( 2751): LogMsg: No next buffer, skipping
01-19 15:35:46.653 I/bt_l2cap( 2751): LogMsg: l2cu_no_dynamic_ccbs NO IDLE timeout set for fixed cid 0x0004
01-19 15:35:46.653 I/bluetooth( 2751): attp_cl_send_cmd: Starting ATT response timer
01-19 15:35:46.653 V/bt_stack( 2751): [VERBOSE1:bta_gattc_main.cc(350)] bta_gattc_sm_execute: GATTC State Change: 0x02 -> 0x02 after Event 0x1f04
01-19 15:35:46.663 I/bt_btm  ( 2751): LogMsg: l2c_link_check_send_pkts: l2cb.controller_xmit_window=6
01-19 15:35:46.663 I/bt_btm  ( 2751): LogMsg: Direct send, transport=2, xmit_window=6, le_xmit_window=8, sent_not_acked=0, link_xmit_quota=8
01-19 15:35:46.663 I/bt_btm  ( 2751): LogMsg: No next buffer, skipping
01-19 15:35:46.663 I/bt_btm  ( 2751): LogMsg: l2c_link_process_num_completed_pkts: TotalWin=8,LinkUnack(0x200)=0,RRCheck=0,RRUnack=0
01-19 15:35:46.673 I/mtkpower_client( 1654): perf_lock_rel, hdl:13544, tid:2356
01-19 15:35:46.674 I/mtkpower_client( 1654): perf_lock_acq, hdl:13544, dur:0, num:8, tid:2356
01-19 15:35:46.674 I/libPowerHal( 1025): [perfLockRel] hdl:13544, idx:0
01-19 15:35:46.675 I/mtkpower_client( 1654): ret_hdl:13545
01-19 15:35:46.675 I/libPowerHal( 1025): cmdSetting - unknown cmd:2004100, scmd:(null) ,param_1:0
01-19 15:35:46.678 I/bt_btm  ( 2751): LogMsg: btm_bda_to_acl: bda=60:77:71:fc:68:cf transport=2
01-19 15:35:46.678 V/bt_stack( 2751): [VERBOSE1:gatt_main.cc(1054)] gatt_get_ch_state: ch_state=4
01-19 15:35:46.678 I/bt_stack( 2751): [INFO:gatt_cl.cc(1194)] gatt_client_handle_server_rsp opcode: 0x0b
01-19 15:35:46.678 I/bt_stack( 2751): [INFO:gatt_utils.cc(1500)] gatt_end_operation status=0 op=2 subtype=2
01-19 15:35:46.678 V/bt_stack( 2751): [VERBOSE1:bta_gattc_act.cc(1513)] bta_gattc_cmpl_cback: conn_id:8 op:2 status:0
01-19 15:35:46.678 I/bt_btif ( 2751): LogMsg: bta_sys_event: Event 0x1f0f
01-19 15:35:46.678 V/bt_stack( 2751): [VERBOSE1:bta_gattc_main.cc(314)] bta_gattc_sm_execute: State 0x02, Event 0x1f0f
01-19 15:35:46.678 I/bt_btif ( 2751): LogMsg: HAL bt_gatt_callbacks->client->read_characteristic_cb
01-19 15:35:46.678 V/bt_stack( 2751): [VERBOSE1:bta_gattc_main.cc(350)] bta_gattc_sm_execute: GATTC State Change: 0x02 -> 0x02 after Event 0x1f0f
01-19 15:35:46.679 D/BtGatt.GattService( 2751): onReadCharacteristic() - address=60:77:71:FC:68:CF, status=0, length=18
01-19 15:35:46.679 I/System.out(20021): ConnectBLE onCharacteristicRead 0000f002-0000-1000-8000-00805f9b34fb status: 0
01-19 15:35:46.680 I/System.out(20021): ConnectBLE onAckCharacteristicRead Ack : 16 , 0C16CC1CA6E2E061C0AB71049FBF6A71
01-19 15:35:46.680 I/System.out(20021): EditDeviceActivity OnMessageAckResponse flag : 16 , responseCode : 16 , data : 0C16CC1CA6E2E061C0AB71049FBF6A71
01-19 15:35:46.680 I/System.out(20021): ConnectBLE Command executeCommandTask gattWriteCommandList  : 0Read
01-19 15:35:46.680 I/System.out(20021): BLE_QUEUE : size=0 type=Read
01-19 15:35:46.680 I/System.out(20021): onMessageAckResponseDone ->  Read
01-19 15:35:46.683 D/AutofillManager(20021): Trigger fill request at view entered
01-19 15:35:46.685 V/AutofillManager(20021): receiver results: flags=7 enabled=true, enabledForAugmentedOnly: false
01-19 15:35:46.685 V/AutofillManager(20021): startSessionLocked(): id=3, bounds=null, value=null, flags=80, state=UNKNOWN, compatMode=false, augmentedOnly=false, enabledAugmentedOnly=false, enteredIds=null
01-19 15:35:46.686 V/AutofillManagerServiceImpl( 1654): startSession(): token=Token{934832d ActivityRecord{d09fb57 u0 com.THLight.BLE.USBeacon.Writer.Simple.dev/com.THLight.BLE.USBeacon.Writer.Simple.ui.activity.connect.EditDeviceActivity} t231}}, flags=80, forAugmentedAutofillOnly=false
01-19 15:35:46.687 V/AutofillSession( 1654): updateLocked(1030690835): id=3@1030690835, action=START_SESSION, flags=80
01-19 15:35:46.687 V/AutofillSession( 1654): updateLocked(1030690835): mCurrentViewId=null, mExpiredResponse=false, viewState=null
01-19 15:35:46.687 V/AutofillSession( 1654): Creating viewState for 3@1030690835
01-19 15:35:46.687 V/AutofillSession( 1654): Requesting structure for request #1 ,requestId=144, flags=80
01-19 15:35:46.687 V/RemoteInlineSuggestionRenderService( 1654): handlePendingRequest(): com.android.internal.infra.AbstractRemoteService$MyAsyncPendingRequest@477f137
01-19 15:35:46.688 V/RemoteInlineSuggestionRenderService( 1654): not scheduling unbind when value is 0
01-19 15:35:46.689 D/AutofillInlineSuggestionsRequestSession( 1654): onCreateInlineSuggestionsRequestLocked called: 3@1030690835
01-19 15:35:46.690 D/AutofillInlineSuggestionsRequestSession( 1654): onInlineSuggestionsSessionInvalidated() called.
01-19 15:35:46.721 D/VRI[EditDeviceActivity](20021): registerCallbacksForSync syncBuffer=false
01-19 15:35:46.749 D/BLASTBufferQueue(20021): [VRI[EditDeviceActivity]#14](f:0,a:1) acquireNextBufferLocked size=720x1600 mFrameNumber=1 applyTransaction=true mTimestamp=216897310173927(auto) mPendingTransactions.size=0 graphicBufferId=85989540233329 transform=0
01-19 15:35:46.750 D/VRI[EditDeviceActivity](20021): Received frameCommittedCallback lastAttemptedDrawFrameNum=1 didProduceBuffer=true syncBuffer=false
01-19 15:35:46.751 W/Parcel  (20021): Expecting binder but got null!
01-19 15:35:46.751 D/VRI[EditDeviceActivity](20021): draw finished.
01-19 15:35:46.753 D/WindowManager( 1654): finishDrawingWindow: Window{c3e3874 u0 com.THLight.BLE.USBeacon.Writer.Simple.dev/com.THLight.BLE.USBeacon.Writer.Simple.ui.activity.connect.EditDeviceActivity} mDrawState=DRAW_PENDING
01-19 15:35:46.756 I/Quality (20021): Skipped: false 25 cost 435.0041 refreshRate 16996729 bit true processName com.THLight.BLE.USBeacon.Writer.Simple.dev
01-19 15:35:46.756 I/OplusHansManager ( 1654): Fast Freezer has no uids to freeze
01-19 15:35:46.762 D/OplusZoomWindowManagerService( 1654): adjustWindowCropForLeash start: appToken = ActivityRecord{d09fb57 u0 com.THLight.BLE.USBeacon.Writer.Simple.dev/com.THLight.BLE.USBeacon.Writer.Simple.ui.activity.connect.EditDeviceActivity} t231}
01-19 15:35:46.763 D/BufferStateLayer( 1123): com.THLight.BLE.USBeacon.Writer.Simple.dev/com.THLight.BLE.USBeacon.Writer.Simple.ui.activity.connect.EditDeviceActivity#10320 setBuffer frameId=1, bufferId=85989540233329 fenceId=371, w= 720, h=1600
01-19 15:35:46.763 D/OplusLayer( 1123): (10320,com.THLight.BLE.USBeacon.Writer.Simple.dev/com.THLight.BLE.USBeacon.Writer.Simple.ui.activity.connect.EditDeviceActivity#10320,com.THLight.BLE.USBeacon.Writer.Simple.dev) setBuffer
01-19 15:35:46.769 D/OplusZoomWindowManagerService( 1654): adjustWindowCropForLeash start: appToken = ActivityRecord{c15d3bc u0 com.THLight.BLE.USBeacon.Writer.Simple.dev/com.THLight.BLE.USBeacon.Writer.Simple.ui.activity.scan.ScanDeviceListActivity} t231}
01-19 15:35:46.772 I/Quality ( 1654): LaunchTime2.0: com.THLight.BLE.USBeacon.Writer.Simple.dev/com.THLight.BLE.USBeacon.Writer.Simple.ui.activity.connect.EditDeviceActivity 2 582
01-19 15:35:46.772 I/ActivityTaskManager( 1654): Displayed com.THLight.BLE.USBeacon.Writer.Simple.dev/com.THLight.BLE.USBeacon.Writer.Simple.ui.activity.connect.EditDeviceActivity: +603ms
01-19 15:35:46.784 V/TextView(20021): notifyAutoFillManagerAfterTextChanged
01-19 15:35:46.785 V/AutofillManager(20021): updateSessionLocked(): id=1073741824, bounds=null, value=[type=1, value=8_chars], action=4, flags=0
01-19 15:35:46.785 V/AutofillSession( 1654): updateLocked(1030690835): id=1073741824@1030690835, action=VALUE_CHANGED, flags=0
01-19 15:35:46.785 V/AutofillSession( 1654): updateLocked(1030690835): mCurrentViewId=3@1030690835, mExpiredResponse=false, viewState=null
01-19 15:35:46.785 V/AutofillSession( 1654): Creating viewState for 1073741824@1030690835
01-19 15:35:46.787 V/TextView(20021): notifyAutoFillManagerAfterTextChanged
01-19 15:35:46.787 V/AutofillManager(20021): updateSessionLocked(): id=1073741825, bounds=null, value=[type=1, value=4_chars], action=4, flags=0
01-19 15:35:46.788 V/AutofillSession( 1654): updateLocked(1030690835): id=1073741825@1030690835, action=VALUE_CHANGED, flags=0
01-19 15:35:46.788 V/AutofillSession( 1654): updateLocked(1030690835): mCurrentViewId=3@1030690835, mExpiredResponse=false, viewState=null
01-19 15:35:46.788 V/AutofillSession( 1654): Creating viewState for 1073741825@1030690835
01-19 15:35:46.789 V/TextView(20021): notifyAutoFillManagerAfterTextChanged
01-19 15:35:46.789 V/AutofillManager(20021): updateSessionLocked(): id=1073741826, bounds=null, value=[type=1, value=4_chars], action=4, flags=0
01-19 15:35:46.790 V/AutofillSession( 1654): updateLocked(1030690835): id=1073741826@1030690835, action=VALUE_CHANGED, flags=0
01-19 15:35:46.790 V/AutofillSession( 1654): updateLocked(1030690835): mCurrentViewId=3@1030690835, mExpiredResponse=false, viewState=null
01-19 15:35:46.790 V/AutofillSession( 1654): Creating viewState for 1073741826@1030690835
01-19 15:35:46.791 V/TextView(20021): notifyAutoFillManagerAfterTextChanged
01-19 15:35:46.791 V/AutofillManager(20021): updateSessionLocked(): id=1073741827, bounds=null, value=[type=1, value=4_chars], action=4, flags=0
01-19 15:35:46.792 V/AutofillSession( 1654): updateLocked(1030690835): id=1073741827@1030690835, action=VALUE_CHANGED, flags=0
01-19 15:35:46.792 V/AutofillSession( 1654): updateLocked(1030690835): mCurrentViewId=3@1030690835, mExpiredResponse=false, viewState=null
01-19 15:35:46.792 V/AutofillSession( 1654): Creating viewState for 1073741827@1030690835
01-19 15:35:46.793 V/TextView(20021): notifyAutoFillManagerAfterTextChanged
01-19 15:35:46.793 D/OplusLayer( 1123): ~Layer() sequence=10316, name=Surface(name=91d88c3 NavigationBar0)/@0xc087a2d - animation-leash of insets_animation#10316
01-19 15:35:46.793 D/OplusLayer( 1123): ~Layer() sequence=10315, name=Surface(name=53ed7a StatusBar)/@0x47c2944 - animation-leash of insets_animation#10315
01-19 15:35:46.793 V/AutofillManager(20021): updateSessionLocked(): id=1073741828, bounds=null, value=[type=1, value=12_chars], action=4, flags=0
01-19 15:35:46.794 V/AutofillSession( 1654): updateLocked(1030690835): id=1073741828@1030690835, action=VALUE_CHANGED, flags=0
01-19 15:35:46.794 V/AutofillSession( 1654): updateLocked(1030690835): mCurrentViewId=3@1030690835, mExpiredResponse=false, viewState=null
01-19 15:35:46.794 V/AutofillSession( 1654): Creating viewState for 1073741828@1030690835
01-19 15:35:46.795 V/TextView(20021): notifyAutoFillManagerAfterTextChanged
01-19 15:35:46.796 V/AutofillManager(20021): updateSessionLocked(): id=1073741829, bounds=null, value=[type=1, value=1_chars], action=4, flags=0
01-19 15:35:46.796 V/AutofillSession( 1654): updateLocked(1030690835): id=1073741829@1030690835, action=VALUE_CHANGED, flags=0
01-19 15:35:46.796 V/AutofillSession( 1654): updateLocked(1030690835): mCurrentViewId=3@1030690835, mExpiredResponse=false, viewState=null
01-19 15:35:46.796 V/AutofillSession( 1654): Creating viewState for 1073741829@1030690835
01-19 15:35:46.798 V/TextView(20021): notifyAutoFillManagerAfterTextChanged
01-19 15:35:46.798 V/AutofillManager(20021): updateSessionLocked(): id=1073741830, bounds=null, value=[type=1, value=3_chars], action=4, flags=0
01-19 15:35:46.798 V/AutofillSession( 1654): updateLocked(1030690835): id=1073741830@1030690835, action=VALUE_CHANGED, flags=0
01-19 15:35:46.798 I/System.out(20021): bluetoothDeviceItemEntity.getBatteryPower() : 325
01-19 15:35:46.798 V/AutofillSession( 1654): updateLocked(1030690835): mCurrentViewId=3@1030690835, mExpiredResponse=false, viewState=null
01-19 15:35:46.798 V/AutofillSession( 1654): Creating viewState for 1073741830@1030690835
01-19 15:35:46.799 I/System.out(20021): AES setting: false
01-19 15:35:46.801 V/TextView(20021): notifyAutoFillManagerAfterTextChanged
01-19 15:35:46.801 V/AutofillManager(20021): updateSessionLocked(): id=1073741831, bounds=null, value=[type=1, value=2_chars], action=4, flags=0
01-19 15:35:46.801 D/OplusLayer( 1123): ~Layer() sequence=10328, name=Screenshot Parent#10328
01-19 15:35:46.801 V/AutofillSession( 1654): updateLocked(1030690835): id=1073741831@1030690835, action=VALUE_CHANGED, flags=0
01-19 15:35:46.802 V/AutofillSession( 1654): updateLocked(1030690835): mCurrentViewId=3@1030690835, mExpiredResponse=false, viewState=null
01-19 15:35:46.802 V/AutofillSession( 1654): Creating viewState for 1073741831@1030690835
01-19 15:35:46.803 V/TextView(20021): notifyAutoFillManagerAfterTextChanged
01-19 15:35:46.803 V/AutofillManager(20021): updateSessionLocked(): id=1073741833, bounds=null, value=[type=1, value=1_chars], action=4, flags=0
01-19 15:35:46.804 V/AutofillSession( 1654): updateLocked(1030690835): id=1073741833@1030690835, action=VALUE_CHANGED, flags=0
01-19 15:35:46.804 V/AutofillSession( 1654): updateLocked(1030690835): mCurrentViewId=3@1030690835, mExpiredResponse=false, viewState=null
01-19 15:35:46.804 V/AutofillSession( 1654): Creating viewState for 1073741833@1030690835
01-19 15:35:46.804 D/OplusLayer( 1123): ~Layer() sequence=10329, name=Screenshot Parent#10329
01-19 15:35:46.805 I/BufferQueueDebug( 1123): [Left Edge Extension#10330](this:0xb4000072c9f649e8,id:-1,api:0,p:-1,c:-1) BufferQueue core=(1123:/system/bin/surfaceflinger)
01-19 15:35:46.806 V/TextView(20021): notifyAutoFillManagerAfterTextChanged
01-19 15:35:46.806 V/AutofillManager(20021): updateSessionLocked(): id=1073741848, bounds=null, value=[type=1, value=1_chars], action=4, flags=0
01-19 15:35:46.806 V/AutofillSession( 1654): updateLocked(1030690835): id=1073741848@1030690835, action=VALUE_CHANGED, flags=0
01-19 15:35:46.807 V/AutofillSession( 1654): updateLocked(1030690835): mCurrentViewId=3@1030690835, mExpiredResponse=false, viewState=null
01-19 15:35:46.807 V/AutofillSession( 1654): Creating viewState for 1073741848@1030690835
01-19 15:35:46.808 I/BufferQueueDebug( 1123): [Right Edge Extension#10331](this:0xb4000072c68d19e8,id:-1,api:0,p:-1,c:-1) BufferQueue core=(1123:/system/bin/surfaceflinger)
01-19 15:35:46.808 V/TextView(20021): notifyAutoFillManagerAfterTextChanged
01-19 15:35:46.808 I/BufferQueueDebug( 1123): [bbq-wrapper#10332](this:0xb4000072c9ba89e8,id:-1,api:0,p:-1,c:-1) BufferQueue core=(1123:/system/bin/surfaceflinger)
01-19 15:35:46.808 V/AutofillManager(20021): updateSessionLocked(): id=1073741847, bounds=null, value=[type=1, value=1_chars], action=4, flags=0
01-19 15:35:46.808 V/AutofillSession( 1654): updateLocked(1030690835): id=1073741847@1030690835, action=VALUE_CHANGED, flags=0
01-19 15:35:46.809 V/AutofillSession( 1654): updateLocked(1030690835): mCurrentViewId=3@1030690835, mExpiredResponse=false, viewState=null
01-19 15:35:46.809 V/AutofillSession( 1654): Creating viewState for 1073741847@1030690835
01-19 15:35:46.810 D/BufferQueueConsumer( 1654): [](id:67600000191,api:0,p:-1,c:1654) connect: controlledByApp=false
01-19 15:35:46.810 I/BufferQueueDebug( 1123): [bbq-wrapper#10333](this:0xb4000072c6ba59e8,id:-1,api:0,p:-1,c:-1) BufferQueue core=(1123:/system/bin/surfaceflinger)
01-19 15:35:46.810 V/TextView(20021): notifyAutoFillManagerAfterTextChanged
01-19 15:35:46.810 V/AutofillManager(20021): updateSessionLocked(): id=1073741836, bounds=null, value=[type=1, value=1_chars], action=4, flags=0
01-19 15:35:46.810 E/IPCThreadState( 1654): attemptIncStrongHandle(2317): Not supported
01-19 15:35:46.811 E/IPCThreadState( 1654): attemptIncStrongHandle(2425): Not supported
01-19 15:35:46.811 V/AutofillSession( 1654): updateLocked(1030690835): id=1073741836@1030690835, action=VALUE_CHANGED, flags=0
01-19 15:35:46.811 V/AutofillSession( 1654): updateLocked(1030690835): mCurrentViewId=3@1030690835, mExpiredResponse=false, viewState=null
01-19 15:35:46.811 V/AutofillSession( 1654): Creating viewState for 1073741836@1030690835
01-19 15:35:46.811 D/BufferQueueConsumer( 1654): [](id:67600000192,api:0,p:-1,c:1654) connect: controlledByApp=false
01-19 15:35:46.811 D/BLASTBufferQueue( 1654): [bbq-adapter#395](f:0,a:0) constructor() width=1 height=1600 format=-1
01-19 15:35:46.812 D/BLASTBufferQueue( 1654): [bbq-adapter#396](f:0,a:0) constructor() width=1 height=1600 format=-1
01-19 15:35:46.812 V/TextView(20021): notifyAutoFillManagerAfterTextChanged
01-19 15:35:46.812 V/AutofillManager(20021): updateSessionLocked(): id=1073741837, bounds=null, value=[type=1, value=1_chars], action=4, flags=0
01-19 15:35:46.812 D/BLASTBufferQueue( 1654): [bbq-adapter#395](f:0,a:1) acquireNextBufferLocked size=1x1600 mFrameNumber=1 applyTransaction=true mTimestamp=216897373542850(auto) mPendingTransactions.size=0 graphicBufferId=4823248279269 transform=0
01-19 15:35:46.812 D/BLASTBufferQueue( 1654): [bbq-adapter#396](f:0,a:1) acquireNextBufferLocked size=1x1600 mFrameNumber=1 applyTransaction=true mTimestamp=216897373998158(auto) mPendingTransactions.size=0 graphicBufferId=4823248279270 transform=0
01-19 15:35:46.813 V/AutofillSession( 1654): updateLocked(1030690835): id=1073741837@1030690835, action=VALUE_CHANGED, flags=0
01-19 15:35:46.813 I/System.out(20021): getLowBatteryLedStatus: 0
01-19 15:35:46.813 V/AutofillSession( 1654): updateLocked(1030690835): mCurrentViewId=3@1030690835, mExpiredResponse=false, viewState=null
01-19 15:35:46.813 V/AutofillSession( 1654): Creating viewState for 1073741837@1030690835
01-19 15:35:46.824 V/AutofillSession( 1654): New structure for requestId 144: android.app.assist.AssistStructure@dccb0e6
01-19 15:35:46.825 D/BufferStateLayer( 1123): bbq-wrapper#10332 Left Edge Extension#10330 setBuffer frameId=1, bufferId=4823248279269 fenceId=-1, w= 1, h=1600
01-19 15:35:46.825 D/OplusLayer( 1123): (10332,bbq-wrapper#10332 Left Edge Extension#10330,system_server) setBuffer
01-19 15:35:46.825 D/BufferStateLayer( 1123): bbq-wrapper#10333 Right Edge Extension#10331 setBuffer frameId=1, bufferId=4823248279270 fenceId=-1, w= 1, h=1600
01-19 15:35:46.826 D/OplusLayer( 1123): (10333,bbq-wrapper#10333 Right Edge Extension#10331,system_server) setBuffer
01-19 15:35:46.827 I/libPowerHal( 1025): [setGPUFreq] INTERACTION user set gpu freq min:0, max:-1
01-19 15:35:46.827 I/libPowerHal( 1025): INTERACTION: set gpu opp level: 0
01-19 15:35:46.827 I/libPowerHal( 1025): INTERACTION: set gpu opp level max: 0
01-19 15:35:46.827 I/libPowerHal( 1025): [setGPUFreq] Soft min/max = (0, 0); Hard min/max = (2, 0)
01-19 15:35:46.827 I/libPowerHal( 1025): [setGPUFreq] final min/max = (0, 0)
01-19 15:35:46.827 I/libPowerHal( 1025): INTERACTION: set gpu opp level: 0
01-19 15:35:46.827 I/libPowerHal( 1025): INTERACTION: set gpu opp level max: 0
01-19 15:35:46.827 I/AssistStructure(20021): Flattened final assist data: 13900 bytes, containing 1 windows, 64 views
01-19 15:35:46.829 D/AutofillSession( 1654): createPendingIntent for request 144
01-19 15:35:46.829 D/ContentCapturePerUserService( 1654): Notified activity assist data for activity: Token{934832d ActivityRecord{d09fb57 u0 com.THLight.BLE.USBeacon.Writer.Simple.dev/com.THLight.BLE.USBeacon.Writer.Simple.ui.activity.connect.EditDeviceActivity} t231}} without a session Id
01-19 15:35:46.831 I/mtkpower_client( 1654): perf_lock_rel, hdl:13545, tid:2356
01-19 15:35:46.832 I/libPowerHal( 1025): [perfLockRel] hdl:13545, idx:0
01-19 15:35:46.832 I/mtkpower_client( 1654): perf_lock_acq, hdl:13545, dur:0, num:4, tid:2356
01-19 15:35:46.832 I/Quality (20021): Skipped: false 4 cost 73.032265 refreshRate 16905812 bit true processName com.THLight.BLE.USBeacon.Writer.Simple.dev
01-19 15:35:46.833 I/mtkpower_client( 1654): ret_hdl:13547
01-19 15:35:46.833 I/libPowerHal( 1025): cmdSetting - unknown cmd:2004100, scmd:(null) ,param_1:2
01-19 15:35:46.843 I/DispPerfService( 1123): updateLayerMask 0
01-19 15:35:46.844 V/AutofillManager(20021): updateSessionLocked(): id=1073741835, bounds=null, value=[type=3, value=12], action=4, flags=0
01-19 15:35:46.845 V/AutofillSession( 1654): updateLocked(1030690835): id=1073741835@1030690835, action=VALUE_CHANGED, flags=0
01-19 15:35:46.845 V/AutofillSession( 1654): updateLocked(1030690835): mCurrentViewId=3@1030690835, mExpiredResponse=false, viewState=null
01-19 15:35:46.845 V/AutofillSession( 1654): Creating viewState for 1073741835@1030690835
01-19 15:35:46.846 I/mtkpower@impl( 1025): [setMode] type:6, enabled:1
01-19 15:35:46.846 E/mtkpower@impl( 1025): [setMode] unknown type
01-19 15:35:46.847 D/VRI[EditDeviceActivity](20021): registerCallbacksForSync syncBuffer=false
01-19 15:35:46.865 D/VRI[EditDeviceActivity](20021): Received frameCommittedCallback lastAttemptedDrawFrameNum=3 didProduceBuffer=true syncBuffer=false
01-19 15:35:46.866 D/VRI[EditDeviceActivity](20021): draw finished.
01-19 15:35:46.867 D/WindowManager( 1654): finishDrawingWindow: Window{c3e3874 u0 com.THLight.BLE.USBeacon.Writer.Simple.dev/com.THLight.BLE.USBeacon.Writer.Simple.ui.activity.connect.EditDeviceActivity} mDrawState=HAS_DRAWN
01-19 15:35:46.867 I/Quality (20021): Skipped: true 1 cost 29.350996 refreshRate 16752707 bit true processName com.THLight.BLE.USBeacon.Writer.Simple.dev
01-19 15:35:46.880 I/mtkpower@impl( 1025): [setMode] type:5, enabled:0
01-19 15:35:46.881 I/libPowerHal( 1025): [perfLockRel] hdl:13542, idx:3
01-19 15:35:46.882 I/PowerHalWrapper( 1654): amsBoostStop AMS_BOOST_PACK_SWITCH:false, AMS_BOOST_ACT_SWITCH:true, AMS_BOOST_PROCESS_CREATE:false 
01-19 15:35:46.882 I/mtkpower@impl( 1025): [mtkPowerHint] hint:23, hold:0, ext:30, ext_hold:2000
01-19 15:35:46.883 I/libPowerHal( 1025): [perfLockRel] hdl:13543, idx:4
01-19 15:35:46.883 I/libPowerHal( 1025): MTKPOWER_HINT_ACT_SWITCH: cpu_ctrl set cpu freq: 2139000 -1 1491000 -1
01-19 15:35:46.883 I/libPowerHal( 1025): [PD] MTKPOWER_HINT_ACT_SWITCH update cmd:1408300 param:0
01-19 15:35:46.893 I/FocusResolver( 1654): updateFocusedWindow, c3e3874 com.THLight.BLE.USBeacon.Writer.Simple.dev/com.THLight.BLE.USBeacon.Writer.Simple.ui.activity.connect.EditDeviceActivity on display 0, reason: Window became focusable. Previous reason: NOT_VISIBLE, result:   FocusedWindows:
01-19 15:35:46.893 I/FocusResolver( 1654):     displayId=0, name='c3e3874 com.THLight.BLE.USBeacon.Writer.Simple.dev/com.THLight.BLE.USBeacon.Writer.Simple.ui.activity.connect.EditDeviceActivity'
01-19 15:35:46.894 I/DispPerfService( 1123): updateLayerMask 0
01-19 15:35:46.894 D/VRI[EditDeviceActivity](20021): onFocusEvent true
01-19 15:35:46.896 D/InputMethodManagerService( 1654): isSecurity: attribute.packageName=com.THLight.BLE.USBeacon.Writer.Simple.dev mCurMethodId=com.google.android.inputmethod.latin/com.android.inputmethod.latin.LatinIME
01-19 15:35:46.896 D/InputMethodManagerService( 1654): isSecurity= false (  enable=false needShow=false inBlackList=false isExist=false )
01-19 15:35:46.899 I/GoogleInputMethodService(23388): GoogleInputMethodService.onFinishInput():2092 
01-19 15:35:46.901 I/Module  (23388): DeviceLockedStatusModuleProvider$Module.updateDeviceLockedStatus():103 repeatCheckTimes = 0, locked = false
01-19 15:35:46.902 W/TooltipLifecycleManager(23388): TooltipLifecycleManager.dismissTooltips():153 Tooltip with id SUGGESTION_VIEW_EDU_MINI_DIALOG not found in tooltipManager.
01-19 15:35:46.907 I/GoogleInputMethodService(23388): GoogleInputMethodService.onStartInput():1349 onStartInput(EditorInfo{EditorInfo{packageName=com.THLight.BLE.USBeacon.Writer.Simple.dev, inputType=0, inputTypeString=NULL, enableLearning=false, autoCorrection=false, autoComplete=false, imeOptions=0, privateImeOptions=null, actionName=UNSPECIFIED, actionLabel=null, initialSelStart=-1, initialSelEnd=-1, initialCapsMode=0, label=null, fieldId=-1, fieldName=null, extras=Bundle[{com.oplus.im.SCENES=0}], hintText=null, hintLocales=[]}}, false)
01-19 15:35:46.907 D/AutofillInlineSuggestionsRequestSession( 1654): onInlineSuggestionsRequest() received: InlineSuggestionsRequest { maxSuggestionCount = 9, inlinePresentationSpecs = [InlinePresentationSpec { minSize = 68x88, maxSize = 480x88, style = Bundle[mParcelledData.dataSize=2924] }, InlinePresentationSpec { minSize = 68x88, maxSize = 480x88, style = Bundle[mParcelledData.dataSize=2924] }, InlinePresentationSpec { minSize = 68x88, maxSize = 480x88, style = Bundle[mParcelledData.dataSize=2924] }, InlinePresentationSpec { minSize = 68x88, maxSize = 480x88, style = Bundle[mParcelledData.dataSize=2924] }, InlinePresentationSpec { minSize = 68x88, maxSize = 480x88, style = Bundle[mParcelledData.dataSize=2924] }, InlinePresentationSpec { minSize = 68x88, maxSize = 480x88, style = Bundle[mParcelledData.dataSize=2924] }, InlinePresentationSpec { minSize = 68x88, maxSize = 480x88, style = Bundle[mParcelledData.dataSize=2924] }, InlinePresentationSpec { minSize = 68x88, maxSize = 480x88, style = Bundle[mParcelledData.dataSize=2924] }, InlinePresentationSpec { minSize = 68x88, maxSize = 480x88, style = Bundle[mParcelledData.dataSize=2924] }], hostPackageName = com.google.android.inputmethod.latin, supportedLocales = [en_US], extras = Bundle[EMPTY_PARCEL], hostInputToken = android.os.BinderProxy@424f9ad, hostDisplayId = 0, inlineTooltipPresentationSpec = null }
01-19 15:35:46.908 V/AutofillInlineSuggestionsRequestSession( 1654): maybeUpdateResponseToImeLocked called
01-19 15:35:46.908 I/mtkpower@impl( 1025): [powerd_req] TIMER_MSG_PERF_LOCK_TIMEOUT hdl:13546
01-19 15:35:46.908 D/Layer   ( 1123): reparent to null sequence=10298, seq[3], name=Surface(name=444f6c4 InputMethod)/@0x9f34e2 - animation-leash of insets_animation#10298
01-19 15:35:46.908 I/libPowerHal( 1025): [perfLockRel] hdl:13546, idx:1
01-19 15:35:46.910 I/Module  (23388): DeviceLockedStatusModuleProvider$Module.updateDeviceLockedStatus():103 repeatCheckTimes = 1, locked = false
01-19 15:35:46.910 I/libPowerHal( 1025): INTERACTION: cpu_ctrl set cpu freq: -1 -1 -1 -1
01-19 15:35:46.910 I/libPowerHal( 1025): [unsetGPUFreq] current min:0, max:0; scn_gpu_min:0, scn_gpu_max:-1; scn_gpu_min(HL):-1, scn_gpu_max(HL):-1
01-19 15:35:46.910 I/libPowerHal( 1025): INTERACTION: set gpu opp level: 2
01-19 15:35:46.910 I/libPowerHal( 1025): INTERACTION: set gpu opp level max: 0
01-19 15:35:46.910 I/libPowerHal( 1025): [setGPUFreq] Soft min/max = (2, 0); Hard min/max = (2, 0)
01-19 15:35:46.910 I/libPowerHal( 1025): [setGPUFreq] final min/max = (2, 0)
01-19 15:35:46.910 I/libPowerHal( 1025): INTERACTION: set gpu opp level: 2
01-19 15:35:46.910 I/libPowerHal( 1025): INTERACTION: set gpu opp level max: 0
01-19 15:35:46.910 I/libPowerHal( 1025): [PD] INTERACTION update cmd:1000000, param:1
01-19 15:35:46.911 I/libPowerHal( 1025): [PD] INTERACTION update cmd:1000000 param:1
01-19 15:35:46.914 D/InputMethodManagerService( 1654): onHandleImeWindowVisibleStatus: vis = 0, needsToShowImeSwitcher = false
01-19 15:35:46.923 V/RemoteFillService( 1654): calling onFillRequest() for id=144
01-19 15:35:46.942 D/OplusLayer( 1123): ~Layer() sequence=10298, name=Surface(name=444f6c4 InputMethod)/@0x9f34e2 - animation-leash of insets_animation#10298
01-19 15:35:46.946 D/BoundBrokerSvc(17892): onBind: Intent { act=com.google.android.mdd.service.START dat=chimera-action:/... cmp=com.google.android.gms/.chimera.GmsBoundBrokerService }
01-19 15:35:46.946 D/BoundBrokerSvc(17892): Loading bound service for intent: Intent { act=com.google.android.mdd.service.START dat=chimera-action:/... cmp=com.google.android.gms/.chimera.GmsBoundBrokerService }
01-19 15:35:46.978 I/DispPerfService( 1123): updateLayerMask 0
