01-19 15:53:19.907 I/libPowerHal( 1025): [unsetGPUFreq] current min:0, max:0; scn_gpu_min:0, scn_gpu_max:-1; scn_gpu_min(HL):-1, scn_gpu_max(HL):-1
01-19 15:53:19.907 I/libPowerHal( 1025): [setGPUFreq] Soft min/max = (0, 0); Hard min/max = (2, 0)
01-19 15:53:19.907 I/libPowerHal( 1025): [setGPUFreq] final min/max = (0, 0)
01-19 15:53:19.907 I/libPowerHal( 1025): INTERACTION: set gpu opp level: 0
01-19 15:53:19.907 I/libPowerHal( 1025): INTERACTION: set gpu opp level max: 0
01-19 15:53:19.907 I/mtkpower@impl( 1025): [powerd_req] TIMER_MSG_PERF_LOCK_TIMEOUT hdl:13854
01-19 15:53:19.908 I/libPowerHal( 1025): [perfLockRel] hdl:13854, idx:3
01-19 15:53:19.908 I/libPowerHal( 1025): INTERACTION: cpu_ctrl set cpu freq: -1 -1 -1 -1
01-19 15:53:19.908 I/libPowerHal( 1025): [unsetGPUFreq] current min:0, max:0; scn_gpu_min:0, scn_gpu_max:-1; scn_gpu_min(HL):-1, scn_gpu_max(HL):-1
01-19 15:53:19.908 I/libPowerHal( 1025): INTERACTION: set gpu opp level: 2
01-19 15:53:19.908 I/libPowerHal( 1025): INTERACTION: set gpu opp level max: 0
01-19 15:53:19.908 I/libPowerHal( 1025): [setGPUFreq] Soft min/max = (2, 0); Hard min/max = (2, 0)
01-19 15:53:19.908 I/libPowerHal( 1025): [setGPUFreq] final min/max = (2, 0)
01-19 15:53:19.908 I/libPowerHal( 1025): INTERACTION: set gpu opp level: 2
01-19 15:53:19.908 I/libPowerHal( 1025): INTERACTION: set gpu opp level max: 0
01-19 15:53:19.908 I/libPowerHal( 1025): [PD] INTERACTION update cmd:1000000, param:-1
01-19 15:53:19.908 I/libPowerHal( 1025): [PD] INTERACTION update cmd:2020000 param:1
01-19 15:53:19.909 I/libPowerHal( 1025): [PD] INTERACTION update cmd:1000000 param:-1
01-19 15:53:19.977 D/OplusSmartBrightnessController( 1654): handleMessage MSG_LUX_CHANGED, mLux:161.05678 luxQueue=[158.0, 156.0, 157.0, 169.0, 163.0, 164.0, 160.0]
01-19 15:53:19.978 I/libPowerHal( 1025): [setGPUFreq] MTKPOWER_HINT_APP_TOUCH user set gpu freq min:1, max:-1
01-19 15:53:19.978 I/mtkpower_client( 1654): perf_lock_rel, hdl:13851, tid:2356
01-19 15:53:19.978 I/libPowerHal( 1025): MTKPOWER_HINT_APP_TOUCH: set gpu opp level: 1
01-19 15:53:19.978 D/PowerManagerService( 1654): userActivityNoUpdateLocked: groupId=0, eventTime=217950535, event=2, flags=0x0, uid=1000
01-19 15:53:19.978 I/libPowerHal( 1025): MTKPOWER_HINT_APP_TOUCH: set gpu opp level max: 0
01-19 15:53:19.979 I/libPowerHal( 1025): [setGPUFreq] Soft min/max = (1, 0); Hard min/max = (2, 0)
01-19 15:53:19.979 I/libPowerHal( 1025): [setGPUFreq] final min/max = (1, 0)
01-19 15:53:19.979 I/libPowerHal( 1025): MTKPOWER_HINT_APP_TOUCH: set gpu opp level: 1
01-19 15:53:19.979 D/OGG_Detector( 1654): D:done mCurrStatus: 0
01-19 15:53:19.979 I/libPowerHal( 1025): MTKPOWER_HINT_APP_TOUCH: set gpu opp level max: 0
01-19 15:53:19.979 I/libPowerHal( 1025): MTKPOWER_HINT_APP_TOUCH: cpu_ctrl set cpu freq: 2139000 -1 1491000 -1
01-19 15:53:19.981 I/libPowerHal( 1025): [perfLockRel] hdl:13851, idx:2
01-19 15:53:19.981 I/mtkpower_client( 1654): perf_lock_acq, hdl:13851, dur:0, num:4, tid:2356
01-19 15:53:19.981 E/SystemServiceRegistry( 1654): Manager wrapper not available: linearmotor
01-19 15:53:19.981 D/SystemVibratorExtImpl( 1654): convertToLinearVibration uid = 10147, opPkg = com.google.android.inputmethod.latin, effect = Composed{segments=[Prebaked{effect=CLICK, strength=MEDIUM, fallback=true}], repeat=-1}, attributes = VibrationAttributes: Usage=TOUCH Audio Usage= USAGE_UNKNOWN Flags=0
01-19 15:53:19.981 D/SystemVibratorExtImpl( 1654): no vibrator_lmvibrator or CTS vibration, do not convert
01-19 15:53:19.981 I/VibratorManagerServiceExtImpl( 1654): vibrate is uid=10147, pid=1654, opPkg=com.google.android.inputmethod.latin, effect=Mono{mEffect=Composed{segments=[Prebaked{effect=CLICK, strength=MEDIUM, fallback=true}], repeat=-1}}, attributes=VibrationAttributes: Usage=TOUCH Audio Usage= USAGE_UNKNOWN Flags=0, token=196348416
01-19 15:53:19.982 D/VibratorManagerServiceExtImpl( 1654): startCustomizeVibratorLocked id= 0,size=1
01-19 15:53:19.982 D/VibratorManagerServiceExtImpl( 1654): startCustomizeVibratorLocked withCallback=false
01-19 15:53:19.982 I/mtkpower_client( 1654): ret_hdl:13857
01-19 15:53:19.983 I/libPowerHal( 1025): [setGPUFreq] INTERACTION user set gpu freq min:0, max:-1
01-19 15:53:19.983 I/libPowerHal( 1025): INTERACTION: set gpu opp level: 0
01-19 15:53:19.983 I/libPowerHal( 1025): INTERACTION: set gpu opp level max: 0
01-19 15:53:19.983 I/libPowerHal( 1025): [setGPUFreq] Soft min/max = (0, 0); Hard min/max = (2, 0)
01-19 15:53:19.983 I/libPowerHal( 1025): [setGPUFreq] final min/max = (0, 0)
01-19 15:53:19.983 I/libPowerHal( 1025): INTERACTION: set gpu opp level: 0
01-19 15:53:19.983 I/libPowerHal( 1025): INTERACTION: set gpu opp level max: 0
01-19 15:53:19.985 D/Vibrator( 1111): Vibrator perform 1, 0
01-19 15:53:19.985 I/Vibrator( 1111): Vibrator on for timeoutMs: 30
01-19 15:53:19.985 D/Vibrator( 1111): Vibrator using LED trigger
01-19 15:53:19.985 I/libPowerHal( 1025): cmdSetting - unknown cmd:2004100, scmd:(null) ,param_1:2
01-19 15:53:19.987 I/libPowerHal( 1025): [setGPUFreq] INTERACTION user set gpu freq min:0, max:-1
01-19 15:53:19.987 I/libPowerHal( 1025): INTERACTION: set gpu opp level max: 0
01-19 15:53:19.987 I/libPowerHal( 1025): [setGPUFreq] Soft min/max = (0, 0); Hard min/max = (2, 0)
01-19 15:53:19.987 I/libPowerHal( 1025): [setGPUFreq] final min/max = (0, 0)
01-19 15:53:19.987 I/libPowerHal( 1025): INTERACTION: set gpu opp level: 0
01-19 15:53:19.987 I/libPowerHal( 1025): INTERACTION: set gpu opp level max: 0
01-19 15:53:20.016 D/Vibrator( 1111): Vibrator off
01-19 15:53:20.016 D/Vibrator( 1111): Vibrator using LED trigger
01-19 15:53:20.064 I/mtkpower@impl( 1025): [powerd_req] TIMER_MSG_PERF_LOCK_TIMEOUT hdl:13856
01-19 15:53:20.064 I/libPowerHal( 1025): [perfLockRel] hdl:13856, idx:1
01-19 15:53:20.064 I/libPowerHal( 1025): [unsetGPUFreq] current min:0, max:0; scn_gpu_min:0, scn_gpu_max:-1; scn_gpu_min(HL):-1, scn_gpu_max(HL):-1
01-19 15:53:20.064 I/libPowerHal( 1025): [setGPUFreq] Soft min/max = (0, 0); Hard min/max = (2, 0)
01-19 15:53:20.064 I/libPowerHal( 1025): [setGPUFreq] final min/max = (0, 0)
01-19 15:53:20.064 I/libPowerHal( 1025): INTERACTION: set gpu opp level: 0
01-19 15:53:20.065 I/libPowerHal( 1025): INTERACTION: set gpu opp level max: 0
01-19 15:53:20.066 I/mtkpower@impl( 1025): [powerd_req] TIMER_MSG_PERF_LOCK_TIMEOUT hdl:13858
01-19 15:53:20.066 I/libPowerHal( 1025): [perfLockRel] hdl:13858, idx:3
01-19 15:53:20.066 I/libPowerHal( 1025): [unsetGPUFreq] current min:0, max:0; scn_gpu_min:0, scn_gpu_max:-1; scn_gpu_min(HL):-1, scn_gpu_max(HL):-1
01-19 15:53:20.066 I/libPowerHal( 1025): INTERACTION: set gpu opp level: 1
01-19 15:53:20.066 I/libPowerHal( 1025): INTERACTION: set gpu opp level max: 0
01-19 15:53:20.066 I/libPowerHal( 1025): [setGPUFreq] Soft min/max = (1, 0); Hard min/max = (2, 0)
01-19 15:53:20.066 I/libPowerHal( 1025): [setGPUFreq] final min/max = (1, 0)
01-19 15:53:20.066 I/libPowerHal( 1025): INTERACTION: set gpu opp level: 1
01-19 15:53:20.067 I/libPowerHal( 1025): INTERACTION: set gpu opp level max: 0
01-19 15:53:20.067 I/libPowerHal( 1025): [PD] INTERACTION update cmd:1000000, param:-1
01-19 15:53:20.067 I/libPowerHal( 1025): [PD] INTERACTION update cmd:2020000 param:1
01-19 15:53:20.067 I/libPowerHal( 1025): [PD] INTERACTION update cmd:1000000 param:-1
01-19 15:53:20.083 I/libPowerHal( 1025): [perfLockRel] hdl:13855, idx:0
01-19 15:53:20.084 I/libPowerHal( 1025): MTKPOWER_HINT_APP_TOUCH: cpu_ctrl set cpu freq: -1 -1 -1 -1
01-19 15:53:20.084 I/libPowerHal( 1025): [unsetGPUFreq] current min:1, max:0; scn_gpu_min:1, scn_gpu_max:-1; scn_gpu_min(HL):-1, scn_gpu_max(HL):-1
01-19 15:53:20.084 I/libPowerHal( 1025): MTKPOWER_HINT_APP_TOUCH: set gpu opp level: 2
01-19 15:53:20.084 I/libPowerHal( 1025): MTKPOWER_HINT_APP_TOUCH: set gpu opp level max: 0
01-19 15:53:20.084 I/libPowerHal( 1025): [setGPUFreq] Soft min/max = (2, 0); Hard min/max = (2, 0)
01-19 15:53:20.084 I/libPowerHal( 1025): [setGPUFreq] final min/max = (2, 0)
01-19 15:53:20.084 I/libPowerHal( 1025): MTKPOWER_HINT_APP_TOUCH: set gpu opp level: 2
01-19 15:53:20.084 I/libPowerHal( 1025): MTKPOWER_HINT_APP_TOUCH: set gpu opp level max: 0
01-19 15:53:20.084 D/PowerManagerService( 1654): userActivityNoUpdateLocked: groupId=0, eventTime=217950644, event=2, flags=0x0, uid=1000
01-19 15:53:20.086 I/libPowerHal( 1025): [PD] MTKPOWER_HINT_APP_TOUCH update cmd:3408600 param:0
01-19 15:53:20.087 W/TooltipLifecycleManager(23388): TooltipLifecycleManager.dismissTooltips():153 Tooltip with id SUGGESTION_VIEW_EDU_MINI_DIALOG not found in tooltipManager.
01-19 15:53:20.090 I/libPowerHal( 1025): [setGPUFreq] INTERACTION user set gpu freq min:0, max:-1
01-19 15:53:20.090 I/libPowerHal( 1025): INTERACTION: set gpu opp level: 0
01-19 15:53:20.091 I/libPowerHal( 1025): INTERACTION: set gpu opp level max: 0
01-19 15:53:20.091 I/libPowerHal( 1025): [setGPUFreq] Soft min/max = (0, 0); Hard min/max = (2, 0)
01-19 15:53:20.091 I/libPowerHal( 1025): [setGPUFreq] final min/max = (0, 0)
01-19 15:53:20.091 I/libPowerHal( 1025): INTERACTION: set gpu opp level: 0
01-19 15:53:20.091 I/libPowerHal( 1025): INTERACTION: set gpu opp level max: 0
01-19 15:53:20.091 V/TextView(22851): notifyAutoFillManagerAfterTextChanged
01-19 15:53:20.092 V/AutofillManager(22851): notifyValueChanged(1073741825): ignoring on state FINISHED
01-19 15:53:20.092 I/libPowerHal( 1025): INTERACTION: cpu_ctrl set cpu freq: 2139000 -1 1491000 -1
01-19 15:53:20.093 I/libPowerHal( 1025): [setGPUFreq] INTERACTION user set gpu freq min:0, max:-1
01-19 15:53:20.093 I/libPowerHal( 1025): INTERACTION: set gpu opp level max: 0
01-19 15:53:20.093 I/libPowerHal( 1025): [setGPUFreq] Soft min/max = (0, 0); Hard min/max = (2, 0)
01-19 15:53:20.094 I/libPowerHal( 1025): [setGPUFreq] final min/max = (0, 0)
01-19 15:53:20.094 I/libPowerHal( 1025): INTERACTION: set gpu opp level: 0
01-19 15:53:20.094 I/libPowerHal( 1025): INTERACTION: set gpu opp level max: 0
01-19 15:53:20.109 D/CursorFeedback(22851): getExtraCursorWidth
01-19 15:53:20.109 D/CursorFeedback(22851): getExtraLeftOffset
01-19 15:53:20.172 I/mtkpower@impl( 1025): [powerd_req] TIMER_MSG_PERF_LOCK_TIMEOUT hdl:13859
01-19 15:53:20.172 I/libPowerHal( 1025): [perfLockRel] hdl:13859, idx:0
01-19 15:53:20.173 I/libPowerHal( 1025): [unsetGPUFreq] current min:0, max:0; scn_gpu_min:0, scn_gpu_max:-1; scn_gpu_min(HL):-1, scn_gpu_max(HL):-1
01-19 15:53:20.173 I/libPowerHal( 1025): [setGPUFreq] Soft min/max = (0, 0); Hard min/max = (2, 0)
01-19 15:53:20.173 I/libPowerHal( 1025): [setGPUFreq] final min/max = (0, 0)
01-19 15:53:20.173 I/libPowerHal( 1025): INTERACTION: set gpu opp level: 0
01-19 15:53:20.173 I/libPowerHal( 1025): INTERACTION: set gpu opp level max: 0
01-19 15:53:20.175 I/mtkpower@impl( 1025): [powerd_req] TIMER_MSG_PERF_LOCK_TIMEOUT hdl:13860
01-19 15:53:20.175 I/libPowerHal( 1025): [perfLockRel] hdl:13860, idx:1
01-19 15:53:20.175 I/libPowerHal( 1025): INTERACTION: cpu_ctrl set cpu freq: -1 -1 -1 -1
01-19 15:53:20.175 I/libPowerHal( 1025): [unsetGPUFreq] current min:0, max:0; scn_gpu_min:0, scn_gpu_max:-1; scn_gpu_min(HL):-1, scn_gpu_max(HL):-1
01-19 15:53:20.175 I/libPowerHal( 1025): INTERACTION: set gpu opp level: 2
01-19 15:53:20.175 I/libPowerHal( 1025): INTERACTION: set gpu opp level max: 0
01-19 15:53:20.175 I/libPowerHal( 1025): [setGPUFreq] Soft min/max = (2, 0); Hard min/max = (2, 0)
01-19 15:53:20.175 I/libPowerHal( 1025): [setGPUFreq] final min/max = (2, 0)
01-19 15:53:20.175 I/libPowerHal( 1025): INTERACTION: set gpu opp level: 2
01-19 15:53:20.175 I/libPowerHal( 1025): INTERACTION: set gpu opp level max: 0
01-19 15:53:20.175 I/libPowerHal( 1025): [PD] INTERACTION update cmd:1000000, param:-1
01-19 15:53:20.176 I/libPowerHal( 1025): [PD] INTERACTION update cmd:2020000 param:1
01-19 15:53:20.176 I/libPowerHal( 1025): [PD] INTERACTION update cmd:1000000 param:-1
01-19 15:53:20.195 I/libPowerHal( 1025): [setGPUFreq] MTKPOWER_HINT_APP_TOUCH user set gpu freq min:1, max:-1
01-19 15:53:20.195 I/libPowerHal( 1025): MTKPOWER_HINT_APP_TOUCH: set gpu opp level: 1
01-19 15:53:20.195 I/mtkpower_client( 1654): perf_lock_rel, hdl:13857, tid:2356
01-19 15:53:20.195 I/libPowerHal( 1025): MTKPOWER_HINT_APP_TOUCH: set gpu opp level max: 0
01-19 15:53:20.195 I/libPowerHal( 1025): [setGPUFreq] Soft min/max = (1, 0); Hard min/max = (2, 0)
01-19 15:53:20.195 I/libPowerHal( 1025): [setGPUFreq] final min/max = (1, 0)
01-19 15:53:20.196 I/libPowerHal( 1025): MTKPOWER_HINT_APP_TOUCH: set gpu opp level: 1
01-19 15:53:20.196 I/libPowerHal( 1025): MTKPOWER_HINT_APP_TOUCH: set gpu opp level max: 0
01-19 15:53:20.196 D/PowerManagerService( 1654): userActivityNoUpdateLocked: groupId=0, eventTime=217950752, event=2, flags=0x0, uid=1000
01-19 15:53:20.196 D/OGG_Detector( 1654): D:done mCurrStatus: 0
01-19 15:53:20.196 I/libPowerHal( 1025): MTKPOWER_HINT_APP_TOUCH: cpu_ctrl set cpu freq: 2139000 -1 1491000 -1
01-19 15:53:20.197 I/libPowerHal( 1025): [setGPUFreq] INTERACTION user set gpu freq min:0, max:-1
01-19 15:53:20.197 I/libPowerHal( 1025): INTERACTION: set gpu opp level: 0
01-19 15:53:20.198 I/libPowerHal( 1025): INTERACTION: set gpu opp level max: 0
01-19 15:53:20.198 I/libPowerHal( 1025): [setGPUFreq] Soft min/max = (0, 0); Hard min/max = (2, 0)
01-19 15:53:20.198 I/libPowerHal( 1025): [setGPUFreq] final min/max = (0, 0)
01-19 15:53:20.198 I/libPowerHal( 1025): INTERACTION: set gpu opp level: 0
01-19 15:53:20.198 I/libPowerHal( 1025): INTERACTION: set gpu opp level max: 0
01-19 15:53:20.198 E/SystemServiceRegistry( 1654): Manager wrapper not available: linearmotor
01-19 15:53:20.199 I/mtkpower_client( 1654): perf_lock_acq, hdl:13857, dur:0, num:4, tid:2356
01-19 15:53:20.199 I/libPowerHal( 1025): [perfLockRel] hdl:13857, idx:2
01-19 15:53:20.199 D/SystemVibratorExtImpl( 1654): convertToLinearVibration uid = 10147, opPkg = com.google.android.inputmethod.latin, effect = Composed{segments=[Prebaked{effect=CLICK, strength=MEDIUM, fallback=true}], repeat=-1}, attributes = VibrationAttributes: Usage=TOUCH Audio Usage= USAGE_UNKNOWN Flags=0
01-19 15:53:20.199 D/SystemVibratorExtImpl( 1654): no vibrator_lmvibrator or CTS vibration, do not convert
01-19 15:53:20.199 I/VibratorManagerServiceExtImpl( 1654): vibrate is uid=10147, pid=1654, opPkg=com.google.android.inputmethod.latin, effect=Mono{mEffect=Composed{segments=[Prebaked{effect=CLICK, strength=MEDIUM, fallback=true}], repeat=-1}}, attributes=VibrationAttributes: Usage=TOUCH Audio Usage= USAGE_UNKNOWN Flags=0, token=196348416
01-19 15:53:20.200 D/VibratorManagerServiceExtImpl( 1654): startCustomizeVibratorLocked id= 0,size=1
01-19 15:53:20.200 D/VibratorManagerServiceExtImpl( 1654): startCustomizeVibratorLocked withCallback=false
01-19 15:53:20.201 I/mtkpower_client( 1654): ret_hdl:13863
01-19 15:53:20.201 I/libPowerHal( 1025): cmdSetting - unknown cmd:2004100, scmd:(null) ,param_1:2
01-19 15:53:20.202 I/libPowerHal( 1025): [setGPUFreq] INTERACTION user set gpu freq min:0, max:-1
01-19 15:53:20.202 I/libPowerHal( 1025): INTERACTION: set gpu opp level max: 0
01-19 15:53:20.202 I/libPowerHal( 1025): [setGPUFreq] Soft min/max = (0, 0); Hard min/max = (2, 0)
01-19 15:53:20.202 I/libPowerHal( 1025): [setGPUFreq] final min/max = (0, 0)
01-19 15:53:20.202 I/libPowerHal( 1025): INTERACTION: set gpu opp level: 0
01-19 15:53:20.202 I/libPowerHal( 1025): INTERACTION: set gpu opp level max: 0
01-19 15:53:20.203 D/Vibrator( 1111): Vibrator perform 1, 0
01-19 15:53:20.203 I/Vibrator( 1111): Vibrator on for timeoutMs: 30
01-19 15:53:20.204 D/Vibrator( 1111): Vibrator using LED trigger
01-19 15:53:20.235 D/Vibrator( 1111): Vibrator off
01-19 15:53:20.235 D/Vibrator( 1111): Vibrator using LED trigger
01-19 15:53:20.277 I/mtkpower@impl( 1025): [powerd_req] TIMER_MSG_PERF_LOCK_TIMEOUT hdl:13862
01-19 15:53:20.277 I/libPowerHal( 1025): [perfLockRel] hdl:13862, idx:1
01-19 15:53:20.278 I/libPowerHal( 1025): [unsetGPUFreq] current min:0, max:0; scn_gpu_min:0, scn_gpu_max:-1; scn_gpu_min(HL):-1, scn_gpu_max(HL):-1
01-19 15:53:20.278 I/libPowerHal( 1025): [setGPUFreq] Soft min/max = (0, 0); Hard min/max = (2, 0)
01-19 15:53:20.278 I/libPowerHal( 1025): [setGPUFreq] final min/max = (0, 0)
01-19 15:53:20.278 I/libPowerHal( 1025): INTERACTION: set gpu opp level: 0
01-19 15:53:20.278 I/libPowerHal( 1025): INTERACTION: set gpu opp level max: 0
01-19 15:53:20.282 I/mtkpower@impl( 1025): [powerd_req] TIMER_MSG_PERF_LOCK_TIMEOUT hdl:13864
01-19 15:53:20.282 I/libPowerHal( 1025): [perfLockRel] hdl:13864, idx:3
01-19 15:53:20.283 I/libPowerHal( 1025): [unsetGPUFreq] current min:0, max:0; scn_gpu_min:0, scn_gpu_max:-1; scn_gpu_min(HL):-1, scn_gpu_max(HL):-1
01-19 15:53:20.283 I/libPowerHal( 1025): INTERACTION: set gpu opp level: 1
01-19 15:53:20.283 I/libPowerHal( 1025): INTERACTION: set gpu opp level max: 0
01-19 15:53:20.283 I/libPowerHal( 1025): [setGPUFreq] Soft min/max = (1, 0); Hard min/max = (2, 0)
01-19 15:53:20.283 I/libPowerHal( 1025): [setGPUFreq] final min/max = (1, 0)
01-19 15:53:20.283 I/libPowerHal( 1025): INTERACTION: set gpu opp level: 1
01-19 15:53:20.283 I/libPowerHal( 1025): INTERACTION: set gpu opp level max: 0
01-19 15:53:20.283 I/libPowerHal( 1025): [PD] INTERACTION update cmd:1000000, param:-1
01-19 15:53:20.283 I/libPowerHal( 1025): [PD] INTERACTION update cmd:2020000 param:1
01-19 15:53:20.283 I/libPowerHal( 1025): [PD] INTERACTION update cmd:1000000 param:-1
01-19 15:53:20.284 I/libPowerHal( 1025): [perfLockRel] hdl:13861, idx:0
01-19 15:53:20.285 I/libPowerHal( 1025): MTKPOWER_HINT_APP_TOUCH: cpu_ctrl set cpu freq: -1 -1 -1 -1
01-19 15:53:20.285 I/libPowerHal( 1025): [unsetGPUFreq] current min:1, max:0; scn_gpu_min:1, scn_gpu_max:-1; scn_gpu_min(HL):-1, scn_gpu_max(HL):-1
01-19 15:53:20.285 I/libPowerHal( 1025): MTKPOWER_HINT_APP_TOUCH: set gpu opp level: 2
01-19 15:53:20.285 I/libPowerHal( 1025): MTKPOWER_HINT_APP_TOUCH: set gpu opp level max: 0
01-19 15:53:20.285 I/libPowerHal( 1025): [setGPUFreq] Soft min/max = (2, 0); Hard min/max = (2, 0)
01-19 15:53:20.285 I/libPowerHal( 1025): [setGPUFreq] final min/max = (2, 0)
01-19 15:53:20.285 I/libPowerHal( 1025): MTKPOWER_HINT_APP_TOUCH: set gpu opp level: 2
01-19 15:53:20.285 I/libPowerHal( 1025): MTKPOWER_HINT_APP_TOUCH: set gpu opp level max: 0
01-19 15:53:20.286 I/libPowerHal( 1025): [PD] MTKPOWER_HINT_APP_TOUCH update cmd:3408600 param:0
01-19 15:53:20.287 W/TooltipLifecycleManager(23388): TooltipLifecycleManager.dismissTooltips():153 Tooltip with id SUGGESTION_VIEW_EDU_MINI_DIALOG not found in tooltipManager.
01-19 15:53:20.292 V/TextView(22851): notifyAutoFillManagerAfterTextChanged
01-19 15:53:20.293 V/AutofillManager(22851): notifyValueChanged(1073741825): ignoring on state FINISHED
01-19 15:53:20.310 D/CursorFeedback(22851): getExtraCursorWidth
01-19 15:53:20.311 D/CursorFeedback(22851): getExtraLeftOffset
01-19 15:53:20.731 I/libPowerHal( 1025): [setGPUFreq] MTKPOWER_HINT_APP_TOUCH user set gpu freq min:1, max:-1
01-19 15:53:20.731 I/libPowerHal( 1025): MTKPOWER_HINT_APP_TOUCH: set gpu opp level: 1
01-19 15:53:20.731 I/libPowerHal( 1025): MTKPOWER_HINT_APP_TOUCH: set gpu opp level max: 0
01-19 15:53:20.731 I/mtkpower_client( 1654): perf_lock_rel, hdl:13863, tid:2356
01-19 15:53:20.731 V/AutofillManager(22851): requestHideFillUi(null): anchor = null
01-19 15:53:20.731 I/libPowerHal( 1025): [setGPUFreq] Soft min/max = (1, 0); Hard min/max = (2, 0)
01-19 15:53:20.731 I/libPowerHal( 1025): [setGPUFreq] final min/max = (1, 0)
01-19 15:53:20.731 I/libPowerHal( 1025): MTKPOWER_HINT_APP_TOUCH: set gpu opp level: 1
01-19 15:53:20.731 D/PowerManagerService( 1654): userActivityNoUpdateLocked: groupId=0, eventTime=217951287, event=2, flags=0x0, uid=1000
01-19 15:53:20.732 I/libPowerHal( 1025): MTKPOWER_HINT_APP_TOUCH: set gpu opp level max: 0
01-19 15:53:20.732 I/libPowerHal( 1025): MTKPOWER_HINT_APP_TOUCH: cpu_ctrl set cpu freq: 2139000 -1 1491000 -1
01-19 15:53:20.733 D/OGG_Detector( 1654): D:done mCurrStatus: 0
01-19 15:53:20.734 I/libPowerHal( 1025): [setGPUFreq] INTERACTION user set gpu freq min:0, max:-1
01-19 15:53:20.734 I/libPowerHal( 1025): INTERACTION: set gpu opp level: 0
01-19 15:53:20.734 I/libPowerHal( 1025): INTERACTION: set gpu opp level max: 0
01-19 15:53:20.734 I/libPowerHal( 1025): [setGPUFreq] Soft min/max = (0, 0); Hard min/max = (2, 0)
01-19 15:53:20.734 I/libPowerHal( 1025): [setGPUFreq] final min/max = (0, 0)
01-19 15:53:20.734 I/libPowerHal( 1025): INTERACTION: set gpu opp level: 0
01-19 15:53:20.734 I/libPowerHal( 1025): INTERACTION: set gpu opp level max: 0
01-19 15:53:20.735 I/mtkpower_client( 1654): perf_lock_acq, hdl:13863, dur:0, num:4, tid:2356
01-19 15:53:20.735 I/libPowerHal( 1025): [perfLockRel] hdl:13863, idx:2
01-19 15:53:20.736 I/libPowerHal( 1025): [setGPUFreq] INTERACTION user set gpu freq min:0, max:-1
01-19 15:53:20.736 I/libPowerHal( 1025): INTERACTION: set gpu opp level max: 0
01-19 15:53:20.736 I/libPowerHal( 1025): [setGPUFreq] Soft min/max = (0, 0); Hard min/max = (2, 0)
01-19 15:53:20.736 I/libPowerHal( 1025): [setGPUFreq] final min/max = (0, 0)
01-19 15:53:20.736 I/libPowerHal( 1025): INTERACTION: set gpu opp level: 0
01-19 15:53:20.736 I/libPowerHal( 1025): INTERACTION: set gpu opp level max: 0
01-19 15:53:20.737 I/mtkpower_client( 1654): ret_hdl:13868
01-19 15:53:20.737 I/libPowerHal( 1025): cmdSetting - unknown cmd:2004100, scmd:(null) ,param_1:2
01-19 15:53:20.815 I/mtkpower@impl( 1025): [powerd_req] TIMER_MSG_PERF_LOCK_TIMEOUT hdl:13866
01-19 15:53:20.815 I/libPowerHal( 1025): [perfLockRel] hdl:13866, idx:1
01-19 15:53:20.815 I/libPowerHal( 1025): [unsetGPUFreq] current min:0, max:0; scn_gpu_min:0, scn_gpu_max:-1; scn_gpu_min(HL):-1, scn_gpu_max(HL):-1
01-19 15:53:20.815 I/libPowerHal( 1025): [setGPUFreq] Soft min/max = (0, 0); Hard min/max = (2, 0)
01-19 15:53:20.815 I/libPowerHal( 1025): [setGPUFreq] final min/max = (0, 0)
01-19 15:53:20.815 I/libPowerHal( 1025): INTERACTION: set gpu opp level: 0
01-19 15:53:20.815 I/libPowerHal( 1025): INTERACTION: set gpu opp level max: 0
01-19 15:53:20.816 I/mtkpower@impl( 1025): [powerd_req] TIMER_MSG_PERF_LOCK_TIMEOUT hdl:13867
01-19 15:53:20.816 I/libPowerHal( 1025): [perfLockRel] hdl:13867, idx:3
01-19 15:53:20.817 I/libPowerHal( 1025): [unsetGPUFreq] current min:0, max:0; scn_gpu_min:0, scn_gpu_max:-1; scn_gpu_min(HL):-1, scn_gpu_max(HL):-1
01-19 15:53:20.817 I/libPowerHal( 1025): INTERACTION: set gpu opp level: 1
01-19 15:53:20.817 I/libPowerHal( 1025): INTERACTION: set gpu opp level max: 0
01-19 15:53:20.817 I/libPowerHal( 1025): [setGPUFreq] Soft min/max = (1, 0); Hard min/max = (2, 0)
01-19 15:53:20.817 I/libPowerHal( 1025): [setGPUFreq] final min/max = (1, 0)
01-19 15:53:20.817 I/libPowerHal( 1025): INTERACTION: set gpu opp level: 1
01-19 15:53:20.817 I/libPowerHal( 1025): INTERACTION: set gpu opp level max: 0
01-19 15:53:20.817 I/libPowerHal( 1025): [PD] INTERACTION update cmd:1000000, param:-1
01-19 15:53:20.817 I/libPowerHal( 1025): [PD] INTERACTION update cmd:2020000 param:1
01-19 15:53:20.817 I/libPowerHal( 1025): [PD] INTERACTION update cmd:1000000 param:-1
01-19 15:53:20.835 I/libPowerHal( 1025): [perfLockRel] hdl:13865, idx:0
01-19 15:53:20.836 D/PowerManagerService( 1654): userActivityNoUpdateLocked: groupId=0, eventTime=217951396, event=2, flags=0x0, uid=1000
01-19 15:53:20.836 I/libPowerHal( 1025): MTKPOWER_HINT_APP_TOUCH: cpu_ctrl set cpu freq: -1 -1 -1 -1
01-19 15:53:20.836 I/libPowerHal( 1025): [unsetGPUFreq] current min:1, max:0; scn_gpu_min:1, scn_gpu_max:-1; scn_gpu_min(HL):-1, scn_gpu_max(HL):-1
01-19 15:53:20.836 I/libPowerHal( 1025): MTKPOWER_HINT_APP_TOUCH: set gpu opp level: 2
01-19 15:53:20.836 I/libPowerHal( 1025): MTKPOWER_HINT_APP_TOUCH: set gpu opp level max: 0
01-19 15:53:20.836 I/libPowerHal( 1025): [setGPUFreq] Soft min/max = (2, 0); Hard min/max = (2, 0)
01-19 15:53:20.836 I/libPowerHal( 1025): [setGPUFreq] final min/max = (2, 0)
01-19 15:53:20.836 I/libPowerHal( 1025): MTKPOWER_HINT_APP_TOUCH: set gpu opp level: 2
01-19 15:53:20.837 I/libPowerHal( 1025): MTKPOWER_HINT_APP_TOUCH: set gpu opp level max: 0
01-19 15:53:20.838 V/AutofillManager(22851): ignoring notifyViewEntered(flags=0, view=1073741826) on state FINISHED because view was already entered: {1073741824, 1073741825, 1073741826}
01-19 15:53:20.839 I/libPowerHal( 1025): [PD] MTKPOWER_HINT_APP_TOUCH update cmd:3408600 param:0
01-19 15:53:20.841 I/libPowerHal( 1025): [setGPUFreq] INTERACTION user set gpu freq min:0, max:-1
01-19 15:53:20.841 I/libPowerHal( 1025): INTERACTION: set gpu opp level: 0
01-19 15:53:20.842 I/libPowerHal( 1025): INTERACTION: set gpu opp level max: 0
01-19 15:53:20.842 I/libPowerHal( 1025): [setGPUFreq] Soft min/max = (0, 0); Hard min/max = (2, 0)
01-19 15:53:20.843 I/libPowerHal( 1025): [setGPUFreq] final min/max = (0, 0)
01-19 15:53:20.843 I/libPowerHal( 1025): INTERACTION: set gpu opp level: 0
01-19 15:53:20.843 D/InputMethodManagerService( 1654): isSecurity: attribute.packageName=com.THLight.BLE.USBeacon.Writer.Simple.dev mCurMethodId=com.google.android.inputmethod.latin/com.android.inputmethod.latin.LatinIME
01-19 15:53:20.843 I/libPowerHal( 1025): INTERACTION: set gpu opp level max: 0
01-19 15:53:20.843 D/InputMethodManagerService( 1654): isSecurity= false (  enable=false needShow=true inBlackList=false isExist=false )
01-19 15:53:20.843 I/libPowerHal( 1025): INTERACTION: cpu_ctrl set cpu freq: 2139000 -1 1491000 -1
01-19 15:53:20.845 I/libPowerHal( 1025): [setGPUFreq] INTERACTION user set gpu freq min:0, max:-1
01-19 15:53:20.845 I/libPowerHal( 1025): INTERACTION: set gpu opp level max: 0
01-19 15:53:20.845 I/libPowerHal( 1025): [setGPUFreq] Soft min/max = (0, 0); Hard min/max = (2, 0)
01-19 15:53:20.845 I/libPowerHal( 1025): [setGPUFreq] final min/max = (0, 0)
01-19 15:53:20.845 I/libPowerHal( 1025): INTERACTION: set gpu opp level: 0
01-19 15:53:20.845 I/libPowerHal( 1025): INTERACTION: set gpu opp level max: 0
01-19 15:53:20.846 V/AutofillInlineSuggestionsRequestSession( 1654): onInputMethodFinishInputView() received
01-19 15:53:20.846 I/GoogleInputMethodService(23388): GoogleInputMethodService.onFinishInputView():1577 onFinishInputView(true)
01-19 15:53:20.846 I/GlobeKeyExtension(23388): GlobeKeyExtension.onDeactivate():144 
01-19 15:53:20.847 D/InputMethodManager(22851): showSoftInput() view=android.widget.EditText{b9fac7b VFED..CL. .F.P..ID 32,299-592,342 #7f090049 app:id/activityCreateAccount_confirmPassWordEditText aid=1073741826} flags=0 reason=SHOW_SOFT_INPUT
01-19 15:53:20.847 W/TooltipLifecycleManager(23388): TooltipLifecycleManager.dismissTooltips():153 Tooltip with id SUGGESTION_VIEW_EDU_MINI_DIALOG not found in tooltipManager.
01-19 15:53:20.848 I/VoiceInputManagerWrapper(23388): VoiceInputManagerWrapper.shutdown():131 shutdown()
01-19 15:53:20.851 W/TooltipLifecycleManager(23388): TooltipLifecycleManager.dismissTooltips():153 Tooltip with id spell_check_add_to_dictionary not found in tooltipManager.
01-19 15:53:20.852 I/AndroidIME(23388): AbstractIme.onDeactivate():213 PasswordIme.onDeactivate()
01-19 15:53:20.853 D/CursorFeedback(22851): getExtraCursorWidth
01-19 15:53:20.853 D/CursorFeedback(22851): getExtraLeftOffset
01-19 15:53:20.855 I/PrimesLoggerHolder(23388): FrameMetricServiceImpl.stopAsFuture():239 Measurement not found: OnConfigurationChanged
01-19 15:53:20.855 I/GoogleInputMethodService(23388): GoogleInputMethodService.onFinishInput():2092 
01-19 15:53:20.855 W/RemoteInputConnectionImpl(22851): requestCursorAnchorInfo on inactive InputConnection
01-19 15:53:20.856 V/AutofillInlineSuggestionsRequestSession( 1654): onInputMethodFinishInput() received
01-19 15:53:20.856 I/Module  (23388): DeviceLockedStatusModuleProvider$Module.updateDeviceLockedStatus():103 repeatCheckTimes = 0, locked = false
01-19 15:53:20.858 V/AutofillInlineSuggestionsRequestSession( 1654): onInputMethodStartInput() received on 1073741826
01-19 15:53:20.858 I/GoogleInputMethodService(23388): GoogleInputMethodService.onStartInput():1349 onStartInput(EditorInfo{EditorInfo{packageName=com.THLight.BLE.USBeacon.Writer.Simple.dev, inputType=81, inputTypeString=Password[], enableLearning=false, autoCorrection=false, autoComplete=true, imeOptions=4000006, privateImeOptions=null, actionName=DONE, actionLabel=null, initialSelStart=0, initialSelEnd=0, initialCapsMode=0, label=null, fieldId=2131296329, fieldName=null, extras=Bundle[{com.oplus.im.SCENES=0}], hintText=non-empty, hintLocales=[]}}, false)
01-19 15:53:20.859 I/Module  (23388): DeviceLockedStatusModuleProvider$Module.updateDeviceLockedStatus():103 repeatCheckTimes = 1, locked = false
01-19 15:53:20.860 V/AutofillInlineSuggestionsRequestSession( 1654): onInputMethodStartInputView() received
01-19 15:53:20.860 I/GoogleInputMethodService(23388): GoogleInputMethodService.onStartInputView():1447 onStartInputView(EditorInfo{EditorInfo{packageName=com.THLight.BLE.USBeacon.Writer.Simple.dev, inputType=81, inputTypeString=Password[], enableLearning=false, autoCorrection=false, autoComplete=true, imeOptions=4000006, privateImeOptions=null, actionName=DONE, actionLabel=null, initialSelStart=0, initialSelEnd=0, initialCapsMode=0, label=null, fieldId=2131296329, fieldName=null, extras=Bundle[{com.oplus.im.SCENES=0}], hintText=non-empty, hintLocales=[]}}, false)
01-19 15:53:20.861 W/ModuleManager(23388): ModuleManager.loadModule():572 Module oaw is not available
01-19 15:53:20.861 I/KeyboardHeightUtil(23388): KeyboardHeightUtil.getOemKeyboardHeightRatio():81 systemKeyboardHeightRatio:1.000000.
01-19 15:53:20.866 I/AndroidIME(23388): InputBundleManager.loadActiveInputBundleId():528 loadActiveInputBundleId: und-Latn-x-password, password
01-19 15:53:20.866 I/AndroidIME(23388): AbstractIme.onActivate():95 PasswordIme.onActivate() : EditorInfo = EditorInfo{packageName=com.THLight.BLE.USBeacon.Writer.Simple.dev, inputType=81, inputTypeString=Password[], enableLearning=false, autoCorrection=false, autoComplete=true, imeOptions=4000006, privateImeOptions=null, actionName=DONE, actionLabel=null, initialSelStart=0, initialSelEnd=0, initialCapsMode=0, label=null, fieldId=2131296329, fieldName=null, extras=Bundle[{com.oplus.im.SCENES=0}], hintText=non-empty, hintLocales=[]}, IncognitoMode = false, DeviceLocked = false
01-19 15:53:20.867 I/KeyboardWrapper(23388): KeyboardWrapper.activateKeyboard():582 activateKeyboard(): type=prime, status=INACTIVE, imeDef=nch{stringId=password, language=und-Latn-x-password, languageTag=und-Latn-x-password, processedConditions={writing_helper_enable_by_word_revert=false, variant=qwerty, true=true, language=en-US, enable_number_row=true, device=phone, enable_number_row_in_password=true, enable_pk_simulator=false}, className=com.google.android.libraries.inputmethod.ime.password.PasswordIme, label=2132019326, keyEventInterpreter=null, inlineComposing=true, autoCapital=true, announceAutoSelectedCandidate=true, statusIcon=0, indicatorIcon=0, indicatorLabel=null, displayAppCompletions=false, extraValues=nca{}, processors=nea@8862537, unacceptableMetaKeys=4098, languageSpecificSettings=0, asciiCapable=false, alwaysShowSuggestions=false, useAsciiPasswordKeyboard=false, keyboardGroupDef=ndj@ffecaa4, phenotypeFlagId=0, localizationLanguageTag=null, supportsInlineSuggestion=false}
01-19 15:53:20.868 I/KeyboardManager(23388): KeyboardManager.requestKeyboard():249 Creating keyboard prime, imeId=password, cacheKey=theme,!gsf,!pgsans,!pgsf,!use_system_font,BORDER,EXPRESSION_PAPERCUTS_V2,FLAVOR_DPI=XHDPI,IS_LIGHT,KEYBOARD_WIDTH_CATEGORY=NORMAL,KEY_BORDER_SHAPE=1,LIGHT_THEME=true,PHYSICAL_DIAGONAL=5.2785535,POPUP,SCREEN_SHORTEST_WIDTH=360,SCREEN_SHORTEST_WIDTH_NO_SCALE=360,XHDPI,bottom4dp,enable_popup_on_keypress=true,keyboard_redesign_google_sans=true,non_linear_scale,noshadow,overlay_builtin_dynamic_color_light_base.binarypb:gm3-light-fffcf8ff-ff5a5892-eebb947a29854d55ba5fc4f56cf7942a,silkpopup,use_expression_papercuts_v2_colors=true
01-19 15:53:20.869 I/KeyboardWrapper(23388): KeyboardWrapper.onKeyboardReady():224 onKeyboardReady(): type=prime(prime), kb=com.google.android.apps.inputmethod.latin.keyboard.LatinPasswordKeyboard@33d9072
01-19 15:53:20.870 I/KeyboardWrapper(23388): KeyboardWrapper.doActivateKeyboard():612 doActivateKeyboard(): prime
01-19 15:53:20.875 I/BaseKeyboardSizeHelper(23388): BaseKeyboardSizeHelper.calculateMaxKeyboardBodyHeight():73 leave 194 height for app when ime window height:1440, header height:88 and isFullscreenMode:false, so the max keyboard body height is:1158
01-19 15:53:20.875 W/TooltipLifecycleManager(23388): TooltipLifecycleManager.dismissTooltips():153 Tooltip with id undo_access_point_promotion_banner not found in tooltipManager.
01-19 15:53:20.876 I/GlobeKeyExtension(23388): GlobeKeyExtension.getKeyboardInitialStates():175 
01-19 15:53:20.877 W/Keyboard(23388): Keyboard.getKeyboardViewHelper():604 null helper is returned: keyboardDef=ndb{processedConditions={show_comma_key=true, enable_more_candidates_view_for_multilingual=false, layout_9key_split=false, enable_secondary_symbols=false, pref_enable_flick_symbols=false, language=en-US, deprecate_long_press_space_for_ime_picker=false, show_suggestion_strip=true, expressions=normal, android_software_xr_api_spatial=false, variant=qwerty, show_period_key=true, enable_number_row=true, device=phone, keyboard_mode=normal, show_secondary_digits=false, enable_preemptive_decode=true, enable_pk_simulator=false}, globalConditions={global_theme_key=theme,!gsf,!pgsans,!pgsf,!use_system_font,BORDER,EXPRESSION_PAPERCUTS_V2,FLAVOR_DPI=XHDPI,IS_LIGHT,KEYBOARD_WIDTH_CATEGORY=NORMAL,KEY_BORDER_SHAPE=1,LIGHT_THEME=true,PHYSICAL_DIAGONAL=5.2785535,POPUP,SCREEN_SHORTEST_WIDTH=360,SCREEN_SHORTEST_WIDTH_NO_SCALE=360,XHDPI,bottom4dp,enable_popup_on_keypress=true,keyboard_redesign_google_sans=true,non_linear_scale,noshadow,overlay_builtin_dynamic_color_light_base.binarypb:gm3-light-fffcf8ff-ff5a5892-eebb947a29854d55ba5fc4f56cf7942a,silkpopup,use_expression_papercuts_v2_colors=true, global_locale=en_US, global_density_dpi=320, global_orientation=1}, className=.latin.keyboard.LatinPasswordKeyboard, resourceIds=[#0x7f1705ff, #0x7f170891, #0x7f1706bf], initialStates=0, keyboardViewDefs=[ndr{direction=null, id=#0x7f0b0227, isScalable=true, layoutId=#0x7f0e02b2, type=BODY, touchable=true, defaultShow=true}, ndr{direction=null, id=#0x7f0b0227, isScalable=false, layoutId=#0x7f0e020e, type=FLOATING_CANDIDATES, touchable=false, defaultShow=false}, ndr{direction=LOCALE, id=#0x7f0b0227, isScalable=false, layoutId=#0x7f0e0514, type=HEADER, touchable=true, defaultShow=true}], persistentStates=0, persistentStatesPrefKey=null, popupBubbleLayoutId=#0x7f0e0602, recentKeyLayoutId=#0x0, recentKeyPopupLayoutId=#0x0, recentKeyType=null, rememberRecentKey=NONE, sessionStates=17592186044419}, type=WIDGET, helpersCreated={HEADER=mpl@c4f6f4c, BODY=mpl@283bb95, FLOATING_CANDIDATES=mpl@f7c74aa}, context.getResources().getConfiguration(): {1.0 ?mcc?mnc [en_US] ldltr sw360dp w360dp h720dp 320dpi nrml long port finger -keyb/v/h -nav/h winConfig={ mBounds=Rect(0, 0 - 720, 1600) mAppBounds=Rect(0, 72 - 720, 1512) mMaxBounds=Rect(0, 0 - 720, 1600) mDisplayRotation=ROTATION_0 mWindowingMode=fullscreen mDisplayWindowingMode=fullscreen mActivityType=undefined mAlwaysOnTop=undefined mRotation=ROTATION_0} s.10 fontWeightAdjustment=0mThemeChanged= 0, mThemeChangedFlags= 0, mFlipFont= 0, mAccessibleChanged= -1, mUxIconConfig= 3465543965406134305, mMaterialColor= 0, mUserId= 0, mFontUserId= 0, mFontVariationSettings= 226, mFoldingAngle = -1.0, mIconPackName= , mDarkModeBackgroundMaxL= 0.0, mDarkModeDialogBgMaxL= 27.0, mDarkModeForegroundMinL= 100.0, mOplusConfigType= 1, mOplusChangedConfigs= 0, OpSans= 0, mFlag= 0}
01-19 15:53:20.878 I/BaseKeyboardSizeHelper(23388): BaseKeyboardSizeHelper.calculateMaxKeyboardBodyHeight():73 leave 194 height for app when ime window height:1440, header height:88 and isFullscreenMode:false, so the max keyboard body height is:1158
01-19 15:53:20.885 I/AndroidIME(23388): InputBundleManager.startInput():358 startInput() with ndn[keyboardType=prime, payload=null]
01-19 15:53:20.885 I/GlobeKeyExtension(23388): GlobeKeyExtension.onActivate():120 
01-19 15:53:20.887 I/NewLanguagePromptExtension(23388): NewLanguagePromptExtension.onActivate():189 Not activated NewLanguagePromptExtension: not a normal text input box.
01-19 15:53:20.888 I/VoiceInputManagerWrapper(23388): VoiceInputManagerWrapper.cancelShutdown():109 cancelShutdown()
01-19 15:53:20.888 I/VoiceInputManagerWrapper(23388): VoiceInputManagerWrapper.syncLanguagePacks():121 syncLanguagePacks()
01-19 15:53:20.888 I/VoiceInputManager(23388): VoiceInputManager.onKeyboardActivated():1213 onKeyboardActivated() [UD]
01-19 15:53:20.889 I/SpeechFactory(23388): SpeechRecognitionFactory.maybeScheduleAutoPackDownloadForFallback():217 maybeScheduleAutoPackDownloadForFallback()
01-19 15:53:20.889 I/FallbackOnDeviceRecognitionProvider(23388): FallbackOnDeviceRecognitionProvider.maybeScheduleAutoPackDownload():205 maybeScheduleAutoPackDownload() for language tag en-US
01-19 15:53:20.889 I/PkModeUpdater(23388): PkModeUpdater.onActivate():74 onActivate false true
01-19 15:53:20.890 I/AccessoryInputModeManager(23388): AccessoryInputModeManager.onModeStarted():321 Accessory input mode started: null
01-19 15:53:20.890 W/SupplementaryKeyboardsWrapper(23388): SupplementaryKeyboardsWrapper.deactivateKeyboard():162 keyboard accessory_candidates_consumer is not activated before!
01-19 15:53:20.894 I/KeyboardModeUtils(23388): KeyboardModeUtils.getKeyboardBottomOffset():435 inch: 0.000000 ydpi: 269.209991 adjustKeyboardBottomByDisplaySize: false currentDensityDpi: 320 defaultDensityDpi: 320 keyboardBottomToScreenPx: 0 keyboardBottomToNavBarPx: -88 navBarHeight: 88
01-19 15:53:20.895 I/BaseKeyboardSizeHelper(23388): BaseKeyboardSizeHelper.calculateMaxKeyboardBodyHeight():73 leave 194 height for app when ime window height:1440, header height:88 and isFullscreenMode:false, so the max keyboard body height is:1158
01-19 15:53:20.895 I/BaseKeyboardSizeHelper(23388): BaseKeyboardSizeHelper.calculateMaxKeyboardBodyHeight():73 leave 194 height for app when ime window height:1440, header height:88 and isFullscreenMode:false, so the max keyboard body height is:1158
01-19 15:53:20.895 I/BaseKeyboardSizeHelper(23388): BaseKeyboardSizeHelper.calculateMaxKeyboardBodyHeight():73 leave 194 height for app when ime window height:1440, header height:88 and isFullscreenMode:false, so the max keyboard body height is:1158
01-19 15:53:20.895 I/BaseKeyboardSizeHelper(23388): BaseKeyboardSizeHelper.calculateMaxKeyboardBodyHeight():73 leave 194 height for app when ime window height:1440, header height:88 and isFullscreenMode:false, so the max keyboard body height is:1158
01-19 15:53:20.895 W/NormalModeController(23388): NormalModeController.adjustKeyboardBodyHeightRatio():214 Invalid height ratio from decoder -1.000000!
01-19 15:53:20.896 W/ExtensionWrapper(23388): ExtensionWrapper.setExtensionViewVisibility():863 interface msq is not activate
01-19 15:53:20.899 I/Module  (23388): DeviceLockedStatusModuleProvider$Module.updateDeviceLockedStatus():103 repeatCheckTimes = 1, locked = false
01-19 15:53:20.901 V/AutofillInlineSuggestionsRequestSession( 1654): onInputMethodShowInputRequested() received: true
01-19 15:53:20.902 V/AutofillInlineSuggestionsRequestSession( 1654): onInputMethodShowInputRequested() received: true
01-19 15:53:20.903 W/OnBackInvokedCallback(22851): OnBackInvokedCallback is not enabled for the application.
01-19 15:53:20.903 W/OnBackInvokedCallback(22851): Set 'android:enableOnBackInvokedCallback="true"' in the application manifest.
01-19 15:53:20.905 D/InsetsController(22851): show(ime(), fromIme=true)
01-19 15:53:20.908 D/InputMethodManagerService( 1654): onHandleImeWindowVisibleStatus: vis = 3, needsToShowImeSwitcher = false
01-19 15:53:20.911 D/InsetsController(22851): show(ime(), fromIme=true)
01-19 15:53:20.915 D/InputMethodManagerService( 1654): onHandleImeWindowVisibleStatus: vis = 3, needsToShowImeSwitcher = false
01-19 15:53:20.916 I/KeyboardModeUtils(23388): KeyboardModeUtils.getKeyboardBottomOffset():435 inch: 0.000000 ydpi: 269.209991 adjustKeyboardBottomByDisplaySize: false currentDensityDpi: 320 defaultDensityDpi: 320 keyboardBottomToScreenPx: 0 keyboardBottomToNavBarPx: -88 navBarHeight: 88
01-19 15:53:20.917 I/BaseKeyboardSizeHelper(23388): BaseKeyboardSizeHelper.calculateMaxKeyboardBodyHeight():73 leave 194 height for app when ime window height:1440, header height:88 and isFullscreenMode:false, so the max keyboard body height is:1158
01-19 15:53:20.917 I/BaseKeyboardSizeHelper(23388): BaseKeyboardSizeHelper.calculateMaxKeyboardBodyHeight():73 leave 194 height for app when ime window height:1440, header height:88 and isFullscreenMode:false, so the max keyboard body height is:1158
01-19 15:53:20.917 I/WindowMetricsNotification(23388): WindowMetricsNotification.notifyWithWindow():166 
01-19 15:53:20.918 I/WindowMetricsNotification(23388): WindowMetricsNotification.notify():159 pze[bounds=Rect(0, 72 - 720, 1600), insets=Rect(0, 0 - 0, 88), densityDpi=320, smallestScreenWidthDp=360, displayWidth=720, displayHeight=1600, xdpi=269.21, ydpi=269.21, isTrustable=true, displayId=0]; DisplayMetrics{density=2.0, width=720, height=1600, scaledDensity=2.0, xdpi=269.21, ydpi=269.21}
01-19 15:53:20.924 I/mtkpower@impl( 1025): [powerd_req] TIMER_MSG_PERF_LOCK_TIMEOUT hdl:13869
01-19 15:53:20.924 I/libPowerHal( 1025): [perfLockRel] hdl:13869, idx:0
01-19 15:53:20.924 I/libPowerHal( 1025): [unsetGPUFreq] current min:0, max:0; scn_gpu_min:0, scn_gpu_max:-1; scn_gpu_min(HL):-1, scn_gpu_max(HL):-1
01-19 15:53:20.924 I/libPowerHal( 1025): [setGPUFreq] Soft min/max = (0, 0); Hard min/max = (2, 0)
01-19 15:53:20.924 I/libPowerHal( 1025): [setGPUFreq] final min/max = (0, 0)
01-19 15:53:20.924 I/libPowerHal( 1025): INTERACTION: set gpu opp level: 0
01-19 15:53:20.924 I/libPowerHal( 1025): INTERACTION: set gpu opp level max: 0
01-19 15:53:20.926 I/mtkpower@impl( 1025): [powerd_req] TIMER_MSG_PERF_LOCK_TIMEOUT hdl:13870
01-19 15:53:20.926 I/libPowerHal( 1025): [perfLockRel] hdl:13870, idx:1
01-19 15:53:20.926 I/libPowerHal( 1025): INTERACTION: cpu_ctrl set cpu freq: -1 -1 -1 -1
01-19 15:53:20.926 I/libPowerHal( 1025): [unsetGPUFreq] current min:0, max:0; scn_gpu_min:0, scn_gpu_max:-1; scn_gpu_min(HL):-1, scn_gpu_max(HL):-1
01-19 15:53:20.926 I/libPowerHal( 1025): INTERACTION: set gpu opp level: 2
01-19 15:53:20.926 I/libPowerHal( 1025): INTERACTION: set gpu opp level max: 0
01-19 15:53:20.926 I/libPowerHal( 1025): [setGPUFreq] Soft min/max = (2, 0); Hard min/max = (2, 0)
01-19 15:53:20.926 I/libPowerHal( 1025): [setGPUFreq] final min/max = (2, 0)
01-19 15:53:20.926 I/libPowerHal( 1025): INTERACTION: set gpu opp level: 2
01-19 15:53:20.926 I/libPowerHal( 1025): INTERACTION: set gpu opp level max: 0
01-19 15:53:20.926 I/libPowerHal( 1025): [PD] INTERACTION update cmd:1000000, param:-1
01-19 15:53:20.927 I/libPowerHal( 1025): [PD] INTERACTION update cmd:2020000 param:1
01-19 15:53:20.927 I/libPowerHal( 1025): [PD] INTERACTION update cmd:1000000 param:-1
01-19 15:53:20.927 I/GoogleInputMethodService(23388): GoogleInputMethodService$1.onKeyboardViewShown():323 onKeyboardViewShown: keyboardType=prime, keyboardViewType=HEADER keyboardView=com.google.android.libraries.inputmethod.widgets.SoftKeyboardView{9dab461 V.E...... ........ 0,0-720,88}
01-19 15:53:20.928 I/BaseKeyboardSizeHelper(23388): BaseKeyboardSizeHelper.calculateMaxKeyboardBodyHeight():73 leave 194 height for app when ime window height:1440, header height:88 and isFullscreenMode:false, so the max keyboard body height is:1158
01-19 15:53:20.929 I/GoogleInputMethodService(23388): GoogleInputMethodService$1.onKeyboardViewShown():323 onKeyboardViewShown: keyboardType=prime, keyboardViewType=BODY keyboardView=com.google.android.libraries.inputmethod.widgets.SoftKeyboardView{5123045 V.E...... ........ 0,0-720,504}
01-19 15:53:20.929 I/BaseKeyboardSizeHelper(23388): BaseKeyboardSizeHelper.calculateMaxKeyboardBodyHeight():73 leave 194 height for app when ime window height:1440, header height:88 and isFullscreenMode:false, so the max keyboard body height is:1158
01-19 15:53:20.930 I/GlobeKeyExtension(23388): GlobeKeyExtension$1.onKeyboardViewShown():72 maybeDisableLanguageSwitchKeyPref when the keyboard is shown
01-19 15:53:20.930 I/GlobeKeyExtension(23388): GlobeKeyExtension.maybeDisableLanguageSwitchKeyPref():200 maybeDisableLanguageSwitchKeyPref hasGlobeKeyBeenDisabled: false, shouldDisableLanguageSwitchKey: false
01-19 15:53:20.930 I/NewLanguagePromptExtension(23388): NewLanguagePromptExtension$1.onKeyboardViewShown():88 Not show new language banner: not prime keyboard, or the extension not activated.
01-19 15:53:21.315 I/libPowerHal( 1025): [setGPUFreq] MTKPOWER_HINT_APP_TOUCH user set gpu freq min:1, max:-1
01-19 15:53:21.315 I/libPowerHal( 1025): MTKPOWER_HINT_APP_TOUCH: set gpu opp level: 1
01-19 15:53:21.316 I/mtkpower_client( 1654): perf_lock_rel, hdl:13868, tid:2356
01-19 15:53:21.316 I/libPowerHal( 1025): MTKPOWER_HINT_APP_TOUCH: set gpu opp level max: 0
01-19 15:53:21.316 I/libPowerHal( 1025): [setGPUFreq] Soft min/max = (1, 0); Hard min/max = (2, 0)
01-19 15:53:21.316 I/libPowerHal( 1025): [setGPUFreq] final min/max = (1, 0)
01-19 15:53:21.316 I/libPowerHal( 1025): MTKPOWER_HINT_APP_TOUCH: set gpu opp level: 1
01-19 15:53:21.316 I/libPowerHal( 1025): MTKPOWER_HINT_APP_TOUCH: set gpu opp level max: 0
01-19 15:53:21.317 D/PowerManagerService( 1654): userActivityNoUpdateLocked: groupId=0, eventTime=217951872, event=2, flags=0x0, uid=1000
01-19 15:53:21.317 I/libPowerHal( 1025): MTKPOWER_HINT_APP_TOUCH: cpu_ctrl set cpu freq: 2139000 -1 1491000 -1
01-19 15:53:21.317 D/OGG_Detector( 1654): D:done mCurrStatus: 0
01-19 15:53:21.319 I/libPowerHal( 1025): [perfLockRel] hdl:13868, idx:2
01-19 15:53:21.319 I/mtkpower_client( 1654): perf_lock_acq, hdl:13868, dur:0, num:4, tid:2356
01-19 15:53:21.320 I/libPowerHal( 1025): [setGPUFreq] INTERACTION user set gpu freq min:0, max:-1
01-19 15:53:21.320 I/libPowerHal( 1025): INTERACTION: set gpu opp level: 0
01-19 15:53:21.320 I/libPowerHal( 1025): INTERACTION: set gpu opp level max: 0
01-19 15:53:21.320 I/libPowerHal( 1025): [setGPUFreq] Soft min/max = (0, 0); Hard min/max = (2, 0)
01-19 15:53:21.320 I/libPowerHal( 1025): [setGPUFreq] final min/max = (0, 0)
01-19 15:53:21.320 I/libPowerHal( 1025): INTERACTION: set gpu opp level: 0
01-19 15:53:21.320 I/libPowerHal( 1025): INTERACTION: set gpu opp level max: 0
01-19 15:53:21.321 E/SystemServiceRegistry( 1654): Manager wrapper not available: linearmotor
01-19 15:53:21.321 I/mtkpower_client( 1654): ret_hdl:13873
01-19 15:53:21.321 I/libPowerHal( 1025): cmdSetting - unknown cmd:2004100, scmd:(null) ,param_1:2
01-19 15:53:21.321 D/SystemVibratorExtImpl( 1654): convertToLinearVibration uid = 10147, opPkg = com.google.android.inputmethod.latin, effect = Composed{segments=[Prebaked{effect=CLICK, strength=MEDIUM, fallback=true}], repeat=-1}, attributes = VibrationAttributes: Usage=TOUCH Audio Usage= USAGE_UNKNOWN Flags=0
01-19 15:53:21.321 D/SystemVibratorExtImpl( 1654): no vibrator_lmvibrator or CTS vibration, do not convert
01-19 15:53:21.321 I/VibratorManagerServiceExtImpl( 1654): vibrate is uid=10147, pid=1654, opPkg=com.google.android.inputmethod.latin, effect=Mono{mEffect=Composed{segments=[Prebaked{effect=CLICK, strength=MEDIUM, fallback=true}], repeat=-1}}, attributes=VibrationAttributes: Usage=TOUCH Audio Usage= USAGE_UNKNOWN Flags=0, token=196348416
01-19 15:53:21.322 D/VibratorManagerServiceExtImpl( 1654): startCustomizeVibratorLocked id= 0,size=1
01-19 15:53:21.322 D/VibratorManagerServiceExtImpl( 1654): startCustomizeVibratorLocked withCallback=false
01-19 15:53:21.322 I/libPowerHal( 1025): [setGPUFreq] INTERACTION user set gpu freq min:0, max:-1
01-19 15:53:21.322 I/libPowerHal( 1025): INTERACTION: set gpu opp level max: 0
01-19 15:53:21.322 I/libPowerHal( 1025): [setGPUFreq] Soft min/max = (0, 0); Hard min/max = (2, 0)
01-19 15:53:21.322 I/libPowerHal( 1025): [setGPUFreq] final min/max = (0, 0)
01-19 15:53:21.322 I/libPowerHal( 1025): INTERACTION: set gpu opp level: 0
01-19 15:53:21.322 I/libPowerHal( 1025): INTERACTION: set gpu opp level max: 0
01-19 15:53:21.325 D/Vibrator( 1111): Vibrator perform 1, 0
01-19 15:53:21.325 I/Vibrator( 1111): Vibrator on for timeoutMs: 30
01-19 15:53:21.325 D/Vibrator( 1111): Vibrator using LED trigger
01-19 15:53:21.356 D/Vibrator( 1111): Vibrator off
01-19 15:53:21.356 D/Vibrator( 1111): Vibrator using LED trigger
01-19 15:53:21.401 I/mtkpower@impl( 1025): [powerd_req] TIMER_MSG_PERF_LOCK_TIMEOUT hdl:13872
01-19 15:53:21.401 I/libPowerHal( 1025): [perfLockRel] hdl:13872, idx:1
01-19 15:53:21.401 I/libPowerHal( 1025): [unsetGPUFreq] current min:0, max:0; scn_gpu_min:0, scn_gpu_max:-1; scn_gpu_min(HL):-1, scn_gpu_max(HL):-1
01-19 15:53:21.401 I/libPowerHal( 1025): [setGPUFreq] Soft min/max = (0, 0); Hard min/max = (2, 0)
01-19 15:53:21.401 I/libPowerHal( 1025): [setGPUFreq] final min/max = (0, 0)
01-19 15:53:21.401 I/libPowerHal( 1025): INTERACTION: set gpu opp level: 0
01-19 15:53:21.401 I/libPowerHal( 1025): INTERACTION: set gpu opp level max: 0
01-19 15:53:21.403 I/mtkpower@impl( 1025): [powerd_req] TIMER_MSG_PERF_LOCK_TIMEOUT hdl:13874
01-19 15:53:21.403 I/libPowerHal( 1025): [perfLockRel] hdl:13874, idx:3
01-19 15:53:21.403 I/libPowerHal( 1025): [unsetGPUFreq] current min:0, max:0; scn_gpu_min:0, scn_gpu_max:-1; scn_gpu_min(HL):-1, scn_gpu_max(HL):-1
01-19 15:53:21.403 I/libPowerHal( 1025): INTERACTION: set gpu opp level: 1
01-19 15:53:21.403 I/libPowerHal( 1025): INTERACTION: set gpu opp level max: 0
01-19 15:53:21.403 I/libPowerHal( 1025): [setGPUFreq] Soft min/max = (1, 0); Hard min/max = (2, 0)
01-19 15:53:21.403 I/libPowerHal( 1025): [setGPUFreq] final min/max = (1, 0)
01-19 15:53:21.403 I/libPowerHal( 1025): INTERACTION: set gpu opp level: 1
01-19 15:53:21.403 I/libPowerHal( 1025): INTERACTION: set gpu opp level max: 0
