01-19 15:47:59.902 I/bt_btm  ( 2751): LogMsg: Direct send, transport=2, xmit_window=6, le_xmit_window=8, sent_not_acked=0, link_xmit_quota=8
01-19 15:47:59.902 I/bt_btm  ( 2751): LogMsg: No next buffer, skipping
01-19 15:47:59.902 I/bt_btm  ( 2751): LogMsg: l2c_link_process_num_completed_pkts: TotalWin=8,LinkUnack(0x200)=0,RRCheck=0,RRUnack=0
01-19 15:47:59.909 I/bt_btm  ( 2751): LogMsg: btm_bda_to_acl: bda=60:77:71:fc:68:cf transport=2
01-19 15:47:59.910 V/bt_stack( 2751): [VERBOSE1:gatt_main.cc(1054)] gatt_get_ch_state: ch_state=4
01-19 15:47:59.910 I/bt_stack( 2751): [INFO:gatt_cl.cc(1194)] gatt_client_handle_server_rsp opcode: 0x01
01-19 15:47:59.910 I/bt_stack( 2751): [INFO:gatt_cl.cc(533)] gatt_process_error_rsp
01-19 15:47:59.910 V/bt_stack( 2751): [VERBOSE1:gatt_cl.cc(494)] gatt_proc_disc_error_rspreason: 0a cmd_code 0008
01-19 15:47:59.910 V/bt_stack( 2751): [VERBOSE1:gatt_cl.cc(504)] Discovery completed
01-19 15:47:59.910 I/bt_stack( 2751): [INFO:gatt_utils.cc(1500)] gatt_end_operation status=0 op=1 subtype=4
01-19 15:47:59.910 I/bt_stack( 2751): [INFO:bta_gattc_cache.cc(521)] bta_gattc_disc_cmpl_cback: disc_type=4
01-19 15:47:59.910 V/bt_stack( 2751): [VERBOSE1:bta_gattc_cache.cc(299)] starting discover characteristics descriptor
01-19 15:47:59.910 V/bt_stack( 2751): [VERBOSE1:bta_gattc_cache.cc(193)] Start service discovery
01-19 15:47:59.910 I/bt_stack( 2751): [INFO:gatt_api.cc(711)] GATTC_Discover conn_id=0x0008, disc_type=3, s_handle=0x001c, e_handle=0x0022
01-19 15:47:59.910 I/bt_stack( 2751): [INFO:gatt_cl.cc(101)] gatt_act_discovery opcode: 0x08
01-19 15:47:59.910 I/bluetooth( 2751): attp_cl_send_cmd: Sending ATT command to l2cap cid:0x0004 eatt_channels:0 transport:BT_TRANSPORT_LE
01-19 15:47:59.910 I/bt_btm  ( 2751): LogMsg: l2c_link_check_send_pkts: l2cb.controller_xmit_window=6
01-19 15:47:59.910 I/bt_btm  ( 2751): LogMsg: Direct send, transport=2, xmit_window=6, le_xmit_window=8, sent_not_acked=0, link_xmit_quota=8
01-19 15:47:59.910 I/bt_btm  ( 2751): LogMsg: Sending to lower layer
01-19 15:47:59.910 I/bt_btm  ( 2751): LogMsg: l2c_link_send_to_lower_ble: TotalWin=7,Hndl=0x200,Quota=8,Unack=1,RRQuota=0,RRUnack=0
01-19 15:47:59.910 I/bt_btm  ( 2751): LogMsg: No next buffer, skipping
01-19 15:47:59.910 I/bt_l2cap( 2751): LogMsg: l2cu_no_dynamic_ccbs NO IDLE timeout set for fixed cid 0x0004
01-19 15:47:59.910 I/bluetooth( 2751): attp_cl_send_cmd: Starting ATT response timer
01-19 15:47:59.914 W/ExportedFlags(22956): java.lang.NoClassDefFoundError: Failed resolution of: Landroid/os/flagging/AconfigPackage;
01-19 15:47:59.915 I/GH.WifiBluetoothRcvr(22956): Connection action: android.bluetooth.device.action.ACL_CONNECTED, device 60:77:71:FC:68:CF
01-19 15:47:59.917 I/bt_btm  ( 2751): LogMsg: l2c_link_check_send_pkts: l2cb.controller_xmit_window=6
01-19 15:47:59.917 I/bt_btm  ( 2751): LogMsg: Direct send, transport=2, xmit_window=6, le_xmit_window=8, sent_not_acked=0, link_xmit_quota=8
01-19 15:47:59.917 I/bt_btm  ( 2751): LogMsg: No next buffer, skipping
01-19 15:47:59.917 I/bt_btm  ( 2751): LogMsg: l2c_link_process_num_completed_pkts: TotalWin=8,LinkUnack(0x200)=0,RRCheck=0,RRUnack=0
01-19 15:47:59.925 D/nativeloader(22975): Load libframework-connectivity-jni.so using APEX ns com_android_tethering for caller /apex/com.android.tethering/javalib/framework-connectivity.jar: ok
01-19 15:47:59.925 I/bt_btm  ( 2751): LogMsg: btm_bda_to_acl: bda=60:77:71:fc:68:cf transport=2
01-19 15:47:59.925 V/bt_stack( 2751): [VERBOSE1:gatt_main.cc(1054)] gatt_get_ch_state: ch_state=4
01-19 15:47:59.925 I/bt_stack( 2751): [INFO:gatt_cl.cc(1194)] gatt_client_handle_server_rsp opcode: 0x01
01-19 15:47:59.925 I/bt_stack( 2751): [INFO:gatt_cl.cc(533)] gatt_process_error_rsp
01-19 15:47:59.925 V/bt_stack( 2751): [VERBOSE1:gatt_cl.cc(494)] gatt_proc_disc_error_rspreason: 0a cmd_code 0008
01-19 15:47:59.925 V/bt_stack( 2751): [VERBOSE1:gatt_cl.cc(504)] Discovery completed
01-19 15:47:59.925 I/bt_stack( 2751): [INFO:gatt_utils.cc(1500)] gatt_end_operation status=0 op=1 subtype=3
01-19 15:47:59.925 I/bt_stack( 2751): [INFO:bta_gattc_cache.cc(521)] bta_gattc_disc_cmpl_cback: disc_type=3
01-19 15:47:59.925 I/bt_stack( 2751): [INFO:gatt_api.cc(711)] GATTC_Discover conn_id=0x0008, disc_type=4, s_handle=0x001c, e_handle=0x0022
01-19 15:47:59.925 I/bt_stack( 2751): [INFO:gatt_cl.cc(101)] gatt_act_discovery opcode: 0x08
01-19 15:47:59.925 I/bluetooth( 2751): attp_cl_send_cmd: Sending ATT command to l2cap cid:0x0004 eatt_channels:0 transport:BT_TRANSPORT_LE
01-19 15:47:59.925 I/bt_btm  ( 2751): LogMsg: l2c_link_check_send_pkts: l2cb.controller_xmit_window=6
01-19 15:47:59.925 I/bt_btm  ( 2751): LogMsg: Direct send, transport=2, xmit_window=6, le_xmit_window=8, sent_not_acked=0, link_xmit_quota=8
01-19 15:47:59.925 I/bt_btm  ( 2751): LogMsg: Sending to lower layer
01-19 15:47:59.925 I/bt_btm  ( 2751): LogMsg: l2c_link_send_to_lower_ble: TotalWin=7,Hndl=0x200,Quota=8,Unack=1,RRQuota=0,RRUnack=0
01-19 15:47:59.925 I/bt_btm  ( 2751): LogMsg: No next buffer, skipping
01-19 15:47:59.926 I/bt_l2cap( 2751): LogMsg: l2cu_no_dynamic_ccbs NO IDLE timeout set for fixed cid 0x0004
01-19 15:47:59.926 I/bluetooth( 2751): attp_cl_send_cmd: Starting ATT response timer
01-19 15:47:59.930 V/GraphicsEnvironment(22975): ANGLE Developer option for 'com.google.android.projection.gearhead' set to: 'default'
01-19 15:47:59.932 V/GraphicsEnvironment(22975): ANGLE GameManagerService for com.google.android.projection.gearhead: false
01-19 15:47:59.932 I/bt_btm  ( 2751): LogMsg: l2c_link_check_send_pkts: l2cb.controller_xmit_window=6
01-19 15:47:59.932 I/bt_btm  ( 2751): LogMsg: Direct send, transport=2, xmit_window=6, le_xmit_window=8, sent_not_acked=0, link_xmit_quota=8
01-19 15:47:59.932 I/bt_btm  ( 2751): LogMsg: No next buffer, skipping
01-19 15:47:59.932 I/bt_btm  ( 2751): LogMsg: l2c_link_process_num_completed_pkts: TotalWin=8,LinkUnack(0x200)=0,RRCheck=0,RRUnack=0
01-19 15:47:59.932 V/GraphicsEnvironment(22975): Neither updatable production driver nor prerelease driver is supported.
01-19 15:47:59.938 D/NetworkSecurityConfig(22975): No Network Security Config specified, using platform default
01-19 15:47:59.939 D/NetworkSecurityConfig(22975): No Network Security Config specified, using platform default
01-19 15:47:59.940 I/bt_btm  ( 2751): LogMsg: btm_bda_to_acl: bda=60:77:71:fc:68:cf transport=2
01-19 15:47:59.940 V/bt_stack( 2751): [VERBOSE1:gatt_main.cc(1054)] gatt_get_ch_state: ch_state=4
01-19 15:47:59.940 I/bt_stack( 2751): [INFO:gatt_cl.cc(1194)] gatt_client_handle_server_rsp opcode: 0x09
01-19 15:47:59.940 I/bt_stack( 2751): [INFO:gatt_cl.cc(799)] gatt_process_read_by_type_rspop=1 subtype=4
01-19 15:47:59.940 I/bt_stack( 2751): [INFO:gatt_cl.cc(983)] gatt_process_read_by_type_rsp: initiate another discovery request
01-19 15:47:59.940 I/bt_stack( 2751): [INFO:gatt_cl.cc(101)] gatt_act_discovery opcode: 0x08
01-19 15:47:59.940 I/bluetooth( 2751): attp_cl_send_cmd: Sending ATT command to l2cap cid:0x0004 eatt_channels:0 transport:BT_TRANSPORT_LE
01-19 15:47:59.940 I/bt_btm  ( 2751): LogMsg: l2c_link_check_send_pkts: l2cb.controller_xmit_window=6
01-19 15:47:59.940 I/bt_btm  ( 2751): LogMsg: Direct send, transport=2, xmit_window=6, le_xmit_window=8, sent_not_acked=0, link_xmit_quota=8
01-19 15:47:59.940 I/bt_btm  ( 2751): LogMsg: Sending to lower layer
01-19 15:47:59.940 I/bt_btm  ( 2751): LogMsg: l2c_link_send_to_lower_ble: TotalWin=7,Hndl=0x200,Quota=8,Unack=1,RRQuota=0,RRUnack=0
01-19 15:47:59.940 I/bt_btm  ( 2751): LogMsg: No next buffer, skipping
01-19 15:47:59.941 I/bt_l2cap( 2751): LogMsg: l2cu_no_dynamic_ccbs NO IDLE timeout set for fixed cid 0x0004
01-19 15:47:59.941 I/bluetooth( 2751): attp_cl_send_cmd: Starting ATT response timer
01-19 15:47:59.947 I/bt_btm  ( 2751): LogMsg: l2c_link_check_send_pkts: l2cb.controller_xmit_window=6
01-19 15:47:59.947 I/bt_btm  ( 2751): LogMsg: Direct send, transport=2, xmit_window=6, le_xmit_window=8, sent_not_acked=0, link_xmit_quota=8
01-19 15:47:59.947 I/bt_btm  ( 2751): LogMsg: No next buffer, skipping
01-19 15:47:59.947 I/bt_btm  ( 2751): LogMsg: l2c_link_process_num_completed_pkts: TotalWin=8,LinkUnack(0x200)=0,RRCheck=0,RRUnack=0
01-19 15:47:59.950 I/GH.CarSvcDataStorage(22956): Using DB version: 13
01-19 15:47:59.951 I/CAR.GH  (22975): onCreate
01-19 15:47:59.952 D/CompatibilityChangeReporter( 1654): Compat change id reported: 319212206; UID 10122; state: ENABLED
01-19 15:47:59.955 I/bt_btm  ( 2751): LogMsg: btm_bda_to_acl: bda=60:77:71:fc:68:cf transport=2
01-19 15:47:59.955 V/bt_stack( 2751): [VERBOSE1:gatt_main.cc(1054)] gatt_get_ch_state: ch_state=4
01-19 15:47:59.955 I/bt_stack( 2751): [INFO:gatt_cl.cc(1194)] gatt_client_handle_server_rsp opcode: 0x01
01-19 15:47:59.955 I/bt_stack( 2751): [INFO:gatt_cl.cc(533)] gatt_process_error_rsp
01-19 15:47:59.955 V/bt_stack( 2751): [VERBOSE1:gatt_cl.cc(494)] gatt_proc_disc_error_rspreason: 0a cmd_code 0008
01-19 15:47:59.955 V/bt_stack( 2751): [VERBOSE1:gatt_cl.cc(504)] Discovery completed
01-19 15:47:59.955 I/bt_stack( 2751): [INFO:gatt_utils.cc(1500)] gatt_end_operation status=0 op=1 subtype=4
01-19 15:47:59.955 I/bt_stack( 2751): [INFO:bta_gattc_cache.cc(521)] bta_gattc_disc_cmpl_cback: disc_type=4
01-19 15:47:59.955 V/bt_stack( 2751): [VERBOSE1:bta_gattc_cache.cc(299)] starting discover characteristics descriptor
01-19 15:47:59.955 I/bt_stack( 2751): [INFO:gatt_api.cc(711)] GATTC_Discover conn_id=0x0008, disc_type=5, s_handle=0x001f, e_handle=0x001f
01-19 15:47:59.955 I/bt_stack( 2751): [INFO:gatt_cl.cc(101)] gatt_act_discovery opcode: 0x04
01-19 15:47:59.955 I/bluetooth( 2751): attp_cl_send_cmd: Sending ATT command to l2cap cid:0x0004 eatt_channels:0 transport:BT_TRANSPORT_LE
01-19 15:47:59.955 I/bt_btm  ( 2751): LogMsg: l2c_link_check_send_pkts: l2cb.controller_xmit_window=6
01-19 15:47:59.955 I/bt_btm  ( 2751): LogMsg: Direct send, transport=2, xmit_window=6, le_xmit_window=8, sent_not_acked=0, link_xmit_quota=8
01-19 15:47:59.955 I/bt_btm  ( 2751): LogMsg: Sending to lower layer
01-19 15:47:59.955 I/bt_btm  ( 2751): LogMsg: l2c_link_send_to_lower_ble: TotalWin=7,Hndl=0x200,Quota=8,Unack=1,RRQuota=0,RRUnack=0
01-19 15:47:59.955 I/bt_btm  ( 2751): LogMsg: No next buffer, skipping
01-19 15:47:59.955 I/bt_l2cap( 2751): LogMsg: l2cu_no_dynamic_ccbs NO IDLE timeout set for fixed cid 0x0004
01-19 15:47:59.955 I/bluetooth( 2751): attp_cl_send_cmd: Starting ATT response timer
01-19 15:47:59.957 I/GH.WifiBluetoothRcvr(22956): Wireless projection is available on this phone.
01-19 15:47:59.959 D/ConnectivityService( 1654): NetReassign [no changes] [c 0] [a 2] [i 5]
01-19 15:47:59.961 I/GH.ConnBroadcast(22956): Internet connected
01-19 15:47:59.962 I/bt_btm  ( 2751): LogMsg: l2c_link_check_send_pkts: l2cb.controller_xmit_window=6
01-19 15:47:59.962 I/bt_btm  ( 2751): LogMsg: Direct send, transport=2, xmit_window=6, le_xmit_window=8, sent_not_acked=0, link_xmit_quota=8
01-19 15:47:59.962 I/bt_btm  ( 2751): LogMsg: No next buffer, skipping
01-19 15:47:59.962 I/bt_btm  ( 2751): LogMsg: l2c_link_process_num_completed_pkts: TotalWin=8,LinkUnack(0x200)=0,RRCheck=0,RRUnack=0
01-19 15:47:59.962 D/CompatibilityChangeReporter(22975): Compat change id reported: 183155436; UID 10122; state: ENABLED
01-19 15:47:59.969 I/bt_btm  ( 2751): LogMsg: btm_bda_to_acl: bda=60:77:71:fc:68:cf transport=2
01-19 15:47:59.970 V/bt_stack( 2751): [VERBOSE1:gatt_main.cc(1054)] gatt_get_ch_state: ch_state=4
01-19 15:47:59.970 I/bt_stack( 2751): [INFO:gatt_cl.cc(1194)] gatt_client_handle_server_rsp opcode: 0x05
01-19 15:47:59.970 I/bt_stack( 2751): [INFO:gatt_utils.cc(1500)] gatt_end_operation status=0 op=1 subtype=5
01-19 15:47:59.970 I/bt_stack( 2751): [INFO:bta_gattc_cache.cc(521)] bta_gattc_disc_cmpl_cback: disc_type=5
01-19 15:47:59.970 V/bt_stack( 2751): [VERBOSE1:bta_gattc_cache.cc(299)] starting discover characteristics descriptor
01-19 15:47:59.970 I/bt_stack( 2751): [INFO:gatt_api.cc(711)] GATTC_Discover conn_id=0x0008, disc_type=5, s_handle=0x0022, e_handle=0x0022
01-19 15:47:59.970 I/bt_stack( 2751): [INFO:gatt_cl.cc(101)] gatt_act_discovery opcode: 0x04
01-19 15:47:59.970 I/bluetooth( 2751): attp_cl_send_cmd: Sending ATT command to l2cap cid:0x0004 eatt_channels:0 transport:BT_TRANSPORT_LE
01-19 15:47:59.970 I/bt_btm  ( 2751): LogMsg: l2c_link_check_send_pkts: l2cb.controller_xmit_window=6
01-19 15:47:59.970 I/bt_btm  ( 2751): LogMsg: Direct send, transport=2, xmit_window=6, le_xmit_window=8, sent_not_acked=0, link_xmit_quota=8
01-19 15:47:59.970 W/CAR.BTCapsStore(22956): Device not bonded, thus it's not currently AAW capable.
01-19 15:47:59.970 I/bt_btm  ( 2751): LogMsg: Sending to lower layer
01-19 15:47:59.970 I/bt_btm  ( 2751): LogMsg: l2c_link_send_to_lower_ble: TotalWin=7,Hndl=0x200,Quota=8,Unack=1,RRQuota=0,RRUnack=0
01-19 15:47:59.970 I/bt_btm  ( 2751): LogMsg: No next buffer, skipping
01-19 15:47:59.970 I/bt_l2cap( 2751): LogMsg: l2cu_no_dynamic_ccbs NO IDLE timeout set for fixed cid 0x0004
01-19 15:47:59.970 I/bluetooth( 2751): attp_cl_send_cmd: Starting ATT response timer
01-19 15:47:59.971 I/CAR.BTCapsStore(22956): AAW status (NOT_BONDED).
01-19 15:47:59.976 W/CAR.BTCapsStore(22956): Device not bonded, thus it's not currently AAW capable.
01-19 15:47:59.976 I/CAR.BTCapsStore(22956): AAW status (NOT_BONDED).
01-19 15:47:59.977 I/bt_btm  ( 2751): LogMsg: l2c_link_check_send_pkts: l2cb.controller_xmit_window=6
01-19 15:47:59.977 I/bt_btm  ( 2751): LogMsg: Direct send, transport=2, xmit_window=6, le_xmit_window=8, sent_not_acked=0, link_xmit_quota=8
01-19 15:47:59.977 I/bt_btm  ( 2751): LogMsg: No next buffer, skipping
01-19 15:47:59.977 I/bt_btm  ( 2751): LogMsg: l2c_link_process_num_completed_pkts: TotalWin=8,LinkUnack(0x200)=0,RRCheck=0,RRUnack=0
01-19 15:47:59.980 I/GH.ConnLoggerV2(22956): Started session 0d90177b-b032-483a-b8db-7461c504fcf7, start time = 219322067
01-19 15:47:59.985 I/bt_btm  ( 2751): LogMsg: btm_bda_to_acl: bda=60:77:71:fc:68:cf transport=2
01-19 15:47:59.985 V/bt_stack( 2751): [VERBOSE1:gatt_main.cc(1054)] gatt_get_ch_state: ch_state=4
01-19 15:47:59.985 I/bt_stack( 2751): [INFO:gatt_cl.cc(1194)] gatt_client_handle_server_rsp opcode: 0x05
01-19 15:47:59.985 I/bt_stack( 2751): [INFO:gatt_utils.cc(1500)] gatt_end_operation status=0 op=1 subtype=5
01-19 15:47:59.985 I/bt_stack( 2751): [INFO:bta_gattc_cache.cc(521)] bta_gattc_disc_cmpl_cback: disc_type=5
01-19 15:47:59.985 V/bt_stack( 2751): [VERBOSE1:bta_gattc_cache.cc(299)] starting discover characteristics descriptor
01-19 15:47:59.985 V/bt_stack( 2751): [VERBOSE1:bta_gattc_cache.cc(193)] Start service discovery
01-19 15:47:59.985 I/bt_stack( 2751): [INFO:gatt_api.cc(711)] GATTC_Discover conn_id=0x0008, disc_type=3, s_handle=0x0023, e_handle=0xffff
01-19 15:47:59.985 I/bt_stack( 2751): [INFO:gatt_cl.cc(101)] gatt_act_discovery opcode: 0x08
01-19 15:47:59.985 I/bluetooth( 2751): attp_cl_send_cmd: Sending ATT command to l2cap cid:0x0004 eatt_channels:0 transport:BT_TRANSPORT_LE
01-19 15:47:59.985 I/bt_btm  ( 2751): LogMsg: l2c_link_check_send_pkts: l2cb.controller_xmit_window=6
01-19 15:47:59.985 I/bt_btm  ( 2751): LogMsg: Direct send, transport=2, xmit_window=6, le_xmit_window=8, sent_not_acked=0, link_xmit_quota=8
01-19 15:47:59.985 I/bt_btm  ( 2751): LogMsg: Sending to lower layer
01-19 15:47:59.985 I/bt_btm  ( 2751): LogMsg: l2c_link_send_to_lower_ble: TotalWin=7,Hndl=0x200,Quota=8,Unack=1,RRQuota=0,RRUnack=0
01-19 15:47:59.985 I/bt_btm  ( 2751): LogMsg: No next buffer, skipping
01-19 15:47:59.985 I/bt_l2cap( 2751): LogMsg: l2cu_no_dynamic_ccbs NO IDLE timeout set for fixed cid 0x0004
01-19 15:47:59.985 I/bluetooth( 2751): attp_cl_send_cmd: Starting ATT response timer
01-19 15:47:59.989 I/GH.PrimesMgr(22975): transmitting to prod
01-19 15:47:59.992 I/bt_btm  ( 2751): LogMsg: l2c_link_check_send_pkts: l2cb.controller_xmit_window=6
01-19 15:47:59.992 I/bt_btm  ( 2751): LogMsg: Direct send, transport=2, xmit_window=6, le_xmit_window=8, sent_not_acked=0, link_xmit_quota=8
01-19 15:47:59.992 I/bt_btm  ( 2751): LogMsg: No next buffer, skipping
01-19 15:47:59.992 I/bt_btm  ( 2751): LogMsg: l2c_link_process_num_completed_pkts: TotalWin=8,LinkUnack(0x200)=0,RRCheck=0,RRUnack=0
01-19 15:48:00.000 I/bt_btm  ( 2751): LogMsg: btm_bda_to_acl: bda=60:77:71:fc:68:cf transport=2
01-19 15:48:00.000 V/bt_stack( 2751): [VERBOSE1:gatt_main.cc(1054)] gatt_get_ch_state: ch_state=4
01-19 15:48:00.000 I/bt_stack( 2751): [INFO:gatt_cl.cc(1194)] gatt_client_handle_server_rsp opcode: 0x01
01-19 15:48:00.000 I/bt_stack( 2751): [INFO:gatt_cl.cc(533)] gatt_process_error_rsp
01-19 15:48:00.000 V/bt_stack( 2751): [VERBOSE1:gatt_cl.cc(494)] gatt_proc_disc_error_rspreason: 0a cmd_code 0008
01-19 15:48:00.000 V/bt_stack( 2751): [VERBOSE1:gatt_cl.cc(504)] Discovery completed
01-19 15:48:00.000 I/bt_stack( 2751): [INFO:gatt_utils.cc(1500)] gatt_end_operation status=0 op=1 subtype=3
01-19 15:48:00.000 I/bt_stack( 2751): [INFO:bta_gattc_cache.cc(521)] bta_gattc_disc_cmpl_cback: disc_type=3
01-19 15:48:00.000 I/CAR.GH  (22975): Process: CAR
01-19 15:48:00.000 I/bt_stack( 2751): [INFO:gatt_api.cc(711)] GATTC_Discover conn_id=0x0008, disc_type=4, s_handle=0x0023, e_handle=0xffff
01-19 15:48:00.000 I/bt_stack( 2751): [INFO:gatt_cl.cc(101)] gatt_act_discovery opcode: 0x08
01-19 15:48:00.000 I/bluetooth( 2751): attp_cl_send_cmd: Sending ATT command to l2cap cid:0x0004 eatt_channels:0 transport:BT_TRANSPORT_LE
01-19 15:48:00.000 I/bt_btm  ( 2751): LogMsg: l2c_link_check_send_pkts: l2cb.controller_xmit_window=6
01-19 15:48:00.000 I/bt_btm  ( 2751): LogMsg: Direct send, transport=2, xmit_window=6, le_xmit_window=8, sent_not_acked=0, link_xmit_quota=8
01-19 15:48:00.000 I/bt_btm  ( 2751): LogMsg: Sending to lower layer
01-19 15:48:00.000 I/bt_btm  ( 2751): LogMsg: l2c_link_send_to_lower_ble: TotalWin=7,Hndl=0x200,Quota=8,Unack=1,RRQuota=0,RRUnack=0
01-19 15:48:00.000 I/bt_btm  ( 2751): LogMsg: No next buffer, skipping
01-19 15:48:00.000 I/bt_l2cap( 2751): LogMsg: l2cu_no_dynamic_ccbs NO IDLE timeout set for fixed cid 0x0004
01-19 15:48:00.000 I/bluetooth( 2751): attp_cl_send_cmd: Starting ATT response timer
01-19 15:48:00.001 I/CAR.GH  (22975): Channel: PROD
01-19 15:48:00.006 D/PhoneScreenOnTime(23265): affairType:231
01-19 15:48:00.007 I/GH.ConnLoggerV2(22956): Session 0d90177b-b032-483a-b8db-7461c504fcf7, event 0, detail OptionalInt.empty, SESSION_STARTED, at 219322067 
01-19 15:48:00.007 I/bt_btm  ( 2751): LogMsg: l2c_link_check_send_pkts: l2cb.controller_xmit_window=6
01-19 15:48:00.007 I/bt_btm  ( 2751): LogMsg: Direct send, transport=2, xmit_window=6, le_xmit_window=8, sent_not_acked=0, link_xmit_quota=8
01-19 15:48:00.007 I/bt_btm  ( 2751): LogMsg: No next buffer, skipping
01-19 15:48:00.007 I/bt_btm  ( 2751): LogMsg: l2c_link_process_num_completed_pkts: TotalWin=8,LinkUnack(0x200)=0,RRCheck=0,RRUnack=0
01-19 15:48:00.007 D/SingleClockView( 2315): updateTime,  24hfmt=true, h=15, m=48
01-19 15:48:00.008 D/Utils   (23265): getLastScrChangeTime: 1768808820008
01-19 15:48:00.009 D/Utils   (23265): getScrOnSeconds: 63779993
01-19 15:48:00.009 D/Utils   (23265): setLastScrChangeTime: 1768808880006
01-19 15:48:00.011 D/Utils   (23265): setScrOnSeconds: 63839991
01-19 15:48:00.012 D/PhoneUsageTime(23265): affairType:231
01-19 15:48:00.013 D/Utils   (23265): getLastChargeTime: 1768808820023
01-19 15:48:00.014 I/AdapterProperties( 2751): getBondedDevices: length=0
01-19 15:48:00.014 D/Utils   (23265): getLastChargeDurationTime: 63742610
01-19 15:48:00.015 I/bt_btm  ( 2751): LogMsg: btm_bda_to_acl: bda=60:77:71:fc:68:cf transport=2
01-19 15:48:00.015 V/bt_stack( 2751): [VERBOSE1:gatt_main.cc(1054)] gatt_get_ch_state: ch_state=4
01-19 15:48:00.015 I/bt_stack( 2751): [INFO:gatt_cl.cc(1194)] gatt_client_handle_server_rsp opcode: 0x09
01-19 15:48:00.015 I/bt_stack( 2751): [INFO:gatt_cl.cc(799)] gatt_process_read_by_type_rspop=1 subtype=4
01-19 15:48:00.015 I/bt_stack( 2751): [INFO:gatt_cl.cc(983)] gatt_process_read_by_type_rsp: initiate another discovery request
01-19 15:48:00.015 I/bt_stack( 2751): [INFO:gatt_cl.cc(101)] gatt_act_discovery opcode: 0x08
01-19 15:48:00.015 I/bluetooth( 2751): attp_cl_send_cmd: Sending ATT command to l2cap cid:0x0004 eatt_channels:0 transport:BT_TRANSPORT_LE
01-19 15:48:00.015 I/bt_btm  ( 2751): LogMsg: l2c_link_check_send_pkts: l2cb.controller_xmit_window=6
01-19 15:48:00.015 I/bt_btm  ( 2751): LogMsg: Direct send, transport=2, xmit_window=6, le_xmit_window=8, sent_not_acked=0, link_xmit_quota=8
01-19 15:48:00.015 I/bt_btm  ( 2751): LogMsg: Sending to lower layer
01-19 15:48:00.015 I/bt_btm  ( 2751): LogMsg: l2c_link_send_to_lower_ble: TotalWin=7,Hndl=0x200,Quota=8,Unack=1,RRQuota=0,RRUnack=0
01-19 15:48:00.015 I/bt_btm  ( 2751): LogMsg: No next buffer, skipping
01-19 15:48:00.015 I/bt_l2cap( 2751): LogMsg: l2cu_no_dynamic_ccbs NO IDLE timeout set for fixed cid 0x0004
01-19 15:48:00.015 I/bluetooth( 2751): attp_cl_send_cmd: Starting ATT response timer
01-19 15:48:00.016 E/OplusCustomizeRestrictionManagerService( 1654): isBiometricDisabled start
01-19 15:48:00.018 E/OplusCustomizeRestrictionManagerService( 1654): isBiometricDisabled start
01-19 15:48:00.021 D/nativeloader(22956): Load /data/app/~~dpV2s0sbTG67FGYJvGn54g==/com.google.android.projection.gearhead-ELYmrdjH1iYncMmpe9R5nw==/split_config.arm64_v8a.apk!/lib/arm64-v8a/libmappedcountercacheversionjni.so using class loader ns clns-7 (caller=/data/app/~~dpV2s0sbTG67FGYJvGn54g==/com.google.android.projection.gearhead-ELYmrdjH1iYncMmpe9R5nw==/base.apk!classes2.dex): ok
01-19 15:48:00.022 I/bt_btm  ( 2751): LogMsg: l2c_link_check_send_pkts: l2cb.controller_xmit_window=6
01-19 15:48:00.022 I/bt_btm  ( 2751): LogMsg: Direct send, transport=2, xmit_window=6, le_xmit_window=8, sent_not_acked=0, link_xmit_quota=8
01-19 15:48:00.022 I/bt_btm  ( 2751): LogMsg: No next buffer, skipping
01-19 15:48:00.022 I/bt_btm  ( 2751): LogMsg: l2c_link_process_num_completed_pkts: TotalWin=8,LinkUnack(0x200)=0,RRCheck=0,RRUnack=0
01-19 15:48:00.025 I/iter.Simple.dev(22851): Background concurrent copying GC freed 3546KB AllocSpace bytes, 12(240KB) LOS objects, 66% free, 4093KB/11MB, paused 168us,381us total 424.190ms
01-19 15:48:00.027 I/GH.ConnLoggerV2(22956): Session 0d90177b-b032-483a-b8db-7461c504fcf7, event 1, detail OptionalInt.empty, USB_CHARGER_CONNECTED, at 219322067 
01-19 15:48:00.029 I/SurfaceFlinger( 1123): [SF client] REMOVE (0xb4000072c6817700) for (22851:com.THLight.BLE.USBeacon.Writer.Simple.dev)
01-19 15:48:00.029 I/GH.ConnLoggerV2(22956): Session 0d90177b-b032-483a-b8db-7461c504fcf7, event 2, detail OptionalInt.empty, GH_USB_CONFIGURED, at 219322076 
01-19 15:48:00.029 I/bt_btm  ( 2751): LogMsg: btm_bda_to_acl: bda=60:77:71:fc:68:cf transport=2
01-19 15:48:00.030 V/bt_stack( 2751): [VERBOSE1:gatt_main.cc(1054)] gatt_get_ch_state: ch_state=4
01-19 15:48:00.030 I/bt_stack( 2751): [INFO:gatt_cl.cc(1194)] gatt_client_handle_server_rsp opcode: 0x09
01-19 15:48:00.030 I/bt_stack( 2751): [INFO:gatt_cl.cc(799)] gatt_process_read_by_type_rspop=1 subtype=4
01-19 15:48:00.030 I/bt_stack( 2751): [INFO:gatt_cl.cc(983)] gatt_process_read_by_type_rsp: initiate another discovery request
01-19 15:48:00.030 I/bt_stack( 2751): [INFO:gatt_cl.cc(101)] gatt_act_discovery opcode: 0x08
01-19 15:48:00.030 I/bluetooth( 2751): attp_cl_send_cmd: Sending ATT command to l2cap cid:0x0004 eatt_channels:0 transport:BT_TRANSPORT_LE
01-19 15:48:00.030 I/bt_btm  ( 2751): LogMsg: l2c_link_check_send_pkts: l2cb.controller_xmit_window=6
01-19 15:48:00.030 I/bt_btm  ( 2751): LogMsg: Direct send, transport=2, xmit_window=6, le_xmit_window=8, sent_not_acked=0, link_xmit_quota=8
01-19 15:48:00.030 I/bt_btm  ( 2751): LogMsg: Sending to lower layer
01-19 15:48:00.030 I/bt_btm  ( 2751): LogMsg: l2c_link_send_to_lower_ble: TotalWin=7,Hndl=0x200,Quota=8,Unack=1,RRQuota=0,RRUnack=0
01-19 15:48:00.030 I/bt_btm  ( 2751): LogMsg: No next buffer, skipping
01-19 15:48:00.030 I/bt_l2cap( 2751): LogMsg: l2cu_no_dynamic_ccbs NO IDLE timeout set for fixed cid 0x0004
01-19 15:48:00.030 I/bluetooth( 2751): attp_cl_send_cmd: Starting ATT response timer
01-19 15:48:00.037 I/bt_btm  ( 2751): LogMsg: l2c_link_check_send_pkts: l2cb.controller_xmit_window=6
01-19 15:48:00.037 I/bt_btm  ( 2751): LogMsg: Direct send, transport=2, xmit_window=6, le_xmit_window=8, sent_not_acked=0, link_xmit_quota=8
01-19 15:48:00.037 I/bt_btm  ( 2751): LogMsg: No next buffer, skipping
01-19 15:48:00.037 I/bt_btm  ( 2751): LogMsg: l2c_link_process_num_completed_pkts: TotalWin=8,LinkUnack(0x200)=0,RRCheck=0,RRUnack=0
01-19 15:48:00.042 I/CAR.GH  (22975): onCreate completed
01-19 15:48:00.044 I/bt_btm  ( 2751): LogMsg: btm_bda_to_acl: bda=60:77:71:fc:68:cf transport=2
01-19 15:48:00.045 V/bt_stack( 2751): [VERBOSE1:gatt_main.cc(1054)] gatt_get_ch_state: ch_state=4
01-19 15:48:00.045 I/bt_stack( 2751): [INFO:gatt_cl.cc(1194)] gatt_client_handle_server_rsp opcode: 0x09
01-19 15:48:00.045 I/bt_stack( 2751): [INFO:gatt_cl.cc(799)] gatt_process_read_by_type_rspop=1 subtype=4
01-19 15:48:00.045 I/bt_stack( 2751): [INFO:gatt_cl.cc(983)] gatt_process_read_by_type_rsp: initiate another discovery request
01-19 15:48:00.045 I/bt_stack( 2751): [INFO:gatt_cl.cc(101)] gatt_act_discovery opcode: 0x08
01-19 15:48:00.045 I/bluetooth( 2751): attp_cl_send_cmd: Sending ATT command to l2cap cid:0x0004 eatt_channels:0 transport:BT_TRANSPORT_LE
01-19 15:48:00.045 I/bt_btm  ( 2751): LogMsg: l2c_link_check_send_pkts: l2cb.controller_xmit_window=6
01-19 15:48:00.045 I/bt_btm  ( 2751): LogMsg: Direct send, transport=2, xmit_window=6, le_xmit_window=8, sent_not_acked=0, link_xmit_quota=8
01-19 15:48:00.045 I/bt_btm  ( 2751): LogMsg: Sending to lower layer
01-19 15:48:00.045 I/bt_btm  ( 2751): LogMsg: l2c_link_send_to_lower_ble: TotalWin=7,Hndl=0x200,Quota=8,Unack=1,RRQuota=0,RRUnack=0
01-19 15:48:00.045 I/bt_btm  ( 2751): LogMsg: No next buffer, skipping
01-19 15:48:00.045 I/bt_l2cap( 2751): LogMsg: l2cu_no_dynamic_ccbs NO IDLE timeout set for fixed cid 0x0004
01-19 15:48:00.045 I/bluetooth( 2751): attp_cl_send_cmd: Starting ATT response timer
01-19 15:48:00.045 D/OplusActivityManager(22975): get AMS extension: android.os.BinderProxy@1eb6a5
01-19 15:48:00.052 I/bt_btm  ( 2751): LogMsg: l2c_link_check_send_pkts: l2cb.controller_xmit_window=6
01-19 15:48:00.052 I/bt_btm  ( 2751): LogMsg: Direct send, transport=2, xmit_window=6, le_xmit_window=8, sent_not_acked=0, link_xmit_quota=8
01-19 15:48:00.052 I/bt_btm  ( 2751): LogMsg: No next buffer, skipping
01-19 15:48:00.052 I/bt_btm  ( 2751): LogMsg: l2c_link_process_num_completed_pkts: TotalWin=8,LinkUnack(0x200)=0,RRCheck=0,RRUnack=0
01-19 15:48:00.060 I/GH.SharedService(22956): Shared Service created
01-19 15:48:00.060 I/bt_btm  ( 2751): LogMsg: btm_bda_to_acl: bda=60:77:71:fc:68:cf transport=2
01-19 15:48:00.060 V/bt_stack( 2751): [VERBOSE1:gatt_main.cc(1054)] gatt_get_ch_state: ch_state=4
01-19 15:48:00.060 I/bt_stack( 2751): [INFO:gatt_cl.cc(1194)] gatt_client_handle_server_rsp opcode: 0x01
01-19 15:48:00.060 I/bt_stack( 2751): [INFO:gatt_cl.cc(533)] gatt_process_error_rsp
01-19 15:48:00.060 V/bt_stack( 2751): [VERBOSE1:gatt_cl.cc(494)] gatt_proc_disc_error_rspreason: 0a cmd_code 0008
01-19 15:48:00.060 V/bt_stack( 2751): [VERBOSE1:gatt_cl.cc(504)] Discovery completed
01-19 15:48:00.060 I/bt_stack( 2751): [INFO:gatt_utils.cc(1500)] gatt_end_operation status=0 op=1 subtype=4
01-19 15:48:00.060 I/bt_stack( 2751): [INFO:bta_gattc_cache.cc(521)] bta_gattc_disc_cmpl_cback: disc_type=4
01-19 15:48:00.060 V/bt_stack( 2751): [VERBOSE1:bta_gattc_cache.cc(299)] starting discover characteristics descriptor
01-19 15:48:00.060 I/bt_stack( 2751): [INFO:gatt_api.cc(711)] GATTC_Discover conn_id=0x0008, disc_type=5, s_handle=0x0026, e_handle=0x0027
01-19 15:48:00.060 I/bt_stack( 2751): [INFO:gatt_cl.cc(101)] gatt_act_discovery opcode: 0x04
01-19 15:48:00.060 I/bluetooth( 2751): attp_cl_send_cmd: Sending ATT command to l2cap cid:0x0004 eatt_channels:0 transport:BT_TRANSPORT_LE
01-19 15:48:00.060 I/bt_btm  ( 2751): LogMsg: l2c_link_check_send_pkts: l2cb.controller_xmit_window=6
01-19 15:48:00.060 I/bt_btm  ( 2751): LogMsg: Direct send, transport=2, xmit_window=6, le_xmit_window=8, sent_not_acked=0, link_xmit_quota=8
01-19 15:48:00.060 I/bt_btm  ( 2751): LogMsg: Sending to lower layer
01-19 15:48:00.060 I/bt_btm  ( 2751): LogMsg: l2c_link_send_to_lower_ble: TotalWin=7,Hndl=0x200,Quota=8,Unack=1,RRQuota=0,RRUnack=0
01-19 15:48:00.060 I/bt_btm  ( 2751): LogMsg: No next buffer, skipping
01-19 15:48:00.061 I/bt_l2cap( 2751): LogMsg: l2cu_no_dynamic_ccbs NO IDLE timeout set for fixed cid 0x0004
01-19 15:48:00.061 I/bluetooth( 2751): attp_cl_send_cmd: Starting ATT response timer
01-19 15:48:00.067 I/bt_btm  ( 2751): LogMsg: l2c_link_check_send_pkts: l2cb.controller_xmit_window=6
01-19 15:48:00.067 I/bt_btm  ( 2751): LogMsg: Direct send, transport=2, xmit_window=6, le_xmit_window=8, sent_not_acked=0, link_xmit_quota=8
01-19 15:48:00.067 I/bt_btm  ( 2751): LogMsg: No next buffer, skipping
01-19 15:48:00.067 I/bt_btm  ( 2751): LogMsg: l2c_link_process_num_completed_pkts: TotalWin=8,LinkUnack(0x200)=0,RRCheck=0,RRUnack=0
01-19 15:48:00.074 I/bt_btm  ( 2751): LogMsg: btm_bda_to_acl: bda=60:77:71:fc:68:cf transport=2
01-19 15:48:00.075 V/bt_stack( 2751): [VERBOSE1:gatt_main.cc(1054)] gatt_get_ch_state: ch_state=4
01-19 15:48:00.075 I/bt_stack( 2751): [INFO:gatt_cl.cc(1194)] gatt_client_handle_server_rsp opcode: 0x05
01-19 15:48:00.075 I/bt_stack( 2751): [INFO:gatt_utils.cc(1500)] gatt_end_operation status=0 op=1 subtype=5
01-19 15:48:00.075 I/bt_stack( 2751): [INFO:bta_gattc_cache.cc(521)] bta_gattc_disc_cmpl_cback: disc_type=5
01-19 15:48:00.075 V/bt_stack( 2751): [VERBOSE1:bta_gattc_cache.cc(299)] starting discover characteristics descriptor
01-19 15:48:00.075 I/bt_stack( 2751): [INFO:gatt_api.cc(711)] GATTC_Discover conn_id=0x0008, disc_type=5, s_handle=0x002a, e_handle=0x002b
01-19 15:48:00.075 I/bt_stack( 2751): [INFO:gatt_cl.cc(101)] gatt_act_discovery opcode: 0x04
01-19 15:48:00.075 I/bluetooth( 2751): attp_cl_send_cmd: Sending ATT command to l2cap cid:0x0004 eatt_channels:0 transport:BT_TRANSPORT_LE
01-19 15:48:00.075 I/bt_btm  ( 2751): LogMsg: l2c_link_check_send_pkts: l2cb.controller_xmit_window=6
01-19 15:48:00.075 I/bt_btm  ( 2751): LogMsg: Direct send, transport=2, xmit_window=6, le_xmit_window=8, sent_not_acked=0, link_xmit_quota=8
01-19 15:48:00.075 I/bt_btm  ( 2751): LogMsg: Sending to lower layer
01-19 15:48:00.075 I/bt_btm  ( 2751): LogMsg: l2c_link_send_to_lower_ble: TotalWin=7,Hndl=0x200,Quota=8,Unack=1,RRQuota=0,RRUnack=0
01-19 15:48:00.075 I/bt_btm  ( 2751): LogMsg: No next buffer, skipping
01-19 15:48:00.075 I/bt_l2cap( 2751): LogMsg: l2cu_no_dynamic_ccbs NO IDLE timeout set for fixed cid 0x0004
01-19 15:48:00.075 I/bluetooth( 2751): attp_cl_send_cmd: Starting ATT response timer
01-19 15:48:00.080 I/GH.SharedServiceConnect(22956): onServiceConnected(ComponentName:ComponentInfo{com.google.android.projection.gearhead/com.google.android.gearhead.service.SharedService}, service:lcu@af2284)
01-19 15:48:00.082 I/bt_btm  ( 2751): LogMsg: l2c_link_check_send_pkts: l2cb.controller_xmit_window=6
01-19 15:48:00.082 I/bt_btm  ( 2751): LogMsg: Direct send, transport=2, xmit_window=6, le_xmit_window=8, sent_not_acked=0, link_xmit_quota=8
01-19 15:48:00.082 I/bt_btm  ( 2751): LogMsg: No next buffer, skipping
01-19 15:48:00.082 I/bt_btm  ( 2751): LogMsg: l2c_link_process_num_completed_pkts: TotalWin=8,LinkUnack(0x200)=0,RRCheck=0,RRUnack=0
01-19 15:48:00.090 I/bt_btm  ( 2751): LogMsg: btm_bda_to_acl: bda=60:77:71:fc:68:cf transport=2
01-19 15:48:00.090 V/bt_stack( 2751): [VERBOSE1:gatt_main.cc(1054)] gatt_get_ch_state: ch_state=4
01-19 15:48:00.090 I/bt_stack( 2751): [INFO:gatt_cl.cc(1194)] gatt_client_handle_server_rsp opcode: 0x05
01-19 15:48:00.090 I/bt_stack( 2751): [INFO:gatt_utils.cc(1500)] gatt_end_operation status=0 op=1 subtype=5
01-19 15:48:00.090 I/bt_stack( 2751): [INFO:bta_gattc_cache.cc(521)] bta_gattc_disc_cmpl_cback: disc_type=5
01-19 15:48:00.090 V/bt_stack( 2751): [VERBOSE1:bta_gattc_cache.cc(299)] starting discover characteristics descriptor
01-19 15:48:00.090 I/bt_stack( 2751): [INFO:gatt_api.cc(711)] GATTC_Discover conn_id=0x0008, disc_type=5, s_handle=0x002e, e_handle=0xffff
01-19 15:48:00.090 I/bt_stack( 2751): [INFO:gatt_cl.cc(101)] gatt_act_discovery opcode: 0x04
01-19 15:48:00.090 I/bluetooth( 2751): attp_cl_send_cmd: Sending ATT command to l2cap cid:0x0004 eatt_channels:0 transport:BT_TRANSPORT_LE
01-19 15:48:00.090 I/bt_btm  ( 2751): LogMsg: l2c_link_check_send_pkts: l2cb.controller_xmit_window=6
01-19 15:48:00.090 I/bt_btm  ( 2751): LogMsg: Direct send, transport=2, xmit_window=6, le_xmit_window=8, sent_not_acked=0, link_xmit_quota=8
01-19 15:48:00.090 I/bt_btm  ( 2751): LogMsg: Sending to lower layer
01-19 15:48:00.090 I/bt_btm  ( 2751): LogMsg: l2c_link_send_to_lower_ble: TotalWin=7,Hndl=0x200,Quota=8,Unack=1,RRQuota=0,RRUnack=0
01-19 15:48:00.090 I/bt_btm  ( 2751): LogMsg: No next buffer, skipping
01-19 15:48:00.090 I/bt_l2cap( 2751): LogMsg: l2cu_no_dynamic_ccbs NO IDLE timeout set for fixed cid 0x0004
01-19 15:48:00.090 I/bluetooth( 2751): attp_cl_send_cmd: Starting ATT response timer
01-19 15:48:00.097 I/bt_btm  ( 2751): LogMsg: l2c_link_check_send_pkts: l2cb.controller_xmit_window=6
01-19 15:48:00.097 I/bt_btm  ( 2751): LogMsg: Direct send, transport=2, xmit_window=6, le_xmit_window=8, sent_not_acked=0, link_xmit_quota=8
01-19 15:48:00.097 I/bt_btm  ( 2751): LogMsg: No next buffer, skipping
01-19 15:48:00.097 I/bt_btm  ( 2751): LogMsg: l2c_link_process_num_completed_pkts: TotalWin=8,LinkUnack(0x200)=0,RRCheck=0,RRUnack=0
01-19 15:48:00.100 D/CompatibilityChangeReporter( 1654): Compat change id reported: 157233955; UID 10122; state: ENABLED
01-19 15:48:00.104 I/bt_btm  ( 2751): LogMsg: btm_bda_to_acl: bda=60:77:71:fc:68:cf transport=2
01-19 15:48:00.104 V/bt_stack( 2751): [VERBOSE1:gatt_main.cc(1054)] gatt_get_ch_state: ch_state=4
01-19 15:48:00.105 I/bt_stack( 2751): [INFO:gatt_cl.cc(1194)] gatt_client_handle_server_rsp opcode: 0x05
01-19 15:48:00.105 I/bt_stack( 2751): [INFO:gatt_cl.cc(101)] gatt_act_discovery opcode: 0x04
01-19 15:48:00.105 I/bluetooth( 2751): attp_cl_send_cmd: Sending ATT command to l2cap cid:0x0004 eatt_channels:0 transport:BT_TRANSPORT_LE
01-19 15:48:00.105 I/bt_btm  ( 2751): LogMsg: l2c_link_check_send_pkts: l2cb.controller_xmit_window=6
01-19 15:48:00.105 I/bt_btm  ( 2751): LogMsg: Direct send, transport=2, xmit_window=6, le_xmit_window=8, sent_not_acked=0, link_xmit_quota=8
01-19 15:48:00.105 I/bt_btm  ( 2751): LogMsg: Sending to lower layer
01-19 15:48:00.105 I/bt_btm  ( 2751): LogMsg: l2c_link_send_to_lower_ble: TotalWin=7,Hndl=0x200,Quota=8,Unack=1,RRQuota=0,RRUnack=0
01-19 15:48:00.105 I/bt_btm  ( 2751): LogMsg: No next buffer, skipping
01-19 15:48:00.105 I/bt_l2cap( 2751): LogMsg: l2cu_no_dynamic_ccbs NO IDLE timeout set for fixed cid 0x0004
01-19 15:48:00.105 I/bluetooth( 2751): attp_cl_send_cmd: Starting ATT response timer
01-19 15:48:00.112 I/bt_btm  ( 2751): LogMsg: l2c_link_check_send_pkts: l2cb.controller_xmit_window=6
01-19 15:48:00.112 I/bt_btm  ( 2751): LogMsg: Direct send, transport=2, xmit_window=6, le_xmit_window=8, sent_not_acked=0, link_xmit_quota=8
01-19 15:48:00.112 I/bt_btm  ( 2751): LogMsg: No next buffer, skipping
01-19 15:48:00.112 I/bt_btm  ( 2751): LogMsg: l2c_link_process_num_completed_pkts: TotalWin=8,LinkUnack(0x200)=0,RRCheck=0,RRUnack=0
01-19 15:48:00.119 I/bt_btm  ( 2751): LogMsg: btm_bda_to_acl: bda=60:77:71:fc:68:cf transport=2
01-19 15:48:00.119 V/bt_stack( 2751): [VERBOSE1:gatt_main.cc(1054)] gatt_get_ch_state: ch_state=4
01-19 15:48:00.119 I/bt_stack( 2751): [INFO:gatt_cl.cc(1194)] gatt_client_handle_server_rsp opcode: 0x01
01-19 15:48:00.119 I/bt_stack( 2751): [INFO:gatt_cl.cc(533)] gatt_process_error_rsp
01-19 15:48:00.120 V/bt_stack( 2751): [VERBOSE1:gatt_cl.cc(494)] gatt_proc_disc_error_rspreason: 0a cmd_code 0004
01-19 15:48:00.120 V/bt_stack( 2751): [VERBOSE1:gatt_cl.cc(504)] Discovery completed
01-19 15:48:00.120 I/bt_stack( 2751): [INFO:gatt_utils.cc(1500)] gatt_end_operation status=0 op=1 subtype=5
01-19 15:48:00.120 I/bt_stack( 2751): [INFO:bta_gattc_cache.cc(521)] bta_gattc_disc_cmpl_cback: disc_type=5
01-19 15:48:00.120 V/bt_stack( 2751): [VERBOSE1:bta_gattc_cache.cc(299)] starting discover characteristics descriptor
01-19 15:48:00.120 I/bt_stack( 2751): [INFO:bta_gattc_cache.cc(251)] bta_gattc_explore_srvc_finished: service discovery finished
01-19 15:48:00.120 V/bt_stack( 2751): [VERBOSE1:bta_gattc_main.cc(314)] bta_gattc_sm_execute: State 0x03, Event 0x1f0e
01-19 15:48:00.120 V/bt_stack( 2751): [VERBOSE1:bta_gattc_act.cc(853)] bta_gattc_disc_cmpl: conn_id=0x0008
01-19 15:48:00.120 I/bt_btif ( 2751): LogMsg: interop_mtk_match_addr_byconfig:[MtkLeDisableFastConnection] check 60:**:**:**:68:cf in d0:5f:b8
01-19 15:48:00.120 V/bt_stack( 2751): [VERBOSE2:interop_mtk_conf.cc(310)] interop_mtk_match_name_byconfig:[MtkLeDisableFastConnection] check USBeacon in ELECOM Laser Mouse
01-19 15:48:00.120 I/bt_stack( 2751): [INFO:interop_mtk_conf.cc(338)] interop_mtk_match_name_byconfig:[MtkLeDisableFastConnection] check name USBeacon in partial name list YUNMAI-ISM2-W,BT-ILDFC
01-19 15:48:00.120 V/bt_stack( 2751): [VERBOSE2:l2c_ble.cc(168)] L2CA_EnableUpdateBleConnParams - BD_ADDR 60:77:71:fc:68:cf enable 1 current upd state 0x03
01-19 15:48:00.120 I/bt_stack( 2751): [INFO:interop_mtk_conf.cc(338)] interop_mtk_match_name_byconfig:[MtkLeAvoidDoFastConnectionTwice] check name USBeacon in partial name list FeiZhi
01-19 15:48:00.120 I/bt_btm  ( 2751): LogMsg: btm_bda_to_acl: bda=60:77:71:fc:68:cf transport=2
01-19 15:48:00.120 I/bt_btm  ( 2751): LogMsg: btm_find_or_alloc_dev
01-19 15:48:00.120 I/bt_l2cap( 2751): LogMsg: l2cble_start_conn_update mask:0002 p_lcb->min_interval:39
01-19 15:48:00.120 I/bt_btif ( 2751): LogMsg: bta_dm_vendor_set_host_info, id = 3, value = 00270027
01-19 15:48:00.120 I/bt_btm  ( 2751): LogMsg: BTM: BTM_VendorSpecificCommand: Opcode: 0xFD5F, ParamLen: 32.
01-19 15:48:00.120 I/bt_btif ( 2751): LogMsg: btif_transfer_context event 8, len 528
01-19 15:48:00.121 V/bt_stack( 2751): [VERBOSE1:bta_gattc_main.cc(350)] bta_gattc_sm_execute: GATTC State Change: 0x03 -> 0x02 after Event 0x1f0e
01-19 15:48:00.122 D/mtk.hal.bt@1.1-impl( 1001): BtHostDebugInfo
01-19 15:48:00.122 D/[BT]    ( 1001): mtk_bt_op: BT_VND_OP_SET_BTHOST
01-19 15:48:00.172 W/PhBaseOp( 4588): Phenotype API error. Event: # htoj@5a3b9943, EventCode: COMMIT_CONFIG [CONTEXT service_id=51 ]
01-19 15:48:00.172 W/PhBaseOp( 4588): eoak: 29544: Stale snapshot for com.google.android.libraries.consentverifier#com.google.android.projection.gearhead(new configuration available)
01-19 15:48:00.172 W/PhBaseOp( 4588): 	at eoci.d(:com.google.android.gms@255034029@25.50.34 (190400-855735097):441)
01-19 15:48:00.172 W/PhBaseOp( 4588): 	at eoci.b(:com.google.android.gms@255034029@25.50.34 (190400-855735097):44)
01-19 15:48:00.172 W/PhBaseOp( 4588): 	at eoch.i(:com.google.android.gms@255034029@25.50.34 (190400-855735097):3)
01-19 15:48:00.172 W/PhBaseOp( 4588): 	at eocd.h(:com.google.android.gms@255034029@25.50.34 (190400-855735097):31)
01-19 15:48:00.172 W/PhBaseOp( 4588): 	at eocd.f(:com.google.android.gms@255034029@25.50.34 (190400-855735097):13)
01-19 15:48:00.172 W/PhBaseOp( 4588): 	at cojt.fA(:com.google.android.gms@255034029@25.50.34 (190400-855735097):1)
01-19 15:48:00.172 W/PhBaseOp( 4588): 	at cojx.run(:com.google.android.gms@255034029@25.50.34 (190400-855735097):118)
01-19 15:48:00.172 W/PhBaseOp( 4588): 	at gknx.run(:com.google.android.gms@255034029@25.50.34 (190400-855735097):19)
01-19 15:48:00.172 W/PhBaseOp( 4588): 	at bdya.c(:com.google.android.gms@255034029@25.50.34 (190400-855735097):50)
01-19 15:48:00.172 W/PhBaseOp( 4588): 	at bdya.run(:com.google.android.gms@255034029@25.50.34 (190400-855735097):73)
01-19 15:48:00.172 W/PhBaseOp( 4588): 	at java.util.concurrent.ThreadPoolExecutor.runWorker(ThreadPoolExecutor.java:1156)
01-19 15:48:00.172 W/PhBaseOp( 4588): 	at java.util.concurrent.ThreadPoolExecutor$Worker.run(ThreadPoolExecutor.java:651)
01-19 15:48:00.172 W/PhBaseOp( 4588): 	at bedr.run(:com.google.android.gms@255034029@25.50.34 (190400-855735097):8)
01-19 15:48:00.172 W/PhBaseOp( 4588): 	at java.lang.Thread.run(Thread.java:1119)
01-19 15:48:00.174 W/AsyncOperation( 4588): operation=CommitToConfigurationOperationCall, opStatusCode=29544 [CONTEXT service_id=51 ]
01-19 15:48:00.174 W/AsyncOperation( 4588): OperationException[Status{statusCode=Stale snapshot for com.google.android.libraries.consentverifier#com.google.android.projection.gearhead(new configuration available), resolution=null}]
01-19 15:48:00.174 W/AsyncOperation( 4588): 	at eocd.h(:com.google.android.gms@255034029@25.50.34 (190400-855735097):61)
01-19 15:48:00.174 W/AsyncOperation( 4588): 	at eocd.f(:com.google.android.gms@255034029@25.50.34 (190400-855735097):13)
01-19 15:48:00.174 W/AsyncOperation( 4588): 	at cojt.fA(:com.google.android.gms@255034029@25.50.34 (190400-855735097):1)
01-19 15:48:00.174 W/AsyncOperation( 4588): 	at cojx.run(:com.google.android.gms@255034029@25.50.34 (190400-855735097):118)
01-19 15:48:00.174 W/AsyncOperation( 4588): 	at gknx.run(:com.google.android.gms@255034029@25.50.34 (190400-855735097):19)
01-19 15:48:00.174 W/AsyncOperation( 4588): 	at bdya.c(:com.google.android.gms@255034029@25.50.34 (190400-855735097):50)
01-19 15:48:00.174 W/AsyncOperation( 4588): 	at bdya.run(:com.google.android.gms@255034029@25.50.34 (190400-855735097):73)
01-19 15:48:00.174 W/AsyncOperation( 4588): 	at java.util.concurrent.ThreadPoolExecutor.runWorker(ThreadPoolExecutor.java:1156)
01-19 15:48:00.174 W/AsyncOperation( 4588): 	at java.util.concurrent.ThreadPoolExecutor$Worker.run(ThreadPoolExecutor.java:651)
01-19 15:48:00.174 W/AsyncOperation( 4588): 	at bedr.run(:com.google.android.gms@255034029@25.50.34 (190400-855735097):8)
01-19 15:48:00.174 W/AsyncOperation( 4588): 	at java.lang.Thread.run(Thread.java:1119)
01-19 15:48:00.194 I/system_server( 1654): Background young concurrent copying GC freed 23MB AllocSpace bytes, 26(1160KB) LOS objects, 28% free, 60MB/84MB, paused 896us,433us total 154.822ms
01-19 15:48:00.205 W/System  ( 1654): A resource failed to call release. 
01-19 15:48:00.216 I/bt_l2cap( 2751): LogMsg: l2cble_process_conn_update_evt
01-19 15:48:00.216 I/bt_btm  ( 2751): LogMsg: btm_bda_to_acl: bda=60:77:71:fc:68:cf transport=2
01-19 15:48:00.216 I/bt_btm  ( 2751): LogMsg: btm_find_or_alloc_dev
01-19 15:48:00.216 I/bt_l2cap( 2751): LogMsg: l2cble_start_conn_update mask:0008 p_lcb->min_interval:39
01-19 15:48:00.216 I/bt_l2cap( 2751): LogMsg: l2cble_process_conn_update_evt: conn_update_mask=8
01-19 15:48:00.216 I/bt_btm  ( 2751): LogMsg: is_handle_equal: handle=512 is not found
01-19 15:48:00.216 I/bt_btm  ( 2751): LogMsg: is_handle_equal: handle=512 is not found
01-19 15:48:00.216 I/bt_btm  ( 2751): LogMsg: is_handle_equal: handle=512 is not found
01-19 15:48:00.216 I/bt_btm  ( 2751): LogMsg: is_handle_equal: handle=512 is not found
01-19 15:48:00.216 I/bt_btif ( 2751): LogMsg: bta_dm_gattc_callback event = 26
01-19 15:48:00.217 V/bt_stack( 2751): [VERBOSE2:hearing_aid.cc(1844)] hearingaid_gattc_callback event = 26
01-19 15:48:00.217 I/bt_btif ( 2751): LogMsg: bta_hh_gattc_callback event:BTA_GATTC_CONN_UPDATE_EVT
01-19 15:48:00.217 I/bt_btif ( 2751): LogMsg: btif_transfer_context event 22, len 24
01-19 15:48:00.217 I/bt_btif ( 2751): LogMsg: btif_transfer_context event 26, len 528
01-19 15:48:00.217 I/bt_btif ( 2751): LogMsg: btapp_gatts_handle_cback: HAL bt_gatt_callbacks->server->conn_updated_cb
01-19 15:48:00.217 D/BtGatt.GattService( 2751): onServerConnUpdate() - connId=6, status=0
01-19 15:48:00.217 I/bt_btif ( 2751): LogMsg: btif_gattc_upstreams_evt: HAL bt_gatt_callbacks->client->conn_updated_cb
01-19 15:48:00.217 D/BtGatt.GattService( 2751): onClientConnUpdate() - connId=8, status=0
01-19 15:48:00.217 D/BluetoothGattServer(23348): onConnectionUpdated() - Device=60:77:71:FC:68:CF interval=39 latency=0 timeout=500 status=0
01-19 15:48:00.267 I/bt_btm  ( 2751): LogMsg: btm_bda_to_acl: bda=60:77:71:fc:68:cf transport=2
01-19 15:48:00.267 V/bt_stack( 2751): [VERBOSE2:interop_mtk_conf.cc(310)] interop_mtk_match_name_byconfig:[MtkLeConnIntMinLimitAccept] check USBeacon in ELECOM Laser Mouse,Mad Catz M.O.U.S.9
01-19 15:48:00.267 I/bt_stack( 2751): [INFO:interop_mtk_conf.cc(338)] interop_mtk_match_name_byconfig:[MtkLeConnIntMinLimitAccept] check name USBeacon in partial name list BT-LLCIMLC
01-19 15:48:00.268 I/bt_stack( 2751): [INFO:interop_mtk_conf.cc(338)] interop_mtk_match_name_byconfig:[MtkLeAvoidDoFastConnectionTwice] check name USBeacon in partial name list FeiZhi
01-19 15:48:00.268 I/bt_btm  ( 2751): LogMsg: l2c_link_check_send_pkts: l2cb.controller_xmit_window=6
01-19 15:48:00.268 I/bt_btm  ( 2751): LogMsg: Direct send, transport=2, xmit_window=6, le_xmit_window=8, sent_not_acked=0, link_xmit_quota=8
01-19 15:48:00.268 I/bt_btm  ( 2751): LogMsg: Sending to lower layer
01-19 15:48:00.268 I/bt_btm  ( 2751): LogMsg: l2c_link_send_to_lower_ble: TotalWin=7,Hndl=0x200,Quota=8,Unack=1,RRQuota=0,RRUnack=0
01-19 15:48:00.268 I/bt_btm  ( 2751): LogMsg: No next buffer, skipping
01-19 15:48:00.268 I/bt_btif ( 2751): LogMsg: interop_mtk_match_addr_byconfig:[MtkLeConnLatencyAdjust] check 60:**:**:**:68:cf in 00:1b:dc
01-19 15:48:00.268 V/bt_stack( 2751): [VERBOSE2:interop_mtk_conf.cc(310)] interop_mtk_match_name_byconfig:[MtkLeConnLatencyAdjust] check USBeacon in BSMBB09DS
01-19 15:48:00.268 I/bt_stack( 2751): [INFO:interop_mtk_conf.cc(338)] interop_mtk_match_name_byconfig:[MtkLeConnLatencyAdjust] check name USBeacon in partial name list BT-ILCLA
01-19 15:48:00.268 V/bt_stack( 2751): [VERBOSE2:interop_mtk_conf.cc(310)] interop_mtk_match_name_byconfig:[MtkLeConnIntMinLimitAdjust] check USBeacon in Mad Catz M.O.U.S.9
01-19 15:48:00.268 I/bt_stack( 2751): [INFO:interop_mtk_conf.cc(338)] interop_mtk_match_name_byconfig:[MtkLeConnIntMinLimitAdjust] check name USBeacon in partial name list BT-ILCIMLD
01-19 15:48:00.269 I/bt_stack( 2751): [INFO:interop_mtk_conf.cc(338)] interop_mtk_match_name_byconfig:[MtkLeAvoidDoFastConnectionTwice] check name USBeacon in partial name list FeiZhi
01-19 15:48:00.269 I/bt_btm  ( 2751): LogMsg: btm_bda_to_acl: bda=60:77:71:fc:68:cf transport=2
01-19 15:48:00.269 I/bt_btm  ( 2751): LogMsg: btm_find_or_alloc_dev
01-19 15:48:00.269 I/bt_l2cap( 2751): LogMsg: l2cble_start_conn_update mask:000a p_lcb->min_interval:12
01-19 15:48:00.269 I/bt_btif ( 2751): LogMsg: bta_dm_vendor_set_host_info, id = 3, value = 000c000c
01-19 15:48:00.269 I/bt_btm  ( 2751): LogMsg: BTM: BTM_VendorSpecificCommand: Opcode: 0xFD5F, ParamLen: 32.
01-19 15:48:00.272 D/mtk.hal.bt@1.1-impl( 1001): BtHostDebugInfo
01-19 15:48:00.272 D/[BT]    ( 1001): mtk_bt_op: BT_VND_OP_SET_BTHOST
01-19 15:48:00.316 I/bt_btm  ( 2751): LogMsg: l2c_link_check_send_pkts: l2cb.controller_xmit_window=6
01-19 15:48:00.316 I/bt_btm  ( 2751): LogMsg: Direct send, transport=2, xmit_window=6, le_xmit_window=8, sent_not_acked=0, link_xmit_quota=8
01-19 15:48:00.316 I/bt_btm  ( 2751): LogMsg: No next buffer, skipping
01-19 15:48:00.316 I/bt_btm  ( 2751): LogMsg: l2c_link_process_num_completed_pkts: TotalWin=8,LinkUnack(0x200)=0,RRCheck=0,RRUnack=0
01-19 15:48:00.376 D/OplusSmartBrightnessController( 1654): handleMessage MSG_LUX_CHANGED, mLux:454.17673 luxQueue=[454.0, 452.0, 455.0, 458.0, 449.0, 457.0]
01-19 15:48:00.715 I/bt_l2cap( 2751): LogMsg: l2cble_process_conn_update_evt
01-19 15:48:00.715 I/bt_btm  ( 2751): LogMsg: btm_bda_to_acl: bda=60:77:71:fc:68:cf transport=2
01-19 15:48:00.715 I/bt_btm  ( 2751): LogMsg: btm_find_or_alloc_dev
01-19 15:48:00.716 I/bt_l2cap( 2751): LogMsg: l2cble_start_conn_update mask:0008 p_lcb->min_interval:12
01-19 15:48:00.716 I/bt_l2cap( 2751): LogMsg: l2cble_process_conn_update_evt: conn_update_mask=8
01-19 15:48:00.716 I/bt_btm  ( 2751): LogMsg: is_handle_equal: handle=512 is not found
01-19 15:48:00.716 I/bt_btm  ( 2751): LogMsg: is_handle_equal: handle=512 is not found
01-19 15:48:00.716 I/bt_btm  ( 2751): LogMsg: is_handle_equal: handle=512 is not found
01-19 15:48:00.716 I/bt_btm  ( 2751): LogMsg: is_handle_equal: handle=512 is not found
01-19 15:48:00.716 I/bt_btif ( 2751): LogMsg: bta_dm_gattc_callback event = 26
01-19 15:48:00.716 V/bt_stack( 2751): [VERBOSE2:hearing_aid.cc(1844)] hearingaid_gattc_callback event = 26
01-19 15:48:00.716 I/bt_btif ( 2751): LogMsg: bta_hh_gattc_callback event:BTA_GATTC_CONN_UPDATE_EVT
01-19 15:48:00.716 I/bt_btif ( 2751): LogMsg: btif_transfer_context event 22, len 24
01-19 15:48:00.716 I/bt_btif ( 2751): LogMsg: btif_transfer_context event 26, len 528
01-19 15:48:00.717 I/bt_btif ( 2751): LogMsg: btapp_gatts_handle_cback: HAL bt_gatt_callbacks->server->conn_updated_cb
01-19 15:48:00.717 D/BtGatt.GattService( 2751): onServerConnUpdate() - connId=6, status=0
01-19 15:48:00.717 I/bt_btif ( 2751): LogMsg: btif_gattc_upstreams_evt: HAL bt_gatt_callbacks->client->conn_updated_cb
01-19 15:48:00.718 D/BtGatt.GattService( 2751): onClientConnUpdate() - connId=8, status=0
01-19 15:48:00.718 D/BluetoothGattServer(23348): onConnectionUpdated() - Device=60:77:71:FC:68:CF interval=12 latency=0 timeout=100 status=0
01-19 15:48:00.805 I/mtkpower_client( 1654): perf_lock_rel, hdl:13638, tid:2356
01-19 15:48:00.805 I/libPowerHal( 1025): [setGPUFreq] MTKPOWER_HINT_APP_TOUCH user set gpu freq min:1, max:-1
01-19 15:48:00.805 I/libPowerHal( 1025): MTKPOWER_HINT_APP_TOUCH: set gpu opp level: 1
01-19 15:48:00.805 V/AutofillManager(22851): requestHideFillUi(null): anchor = null
01-19 15:48:00.806 D/OGG_Detector( 1654): D:done mCurrStatus: 0
01-19 15:48:00.806 I/libPowerHal( 1025): MTKPOWER_HINT_APP_TOUCH: set gpu opp level max: 0
01-19 15:48:00.806 D/PowerManagerService( 1654): userActivityNoUpdateLocked: groupId=0, eventTime=217631360, event=2, flags=0x0, uid=1000
