--------- beginning of main
01-19 15:47:48.054 D/HidDeviceService( 2751): handleMessage(): msg.what=8
01-19 15:47:48.054 D/HidDeviceService( 2751): unregisterAppUid(): uid=10262
01-19 15:47:48.054 D/HidDeviceService( 2751): unregisterAppUid(): caller UID doesn't match user UID
01-19 15:47:48.054 D/HidDeviceService( 2751): handleMessage(): msg.what=8
01-19 15:47:48.054 D/HidDeviceService( 2751): unregisterAppUid(): uid=10121
01-19 15:47:48.054 D/HidDeviceService( 2751): unregisterAppUid(): caller UID doesn't match user UID
01-19 15:47:48.157 D/BtGatt.ScanManager( 2751): uid 10125 isForeground true scanMode 1
01-19 15:47:48.157 I/OplusCustomScanStrategy( 2751): msg.what = 6
01-19 15:47:48.680 D/HidDeviceService( 2751): handleMessage(): msg.what=8
01-19 15:47:48.680 D/HidDeviceService( 2751): unregisterAppUid(): uid=10131
01-19 15:47:48.680 D/HidDeviceService( 2751): unregisterAppUid(): caller UID doesn't match user UID
01-19 15:47:48.703 D/BoundBrokerSvc(17892): onUnbind: Intent { act=com.google.android.gms.feedback.internal.IFeedbackService dat=chimera-action:/... cmp=com.google.android.gms/.chimera.GmsBoundBrokerService }
01-19 15:47:48.897 W/System  (12458): A resource failed to call close. 
01-19 15:47:48.898 W/System  (12458): A resource failed to call close. 
01-19 15:47:49.760 I/Finsky  (12458): [2] App states replicator found 25 unowned apps
01-19 15:47:49.821 D/SensorServiceExtImpl( 1654): isAllowOplusAMD opPackageName = com.oppo.quicksearchbox
01-19 15:47:49.890 E/AuthPII ( 4588): [RequestTokenManager] getToken() -> BAD_AUTHENTICATION. App: com.android.vending, Service: oauth2:https://www.googleapis.com/auth/googleplay
01-19 15:47:49.890 E/AuthPII ( 4588): bcro: Long live credential not available.
01-19 15:47:49.890 E/AuthPII ( 4588): 	at aeqi.a(:com.google.android.gms@255034029@25.50.34 (190400-855735097):1401)
01-19 15:47:49.890 E/AuthPII ( 4588): 	at aeqp.b(:com.google.android.gms@255034029@25.50.34 (190400-855735097):26)
01-19 15:47:49.890 E/AuthPII ( 4588): 	at aeqn.a(:com.google.android.gms@255034029@25.50.34 (190400-855735097):744)
01-19 15:47:49.890 E/AuthPII ( 4588): 	at aeqm.b(:com.google.android.gms@255034029@25.50.34 (190400-855735097):142)
01-19 15:47:49.890 E/AuthPII ( 4588): 	at ygv.d(:com.google.android.gms@255034029@25.50.34 (190400-855735097):662)
01-19 15:47:49.890 E/AuthPII ( 4588): 	at aejy.getAuthToken(:com.google.android.gms@255034029@25.50.34 (190400-855735097):411)
01-19 15:47:49.890 E/AuthPII ( 4588): 	at android.accounts.AbstractAccountAuthenticator$Transport.getAuthToken(AbstractAccountAuthenticator.java:246)
01-19 15:47:49.890 E/AuthPII ( 4588): 	at android.accounts.IAccountAuthenticator$Stub.onTransact(IAccountAuthenticator.java:242)
01-19 15:47:49.890 E/AuthPII ( 4588): 	at android.os.Binder.transact(Binder.java:1188)
01-19 15:47:49.890 E/AuthPII ( 4588): 	at cfwv.onTransact(:com.google.android.gms@255034029@25.50.34 (190400-855735097):10)
01-19 15:47:49.890 E/AuthPII ( 4588): 	at android.os.Binder.transact(Binder.java:1188)
01-19 15:47:49.890 E/AuthPII ( 4588): 	at butd.onTransact(:com.google.android.gms@255034029@25.50.34 (190400-855735097):161)
01-19 15:47:49.890 E/AuthPII ( 4588): 	at android.os.Binder.execTransactInternal(Binder.java:1331)
01-19 15:47:49.890 E/AuthPII ( 4588): 	at android.os.Binder.execTransact(Binder.java:1268)
01-19 15:47:49.891 E/AuthPII ( 4588): Message is Long live credential not available.
01-19 15:47:49.891 E/AuthPII ( 4588): bcro: Long live credential not available.
01-19 15:47:49.891 E/AuthPII ( 4588): 	at aeqi.a(:com.google.android.gms@255034029@25.50.34 (190400-855735097):1401)
01-19 15:47:49.891 E/AuthPII ( 4588): 	at aeqp.b(:com.google.android.gms@255034029@25.50.34 (190400-855735097):26)
01-19 15:47:49.891 E/AuthPII ( 4588): 	at aeqn.a(:com.google.android.gms@255034029@25.50.34 (190400-855735097):744)
01-19 15:47:49.891 E/AuthPII ( 4588): 	at aeqm.b(:com.google.android.gms@255034029@25.50.34 (190400-855735097):142)
01-19 15:47:49.891 E/AuthPII ( 4588): 	at ygv.d(:com.google.android.gms@255034029@25.50.34 (190400-855735097):662)
01-19 15:47:49.891 E/AuthPII ( 4588): 	at aejy.getAuthToken(:com.google.android.gms@255034029@25.50.34 (190400-855735097):411)
01-19 15:47:49.891 E/AuthPII ( 4588): 	at android.accounts.AbstractAccountAuthenticator$Transport.getAuthToken(AbstractAccountAuthenticator.java:246)
01-19 15:47:49.891 E/AuthPII ( 4588): 	at android.accounts.IAccountAuthenticator$Stub.onTransact(IAccountAuthenticator.java:242)
01-19 15:47:49.891 E/AuthPII ( 4588): 	at android.os.Binder.transact(Binder.java:1188)
01-19 15:47:49.891 E/AuthPII ( 4588): 	at cfwv.onTransact(:com.google.android.gms@255034029@25.50.34 (190400-855735097):10)
01-19 15:47:49.891 E/AuthPII ( 4588): 	at android.os.Binder.transact(Binder.java:1188)
01-19 15:47:49.891 E/AuthPII ( 4588): 	at butd.onTransact(:com.google.android.gms@255034029@25.50.34 (190400-855735097):161)
01-19 15:47:49.891 E/AuthPII ( 4588): 	at android.os.Binder.execTransactInternal(Binder.java:1331)
01-19 15:47:49.891 E/AuthPII ( 4588): 	at android.os.Binder.execTransact(Binder.java:1268)
--------- beginning of system
01-19 15:47:49.903 D/CompatibilityChangeReporter( 1654): Compat change id reported: 168419799; UID 10125; state: DISABLED
01-19 15:47:49.927 I/Auth    ( 4588): (REDACTED) [GetToken] GetToken failed for app=%s with userRecoverable status: %s 
01-19 15:47:49.928 W/Auth    ( 4588): [ChimeraGetToken] exception while trying to fetch auth tokens for app=com.google.android.gms, scope=oauth2:https://www.googleapis.com/auth/googleplay [CONTEXT service_id=153 ]
01-19 15:47:49.928 W/Auth    ( 4588): aeqh: GetToken failed with status code and recovery intent: BadAuthentication
01-19 15:47:49.928 W/Auth    ( 4588): 	at aeqm.b(:com.google.android.gms@255034029@25.50.34 (190400-855735097):339)
01-19 15:47:49.928 W/Auth    ( 4588): 	at ygv.d(:com.google.android.gms@255034029@25.50.34 (190400-855735097):662)
01-19 15:47:49.928 W/Auth    ( 4588): 	at aejy.getAuthToken(:com.google.android.gms@255034029@25.50.34 (190400-855735097):411)
01-19 15:47:49.928 W/Auth    ( 4588): 	at android.accounts.AbstractAccountAuthenticator$Transport.getAuthToken(AbstractAccountAuthenticator.java:246)
01-19 15:47:49.928 W/Auth    ( 4588): 	at android.accounts.IAccountAuthenticator$Stub.onTransact(IAccountAuthenticator.java:242)
01-19 15:47:49.928 W/Auth    ( 4588): 	at android.os.Binder.transact(Binder.java:1188)
01-19 15:47:49.928 W/Auth    ( 4588): 	at cfwv.onTransact(:com.google.android.gms@255034029@25.50.34 (190400-855735097):10)
01-19 15:47:49.928 W/Auth    ( 4588): 	at android.os.Binder.transact(Binder.java:1188)
01-19 15:47:49.928 W/Auth    ( 4588): 	at butd.onTransact(:com.google.android.gms@255034029@25.50.34 (190400-855735097):161)
01-19 15:47:49.928 W/Auth    ( 4588): 	at android.os.Binder.execTransactInternal(Binder.java:1331)
01-19 15:47:49.928 W/Auth    ( 4588): 	at android.os.Binder.execTransact(Binder.java:1268)
01-19 15:47:49.929 W/GLSActivity( 4588): [GmsAccountAuthenticatorImpl] error status while fetching token:BadAuthentication
01-19 15:47:49.943 E/AuthPII ( 4588): [RequestTokenManager] getToken() -> BAD_AUTHENTICATION. App: com.android.vending, Service: oauth2:https://www.googleapis.com/auth/googleplay
01-19 15:47:49.943 E/AuthPII ( 4588): bcro: Long live credential not available.
01-19 15:47:49.943 E/AuthPII ( 4588): 	at aeqi.a(:com.google.android.gms@255034029@25.50.34 (190400-855735097):1401)
01-19 15:47:49.943 E/AuthPII ( 4588): 	at aeqp.b(:com.google.android.gms@255034029@25.50.34 (190400-855735097):26)
01-19 15:47:49.943 E/AuthPII ( 4588): 	at aeqn.a(:com.google.android.gms@255034029@25.50.34 (190400-855735097):744)
01-19 15:47:49.943 E/AuthPII ( 4588): 	at aeqm.b(:com.google.android.gms@255034029@25.50.34 (190400-855735097):142)
01-19 15:47:49.943 E/AuthPII ( 4588): 	at ygv.d(:com.google.android.gms@255034029@25.50.34 (190400-855735097):662)
01-19 15:47:49.943 E/AuthPII ( 4588): 	at aejy.getAuthToken(:com.google.android.gms@255034029@25.50.34 (190400-855735097):411)
01-19 15:47:49.943 E/AuthPII ( 4588): 	at android.accounts.AbstractAccountAuthenticator$Transport.getAuthToken(AbstractAccountAuthenticator.java:246)
01-19 15:47:49.943 E/AuthPII ( 4588): 	at android.accounts.IAccountAuthenticator$Stub.onTransact(IAccountAuthenticator.java:242)
01-19 15:47:49.943 E/AuthPII ( 4588): 	at android.os.Binder.transact(Binder.java:1188)
01-19 15:47:49.943 E/AuthPII ( 4588): 	at cfwv.onTransact(:com.google.android.gms@255034029@25.50.34 (190400-855735097):10)
01-19 15:47:49.943 E/AuthPII ( 4588): 	at android.os.Binder.transact(Binder.java:1188)
01-19 15:47:49.943 E/AuthPII ( 4588): 	at butd.onTransact(:com.google.android.gms@255034029@25.50.34 (190400-855735097):161)
01-19 15:47:49.943 E/AuthPII ( 4588): 	at android.os.Binder.execTransactInternal(Binder.java:1331)
01-19 15:47:49.943 E/AuthPII ( 4588): 	at android.os.Binder.execTransact(Binder.java:1268)
01-19 15:47:49.944 E/AuthPII ( 4588): Message is Long live credential not available.
01-19 15:47:49.944 E/AuthPII ( 4588): bcro: Long live credential not available.
01-19 15:47:49.944 E/AuthPII ( 4588): 	at aeqi.a(:com.google.android.gms@255034029@25.50.34 (190400-855735097):1401)
01-19 15:47:49.944 E/AuthPII ( 4588): 	at aeqp.b(:com.google.android.gms@255034029@25.50.34 (190400-855735097):26)
01-19 15:47:49.944 E/AuthPII ( 4588): 	at aeqn.a(:com.google.android.gms@255034029@25.50.34 (190400-855735097):744)
01-19 15:47:49.944 E/AuthPII ( 4588): 	at aeqm.b(:com.google.android.gms@255034029@25.50.34 (190400-855735097):142)
01-19 15:47:49.944 E/AuthPII ( 4588): 	at ygv.d(:com.google.android.gms@255034029@25.50.34 (190400-855735097):662)
01-19 15:47:49.944 E/AuthPII ( 4588): 	at aejy.getAuthToken(:com.google.android.gms@255034029@25.50.34 (190400-855735097):411)
01-19 15:47:49.944 E/AuthPII ( 4588): 	at android.accounts.AbstractAccountAuthenticator$Transport.getAuthToken(AbstractAccountAuthenticator.java:246)
01-19 15:47:49.944 E/AuthPII ( 4588): 	at android.accounts.IAccountAuthenticator$Stub.onTransact(IAccountAuthenticator.java:242)
01-19 15:47:49.944 E/AuthPII ( 4588): 	at android.os.Binder.transact(Binder.java:1188)
01-19 15:47:49.944 E/AuthPII ( 4588): 	at cfwv.onTransact(:com.google.android.gms@255034029@25.50.34 (190400-855735097):10)
01-19 15:47:49.944 E/AuthPII ( 4588): 	at android.os.Binder.transact(Binder.java:1188)
01-19 15:47:49.944 E/AuthPII ( 4588): 	at butd.onTransact(:com.google.android.gms@255034029@25.50.34 (190400-855735097):161)
01-19 15:47:49.944 E/AuthPII ( 4588): 	at android.os.Binder.execTransactInternal(Binder.java:1331)
01-19 15:47:49.944 E/AuthPII ( 4588): 	at android.os.Binder.execTransact(Binder.java:1268)
01-19 15:47:49.974 I/Auth    ( 4588): (REDACTED) [GetToken] GetToken failed for app=%s with userRecoverable status: %s 
01-19 15:47:49.975 W/Auth    ( 4588): [ChimeraGetToken] exception while trying to fetch auth tokens for app=com.google.android.gms, scope=oauth2:https://www.googleapis.com/auth/googleplay [CONTEXT service_id=153 ]
01-19 15:47:49.975 W/Auth    ( 4588): aeqh: GetToken failed with status code and recovery intent: BadAuthentication
01-19 15:47:49.975 W/Auth    ( 4588): 	at aeqm.b(:com.google.android.gms@255034029@25.50.34 (190400-855735097):339)
01-19 15:47:49.975 W/Auth    ( 4588): 	at ygv.d(:com.google.android.gms@255034029@25.50.34 (190400-855735097):662)
01-19 15:47:49.975 W/Auth    ( 4588): 	at aejy.getAuthToken(:com.google.android.gms@255034029@25.50.34 (190400-855735097):411)
01-19 15:47:49.975 W/Auth    ( 4588): 	at android.accounts.AbstractAccountAuthenticator$Transport.getAuthToken(AbstractAccountAuthenticator.java:246)
01-19 15:47:49.975 W/Auth    ( 4588): 	at android.accounts.IAccountAuthenticator$Stub.onTransact(IAccountAuthenticator.java:242)
01-19 15:47:49.975 W/Auth    ( 4588): 	at android.os.Binder.transact(Binder.java:1188)
01-19 15:47:49.975 W/Auth    ( 4588): 	at cfwv.onTransact(:com.google.android.gms@255034029@25.50.34 (190400-855735097):10)
01-19 15:47:49.975 W/Auth    ( 4588): 	at android.os.Binder.transact(Binder.java:1188)
01-19 15:47:49.975 W/Auth    ( 4588): 	at butd.onTransact(:com.google.android.gms@255034029@25.50.34 (190400-855735097):161)
01-19 15:47:49.975 W/Auth    ( 4588): 	at android.os.Binder.execTransactInternal(Binder.java:1331)
01-19 15:47:49.975 W/Auth    ( 4588): 	at android.os.Binder.execTransact(Binder.java:1268)
01-19 15:47:49.975 W/GLSActivity( 4588): [GmsAccountAuthenticatorImpl] error status while fetching token:BadAuthentication
01-19 15:47:49.983 I/Finsky  (12458): [468] Completed 2 account content syncs with 0 successful.
01-19 15:47:49.985 I/Finsky  (12458): [2] [ContentSync] Installation state replication failed, parameters=Id: 12-1, CT: 1768808851934, Constraints: [{ L: 15000, D: 86400000, C: CHARGING_NONE, I: IDLE_NONE, N: NET_ANY, B: BATTERY_ANY }].
01-19 15:47:49.986 I/Finsky  (12458): [2] [ContentSync] Scheduling replication attempt 0.
01-19 15:47:49.987 I/Finsky  (12458): [2] SCH: jobFinished: 12-1. TimeElapsed: 2939ms.
01-19 15:47:49.988 I/Finsky  (12458): [2] WM::SCH: Logging work end for 12-1
01-19 15:47:49.997 I/Finsky  (12458): [459] SCH: Attempting to reschedule job: Id: 12-1, Constraints: [{ L: 20000, D: 86400000, C: CHARGING_NONE, I: IDLE_NONE, N: NET_ANY, B: BATTERY_ANY }]
01-19 15:47:50.027 I/Finsky  (12458): [311] SCH: Scheduling phonesky job Id: 1-1337, CT: 1768792477077, Constraints: [{ L: 43181639, D: 86381639, C: CHARGING_NONE, I: IDLE_NONE, N: NET_ANY, B: BATTERY_ANY }]
01-19 15:47:50.036 I/Finsky  (12458): [304] WM::SCH: Logging work initialize for 12-1
01-19 15:47:50.045 I/Finsky  (12458): [320] SCH: Scheduling 1 system job(s)
01-19 15:47:50.046 I/Finsky  (12458): [320] SCH: Scheduling system job Id: 9644, L: 26788671, D: 69988671, C: false, I: false, N: 1
01-19 15:47:50.063 I/Finsky  (12458): [467] SCH: job service finished with id 9641.
01-19 15:47:50.067 I/Finsky  (12458): [315] SCH: Scheduling phonesky job Id: 12-1, CT: 1768808869998, Constraints: [{ L: 20000, D: 86400000, C: CHARGING_NONE, I: IDLE_NONE, N: NET_ANY, B: BATTERY_ANY }]
01-19 15:47:50.088 I/Finsky  (12458): [320] SCH: Scheduling 1 system job(s)
01-19 15:47:50.089 I/Finsky  (12458): [320] SCH: Scheduling system job Id: 9644, L: 19910, D: 69988628, C: false, I: false, N: 1
01-19 15:47:50.162 D/BoundBrokerSvc(17892): onUnbind: Intent { act=com.google.android.gms.appset.service.START dat=chimera-action:/... cmp=com.google.android.gms/.chimera.GmsApiService }
01-19 15:47:50.753 V/bt_stack( 2751): [VERBOSE1:btm_ble_gap.cc(2613)] btm_ble_process_adv_addr: bda=0f:**:**:**:47:c2 addr_type=1
01-19 15:47:50.753 I/bt_btm  ( 2751): LogMsg: btm_ble_process_adv_pkt_cont
01-19 15:47:50.753 I/bt_btif ( 2751): LogMsg: bta_dm_observe_results_cb
01-19 15:47:50.753 I/bt_btif ( 2751): LogMsg: btif_ble_scanner_update_COD 0f:66:55:4a:47:c2 cod is 0x000000
01-19 15:47:50.754 I/bt_btif ( 2751): LogMsg: btif_ble_scanner_update_COD cod in config 0x000000, status=1
01-19 15:47:50.754 I/bt_btif ( 2751): LogMsg: btif_ble_scanner_update_COD invalid cod 0x0, use cod 0x0 in config
01-19 15:47:50.754 I/bt_btif ( 2751): LogMsg: btif_ble_scanner_update_COD cod is again 0, set as unclassified
01-19 15:47:50.754 I/bt_btif ( 2751): LogMsg: btif_ble_scanner_update_COD cod change 0x0=>0x1f00, update config
01-19 15:47:50.754 V/bt_stack( 2751): [VERBOSE1:btif_config.cc(499)] btif_config_get_bin: cannot find string for section 0f:66:55:4a:47:c2, key LinkKey
01-19 15:47:50.755 I/bt_btif ( 2751): LogMsg: bta_scan_results_cb_impl dev_type change 0x0=>0x2, update config
01-19 15:47:50.755 V/bt_stack( 2751): [VERBOSE1:btif_config.cc(499)] btif_config_get_bin: cannot find string for section 0f:66:55:4a:47:c2, key LinkKey
01-19 15:47:50.756 I/bt_btif ( 2751): LogMsg: btif_in_fetch_bonded_ble_device Found a LE device: 0f:66:55:4a:47:c2
01-19 15:47:50.756 V/bt_stack( 2751): [VERBOSE1:btif_config.cc(499)] btif_config_get_bin: cannot find string for section 0f:66:55:4a:47:c2, key LE_KEY_PENC
01-19 15:47:50.756 V/bt_stack( 2751): [VERBOSE1:btif_config.cc(499)] btif_config_get_bin: cannot find string for section 0f:66:55:4a:47:c2, key LE_KEY_PID
01-19 15:47:50.757 V/bt_stack( 2751): [VERBOSE1:btif_config.cc(499)] btif_config_get_bin: cannot find string for section 0f:66:55:4a:47:c2, key LE_KEY_LID
01-19 15:47:50.757 V/bt_stack( 2751): [VERBOSE1:btif_config.cc(499)] btif_config_get_bin: cannot find string for section 0f:66:55:4a:47:c2, key LE_KEY_PCSRK
01-19 15:47:50.758 V/bt_stack( 2751): [VERBOSE1:btif_config.cc(499)] btif_config_get_bin: cannot find string for section 0f:66:55:4a:47:c2, key LE_KEY_LENC
01-19 15:47:50.758 V/bt_stack( 2751): [VERBOSE1:btif_config.cc(499)] btif_config_get_bin: cannot find string for section 0f:66:55:4a:47:c2, key LE_KEY_LCSRK
01-19 15:47:50.758 I/bt_btif ( 2751): LogMsg: bta_scan_results_cb_impl : type 0 channel 0
01-19 15:47:50.758 I/bt_btif ( 2751): LogMsg: bta_scan_results_cb_impl: HAL bt_gatt_callbacks->scanner->scan_result_cb
01-19 15:47:50.759 D/BtGatt.GattService( 2751): onScanResult() - eventType=0x0, addressType=1, address=0F:66:55:4A:47:C2, primaryPhy=1, secondaryPhy=1, advertisingSid=0x3, txPower=127, rssi=-96, periodicAdvInt=0x0, originalAddress=0F:66:55:4A:47:C2, type=0, channel=0
01-19 15:47:50.759 D/BtGatt.GattService( 2751): Skipping client: permission=true matches=false
01-19 15:47:52.447 I/thermal_repeater( 1431): [recvMdThermalInfo] ret=33, strLen=127,  3, 29, -127, 25135, 32767, 25391
01-19 15:47:52.727 D/OplusHecate( 1123): pixels[540,78]=0xffffffff
01-19 15:47:53.691 E/Battery (23265): a: getAISleepDuration: predictResult is null.
01-19 15:47:54.134 D/OplusWifiSwitchStats( 1654): RSSI_CHANGED_ACTION wifiState=3
01-19 15:47:54.173 D/WifiStatusTracker( 2315): mNetworkCallback onCapabilitiesChanged network:100 mPrimaryNetworkId:100
01-19 15:47:54.178 D/WN_S    ( 1654): onCapabilitiesChanged for 100
01-19 15:47:54.183 D/WifiStatusTracker( 2315): mNetworkCallback onCapabilitiesChanged network:100 mPrimaryNetworkId:100
01-19 15:47:54.212 I/NullBinder( 4588): NullBinder for android.net.action.RECOMMEND_NETWORKS triggering remote TransactionTooLargeException due to Service without Chimera impl, calling uid: 1000, calling pid: 0
01-19 15:47:54.213 W/.gms.persistent( 4588): Large reply transaction of 2113536 bytes, interface descriptor , code 1
01-19 15:47:54.218 I/BugleRcsEngine(23170): handleMessage processing message:[NOTIFY_UPTIME_IGNORE_STATE_CHANGED] with [non-null]:RcsEngineImpl reference [CONTEXT log_prefix="RcsEngineImpl[DUAL_REG]:[6f6100cb-6535]>Handler" thread_id=68 ]
01-19 15:47:54.223 I/BugleRcsEngine(23170): Cannot use CS.apk as it's battery optimized [CONTEXT thread_id=68 ]
01-19 15:47:54.223 I/BugleRcsEngine(23170): Connected state: [1], networkType: [WIFI] [CONTEXT thread_id=56 ]
01-19 15:47:54.230 E/PhoneInterfaceManager( 2808): [PhoneIntfMgr] getCarrierPrivilegeStatusForUid: Invalid subId
01-19 15:47:54.230 I/NullBinder( 4588): NullBinder for android.net.action.RECOMMEND_NETWORKS triggering remote TransactionTooLargeException due to Service without Chimera impl, calling uid: 1000, calling pid: 0
01-19 15:47:54.231 W/.gms.persistent( 4588): Large reply transaction of 2113536 bytes, interface descriptor , code 1
01-19 15:47:54.237 I/BugleRcsEngine(23170): No RCS Configuration was found in Bugle for simID: redacted-pii:sim_id[chars:0,last3:] [CONTEXT log_prefix="ProvisioningEngineDataRetriever" thread_id=68 ]
01-19 15:47:54.509 I/.mcs.appservice(22153): Background concurrent copying GC freed 1646KB AllocSpace bytes, 1(20KB) LOS objects, 66% free, 2726KB/8178KB, paused 313us,63us total 100.198ms
01-19 15:47:55.790 I/Process (22153): Sending signal. PID: 22153 SIG: 9
01-19 15:47:55.860 I/ActivityManager( 1654): Process com.heytap.mcs.appservice (pid 22153) has died: vis IMPF
01-19 15:47:55.861 I/Zygote  (  984): Process 22153 exited due to signal 9 (Killed)
01-19 15:47:55.862 D/OplusUIFirst_FB( 1654): com.heytap.mcs remove pid: 22153
01-19 15:47:55.862 I/ActivityThread(15681): Removing dead content provider:android.content.ContentProviderProxy@693fb51
01-19 15:47:55.863 V/DeepThinker(23486): ProcessManager: onProcessDied pid:22153, uid:1000
01-19 15:47:55.864 I/mtkpower_client( 1654): [Legacy][PowerHal_Wrap_notifyAppState] com.heytap.mcs/com.heytap.mcs pid=22153 state:3
01-19 15:47:55.864 I/game_scn( 1654): collectForegroundAppList packName=com.heytap.mcs, actName=com.heytap.mcs, pid=22153, uid=1000, state:DEAD
01-19 15:47:55.864 I/libprocessgroup( 1654): Successfully killed process cgroup uid 1000 pid 22153 in 4ms
01-19 15:47:55.866 D/RilUtility( 1025): notify_rild_crash_pid_set certPid:-1, crash:22153, scn:0x0
01-19 15:47:55.880 D/IMGMemtrackHAL( 1008): hal_get_memory: memtrack cache rebuild was required
01-19 15:47:56.595 D/ccci_mdinit( 1129): (1):monitor_time_update_thread round:7321 ########
01-19 15:47:57.013 D/VRR [OTI]( 1123): handleIdle from 1 to 0
01-19 15:47:57.013 D/VRR [OTI-HW]( 1123): isStateReady 0
01-19 15:47:57.014 D/VRR [OTI-HW]( 1123): rate range: min {id=0, hwcId=0, resolution=720x1600, refreshRate=60.00 Hz, dpi=269.21x269.21, group=0} cur {id=0, hwcId=0, resolution=720x1600, refreshRate=60.00 Hz, dpi=269.21x269.21, group=0} max {id=0, hwcId=0, resolution=720x1600, refreshRate=60.00 Hz, dpi=269.21x269.21, group=0}
01-19 15:47:57.014 D/VRR [OTI-HW]( 1123): keep rate.
01-19 15:47:57.014 I/libPowerHal( 1025): [setGPUFreq] MTKPOWER_HINT_APP_TOUCH user set gpu freq min:1, max:-1
01-19 15:47:57.014 I/libPowerHal( 1025): MTKPOWER_HINT_APP_TOUCH: set gpu opp level: 1
01-19 15:47:57.014 I/libPowerHal( 1025): MTKPOWER_HINT_APP_TOUCH: set gpu opp level max: 0
01-19 15:47:57.015 I/libPowerHal( 1025): [setGPUFreq] Soft min/max = (1, 0); Hard min/max = (2, 0)
01-19 15:47:57.015 I/libPowerHal( 1025): [setGPUFreq] final min/max = (1, 0)
01-19 15:47:57.015 I/libPowerHal( 1025): MTKPOWER_HINT_APP_TOUCH: set gpu opp level: 1
01-19 15:47:57.015 I/libPowerHal( 1025): MTKPOWER_HINT_APP_TOUCH: set gpu opp level max: 0
01-19 15:47:57.015 I/mtkpower_client( 1654): perf_lock_rel, hdl:13623, tid:2356
01-19 15:47:57.015 I/libPowerHal( 1025): MTKPOWER_HINT_APP_TOUCH: cpu_ctrl set cpu freq: 2139000 -1 1491000 -1
01-19 15:47:57.015 D/PowerManagerService( 1654): userActivityNoUpdateLocked: groupId=0, eventTime=217627569, event=2, flags=0x0, uid=1000
01-19 15:47:57.016 D/OGG_Detector( 1654): D:done mCurrStatus: 0
01-19 15:47:57.017 I/OplusSmartBrightnessController( 1654): handleBrightnessTotalRateType: dim->automatic
01-19 15:47:57.017 I/libPowerHal( 1025): [perfLockRel] hdl:13623, idx:0
01-19 15:47:57.017 I/mtkpower_client( 1654): perf_lock_acq, hdl:13623, dur:0, num:4, tid:2356
01-19 15:47:57.017 D/OplusDisplayPowerControllerExtImpl( 1654): original brightness:755 final brightness:755.0 scale:1.0 reason:4 darkLevel:0
01-19 15:47:57.017 D/DisplayManagerServiceExtImpl( 1654): request size(1,1),dpc=com.android.server.display.DisplayPowerController@484ef97 size(0,1),flags=0X200F,id(0,0,local:0), phase=1, enable=true, ready=false,prox=false policy=BRIGHT,dozeState=UNKNOWN,screenBrightnessOverride=-1.000000,useAuto=true,lowPower=false,lowPowerFactor=1.000000
01-19 15:47:57.019 I/libPowerHal( 1025): [setGPUFreq] INTERACTION user set gpu freq min:0, max:-1
01-19 15:47:57.019 I/libPowerHal( 1025): INTERACTION: set gpu opp level: 0
01-19 15:47:57.019 I/libPowerHal( 1025): INTERACTION: set gpu opp level max: 0
01-19 15:47:57.019 I/libPowerHal( 1025): [setGPUFreq] Soft min/max = (0, 0); Hard min/max = (2, 0)
01-19 15:47:57.019 I/libPowerHal( 1025): [setGPUFreq] final min/max = (0, 0)
01-19 15:47:57.019 I/libPowerHal( 1025): INTERACTION: set gpu opp level: 0
01-19 15:47:57.019 I/libPowerHal( 1025): INTERACTION: set gpu opp level max: 0
01-19 15:47:57.019 D/OplusDisplayPowerControllerExtImpl( 1654): Animating brightness: target=13->755,rate=25->2600,type=automatic,byUse=false local:0
01-19 15:47:57.019 D/DisplayPowerController[0]( 1654): Brightness [755.0] reason changing to: 'automatic [ auto_adj ]', previous reason: 'automatic [ dim ]'. id=local:0
01-19 15:47:57.019 I/DisplayPowerController[0]( 1654): BrightnessEvent: disp=0, brt=755.0, rcmdBrt=NaN, preBrt=NaN, lux=0.0, preLux=0.0, hbmMax=1.0, hbmMode=off, thrmMax=1.0, flags=, reason=automatic [ auto_adj ]
01-19 15:47:57.019 D/OplusDisplayPowerControllerExtImpl( 1654): RECORD:onUpdatePowerState policy:3 state:2 brightness:755
01-19 15:47:57.020 D/VRR [OPlusRefreshRateService]( 1654): notifyBrightnessChange brightness: 755.0
01-19 15:47:57.020 D/VRR [OPlusRefreshRateService]( 1654): notifyNitsChange nits: 112.03284 discrete nits: 2.6263962
01-19 15:47:57.020 D/VRR [OPlusRefreshRateService]( 1654): handleBrightnessChange nits: 112.03284
01-19 15:47:57.020 I/mtkpower_client( 1654): ret_hdl:13634
01-19 15:47:57.021 I/libPowerHal( 1025): cmdSetting - unknown cmd:2004100, scmd:(null) ,param_1:2
01-19 15:47:57.021 I/libPowerHal( 1025): [setGPUFreq] INTERACTION user set gpu freq min:0, max:-1
01-19 15:47:57.021 I/libPowerHal( 1025): INTERACTION: set gpu opp level max: 0
01-19 15:47:57.021 I/libPowerHal( 1025): [setGPUFreq] Soft min/max = (0, 0); Hard min/max = (2, 0)
01-19 15:47:57.021 I/libPowerHal( 1025): [setGPUFreq] final min/max = (0, 0)
01-19 15:47:57.021 I/libPowerHal( 1025): INTERACTION: set gpu opp level: 0
01-19 15:47:57.021 I/libPowerHal( 1025): INTERACTION: set gpu opp level max: 0
01-19 15:47:57.023 V/AutofillManager(22851): requestHideFillUi(null): anchor = null
01-19 15:47:57.028 D/OplusFeatureHDREnhanceBrightness( 1654): setAnimating : animating = true
01-19 15:47:57.028 D/OplusFeatureReduceBrightness( 1654): setAnimating : animating = true
01-19 15:47:57.029 E/DisplayManagerServiceExtImpl( 1654): can't get service binder: oppposcreenmode
01-19 15:47:57.029 E/DisplayManagerServiceExtImpl( 1654): can't get service interface: opscreenmode
01-19 15:47:57.033 D/DisplayPowerController[0]( 1654): onChange selfChange=false uri=content://settings/system/screen_brightness
01-19 15:47:57.033 D/OplusDisplayPowerControllerExtImpl( 1654): original brightness:755 final brightness:755.0 scale:1.0 reason:4 darkLevel:0
01-19 15:47:57.034 D/OplusDisplayPowerControllerExtImpl( 1654): Animating brightness: target=755->755,rate=2600->25,type=automatic,byUse=false local:0
01-19 15:47:57.034 D/DisplayPowerController[0]( 1654): Brightness [755.0] reason changing to: 'automatic [ auto_adj ]', previous reason: 'automatic'. id=local:0
01-19 15:47:57.034 I/DisplayPowerController[0]( 1654): BrightnessEvent: disp=0, brt=755.0(user_set), rcmdBrt=NaN, preBrt=NaN, lux=0.0, preLux=0.0, hbmMax=1.0, hbmMode=off, thrmMax=1.0, flags=user_set , reason=automatic [ auto_adj ]
01-19 15:47:57.035 D/VRR [OPlusRefreshRateService]( 1654): notifyBrightnessChange brightness: 755.0
01-19 15:47:57.035 D/DisplayManagerService( 1654): Delivering display event: displayId=0, event=4
01-19 15:47:57.036 D/OplusSystemUINavigationGestureExtImpl(22851): regionString = null
01-19 15:47:57.042 D/AALCust ( 1443): aal_backlight_bits, specialConfig:12
01-19 15:47:57.042 D/AAL     ( 1443): onBacklightChanged: 13/1023 -> 41/1023(phy:41/4095)
01-19 15:47:57.045 E/DisplayManagerServiceExtImpl( 1654): can't get service binder: oppposcreenmode
01-19 15:47:57.046 E/DisplayManagerServiceExtImpl( 1654): can't get service interface: opscreenmode
01-19 15:47:57.049 D/DisplayPowerController[0]( 1654): onChange selfChange=false uri=content://settings/system/screen_brightness
01-19 15:47:57.049 D/OplusDisplayPowerControllerExtImpl( 1654): original brightness:755 final brightness:755.0 scale:1.0 reason:4 darkLevel:0
01-19 15:47:57.049 D/AALCust ( 1443): aal_backlight_bits, specialConfig:12
01-19 15:47:57.050 D/AAL     ( 1443): onBacklightChanged: 41/1023 -> 84/1023(phy:84/4095)
01-19 15:47:57.051 D/DisplayPowerController[0]( 1654): Brightness [755.0] reason changing to: 'automatic [ auto_adj ]', previous reason: 'automatic'. id=local:0
01-19 15:47:57.052 I/DisplayPowerController[0]( 1654): BrightnessEvent: disp=0, brt=755.0(user_set), rcmdBrt=NaN, preBrt=NaN, lux=0.0, preLux=0.0, hbmMax=1.0, hbmMode=off, thrmMax=1.0, flags=user_set , reason=automatic [ auto_adj ]
01-19 15:47:57.052 D/VRR [OPlusRefreshRateService]( 1654): notifyBrightnessChange brightness: 755.0
01-19 15:47:57.052 D/DisplayManagerService( 1654): Delivering display event: displayId=0, event=4
01-19 15:47:57.055 W/SettingsProvider( 1654): notifyForSettingsChange delay for screen_brightness, value: 103, delta: 7, lastNotifyTimestamp: 217627609, minInterval: 10
01-19 15:47:57.060 D/DisplayPowerController[0]( 1654): onChange selfChange=false uri=content://settings/system/screen_brightness
01-19 15:47:57.060 D/OplusDisplayPowerControllerExtImpl( 1654): original brightness:755 final brightness:755.0 scale:1.0 reason:4 darkLevel:0
01-19 15:47:57.061 D/DisplayPowerController[0]( 1654): Brightness [755.0] reason changing to: 'automatic [ auto_adj ]', previous reason: 'automatic'. id=local:0
01-19 15:47:57.061 I/DisplayPowerController[0]( 1654): BrightnessEvent: disp=0, brt=755.0(user_set), rcmdBrt=NaN, preBrt=NaN, lux=0.0, preLux=0.0, hbmMax=1.0, hbmMode=off, thrmMax=1.0, flags=user_set , reason=automatic [ auto_adj ]
01-19 15:47:57.061 D/VRR [OPlusRefreshRateService]( 1654): notifyBrightnessChange brightness: 755.0
01-19 15:47:57.061 D/DisplayManagerService( 1654): Delivering display event: displayId=0, event=4
01-19 15:47:57.066 D/AALCust ( 1443): aal_backlight_bits, specialConfig:12
01-19 15:47:57.066 D/AAL     ( 1443): onBacklightChanged: 84/1023 -> 104/1023(phy:104/4095)
01-19 15:47:57.071 D/OplusDisplayPanelFeature( 1654): setDisplayPanelFeatureValue +++, ID:184, value:8
01-19 15:47:57.072 D/DisplayPanel_Session( 1035): setDisplayPanelFeatureValue DP_FeatureId=184, display_id = 0
01-19 15:47:57.073 D/DisplayPowerController[0]( 1654): onChange selfChange=false uri=content://settings/system/screen_brightness
01-19 15:47:57.073 D/OplusDisplayPowerControllerExtImpl( 1654): original brightness:755 final brightness:755.0 scale:1.0 reason:4 darkLevel:0
01-19 15:47:57.074 D/DisplayPowerController[0]( 1654): Brightness [755.0] reason changing to: 'automatic [ auto_adj ]', previous reason: 'automatic'. id=local:0
01-19 15:47:57.074 I/DisplayPowerController[0]( 1654): BrightnessEvent: disp=0, brt=755.0(user_set), rcmdBrt=NaN, preBrt=NaN, lux=0.0, preLux=0.0, hbmMax=1.0, hbmMode=off, thrmMax=1.0, flags=user_set , reason=automatic [ auto_adj ]
01-19 15:47:57.074 D/VRR [OPlusRefreshRateService]( 1654): notifyBrightnessChange brightness: 755.0
01-19 15:47:57.075 D/DisplayManagerService( 1654): Delivering display event: displayId=0, event=4
01-19 15:47:57.083 D/AALCust ( 1443): aal_backlight_bits, specialConfig:12
01-19 15:47:57.083 D/AAL     ( 1443): onBacklightChanged: 104/1023 -> 147/1023(phy:147/4095)
01-19 15:47:57.090 D/DisplayPowerController[0]( 1654): onChange selfChange=false uri=content://settings/system/screen_brightness
01-19 15:47:57.090 D/OplusDisplayPowerControllerExtImpl( 1654): original brightness:755 final brightness:755.0 scale:1.0 reason:4 darkLevel:0
01-19 15:47:57.091 D/DisplayPowerController[0]( 1654): Brightness [755.0] reason changing to: 'automatic [ auto_adj ]', previous reason: 'automatic'. id=local:0
01-19 15:47:57.091 I/DisplayPowerController[0]( 1654): BrightnessEvent: disp=0, brt=755.0(user_set), rcmdBrt=NaN, preBrt=NaN, lux=0.0, preLux=0.0, hbmMax=1.0, hbmMode=off, thrmMax=1.0, flags=user_set , reason=automatic [ auto_adj ]
01-19 15:47:57.091 D/VRR [OPlusRefreshRateService]( 1654): notifyBrightnessChange brightness: 755.0
01-19 15:47:57.092 D/DisplayManagerService( 1654): Delivering display event: displayId=0, event=4
01-19 15:47:57.100 I/mtkpower@impl( 1025): [powerd_req] TIMER_MSG_PERF_LOCK_TIMEOUT hdl:13633
01-19 15:47:57.100 D/AALCust ( 1443): aal_backlight_bits, specialConfig:12
01-19 15:47:57.100 D/AAL     ( 1443): onBacklightChanged: 147/1023 -> 191/1023(phy:191/4095)
01-19 15:47:57.100 I/libPowerHal( 1025): [perfLockRel] hdl:13633, idx:2
01-19 15:47:57.100 I/libPowerHal( 1025): [unsetGPUFreq] current min:0, max:0; scn_gpu_min:0, scn_gpu_max:-1; scn_gpu_min(HL):-1, scn_gpu_max(HL):-1
01-19 15:47:57.100 I/libPowerHal( 1025): [setGPUFreq] Soft min/max = (0, 0); Hard min/max = (2, 0)
01-19 15:47:57.100 I/libPowerHal( 1025): [setGPUFreq] final min/max = (0, 0)
01-19 15:47:57.100 I/libPowerHal( 1025): INTERACTION: set gpu opp level: 0
01-19 15:47:57.100 I/libPowerHal( 1025): INTERACTION: set gpu opp level max: 0
01-19 15:47:57.101 I/mtkpower@impl( 1025): [powerd_req] TIMER_MSG_PERF_LOCK_TIMEOUT hdl:13635
01-19 15:47:57.101 I/libPowerHal( 1025): [perfLockRel] hdl:13635, idx:3
01-19 15:47:57.101 I/libPowerHal( 1025): [unsetGPUFreq] current min:0, max:0; scn_gpu_min:0, scn_gpu_max:-1; scn_gpu_min(HL):-1, scn_gpu_max(HL):-1
01-19 15:47:57.101 I/libPowerHal( 1025): INTERACTION: set gpu opp level: 1
01-19 15:47:57.101 I/libPowerHal( 1025): INTERACTION: set gpu opp level max: 0
01-19 15:47:57.101 I/libPowerHal( 1025): [setGPUFreq] Soft min/max = (1, 0); Hard min/max = (2, 0)
01-19 15:47:57.101 I/libPowerHal( 1025): [setGPUFreq] final min/max = (1, 0)
01-19 15:47:57.101 I/libPowerHal( 1025): INTERACTION: set gpu opp level: 1
01-19 15:47:57.101 I/libPowerHal( 1025): INTERACTION: set gpu opp level max: 0
01-19 15:47:57.101 I/libPowerHal( 1025): [PD] INTERACTION update cmd:1000000, param:-1
01-19 15:47:57.101 I/libPowerHal( 1025): [PD] INTERACTION update cmd:2020000 param:1
01-19 15:47:57.101 D/OplusInputMethodManagerInternal(22851): get inputMethodManager extension: com.android.internal.view.IInputMethodManager$Stub$Proxy@44c7ea7
01-19 15:47:57.101 I/libPowerHal( 1025): [PD] INTERACTION update cmd:1000000 param:-1
01-19 15:47:57.102 I/libPowerHal( 1025): [perfLockRel] hdl:13632, idx:1
01-19 15:47:57.102 I/libPowerHal( 1025): MTKPOWER_HINT_APP_TOUCH: cpu_ctrl set cpu freq: -1 -1 -1 -1
01-19 15:47:57.102 I/libPowerHal( 1025): [unsetGPUFreq] current min:1, max:0; scn_gpu_min:1, scn_gpu_max:-1; scn_gpu_min(HL):-1, scn_gpu_max(HL):-1
01-19 15:47:57.102 I/libPowerHal( 1025): MTKPOWER_HINT_APP_TOUCH: set gpu opp level: 2
01-19 15:47:57.102 I/libPowerHal( 1025): MTKPOWER_HINT_APP_TOUCH: set gpu opp level max: 0
01-19 15:47:57.102 I/libPowerHal( 1025): [setGPUFreq] Soft min/max = (2, 0); Hard min/max = (2, 0)
01-19 15:47:57.102 I/libPowerHal( 1025): [setGPUFreq] final min/max = (2, 0)
01-19 15:47:57.102 I/libPowerHal( 1025): MTKPOWER_HINT_APP_TOUCH: set gpu opp level: 2
01-19 15:47:57.103 I/libPowerHal( 1025): MTKPOWER_HINT_APP_TOUCH: set gpu opp level max: 0
01-19 15:47:57.103 I/libPowerHal( 1025): [PD] MTKPOWER_HINT_APP_TOUCH update cmd:3408600 param:0
01-19 15:47:57.107 D/DisplayPowerController[0]( 1654): onChange selfChange=false uri=content://settings/system/screen_brightness
01-19 15:47:57.108 D/OplusDisplayPowerControllerExtImpl( 1654): original brightness:755 final brightness:755.0 scale:1.0 reason:4 darkLevel:0
01-19 15:47:57.109 D/DisplayPowerController[0]( 1654): Brightness [755.0] reason changing to: 'automatic [ auto_adj ]', previous reason: 'automatic'. id=local:0
01-19 15:47:57.109 I/DisplayPowerController[0]( 1654): BrightnessEvent: disp=0, brt=755.0(user_set), rcmdBrt=NaN, preBrt=NaN, lux=0.0, preLux=0.0, hbmMax=1.0, hbmMode=off, thrmMax=1.0, flags=user_set , reason=automatic [ auto_adj ]
01-19 15:47:57.109 D/VRR [OPlusRefreshRateService]( 1654): notifyBrightnessChange brightness: 755.0
01-19 15:47:57.109 D/DisplayManagerService( 1654): Delivering display event: displayId=0, event=4
01-19 15:47:57.116 D/AALCust ( 1443): aal_backlight_bits, specialConfig:12
01-19 15:47:57.116 D/AAL     ( 1443): onBacklightChanged: 191/1023 -> 234/1023(phy:234/4095)
01-19 15:47:57.117 D/AAL     ( 1443): 01-19 03:47:57.050 BL=  21,ESS= 256, 01-19 03:47:57.067 BL=  26,ESS= 256, 01-19 03:47:57.084 BL=  36,ESS= 256, 01-19 03:47:57.100 BL=  47,ESS= 256, 01-19 03:47:57.117 BL=  58,ESS= 256, 
01-19 15:47:57.124 D/DisplayPowerController[0]( 1654): onChange selfChange=false uri=content://settings/system/screen_brightness
01-19 15:47:57.125 D/OplusDisplayPowerControllerExtImpl( 1654): original brightness:755 final brightness:755.0 scale:1.0 reason:4 darkLevel:0
01-19 15:47:57.127 D/DisplayPowerController[0]( 1654): Brightness [755.0] reason changing to: 'automatic [ auto_adj ]', previous reason: 'automatic'. id=local:0
01-19 15:47:57.127 I/DisplayPowerController[0]( 1654): BrightnessEvent: disp=0, brt=755.0(user_set), rcmdBrt=NaN, preBrt=NaN, lux=0.0, preLux=0.0, hbmMax=1.0, hbmMode=off, thrmMax=1.0, flags=user_set , reason=automatic [ auto_adj ]
01-19 15:47:57.127 D/VRR [OPlusRefreshRateService]( 1654): notifyBrightnessChange brightness: 755.0
01-19 15:47:57.127 D/DisplayManagerService( 1654): Delivering display event: displayId=0, event=4
01-19 15:47:57.133 D/AALCust ( 1443): aal_backlight_bits, specialConfig:12
01-19 15:47:57.133 D/AAL     ( 1443): onBacklightChanged: 234/1023 -> 277/1023(phy:277/4095)
01-19 15:47:57.143 D/DisplayPowerController[0]( 1654): onChange selfChange=false uri=content://settings/system/screen_brightness
01-19 15:47:57.143 D/OplusDisplayPowerControllerExtImpl( 1654): original brightness:755 final brightness:755.0 scale:1.0 reason:4 darkLevel:0
01-19 15:47:57.145 D/DisplayPowerController[0]( 1654): Brightness [755.0] reason changing to: 'automatic [ auto_adj ]', previous reason: 'automatic'. id=local:0
01-19 15:47:57.145 I/DisplayPowerController[0]( 1654): BrightnessEvent: disp=0, brt=755.0(user_set), rcmdBrt=NaN, preBrt=NaN, lux=0.0, preLux=0.0, hbmMax=1.0, hbmMode=off, thrmMax=1.0, flags=user_set , reason=automatic [ auto_adj ]
01-19 15:47:57.145 D/VRR [OPlusRefreshRateService]( 1654): notifyBrightnessChange brightness: 755.0
01-19 15:47:57.145 D/DisplayManagerService( 1654): Delivering display event: displayId=0, event=4
01-19 15:47:57.150 D/AALCust ( 1443): aal_backlight_bits, specialConfig:12
01-19 15:47:57.150 D/AAL     ( 1443): onBacklightChanged: 277/1023 -> 322/1023(phy:322/4095)
01-19 15:47:57.154 D/OplusWifiSwitchStats( 1654): RSSI_CHANGED_ACTION wifiState=3
01-19 15:47:57.162 D/DisplayPowerController[0]( 1654): onChange selfChange=false uri=content://settings/system/screen_brightness
01-19 15:47:57.163 D/OplusDisplayPowerControllerExtImpl( 1654): original brightness:755 final brightness:755.0 scale:1.0 reason:4 darkLevel:0
01-19 15:47:57.164 D/DisplayPowerController[0]( 1654): Brightness [755.0] reason changing to: 'automatic [ auto_adj ]', previous reason: 'automatic'. id=local:0
01-19 15:47:57.164 I/DisplayPowerController[0]( 1654): BrightnessEvent: disp=0, brt=755.0(user_set), rcmdBrt=NaN, preBrt=NaN, lux=0.0, preLux=0.0, hbmMax=1.0, hbmMode=off, thrmMax=1.0, flags=user_set , reason=automatic [ auto_adj ]
01-19 15:47:57.164 D/VRR [OPlusRefreshRateService]( 1654): notifyBrightnessChange brightness: 755.0
01-19 15:47:57.164 D/DisplayManagerService( 1654): Delivering display event: displayId=0, event=4
01-19 15:47:57.167 D/AALCust ( 1443): aal_backlight_bits, specialConfig:12
01-19 15:47:57.167 D/AAL     ( 1443): onBacklightChanged: 322/1023 -> 365/1023(phy:365/4095)
01-19 15:47:57.169 D/WifiStatusTracker( 2315): mNetworkCallback onCapabilitiesChanged network:100 mPrimaryNetworkId:100
01-19 15:47:57.172 D/WN_S    ( 1654): onCapabilitiesChanged for 100
01-19 15:47:57.173 D/WifiStatusTracker( 2315): mNetworkCallback onCapabilitiesChanged network:100 mPrimaryNetworkId:100
01-19 15:47:57.178 D/DisplayPowerController[0]( 1654): onChange selfChange=false uri=content://settings/system/screen_brightness
01-19 15:47:57.179 D/OplusDisplayPowerControllerExtImpl( 1654): original brightness:755 final brightness:755.0 scale:1.0 reason:4 darkLevel:0
01-19 15:47:57.180 D/DisplayPowerController[0]( 1654): Brightness [755.0] reason changing to: 'automatic [ auto_adj ]', previous reason: 'automatic'. id=local:0
01-19 15:47:57.180 I/DisplayPowerController[0]( 1654): BrightnessEvent: disp=0, brt=755.0(user_set), rcmdBrt=NaN, preBrt=NaN, lux=0.0, preLux=0.0, hbmMax=1.0, hbmMode=off, thrmMax=1.0, flags=user_set , reason=automatic [ auto_adj ]
01-19 15:47:57.180 D/VRR [OPlusRefreshRateService]( 1654): notifyBrightnessChange brightness: 755.0
01-19 15:47:57.180 D/DisplayManagerService( 1654): Delivering display event: displayId=0, event=4
01-19 15:47:57.183 D/AALCust ( 1443): aal_backlight_bits, specialConfig:12
01-19 15:47:57.183 D/AAL     ( 1443): onBacklightChanged: 365/1023 -> 408/1023(phy:408/4095)
01-19 15:47:57.189 I/BugleRcsEngine(23170): Connected state: [1], networkType: [WIFI] [CONTEXT thread_id=56 ]
01-19 15:47:57.191 I/BugleRcsEngine(23170): handleMessage processing message:[NOTIFY_UPTIME_IGNORE_STATE_CHANGED] with [non-null]:RcsEngineImpl reference [CONTEXT log_prefix="RcsEngineImpl[DUAL_REG]:[6f6100cb-6535]>Handler" thread_id=68 ]
01-19 15:47:57.194 I/BugleRcsEngine(23170): Cannot use CS.apk as it's battery optimized [CONTEXT thread_id=68 ]
01-19 15:47:57.195 E/PhoneInterfaceManager( 2808): [PhoneIntfMgr] getCarrierPrivilegeStatusForUid: Invalid subId
01-19 15:47:57.198 I/BugleRcsEngine(23170): No RCS Configuration was found in Bugle for simID: redacted-pii:sim_id[chars:0,last3:] [CONTEXT log_prefix="ProvisioningEngineDataRetriever" thread_id=68 ]
01-19 15:47:57.200 D/AALCust ( 1443): aal_backlight_bits, specialConfig:12
01-19 15:47:57.200 D/AAL     ( 1443): onBacklightChanged: 408/1023 -> 452/1023(phy:452/4095)
01-19 15:47:57.200 D/AAL     ( 1443): 01-19 03:47:57.134 BL=  69,ESS= 256, 01-19 03:47:57.151 BL=  80,ESS= 256, 01-19 03:47:57.167 BL=  91,ESS= 256, 01-19 03:47:57.184 BL= 102,ESS= 256, 01-19 03:47:57.200 BL= 112,ESS= 256, 
01-19 15:47:57.207 I/NullBinder( 4588): NullBinder for android.net.action.RECOMMEND_NETWORKS triggering remote TransactionTooLargeException due to Service without Chimera impl, calling uid: 1000, calling pid: 0
01-19 15:47:57.207 W/.gms.persistent( 4588): Large reply transaction of 2113536 bytes, interface descriptor , code 1
01-19 15:47:57.215 D/DisplayPowerController[0]( 1654): onChange selfChange=false uri=content://settings/system/screen_brightness
01-19 15:47:57.215 W/SettingsProvider( 1654): notifyForSettingsChange delay for screen_brightness, value: 504, delta: 2, lastNotifyTimestamp: 217627774, minInterval: 10
01-19 15:47:57.216 D/OplusDisplayPowerControllerExtImpl( 1654): original brightness:755 final brightness:755.0 scale:1.0 reason:4 darkLevel:0
01-19 15:47:57.216 D/DisplayPowerController[0]( 1654): Brightness [755.0] reason changing to: 'automatic [ auto_adj ]', previous reason: 'automatic'. id=local:0
01-19 15:47:57.217 D/AALCust ( 1443): aal_backlight_bits, specialConfig:12
01-19 15:47:57.217 D/AAL     ( 1443): onBacklightChanged: 452/1023 -> 504/1023(phy:504/4095)
01-19 15:47:57.217 I/DisplayPowerController[0]( 1654): BrightnessEvent: disp=0, brt=755.0(user_set), rcmdBrt=NaN, preBrt=NaN, lux=0.0, preLux=0.0, hbmMax=1.0, hbmMode=off, thrmMax=1.0, flags=user_set , reason=automatic [ auto_adj ]
01-19 15:47:57.217 D/VRR [OPlusRefreshRateService]( 1654): notifyBrightnessChange brightness: 755.0
01-19 15:47:57.217 D/DisplayManagerService( 1654): Delivering display event: displayId=0, event=4
01-19 15:47:57.224 D/DisplayPowerController[0]( 1654): onChange selfChange=false uri=content://settings/system/screen_brightness
01-19 15:47:57.225 D/OplusDisplayPowerControllerExtImpl( 1654): original brightness:755 final brightness:755.0 scale:1.0 reason:4 darkLevel:0
01-19 15:47:57.226 D/DisplayPowerController[0]( 1654): Brightness [755.0] reason changing to: 'automatic [ auto_adj ]', previous reason: 'automatic'. id=local:0
01-19 15:47:57.226 I/DisplayPowerController[0]( 1654): BrightnessEvent: disp=0, brt=755.0, rcmdBrt=NaN, preBrt=NaN, lux=0.0, preLux=0.0, hbmMax=1.0, hbmMode=off, thrmMax=1.0, flags=, reason=automatic [ auto_adj ]
01-19 15:47:57.226 D/VRR [OPlusRefreshRateService]( 1654): notifyBrightnessChange brightness: 755.0
01-19 15:47:57.227 W/SettingsProvider( 1654): notifyForSettingsChange delay for screen_brightness, value: 548, delta: 4, lastNotifyTimestamp: 217627784, minInterval: 10
01-19 15:47:57.231 I/NullBinder( 4588): NullBinder for android.net.action.RECOMMEND_NETWORKS triggering remote TransactionTooLargeException due to Service without Chimera impl, calling uid: 1000, calling pid: 0
01-19 15:47:57.231 W/.gms.persistent( 4588): Large reply transaction of 2113536 bytes, interface descriptor , code 1
01-19 15:47:57.233 D/AALCust ( 1443): aal_backlight_bits, specialConfig:12
01-19 15:47:57.233 D/AAL     ( 1443): onBacklightChanged: 504/1023 -> 549/1023(phy:549/4095)
01-19 15:47:57.234 D/DisplayPowerController[0]( 1654): onChange selfChange=false uri=content://settings/system/screen_brightness
01-19 15:47:57.235 D/OplusDisplayPowerControllerExtImpl( 1654): original brightness:755 final brightness:755.0 scale:1.0 reason:4 darkLevel:0
01-19 15:47:57.236 D/DisplayPowerController[0]( 1654): Brightness [755.0] reason changing to: 'automatic [ auto_adj ]', previous reason: 'automatic'. id=local:0
01-19 15:47:57.236 I/DisplayPowerController[0]( 1654): BrightnessEvent: disp=0, brt=755.0(user_set), rcmdBrt=NaN, preBrt=NaN, lux=0.0, preLux=0.0, hbmMax=1.0, hbmMode=off, thrmMax=1.0, flags=user_set , reason=automatic [ auto_adj ]
01-19 15:47:57.236 D/VRR [OPlusRefreshRateService]( 1654): notifyBrightnessChange brightness: 755.0
01-19 15:47:57.237 D/DisplayManagerService( 1654): Delivering display event: displayId=0, event=4
01-19 15:47:57.244 D/DisplayPowerController[0]( 1654): onChange selfChange=false uri=content://settings/system/screen_brightness
01-19 15:47:57.244 D/OplusDisplayPowerControllerExtImpl( 1654): original brightness:755 final brightness:755.0 scale:1.0 reason:4 darkLevel:0
01-19 15:47:57.245 D/DisplayPowerController[0]( 1654): Brightness [755.0] reason changing to: 'automatic [ auto_adj ]', previous reason: 'automatic'. id=local:0
01-19 15:47:57.245 I/DisplayPowerController[0]( 1654): BrightnessEvent: disp=0, brt=755.0(user_set), rcmdBrt=NaN, preBrt=NaN, lux=0.0, preLux=0.0, hbmMax=1.0, hbmMode=off, thrmMax=1.0, flags=user_set , reason=automatic [ auto_adj ]
01-19 15:47:57.245 D/VRR [OPlusRefreshRateService]( 1654): notifyBrightnessChange brightness: 755.0
01-19 15:47:57.246 D/DisplayManagerService( 1654): Delivering display event: displayId=0, event=4
01-19 15:47:57.250 D/AALCust ( 1443): aal_backlight_bits, specialConfig:12
01-19 15:47:57.250 D/AAL     ( 1443): onBacklightChanged: 549/1023 -> 593/1023(phy:593/4095)
01-19 15:47:57.263 D/DisplayPowerController[0]( 1654): onChange selfChange=false uri=content://settings/system/screen_brightness
01-19 15:47:57.264 D/OplusDisplayPowerControllerExtImpl( 1654): original brightness:755 final brightness:755.0 scale:1.0 reason:4 darkLevel:0
01-19 15:47:57.265 D/DisplayPowerController[0]( 1654): Brightness [755.0] reason changing to: 'automatic [ auto_adj ]', previous reason: 'automatic'. id=local:0
01-19 15:47:57.266 I/DisplayPowerController[0]( 1654): BrightnessEvent: disp=0, brt=755.0(user_set), rcmdBrt=NaN, preBrt=NaN, lux=0.0, preLux=0.0, hbmMax=1.0, hbmMode=off, thrmMax=1.0, flags=user_set , reason=automatic [ auto_adj ]
01-19 15:47:57.266 D/VRR [OPlusRefreshRateService]( 1654): notifyBrightnessChange brightness: 755.0
01-19 15:47:57.266 D/DisplayManagerService( 1654): Delivering display event: displayId=0, event=4
01-19 15:47:57.267 D/AALCust ( 1443): aal_backlight_bits, specialConfig:12
01-19 15:47:57.267 D/AAL     ( 1443): onBacklightChanged: 593/1023 -> 636/1023(phy:636/4095)
01-19 15:47:57.280 D/DisplayPowerController[0]( 1654): onChange selfChange=false uri=content://settings/system/screen_brightness
01-19 15:47:57.280 D/OplusDisplayPowerControllerExtImpl( 1654): original brightness:755 final brightness:755.0 scale:1.0 reason:4 darkLevel:0
01-19 15:47:57.282 D/DisplayPowerController[0]( 1654): Brightness [755.0] reason changing to: 'automatic [ auto_adj ]', previous reason: 'automatic'. id=local:0
01-19 15:47:57.282 I/DisplayPowerController[0]( 1654): BrightnessEvent: disp=0, brt=755.0(user_set), rcmdBrt=NaN, preBrt=NaN, lux=0.0, preLux=0.0, hbmMax=1.0, hbmMode=off, thrmMax=1.0, flags=user_set , reason=automatic [ auto_adj ]
01-19 15:47:57.282 D/VRR [OPlusRefreshRateService]( 1654): notifyBrightnessChange brightness: 755.0
01-19 15:47:57.282 D/DisplayManagerService( 1654): Delivering display event: displayId=0, event=4
01-19 15:47:57.283 D/AALCust ( 1443): aal_backlight_bits, specialConfig:12
01-19 15:47:57.284 D/AAL     ( 1443): onBacklightChanged: 636/1023 -> 680/1023(phy:680/4095)
01-19 15:47:57.284 D/AAL     ( 1443): 01-19 03:47:57.217 BL= 125,ESS= 256, 01-19 03:47:57.234 BL= 137,ESS= 256, 01-19 03:47:57.250 BL= 148,ESS= 256, 01-19 03:47:57.268 BL= 158,ESS= 256, 01-19 03:47:57.284 BL= 169,ESS= 256, 
01-19 15:47:57.297 D/DisplayPowerController[0]( 1654): onChange selfChange=false uri=content://settings/system/screen_brightness
01-19 15:47:57.298 D/OplusDisplayPowerControllerExtImpl( 1654): original brightness:755 final brightness:755.0 scale:1.0 reason:4 darkLevel:0
01-19 15:47:57.299 D/DisplayPowerController[0]( 1654): Brightness [755.0] reason changing to: 'automatic [ auto_adj ]', previous reason: 'automatic'. id=local:0
01-19 15:47:57.299 I/DisplayPowerController[0]( 1654): BrightnessEvent: disp=0, brt=755.0(user_set), rcmdBrt=NaN, preBrt=NaN, lux=0.0, preLux=0.0, hbmMax=1.0, hbmMode=off, thrmMax=1.0, flags=user_set , reason=automatic [ auto_adj ]
01-19 15:47:57.299 D/VRR [OPlusRefreshRateService]( 1654): notifyBrightnessChange brightness: 755.0
01-19 15:47:57.300 D/DisplayManagerService( 1654): Delivering display event: displayId=0, event=4
01-19 15:47:57.300 D/AALCust ( 1443): aal_backlight_bits, specialConfig:12
01-19 15:47:57.300 D/AAL     ( 1443): onBacklightChanged: 680/1023 -> 723/1023(phy:723/4095)
01-19 15:47:57.308 D/OplusFeatureHDREnhanceBrightness( 1654): setAnimating : animating = false
01-19 15:47:57.308 D/OplusFeatureReduceBrightness( 1654): setAnimating : animating = false
01-19 15:47:57.308 I/OplusSmartBrightnessController( 1654): setHDRAnimatingState = false
