01-19 15:47:57.308 D/OplusDisplayPowerControllerExtImpl( 1654): original brightness:755 final brightness:755.0 scale:1.0 reason:4 darkLevel:0
01-19 15:47:57.310 D/DisplayPowerController[0]( 1654): Brightness [755.0] reason changing to: 'automatic [ auto_adj ]', previous reason: 'automatic'. id=local:0
01-19 15:47:57.310 I/DisplayPowerController[0]( 1654): BrightnessEvent: disp=0, brt=755.0, rcmdBrt=NaN, preBrt=NaN, lux=0.0, preLux=0.0, hbmMax=1.0, hbmMode=off, thrmMax=1.0, flags=, reason=automatic [ auto_adj ]
01-19 15:47:57.310 D/VRR [OPlusRefreshRateService]( 1654): notifyBrightnessChange brightness: 755.0
01-19 15:47:57.315 D/DisplayPowerController[0]( 1654): onChange selfChange=false uri=content://settings/system/screen_brightness
01-19 15:47:57.315 D/OplusDisplayPowerControllerExtImpl( 1654): original brightness:755 final brightness:755.0 scale:1.0 reason:4 darkLevel:0
01-19 15:47:57.317 D/AALCust ( 1443): aal_backlight_bits, specialConfig:12
01-19 15:47:57.317 D/DisplayPowerController[0]( 1654): Brightness [755.0] reason changing to: 'automatic [ auto_adj ]', previous reason: 'automatic'. id=local:0
01-19 15:47:57.317 D/AAL     ( 1443): onBacklightChanged: 723/1023 -> 755/1023(phy:755/4095)
01-19 15:47:57.317 I/DisplayPowerController[0]( 1654): BrightnessEvent: disp=0, brt=755.0(user_set), rcmdBrt=NaN, preBrt=NaN, lux=0.0, preLux=0.0, hbmMax=1.0, hbmMode=off, thrmMax=1.0, flags=user_set , reason=automatic [ auto_adj ]
01-19 15:47:57.317 D/VRR [OPlusRefreshRateService]( 1654): notifyBrightnessChange brightness: 755.0
01-19 15:47:57.317 D/DisplayManagerService( 1654): Delivering display event: displayId=0, event=4
01-19 15:47:57.351 D/AAL     ( 1443): 01-19 03:47:57.301 BL= 180,ESS= 256, 01-19 03:47:57.318 BL= 188,ESS= 256, 
01-19 15:47:57.520 D/VRR [OPlusSurfaceFlingerController]( 1654):  setTouchIdle : TouchIdleBean{mEnable=true, mHwEnable=false, mSwEnable=true, mAdfrEnable=false, mTimeOut=4000, mContentThreshold=-1, mContentGapMs=500, mBrightnessLimit=200, mNitLimit=-1, mLowestRate=60, mBlackList=[], mReadingWhiteList=[], mSpecialTimeOutMap={}, mSwWhiteMap={}, mSwNegligibleOverlay=[], mHwDisablePanel=[], mAdfrToHwList=[]}
01-19 15:47:57.522 D/VRR [OTI-HW]( 1123): isStateReady 0
01-19 15:47:57.522 D/VRR [OTI-HW]( 1123): rate range: min {id=0, hwcId=0, resolution=720x1600, refreshRate=60.00 Hz, dpi=269.21x269.21, group=0} cur {id=0, hwcId=0, resolution=720x1600, refreshRate=60.00 Hz, dpi=269.21x269.21, group=0} max {id=0, hwcId=0, resolution=720x1600, refreshRate=60.00 Hz, dpi=269.21x269.21, group=0}
01-19 15:47:57.522 D/VRR [OTI-HW]( 1123): keep rate.
01-19 15:47:58.581 I/libPowerHal( 1025): [setGPUFreq] MTKPOWER_HINT_APP_TOUCH user set gpu freq min:1, max:-1
01-19 15:47:58.582 I/libPowerHal( 1025): MTKPOWER_HINT_APP_TOUCH: set gpu opp level: 1
01-19 15:47:58.582 I/libPowerHal( 1025): MTKPOWER_HINT_APP_TOUCH: set gpu opp level max: 0
01-19 15:47:58.582 V/AutofillManager(22851): requestHideFillUi(null): anchor = null
01-19 15:47:58.582 I/mtkpower_client( 1654): perf_lock_rel, hdl:13634, tid:2356
01-19 15:47:58.582 I/libPowerHal( 1025): [setGPUFreq] Soft min/max = (1, 0); Hard min/max = (2, 0)
01-19 15:47:58.582 I/libPowerHal( 1025): [setGPUFreq] final min/max = (1, 0)
01-19 15:47:58.582 I/libPowerHal( 1025): MTKPOWER_HINT_APP_TOUCH: set gpu opp level: 1
01-19 15:47:58.582 D/PowerManagerService( 1654): userActivityNoUpdateLocked: groupId=0, eventTime=217629138, event=2, flags=0x0, uid=1000
01-19 15:47:58.582 I/libPowerHal( 1025): MTKPOWER_HINT_APP_TOUCH: set gpu opp level max: 0
01-19 15:47:58.582 D/OGG_Detector( 1654): D:done mCurrStatus: 0
01-19 15:47:58.583 I/libPowerHal( 1025): MTKPOWER_HINT_APP_TOUCH: cpu_ctrl set cpu freq: 2139000 -1 1491000 -1
01-19 15:47:58.586 I/libPowerHal( 1025): [perfLockRel] hdl:13634, idx:0
01-19 15:47:58.586 I/mtkpower_client( 1654): perf_lock_acq, hdl:13634, dur:0, num:4, tid:2356
01-19 15:47:58.587 I/libPowerHal( 1025): [setGPUFreq] INTERACTION user set gpu freq min:0, max:-1
01-19 15:47:58.588 I/libPowerHal( 1025): INTERACTION: set gpu opp level: 0
01-19 15:47:58.588 I/libPowerHal( 1025): INTERACTION: set gpu opp level max: 0
01-19 15:47:58.588 I/libPowerHal( 1025): [setGPUFreq] Soft min/max = (0, 0); Hard min/max = (2, 0)
01-19 15:47:58.588 I/libPowerHal( 1025): [setGPUFreq] final min/max = (0, 0)
01-19 15:47:58.588 I/libPowerHal( 1025): INTERACTION: set gpu opp level: 0
01-19 15:47:58.589 I/libPowerHal( 1025): INTERACTION: set gpu opp level max: 0
01-19 15:47:58.589 I/mtkpower_client( 1654): ret_hdl:13638
01-19 15:47:58.590 I/libPowerHal( 1025): cmdSetting - unknown cmd:2004100, scmd:(null) ,param_1:2
01-19 15:47:58.591 I/libPowerHal( 1025): [setGPUFreq] INTERACTION user set gpu freq min:0, max:-1
01-19 15:47:58.591 I/libPowerHal( 1025): INTERACTION: set gpu opp level max: 0
01-19 15:47:58.591 I/libPowerHal( 1025): [setGPUFreq] Soft min/max = (0, 0); Hard min/max = (2, 0)
01-19 15:47:58.591 I/libPowerHal( 1025): [setGPUFreq] final min/max = (0, 0)
01-19 15:47:58.591 I/libPowerHal( 1025): INTERACTION: set gpu opp level: 0
01-19 15:47:58.591 I/libPowerHal( 1025): INTERACTION: set gpu opp level max: 0
01-19 15:47:58.669 I/mtkpower@impl( 1025): [powerd_req] TIMER_MSG_PERF_LOCK_TIMEOUT hdl:13637
01-19 15:47:58.669 I/libPowerHal( 1025): [perfLockRel] hdl:13637, idx:2
01-19 15:47:58.670 I/libPowerHal( 1025): [unsetGPUFreq] current min:0, max:0; scn_gpu_min:0, scn_gpu_max:-1; scn_gpu_min(HL):-1, scn_gpu_max(HL):-1
01-19 15:47:58.670 I/libPowerHal( 1025): [setGPUFreq] Soft min/max = (0, 0); Hard min/max = (2, 0)
01-19 15:47:58.670 I/libPowerHal( 1025): [setGPUFreq] final min/max = (0, 0)
01-19 15:47:58.670 I/libPowerHal( 1025): INTERACTION: set gpu opp level: 0
01-19 15:47:58.670 I/libPowerHal( 1025): INTERACTION: set gpu opp level max: 0
01-19 15:47:58.670 I/mtkpower@impl( 1025): [powerd_req] TIMER_MSG_PERF_LOCK_TIMEOUT hdl:13639
01-19 15:47:58.671 I/libPowerHal( 1025): [perfLockRel] hdl:13639, idx:3
01-19 15:47:58.671 I/libPowerHal( 1025): [unsetGPUFreq] current min:0, max:0; scn_gpu_min:0, scn_gpu_max:-1; scn_gpu_min(HL):-1, scn_gpu_max(HL):-1
01-19 15:47:58.671 I/libPowerHal( 1025): INTERACTION: set gpu opp level: 1
01-19 15:47:58.671 I/libPowerHal( 1025): INTERACTION: set gpu opp level max: 0
01-19 15:47:58.671 I/libPowerHal( 1025): [setGPUFreq] Soft min/max = (1, 0); Hard min/max = (2, 0)
01-19 15:47:58.671 I/libPowerHal( 1025): [setGPUFreq] final min/max = (1, 0)
01-19 15:47:58.671 I/libPowerHal( 1025): INTERACTION: set gpu opp level: 1
01-19 15:47:58.671 I/libPowerHal( 1025): INTERACTION: set gpu opp level max: 0
01-19 15:47:58.671 I/libPowerHal( 1025): [PD] INTERACTION update cmd:1000000, param:-1
01-19 15:47:58.671 I/libPowerHal( 1025): [PD] INTERACTION update cmd:2020000 param:1
01-19 15:47:58.672 I/libPowerHal( 1025): [PD] INTERACTION update cmd:1000000 param:-1
01-19 15:47:58.672 I/libPowerHal( 1025): [perfLockRel] hdl:13636, idx:1
01-19 15:47:58.673 I/libPowerHal( 1025): MTKPOWER_HINT_APP_TOUCH: cpu_ctrl set cpu freq: -1 -1 -1 -1
01-19 15:47:58.673 I/libPowerHal( 1025): [unsetGPUFreq] current min:1, max:0; scn_gpu_min:1, scn_gpu_max:-1; scn_gpu_min(HL):-1, scn_gpu_max(HL):-1
01-19 15:47:58.673 I/libPowerHal( 1025): MTKPOWER_HINT_APP_TOUCH: set gpu opp level: 2
01-19 15:47:58.673 I/libPowerHal( 1025): MTKPOWER_HINT_APP_TOUCH: set gpu opp level max: 0
01-19 15:47:58.673 I/libPowerHal( 1025): [setGPUFreq] Soft min/max = (2, 0); Hard min/max = (2, 0)
01-19 15:47:58.673 I/libPowerHal( 1025): [setGPUFreq] final min/max = (2, 0)
01-19 15:47:58.673 I/libPowerHal( 1025): MTKPOWER_HINT_APP_TOUCH: set gpu opp level: 2
01-19 15:47:58.673 I/libPowerHal( 1025): MTKPOWER_HINT_APP_TOUCH: set gpu opp level max: 0
01-19 15:47:58.674 I/libPowerHal( 1025): [PD] MTKPOWER_HINT_APP_TOUCH update cmd:3408600 param:0
01-19 15:47:58.692 I/SurfaceFlinger( 1123): [SF client] NEW(0xb4000072c693f980) for (22851:com.THLight.BLE.USBeacon.Writer.Simple.dev)
01-19 15:47:58.700 D/WindowManager(22851): Add to mViews: DecorView@ac0a773[ScanDeviceListActivity],pkg= com.THLight.BLE.USBeacon.Writer.Simple.dev
01-19 15:47:58.775 D/OplusSmartBrightnessController( 1654): handleMessage MSG_LUX_CHANGED, mLux:446.01953 luxQueue=[444.0, 454.0, 442.0, 448.0, 443.0, 449.0, 442.0]
01-19 15:47:58.837 D/OplusFullScreenDisplayManager( 1654): adjustWindowParamsLw com.THLight.BLE.USBeacon.Writer.Simple.dev, no change cutoutMode: 0
01-19 15:47:58.844 V/WindowManager( 1654): Changing focus from Window{dafda03 u0 com.THLight.BLE.USBeacon.Writer.Simple.dev/com.THLight.BLE.USBeacon.Writer.Simple.ui.activity.scan.ScanDeviceListActivity} to Window{a47c2a u0 com.THLight.BLE.USBeacon.Writer.Simple.dev/com.THLight.BLE.USBeacon.Writer.Simple.ui.activity.scan.ScanDeviceListActivity},diplayid=0
01-19 15:47:58.852 D/Theia.NoFocusWindow( 1654): FocusWindowErrorScene cancelCheckFreezeScreen
01-19 15:47:58.852 I/WindowManager( 1654): addWindow: New client android.os.BinderProxy@1b13115 : window=Window{a47c2a u0 com.THLight.BLE.USBeacon.Writer.Simple.dev/com.THLight.BLE.USBeacon.Writer.Simple.ui.activity.scan.ScanDeviceListActivity}
01-19 15:47:58.857 D/ViewRootImplExtImpl(22851): onDisplayChanged -1 for VRI android.view.ViewRootImpl@b8abcc0
01-19 15:47:58.861 D/Layer   ( 1123): reparent to null sequence=10398, seq[2], name=Surface(name=91d88c3 NavigationBar0)/@0xc087a2d - animation-leash of insets_animation#10398
01-19 15:47:58.862 D/Layer   ( 1123): reparent to null sequence=10397, seq[1], name=Surface(name=53ed7a StatusBar)/@0x47c2944 - animation-leash of insets_animation#10397
01-19 15:47:58.863 D/CoreBackPreview( 1654): Window{a47c2a u0 com.THLight.BLE.USBeacon.Writer.Simple.dev/com.THLight.BLE.USBeacon.Writer.Simple.ui.activity.scan.ScanDeviceListActivity}: Setting back callback OnBackInvokedCallbackInfo{mCallback=android.window.IOnBackInvokedCallback$Stub$Proxy@a662764, mPriority=0}
01-19 15:47:58.863 D/InputEventReceiver(22851): Input log is disabled
01-19 15:47:58.872 I/System.out(22851): onScanDeviceItemClick :  : null
01-19 15:47:58.876 D/BluetoothGatt(22851): connect() - device: 60:77:71:FC:68:CF, auto: false
01-19 15:47:58.876 D/BluetoothGatt(22851): registerApp()
01-19 15:47:58.877 D/BluetoothGatt(22851): registerApp() - UUID=9543fd90-5cfe-422e-a45e-1e70b387dae1
01-19 15:47:58.881 D/BtGatt.GattService( 2751): registerClient() - UUID=9543fd90-5cfe-422e-a45e-1e70b387dae1
01-19 15:47:58.884 I/bluetooth( 2751): GATT_Register: Allocated name:GattClient uuid:221d4f75-db52-f66d-af51-aef2f3b89f8a gatt_if:8 eatt_support:0
01-19 15:47:58.884 I/bt_btif ( 2751): LogMsg: operator(): HAL bt_gatt_callbacks->client->register_client_cb
01-19 15:47:58.885 D/BtGatt.GattService( 2751): onClientRegistered() - UUID=9543fd90-5cfe-422e-a45e-1e70b387dae1, clientIf=8
01-19 15:47:58.886 D/BluetoothGatt(22851): onClientRegistered() - status=0 clientIf=8
01-19 15:47:58.889 I/Quality (22851): Skipped: false 11 cost 200.2252 refreshRate 16711182 bit true processName com.THLight.BLE.USBeacon.Writer.Simple.dev
01-19 15:47:58.894 D/BtGatt.GattService( 2751): clientConnect() - address=60:77:71:FC:68:CF, isDirect=true, opportunistic=false, phy=1
01-19 15:47:58.897 D/BtGatt.GattService( 2751): Gatt Logging: metric_id=5, app=com.THLight.BLE.USBeacon.Writer.Simple.dev
01-19 15:47:58.899 D/BtGatt.GattService( 2751): Gatt Logging: metric_id=5, session_index=8, connection state=1
01-19 15:47:58.899 D/OplusFullScreenDisplayManager( 1654): adjustWindowParamsLw com.THLight.BLE.USBeacon.Writer.Simple.dev, no change cutoutMode: 0
01-19 15:47:58.900 V/WindowManager( 1654): Relayout Window{a47c2a u0 com.THLight.BLE.USBeacon.Writer.Simple.dev/com.THLight.BLE.USBeacon.Writer.Simple.ui.activity.scan.ScanDeviceListActivity}: viewVisibility=0, oldvis=0, req=684x232
01-19 15:47:58.900 I/bt_btif_gattc( 2751): btif_gattc_open_impl: Transport=2, device type=2, address type =0, phy=1
01-19 15:47:58.900 I/bt_btif ( 2751): LogMsg: BTA_GATTC_Open: client_if=8 is_direct=1 remote_bda=60:77:71:fc:68:cf
01-19 15:47:58.900 V/bt_stack( 2751): [VERBOSE1:bta_gattc_main.cc(314)] bta_gattc_sm_execute: State 0x00, Event 0x1f00
01-19 15:47:58.900 I/bt_stack( 2751): [INFO:gatt_api.cc(1170)] GATT_Connectgatt_if=8, address=xx:xx:xx:xx:68:cf, is_direct 1
01-19 15:47:58.900 I/bt_btm  ( 2751): LogMsg: BTM_BackgroundResolvingConnectPrepare: enter 
01-19 15:47:58.900 I/bt_btm  ( 2751): LogMsg: btm_ble_resolving_list_load_dev: btm_cb.ble_ctr_cb.privacy_mode = 2
01-19 15:47:58.900 I/bt_btm  ( 2751): LogMsg: btm_ble_resolving_list_load_dev: privacy 1.2: Device not a RPA enabled device
01-19 15:47:58.900 I/bt_btm  ( 2751): LogMsg: BTM_BackgroundResolvingConnectPrepare: check resolving_list 0
01-19 15:47:58.901 I/bt_btif ( 2751): LogMsg: Remote device: 60:77:71:fc:68:cf GATT client supported features 0x00
01-19 15:47:58.901 I/bt_stack( 2751): [INFO:gatt_attr.cc(883)] gatt_sr_init_cl_status: bda=60:77:71:fc:68:cf, cl_supp_feat=0000, aware=1
01-19 15:47:58.901 I/bt_btif ( 2751): LogMsg: Remote device: 60:77:71:fc:68:cf GATT server supported features 0x00
01-19 15:47:58.901 V/bt_stack( 2751): [VERBOSE1:gatt_main.cc(1054)] gatt_get_ch_state: ch_state=0
01-19 15:47:58.901 V/bt_stack( 2751): [VERBOSE1:gatt_main.cc(1045)] gatt_set_ch_state: old=0 new=0x02
01-19 15:47:58.901 V/bt_stack( 2751): [VERBOSE1:gatt_main.cc(1054)] gatt_get_ch_state: ch_state=2
01-19 15:47:58.901 V/bt_stack( 2751): [VERBOSE2:btm_ble_bgconn.cc(556)] BTM_SetLeConnectionModeToFast
01-19 15:47:58.901 I/bt_btm  ( 2751): LogMsg: btm_ble_stop_auto_conn
01-19 15:47:58.901 I/BufferQueueDebug( 1123): [com.THLight.BLE.USBeacon.Writer.Simple.dev/com.THLight.BLE.USBeacon.Writer.Simple.ui.activity.scan.ScanDeviceListActivity#10404](this:0xb4000072c9a3c9e8,id:-1,api:0,p:-1,c:-1) BufferQueue core=(1123:/system/bin/surfaceflinger)
01-19 15:47:58.902 I/bt_btm  ( 2751): LogMsg: BTM_AcceptListAdd, isOshare(address)=0,oshare_address(00:**:**:**:00:00)
01-19 15:47:58.902 I/bt_btm  ( 2751): LogMsg: btm_bda_to_acl: bda=60:77:71:fc:68:cf transport=2
01-19 15:47:58.902 I/bt_btm  ( 2751): LogMsg: btm_bda_to_acl: bda=60:77:71:fc:68:cf transport=2 not found in acl_db
01-19 15:47:58.902 I/bt_btm  ( 2751): LogMsg: btm_bda_to_acl: bda=60:77:71:fc:68:cf transport=2
01-19 15:47:58.902 I/bt_btm  ( 2751): LogMsg: btm_bda_to_acl: bda=60:77:71:fc:68:cf transport=2 not found in acl_db
01-19 15:47:58.902 I/bt_btm  ( 2751): LogMsg: BTM_IsLEAudioDeviceInWhiteList: No LE Audio device is in whitelist
01-19 15:47:58.902 I/bt_btm  ( 2751): LogMsg: btm_ble_start_auto_conn after, scan_int = 48, scan_win = 48 isBleOshare(0)oshare_address(00:**:**:**:00:00)
01-19 15:47:58.903 V/bt_stack( 2751): [VERBOSE1:connection_manager.cc(59)] scheduling timer %spc:0x6fd7c10acc
01-19 15:47:58.903 I/bluetooth( 2751): gatt_update_app_use_link_flag: check_acl_link is false, no need to check
01-19 15:47:58.903 V/bt_stack( 2751): [VERBOSE1:gatt_main.cc(1054)] gatt_get_ch_state: ch_state=2
01-19 15:47:58.903 V/bt_stack( 2751): [VERBOSE1:bta_gattc_main.cc(350)] bta_gattc_sm_execute: GATTC State Change: 0x00 -> 0x01 after Event 0x1f00
01-19 15:47:58.919 D/BufferQueueConsumer(22851): [](id:594300000002,api:0,p:-1,c:22851) connect: controlledByApp=false
01-19 15:47:58.920 E/IPCThreadState(22851): attemptIncStrongHandle(67): Not supported
01-19 15:47:58.924 V/ZoomWindowDecorView(22851): setLastReportedMergedConfiguration mZoomDisplayHeight: 1600 getDecorView.180397939
01-19 15:47:58.928 D/VRI[ScanDeviceListActivity](22851): registerCallbacksForSync syncBuffer=false
01-19 15:47:58.948 D/BLASTBufferQueue(22851): [VRI[ScanDeviceListActivity]#2](f:0,a:1) acquireNextBufferLocked size=812x360 mFrameNumber=1 applyTransaction=true mTimestamp=217629508266279(auto) mPendingTransactions.size=0 graphicBufferId=98144297680916 transform=0
01-19 15:47:58.949 D/VRI[ScanDeviceListActivity](22851): Received frameCommittedCallback lastAttemptedDrawFrameNum=1 didProduceBuffer=true syncBuffer=false
01-19 15:47:58.949 I/FocusResolver( 1654): updateFocusedWindow,  on display 0, reason: Waiting for window because NO_WINDOW, result:   FocusedWindows: <none>
01-19 15:47:58.950 W/Parcel  (22851): Expecting binder but got null!
01-19 15:47:58.951 D/VRI[ScanDeviceListActivity](22851): draw finished.
01-19 15:47:58.953 D/WindowManager( 1654): finishDrawingWindow: Window{a47c2a u0 com.THLight.BLE.USBeacon.Writer.Simple.dev/com.THLight.BLE.USBeacon.Writer.Simple.ui.activity.scan.ScanDeviceListActivity} mDrawState=DRAW_PENDING
01-19 15:47:58.954 D/VRI[ScanDeviceListActivity](22851): onFocusEvent false
01-19 15:47:58.964 D/BufferStateLayer( 1123): com.THLight.BLE.USBeacon.Writer.Simple.dev/com.THLight.BLE.USBeacon.Writer.Simple.ui.activity.scan.ScanDeviceListActivity#10404 setBuffer frameId=1, bufferId=98144297680916 fenceId=367, w= 812, h=360
01-19 15:47:58.964 D/OplusLayer( 1123): (10404,com.THLight.BLE.USBeacon.Writer.Simple.dev/com.THLight.BLE.USBeacon.Writer.Simple.ui.activity.scan.ScanDeviceListActivity#10404,com.THLight.BLE.USBeacon.Writer.Simple.dev) setBuffer
01-19 15:47:58.965 D/OplusLayer( 1123): ~Layer() sequence=10397, name=Surface(name=53ed7a StatusBar)/@0x47c2944 - animation-leash of insets_animation#10397
01-19 15:47:58.965 D/OplusLayer( 1123): ~Layer() sequence=10398, name=Surface(name=91d88c3 NavigationBar0)/@0xc087a2d - animation-leash of insets_animation#10398
01-19 15:47:58.970 I/Quality (22851): Skipped: false 3 cost 59.946327 refreshRate 16865079 bit true processName com.THLight.BLE.USBeacon.Writer.Simple.dev
01-19 15:47:58.997 D/VRI[ScanDeviceListActivity](22851): registerCallbacksForSync syncBuffer=false
01-19 15:47:58.999 I/libPowerHal( 1025): [setGPUFreq] INTERACTION user set gpu freq min:0, max:-1
01-19 15:47:58.999 I/libPowerHal( 1025): INTERACTION: set gpu opp level: 0
01-19 15:47:58.999 I/libPowerHal( 1025): INTERACTION: set gpu opp level max: 0
01-19 15:47:59.000 I/libPowerHal( 1025): [setGPUFreq] Soft min/max = (0, 0); Hard min/max = (2, 0)
01-19 15:47:59.000 I/libPowerHal( 1025): [setGPUFreq] final min/max = (0, 0)
01-19 15:47:59.000 I/libPowerHal( 1025): INTERACTION: set gpu opp level: 0
01-19 15:47:59.000 I/libPowerHal( 1025): INTERACTION: set gpu opp level max: 0
01-19 15:47:59.000 I/libPowerHal( 1025): INTERACTION: cpu_ctrl set cpu freq: 2139000 -1 1491000 -1
01-19 15:47:59.002 I/libPowerHal( 1025): [setGPUFreq] INTERACTION user set gpu freq min:0, max:-1
01-19 15:47:59.002 I/libPowerHal( 1025): INTERACTION: set gpu opp level max: 0
01-19 15:47:59.002 I/libPowerHal( 1025): [setGPUFreq] Soft min/max = (0, 0); Hard min/max = (2, 0)
01-19 15:47:59.002 I/libPowerHal( 1025): [setGPUFreq] final min/max = (0, 0)
01-19 15:47:59.002 I/libPowerHal( 1025): INTERACTION: set gpu opp level: 0
01-19 15:47:59.002 I/libPowerHal( 1025): INTERACTION: set gpu opp level max: 0
01-19 15:47:59.021 D/VRI[ScanDeviceListActivity](22851): Received frameCommittedCallback lastAttemptedDrawFrameNum=4 didProduceBuffer=true syncBuffer=false
01-19 15:47:59.021 D/VRI[ScanDeviceListActivity](22851): draw finished.
01-19 15:47:59.023 D/WindowManager( 1654): finishDrawingWindow: Window{a47c2a u0 com.THLight.BLE.USBeacon.Writer.Simple.dev/com.THLight.BLE.USBeacon.Writer.Simple.ui.activity.scan.ScanDeviceListActivity} mDrawState=HAS_DRAWN
01-19 15:47:59.032 I/FocusResolver( 1654): updateFocusedWindow, a47c2a com.THLight.BLE.USBeacon.Writer.Simple.dev/com.THLight.BLE.USBeacon.Writer.Simple.ui.activity.scan.ScanDeviceListActivity on display 0, reason: Window became focusable. Previous reason: NOT_VISIBLE, result:   FocusedWindows:
01-19 15:47:59.032 I/FocusResolver( 1654):     displayId=0, name='a47c2a com.THLight.BLE.USBeacon.Writer.Simple.dev/com.THLight.BLE.USBeacon.Writer.Simple.ui.activity.scan.ScanDeviceListActivity'
01-19 15:47:59.034 I/DispPerfService( 1123): updateLayerMask 0
01-19 15:47:59.035 D/VRI[ScanDeviceListActivity](22851): onFocusEvent true
01-19 15:47:59.081 I/mtkpower@impl( 1025): [powerd_req] TIMER_MSG_PERF_LOCK_TIMEOUT hdl:13640
01-19 15:47:59.081 I/libPowerHal( 1025): [perfLockRel] hdl:13640, idx:1
01-19 15:47:59.081 I/libPowerHal( 1025): [unsetGPUFreq] current min:0, max:0; scn_gpu_min:0, scn_gpu_max:-1; scn_gpu_min(HL):-1, scn_gpu_max(HL):-1
01-19 15:47:59.081 I/libPowerHal( 1025): [setGPUFreq] Soft min/max = (0, 0); Hard min/max = (2, 0)
01-19 15:47:59.081 I/libPowerHal( 1025): [setGPUFreq] final min/max = (0, 0)
01-19 15:47:59.081 I/libPowerHal( 1025): INTERACTION: set gpu opp level: 0
01-19 15:47:59.081 I/libPowerHal( 1025): INTERACTION: set gpu opp level max: 0
01-19 15:47:59.083 I/mtkpower@impl( 1025): [powerd_req] TIMER_MSG_PERF_LOCK_TIMEOUT hdl:13641
01-19 15:47:59.083 I/libPowerHal( 1025): [perfLockRel] hdl:13641, idx:2
01-19 15:47:59.083 I/libPowerHal( 1025): INTERACTION: cpu_ctrl set cpu freq: -1 -1 -1 -1
01-19 15:47:59.083 I/libPowerHal( 1025): [unsetGPUFreq] current min:0, max:0; scn_gpu_min:0, scn_gpu_max:-1; scn_gpu_min(HL):-1, scn_gpu_max(HL):-1
01-19 15:47:59.083 I/libPowerHal( 1025): INTERACTION: set gpu opp level: 2
01-19 15:47:59.083 I/libPowerHal( 1025): INTERACTION: set gpu opp level max: 0
01-19 15:47:59.083 I/libPowerHal( 1025): [setGPUFreq] Soft min/max = (2, 0); Hard min/max = (2, 0)
01-19 15:47:59.083 I/libPowerHal( 1025): [setGPUFreq] final min/max = (2, 0)
01-19 15:47:59.083 I/libPowerHal( 1025): INTERACTION: set gpu opp level: 2
01-19 15:47:59.084 I/libPowerHal( 1025): INTERACTION: set gpu opp level max: 0
01-19 15:47:59.084 I/libPowerHal( 1025): [PD] INTERACTION update cmd:1000000, param:-1
01-19 15:47:59.084 I/libPowerHal( 1025): [PD] INTERACTION update cmd:2020000 param:1
01-19 15:47:59.084 I/libPowerHal( 1025): [PD] INTERACTION update cmd:1000000 param:-1
01-19 15:47:59.165 D/Layer   ( 1123): reparent to null sequence=10407, seq[11], name=Surface(name=Dim Layer for - Task=232)/@0x1ff7193 - animation-leash of dimmer#10407
01-19 15:47:59.165 D/Layer   ( 1123): reparent to null sequence=10405, seq[25], name=Surface(name=a47c2a com.THLight.BLE.USBeacon.Writer.Simple.dev/com.THLight.BLE.USBeacon.Writer.Simple.ui.activity.scan.ScanDeviceListActivity)/@0x8d76dcd - animation-leash of window_animation#10405
01-19 15:47:59.166 D/OplusLayer( 1123): ~Layer() sequence=10405, name=Surface(name=a47c2a com.THLight.BLE.USBeacon.Writer.Simple.dev/com.THLight.BLE.USBeacon.Writer.Simple.ui.activity.scan.ScanDeviceListActivity)/@0x8d76dcd - animation-leash of window_animation#10405
01-19 15:47:59.166 D/OplusLayer( 1123): ~Layer() sequence=10407, name=Surface(name=Dim Layer for - Task=232)/@0x1ff7193 - animation-leash of dimmer#10407
01-19 15:47:59.232 I/bluetooth( 2751): on_connection_complete: Le connection completed to device:60:77:71:fc:68:cf
01-19 15:47:59.233 V/bt_stack( 2751): [VERBOSE2:btm_ble_bgconn.cc(569)] BTM_SetLeConnectionModeToSlow
01-19 15:47:59.233 I/bt_btm  ( 2751): LogMsg: btm_ble_stop_auto_conn
01-19 15:47:59.233 I/bt_btm_ble( 2751): btm_ble_connected: Updating device record timestamp for existing ble connection
01-19 15:47:59.233 I/bt_btif ( 2751): LogMsg: fwmonitor_set_hci_handle_addr: handle:512, bd_addr:60:77:71:fc:68:cf
01-19 15:47:59.233 I/bt_btif ( 2751): LogMsg: fwmonitor_set_hci_handle_addr: set index:0
01-19 15:47:59.233 I/bt_l2cap( 2751): LogMsg: l2c_ble_link_adjust_allocation  num_hipri: 0  num_lowpri: 1  low_quota: 8  round_robin_quota: 0  qq: 8
01-19 15:47:59.233 I/bt_l2cap( 2751): LogMsg: l2c_ble_link_adjust_allocation LCB 0   Priority: 0  XmitQuota: 8
01-19 15:47:59.233 I/bt_l2cap( 2751): LogMsg:         SentNotAcked: 0  RRUnacked: 0
01-19 15:47:59.233 I/bt_btif ( 2751): LogMsg: bta_dm_vendor_set_host_info, id = 3, value = 00270027
01-19 15:47:59.233 I/bt_btm  ( 2751): LogMsg: BTM: BTM_VendorSpecificCommand: Opcode: 0xFD5F, ParamLen: 32.
01-19 15:47:59.233 I/bt_btm  ( 2751): LogMsg: btm_acl_created hci_handle=512 link_role=0 transport=2
01-19 15:47:59.234 D/mtk.hal.bt@1.1-impl( 1001): BtHostDebugInfo
01-19 15:47:59.234 I/bt_btm  ( 2751): LogMsg: btm_bda_to_acl: bda=60:77:71:fc:68:cf transport=2
01-19 15:47:59.234 D/[BT]    ( 1001): mtk_bt_op: BT_VND_OP_SET_BTHOST
01-19 15:47:59.234 I/bt_btm  ( 2751): LogMsg: btm_bda_to_acl: bda=60:77:71:fc:68:cf transport=2 not found in acl_db
01-19 15:47:59.234 I/oplus_bt_power( 2751): report_active_acl_state: acl_links_num: 1
01-19 15:47:59.234 I/oplus_bt_power( 2751): report_active_acl_state: there_are_active_acl_link
01-19 15:47:59.235 I/bt_btm  ( 2751): LogMsg: btm_set_link_policy
01-19 15:47:59.235 I/bt_btif ( 2751): LogMsg: interop_mtk_match_addr_byconfig:[MtkRoleSwitchPolicyBlacklist] check 60:**:**:**:68:cf in f8:df:15,00:13:cf,1c:48:f9
01-19 15:47:59.235 I/oplus_bt_dual_sync( 2751): stack_up_sync: stack_to_apk_type = 27
01-19 15:47:59.235 I/oplus_bt_dual_sync( 2751): do_stack_up_sync: stack_to_apk_type = 27
01-19 15:47:59.235 I/oplus_bt_dual_sync( 2751): do_stack_up_sync: lock acquired
01-19 15:47:59.235 I/oplus_bt_dual_sync( 2751): do_stack_up_sync: lock done
01-19 15:47:59.235 I/bt_btif ( 2751): LogMsg: up_sync: HAL bt_nativechannel_callbacks->stack_up_sync_cb
01-19 15:47:59.235 V/bt_stack( 2751): [VERBOSE2:interop_mtk_conf.cc(310)] interop_mtk_match_name_byconfig:[MtkRoleSwitchPolicyBlacklist] check USBeacon in QCY-Q13
01-19 15:47:59.236 I/bt_stack( 2751): [INFO:interop_mtk_conf.cc(338)] interop_mtk_match_name_byconfig:[MtkRoleSwitchPolicyBlacklist] check name USBeacon in partial name list BT-IDRSP
01-19 15:47:59.236 I/OplusBluetoothSarManager( 2751): OplusBluetoothSarManager make()
01-19 15:47:59.236 I/bt_btm  ( 2751): LogMsg: btm_bda_to_acl: bda=60:77:71:fc:68:cf transport=2
01-19 15:47:59.236 I/bt_btm  ( 2751): LogMsg: is_handle_equal: handle=512 is not found
01-19 15:47:59.236 I/bt_btm  ( 2751): LogMsg: is_handle_equal: handle=512 is not found
01-19 15:47:59.236 I/bt_btm  ( 2751): LogMsg: is_handle_equal: handle=512 is not found
01-19 15:47:59.236 I/bt_btm  ( 2751): LogMsg: is_handle_equal: handle=512 is not found
01-19 15:47:59.237 V/bt_stack( 2751): [VERBOSE2:collector.cc(586)] [bt_collector] update_link_info Device: 60:**:**:**:68:cf
01-19 15:47:59.237 I/bt_btm  ( 2751): LogMsg: btm_bda_to_acl: bda=60:77:71:fc:68:cf transport=2
01-19 15:47:59.238 I/bt_btm  ( 2751): LogMsg: btm_bda_to_acl: bda=60:77:71:fc:68:cf transport=2
01-19 15:47:59.238 V/bt_stack( 2751): [VERBOSE2:collector.cc(408)] [bt_collector] set_connect_count ProfileGap_ status 2
01-19 15:47:59.238 I/oplus_bt_dual_sync( 2751): do_stack_up_sync: lock release
01-19 15:47:59.243 I/OplusWifiSarManager( 1654): Received action: oplus.bluetooth.sar.TX_STATUS
01-19 15:47:59.243 I/OplusWifiSarManager( 1654): mWifiConnected: true mWifiState: true
01-19 15:47:59.244 D/OplusWifiSarManager( 1654): set wifi_dbs_enable to false
01-19 15:47:59.245 D/OplusWifiSarManager( 1654): wifiBand mWifi2gState:true mWifi5gState: false mWifi5gBand:WIFI_5G_DISABLE
01-19 15:47:59.245 I/OplusWifiSarManager( 1654): sar sensor state:
01-19 15:47:59.245 I/OplusWifiSarManager( 1654): sensor index: 0, state: null
01-19 15:47:59.245 I/OplusWifiSarManager( 1654): sensor index: 1, state: null
01-19 15:47:59.245 I/OplusWifiSarManager( 1654): sensor index: 2, state: null
01-19 15:47:59.245 I/OplusWifiSarManager( 1654): sensor index: 3, state: null
01-19 15:47:59.245 I/OplusWifiSarManager( 1654): sensor index: 4, state: null
01-19 15:47:59.245 I/OplusWifiSarManager( 1654): sensor index: 5, state: null
01-19 15:47:59.245 I/OplusWifiSarManager( 1654): sensor index: 6, state: null
01-19 15:47:59.245 I/OplusWifiSarManager( 1654): sensor index: 7, state: null
01-19 15:47:59.245 I/OplusWifiSarManager( 1654): sensor index: 8, state: null
01-19 15:47:59.245 I/OplusWifiSarManager( 1654): sensor index: 9, state: null
01-19 15:47:59.245 I/OplusWifiSarManager( 1654): sensor index: 10, state: null
01-19 15:47:59.245 I/OplusWifiSarManager( 1654): sensor index: 11, state: null
01-19 15:47:59.245 I/OplusWifiSarManager( 1654): sensor index: 12, state: null
01-19 15:47:59.245 I/OplusWifiSarManager( 1654): sensor index: 13, state: null
01-19 15:47:59.245 I/OplusWifiSarManager( 1654): sensor index: 14, state: null
01-19 15:47:59.245 I/OplusWifiSarManager( 1654): sensor index: 15, state: null
01-19 15:47:59.245 I/OplusWifiSarManager( 1654): project: 21251, country: TW
01-19 15:47:59.246 I/OplusWifiSarManager( 1654): sensor state: earpiece: 0, sensor: null, isScreenOn: true
01-19 15:47:59.246 I/OplusWifiSarManager( 1654): modem state: mCellOn: false mDataOn: false mData5gOn: false
01-19 15:47:59.246 I/OplusWifiSarManager( 1654): wifi state: mWifiConnected: true mWifiSapEnabled: false mWifiP2pConnected: false mWifi2gState: true mWifi5gState: false mWifi5gBand: WIFI_5G_DISABLE mIsBluetoothTxOn: true
01-19 15:47:59.246 I/OplusWifiSarManager( 1654): wifisar engineerMode state: enable: false, Regdomain: , modemWorkType(2:4G, 3:5G): -1, sensorWorkType: -1, wifiChannel2.4G: -1, wifiChannel5G: -1 foldstatus(1=unfold,0=fold):0, bt work type: -1, hotspot work type: -1
01-19 15:47:59.246 I/OplusWifiSarManager( 1654): not support wsa
01-19 15:47:59.246 I/OplusWifiSarManager( 1654): sensor index: 13, max: 16
01-19 15:47:59.246 D/OplusWifiSarManager( 1654): is countrylist Country TW
01-19 15:47:59.246 D/OplusWifiSarManager( 1654):  state: 11110001001000011 country: TW
01-19 15:47:59.368 E/bt_btu_hcif( 2751): btu_hcif_log_event_metrics: Unexpectedly received event_code:0x0c that should not be handled here
01-19 15:47:59.369 I/bt_btm  ( 2751): LogMsg: btm_bda_to_acl: bda=60:77:71:fc:68:cf transport=1
01-19 15:47:59.369 I/bt_btm  ( 2751): LogMsg: btm_bda_to_acl: bda=60:77:71:fc:68:cf transport=1 not found in acl_db
01-19 15:47:59.369 I/bt_btm  ( 2751): LogMsg: btm_bda_to_acl: bda=60:77:71:fc:68:cf transport=2
01-19 15:47:59.369 V/bt_stack( 2751): [VERBOSE2:interop_mtk_conf.cc(501)] interop_mtk_match_ver_byconfig:[MtkGapRoleSwitch] check 07:000d:0210 in 08:0282:050b;08:0282:0314;09:000a:360c;09:0094:3232
01-19 15:47:59.370 I/bt_btif ( 2751): LogMsg: interop_mtk_match_addr_byconfig:[MtkGapRoleSwitch] check 60:**:**:**:68:cf in 28:a1:83,00:17:ca
01-19 15:47:59.370 I/bt_btm  ( 2751): LogMsg: btm_bda_to_acl: bda=60:77:71:fc:68:cf transport=2
01-19 15:47:59.370 I/bt_btm  ( 2751): LogMsg: btm_bda_to_acl: bda=60:77:71:fc:68:cf transport=2
01-19 15:47:59.370 I/btm_acl ( 2751): NotifyAclLinkUp: ACL Link up
01-19 15:47:59.370 V/bt_stack( 2751): [VERBOSE1:gatt_main.cc(483)] GATT   ATT protocol channel with BDA: 60:77:71:fc:68:cf is connected
01-19 15:47:59.371 V/bt_stack( 2751): [VERBOSE1:gatt_utils.cc(324)] gatt_is_bda_in_the_srv_chg_clt_list: 60:77:71:fc:68:cf
01-19 15:47:59.371 V/bt_stack( 2751): [VERBOSE1:gatt_main.cc(1054)] gatt_get_ch_state: ch_state=2
01-19 15:47:59.371 V/bt_stack( 2751): [VERBOSE1:gatt_main.cc(1054)] gatt_get_ch_state: ch_state=2
01-19 15:47:59.371 V/bt_stack( 2751): [VERBOSE1:gatt_main.cc(1045)] gatt_set_ch_state: old=2 new=0x04
01-19 15:47:59.371 V/bt_stack( 2751): [VERBOSE1:gatt_attr.cc(338)] gatt_connect_cback: from 60:77:71:fc:68:cf connected: 1, conn_id: 0x0001
01-19 15:47:59.371 I/bluetooth( 2751): client_connect_cback: No active GAP service found for peer:xx:xx:xx:xx:68:cf callback:Connected
01-19 15:47:59.371 I/bt_bta_gattc( 2751): bta_gattc_conn_cback: Connected client_if:3 addr:xx:xx:xx:xx:68:cf, transport:BT_TRANSPORT_LE reason:GATT_CONN_OK
01-19 15:47:59.372 I/bt_bta_gattc( 2751): bta_gattc_conn_cback: Connected client_if:4 addr:xx:xx:xx:xx:68:cf, transport:BT_TRANSPORT_LE reason:GATT_CONN_OK
01-19 15:47:59.372 I/bt_bta_gattc( 2751): bta_gattc_conn_cback: Connected client_if:5 addr:xx:xx:xx:xx:68:cf, transport:BT_TRANSPORT_LE reason:GATT_CONN_OK
01-19 15:47:59.372 V/bt_stack( 2751): [VERBOSE1:bta_gatts_act.cc(580)] bta_gatts_conn_cback  bda=60:77:71:fc:68:cf gatt_if= , conn_id=0x0006 connected=1
01-19 15:47:59.372 I/bt_btif ( 2751): LogMsg: btif_transfer_context event 14, len 24
01-19 15:47:59.372 I/bt_bta_gattc( 2751): bta_gattc_conn_cback: Connected client_if:7 addr:xx:xx:xx:xx:68:cf, transport:BT_TRANSPORT_LE reason:GATT_CONN_OK
01-19 15:47:59.372 I/bt_bta_gattc( 2751): bta_gattc_conn_cback: Connected client_if:8 addr:xx:xx:xx:xx:68:cf, transport:BT_TRANSPORT_LE reason:GATT_CONN_OK
01-19 15:47:59.372 I/bluetooth( 2751): on_connection_complete: Le connection completed to device:60:77:71:fc:68:cf
01-19 15:47:59.372 I/bt_l2cap( 2751): LogMsg: l2cu_no_dynamic_ccbs NO IDLE timeout set for fixed cid 0x0004
01-19 15:47:59.372 I/bluetooth( 2751): GATT_SetIdleTimeout: idle_timeout=65535, status=1, (1-OK 0-not performed)
01-19 15:47:59.372 V/bt_stack( 2751): [VERBOSE1:btif_config.cc(499)] btif_config_get_bin: cannot find string for section 60:77:71:fc:68:cf, key LE_KEY_PENC
01-19 15:47:59.373 I/bt_btif ( 2751): LogMsg: btapp_gatts_handle_cback: HAL bt_gatt_callbacks->server->connection_cb
01-19 15:47:59.373 I/bt_btm  ( 2751): LogMsg: btm_bda_to_acl: bda=60:77:71:fc:68:cf transport=1
01-19 15:47:59.373 I/bt_btm  ( 2751): LogMsg: btm_bda_to_acl: bda=60:77:71:fc:68:cf transport=1 not found in acl_db
01-19 15:47:59.373 I/bt_btm  ( 2751): LogMsg: btm_bda_to_acl: bda=60:77:71:fc:68:cf transport=2
01-19 15:47:59.373 D/BtGatt.GattService( 2751): onClientConnected() connId=6, address=60:77:71:FC:68:CF, connected=true
01-19 15:47:59.373 V/bt_stack( 2751): [VERBOSE2:interop_mtk_conf.cc(501)] interop_mtk_match_ver_byconfig:[MtkEattLinkEncrypted] check 07:000d:0210 in 0B:02B0:0115
01-19 15:47:59.373 V/bt_stack( 2751): [VERBOSE1:gatt_main.cc(552)] Send EATT Connect - NOT BES
01-19 15:47:59.373 I/bt_stack( 2751): [INFO:eatt_impl.h(641)] connect device 60:77:71:fc:68:cf rolecentral
01-19 15:47:59.373 I/bt_btm  ( 2751): LogMsg: btm_find_or_alloc_dev
01-19 15:47:59.373 I/bt_bta_dm( 2751): bta_dm_acl_up: bta_dm_acl_up
01-19 15:47:59.373 I/bt_btif ( 2751): LogMsg: interop_mtk_match_addr_byconfig:[MtkGapNotDoSniffSubrating] check 60:**:**:**:68:cf in 54:46:6b,6c:5d:63,60:8c:2b,34:c7:31
01-19 15:47:59.374 I/bt_stack( 2751): [INFO:interop_mtk_conf.cc(338)] interop_mtk_match_name_byconfig:[MtkGapNotDoSniffSubrating] check name USBeacon in partial name list Wireless Controller,BT-IGNDSS
01-19 15:47:59.374 I/bt_btm  ( 2751): LogMsg: btm_bda_to_acl: bda=60:77:71:fc:68:cf transport=1
01-19 15:47:59.374 I/bt_btm  ( 2751): LogMsg: btm_bda_to_acl: bda=60:77:71:fc:68:cf transport=1 not found in acl_db
01-19 15:47:59.374 W/btm_acl ( 2751): acl_peer_supports_sniff_subrating: Unable to find active acl
01-19 15:47:59.374 I/bt_btif ( 2751): LogMsg: btif_dm_upstreams_evt: ev: BTA_DM_LINK_UP_EVT
01-19 15:47:59.374 I/bt_btif ( 2751): LogMsg: BTA_DM_LINK_UP_EVT. Sending BT_ACL_STATE_CONNECTED
01-19 15:47:59.374 I/oplus_bt_dual_sync( 2751): stack_up_sync: stack_to_apk_type = 4
01-19 15:47:59.374 I/oplus_bt_dual_sync( 2751): stack_up_sync: lock acquire
01-19 15:47:59.374 I/oplus_bt_dual_sync( 2751): stack_up_sync: lock done
01-19 15:47:59.394 D/BluetoothGattServer(23348): onServerConnectionState() - status=0 serverIf=6 device=60:77:71:FC:68:CF
01-19 15:47:59.395 D/BtGatt.GattService( 2751): Gatt Logging: metric_id=5, app=com.heytap.accessory
01-19 15:47:59.395 D/BtGatt.GattService( 2751): Gatt Logging: metric_id=5, session_index=6, connection state=2
01-19 15:47:59.395 I/oplus_bt_dual_sync( 2751): do_stack_up_sync: stack_to_apk_type = 4
01-19 15:47:59.395 I/oplus_bt_dual_sync( 2751): do_stack_up_sync: lock acquired
01-19 15:47:59.395 I/oplus_bt_dual_sync( 2751): do_stack_up_sync: lock done
01-19 15:47:59.396 I/bt_btif ( 2751): LogMsg: up_sync: HAL bt_nativechannel_callbacks->stack_up_sync_cb
01-19 15:47:59.396 I/oplus_bt_dual_sync( 2751): do_stack_up_sync: lock release
01-19 15:47:59.397 I/oplus_bt_dual_sync( 2751): stack_up_sync: lock release
01-19 15:47:59.397 I/bt_btif ( 2751): LogMsg: oplus.bt.conn.count=1
01-19 15:47:59.398 I/bt_btif ( 2751): LogMsg: operator(): HAL bt_hal_cbacks->acl_state_changed_cb
01-19 15:47:59.398 I/bt_btm  ( 2751): LogMsg: btm_bda_to_acl: bda=60:77:71:fc:68:cf transport=2
01-19 15:47:59.399 I/bt_btif ( 2751): LogMsg: bta_dm_adjust_roles
01-19 15:47:59.399 I/bt_btif ( 2751): LogMsg: bta_sys_event: Event 0x1f0c
01-19 15:47:59.399 E/bta_gattc_main( 2751): bta_gattc_hdl_event: Ignore unknown conn ID: 3
01-19 15:47:59.399 I/bt_btif ( 2751): LogMsg: bta_sys_event: Event 0x1f0c
01-19 15:47:59.399 E/bta_gattc_main( 2751): bta_gattc_hdl_event: Ignore unknown conn ID: 4
01-19 15:47:59.399 I/bt_btif ( 2751): LogMsg: bta_sys_event: Event 0x1f0c
01-19 15:47:59.399 E/bta_gattc_main( 2751): bta_gattc_hdl_event: Ignore unknown conn ID: 5
01-19 15:47:59.399 I/bt_btif ( 2751): LogMsg: bta_sys_event: Event 0x1f0c
01-19 15:47:59.399 E/bta_gattc_main( 2751): bta_gattc_hdl_event: Ignore unknown conn ID: 7
01-19 15:47:59.399 I/bt_btif ( 2751): LogMsg: bta_sys_event: Event 0x1f0c
01-19 15:47:59.399 V/bt_stack( 2751): [VERBOSE1:bta_gattc_main.cc(314)] bta_gattc_sm_execute: State 0x01, Event 0x1f0c
01-19 15:47:59.399 V/bt_stack( 2751): [VERBOSE1:bta_gattc_act.cc(535)] bta_gattc_conn: server cache state=0
01-19 15:47:59.399 V/bt_stack( 2751): [VERBOSE2:collector.cc(586)] [bt_collector] update_link_info Device: 60:**:**:**:68:cf
01-19 15:47:59.399 V/bt_stack( 2751): [VERBOSE1:bta_gattc_act.cc(538)] bta_gattc_conn: conn_id=0x0008
01-19 15:47:59.399 V/bt_stack( 2751): [VERBOSE1:gatt_api.cc(1356)] GATT_GetConnectionInfor conn_id=0x0008
01-19 15:47:59.399 I/bt_stack( 2751): [INFO:bta_gattc_db_storage.cc(159)] bta_gattc_cache_load: load cache: /data/misc/bluetooth/gatt_cache_607771fc68cf
01-19 15:47:59.399 E/bt_stack( 2751): [ERROR:bta_gattc_db_storage.cc(80)] bta_gattc_load_db: can't open GATT cache file /data/misc/bluetooth/gatt_cache_607771fc68cf for reading, error: No such file or directory
01-19 15:47:59.400 V/bt_stack( 2751): [VERBOSE1:bta_gattc_act.cc(799)] bta_gattc_start_discover: conn_id:0x0008 p_clcb->p_srcb->state:3
01-19 15:47:59.400 I/bt_btif ( 2751): LogMsg: interop_mtk_match_addr_byconfig:[MtkLeDisableFastConnection] check 60:**:**:**:68:cf in d0:5f:b8
01-19 15:47:59.400 I/bt_btm  ( 2751): LogMsg: btm_bda_to_acl: bda=60:77:71:fc:68:cf transport=2
01-19 15:47:59.400 I/bt_btm  ( 2751): LogMsg: btm_bda_to_acl: bda=60:77:71:fc:68:cf transport=2
01-19 15:47:59.400 V/bt_stack( 2751): [VERBOSE2:interop_mtk_conf.cc(310)] interop_mtk_match_name_byconfig:[MtkLeDisableFastConnection] check USBeacon in ELECOM Laser Mouse
01-19 15:47:59.400 V/bt_stack( 2751): [VERBOSE2:collector.cc(408)] [bt_collector] set_connect_count ProfileGap_ status 0
01-19 15:47:59.400 I/bt_stack( 2751): [INFO:interop_mtk_conf.cc(338)] interop_mtk_match_name_byconfig:[MtkLeDisableFastConnection] check name USBeacon in partial name list YUNMAI-ISM2-W,BT-ILDFC
01-19 15:47:59.400 V/bt_stack( 2751): [VERBOSE2:l2c_ble.cc(168)] L2CA_EnableUpdateBleConnParams - BD_ADDR 60:77:71:fc:68:cf enable 0 current upd state 0x08
01-19 15:47:59.401 I/bt_stack( 2751): [INFO:interop_mtk_conf.cc(338)] interop_mtk_match_name_byconfig:[MtkLeAvoidDoFastConnectionTwice] check name USBeacon in partial name list FeiZhi
01-19 15:47:59.401 I/bt_btm  ( 2751): LogMsg: btm_bda_to_acl: bda=60:77:71:fc:68:cf transport=2
01-19 15:47:59.401 I/bt_btm  ( 2751): LogMsg: btm_find_or_alloc_dev
01-19 15:47:59.401 I/bt_l2cap( 2751): LogMsg: l2cble_start_conn_update mask:0009 p_lcb->min_interval:39
01-19 15:47:59.401 I/bt_btif ( 2751): LogMsg: bta_dm_vendor_set_host_info, id = 3, value = 00060006
01-19 15:47:59.401 I/bt_btm  ( 2751): LogMsg: BTM: BTM_VendorSpecificCommand: Opcode: 0xFD5F, ParamLen: 32.
01-19 15:47:59.401 I/bt_stack( 2751): [INFO:gatt_api.cc(711)] GATTC_Discover conn_id=0x0008, disc_type=1, s_handle=0x0001, e_handle=0xffff
01-19 15:47:59.401 I/bt_stack( 2751): [INFO:gatt_cl.cc(101)] gatt_act_discovery opcode: 0x10
01-19 15:47:59.401 I/bluetooth( 2751): attp_cl_send_cmd: Sending ATT command to l2cap cid:0x0004 eatt_channels:0 transport:BT_TRANSPORT_LE
01-19 15:47:59.401 I/bt_btm  ( 2751): LogMsg: l2c_link_check_send_pkts: l2cb.controller_xmit_window=6
01-19 15:47:59.401 I/bt_btm  ( 2751): LogMsg: Direct send, transport=2, xmit_window=6, le_xmit_window=8, sent_not_acked=0, link_xmit_quota=8
01-19 15:47:59.401 I/bt_btm  ( 2751): LogMsg: Sending to lower layer
01-19 15:47:59.401 I/bt_btm  ( 2751): LogMsg: l2c_link_send_to_lower_ble: TotalWin=7,Hndl=0x200,Quota=8,Unack=1,RRQuota=0,RRUnack=0
01-19 15:47:59.401 I/bt_btm  ( 2751): LogMsg: No next buffer, skipping
01-19 15:47:59.401 I/bt_l2cap( 2751): LogMsg: l2cu_no_dynamic_ccbs NO IDLE timeout set for fixed cid 0x0004
01-19 15:47:59.401 I/bluetooth( 2751): attp_cl_send_cmd: Starting ATT response timer
01-19 15:47:59.401 I/bt_btif ( 2751): LogMsg: btif_transfer_context event 2, len 528
01-19 15:47:59.402 V/bt_stack( 2751): [VERBOSE1:bta_gattc_main.cc(350)] bta_gattc_sm_execute: GATTC State Change: 0x01 -> 0x03 after Event 0x1f0c
01-19 15:47:59.403 V/BluetoothDatabase( 2751): getProfileConnectionPolicy: device XX:XX:XX:FC:68:CF profile=BATTERY, connectionPolicy=-1
01-19 15:47:59.403 E/BatteryService( 2751): Cannot connect to 60:77:71:FC:68:CF : Remote does not have Battery UUID
01-19 15:47:59.403 D/BluetoothRemoteDevices( 2751): aclStateChangeCallback: Adapter State: ON Connected: 60:77:71:FC:68:CF
01-19 15:47:59.406 D/mtk.hal.bt@1.1-impl( 1001): BtHostDebugInfo
01-19 15:47:59.406 D/[BT]    ( 1001): mtk_bt_op: BT_VND_OP_SET_BTHOST
01-19 15:47:59.416 I/bt_btm  ( 2751): LogMsg: l2c_link_check_send_pkts: l2cb.controller_xmit_window=6
01-19 15:47:59.416 I/bt_btm  ( 2751): LogMsg: Direct send, transport=2, xmit_window=6, le_xmit_window=8, sent_not_acked=0, link_xmit_quota=8
01-19 15:47:59.416 I/bt_btm  ( 2751): LogMsg: No next buffer, skipping
01-19 15:47:59.416 I/bt_btm  ( 2751): LogMsg: l2c_link_process_num_completed_pkts: TotalWin=8,LinkUnack(0x200)=0,RRCheck=0,RRUnack=0
01-19 15:47:59.425 I/bt_btif ( 2751): LogMsg: btif_gattc_upstreams_evt: HAL bt_gatt_callbacks->client->open_cb
01-19 15:47:59.426 D/BtGatt.GattService( 2751): onConnected() - clientIf=8, connId=8, address=60:77:71:FC:68:CF
01-19 15:47:59.426 D/BtGatt.GattService( 2751): onConnected() - adding permit for address=60:77:71:FC:68:CF
01-19 15:47:59.428 W/BluetoothEventManager( 2315): AclStateChangedHandler: activeDevice is null
01-19 15:47:59.434 I/BluetoothPhonePolicy( 2751): processDeviceConnected, device=60:77:71:FC:68:CF
01-19 15:47:59.434 D/BluetoothDatabase( 2751): setConnection: device XX:XX:XX:FC:68:CF and isA2dpDevice=false
01-19 15:47:59.434 D/BluetoothDatabase( 2751): Updating last connected time for device: XX:XX:XX:FC:68:CF to 78
01-19 15:47:59.434 D/BluetoothDatabase( 2751): updateDatabase XX:XX:XX:FC:68:CF
01-19 15:47:59.441 D/BtGatt.GattService( 2751): Gatt Logging: metric_id=5, session_index=8, connection state=2
01-19 15:47:59.441 D/BluetoothGatt(22851): onClientConnectionState() - status=0 clientIf=8 device=60:77:71:FC:68:CF
01-19 15:47:59.441 V/bt_stack( 2751): [VERBOSE1:btif_config.cc(499)] btif_config_get_bin: cannot find string for section 60:77:71:fc:68:cf, key LE_KEY_PENC
01-19 15:47:59.444 I/System.out(22851): ConnectBLE onConnectionStateChange BluetoothGatt : 0 , 2
01-19 15:47:59.446 D/CompatibilityChangeReporter( 1654): Compat change id reported: 177438394; UID 10122; state: DISABLED
01-19 15:47:59.446 D/CompatibilityChangeReporter( 1654): Compat change id reported: 135772972; UID 10122; state: DISABLED
01-19 15:47:59.447 D/CompatibilityChangeReporter( 1654): Compat change id reported: 135754954; UID 10122; state: ENABLED
01-19 15:47:59.448 D/CompatibilityChangeReporter( 1654): Compat change id reported: 143937733; UID 10122; state: ENABLED
01-19 15:47:59.449 W/BluetoothEventManager( 7662): AclStateChangedHandler: activeDevice is null
01-19 15:47:59.450 E/ActivityThread( 1654): Failed to find provider info for com.oplus.smartdrive.data.DataProvider
01-19 15:47:59.456 W/OplusNavigationBarUtil( 1654): color navigation bar util isn't init.
01-19 15:47:59.465 I/bt_btm  ( 2751): LogMsg: btm_bda_to_acl: bda=60:77:71:fc:68:cf transport=2
01-19 15:47:59.465 V/bt_stack( 2751): [VERBOSE1:gatt_main.cc(1054)] gatt_get_ch_state: ch_state=4
01-19 15:47:59.465 I/bt_stack( 2751): [INFO:gatt_cl.cc(1194)] gatt_client_handle_server_rsp opcode: 0x11
01-19 15:47:59.465 I/bt_stack( 2751): [INFO:gatt_cl.cc(799)] gatt_process_read_by_type_rspop=1 subtype=1
01-19 15:47:59.465 I/bt_stack( 2751): [INFO:bta_gattc_cache.cc(458)] bta_gattc_disc_res_cback: disc_type=1 p_data->handle=0x0001 e_handle=0x0007 service_type=00001800-0000-1000-8000-00805f9b34fb
01-19 15:47:59.466 I/bt_btm  ( 2751): LogMsg: BTM_IsCisSlaveSupported
01-19 15:47:59.466 I/bt_btm  ( 2751): LogMsg: btm_bda_to_acl: bda=60:77:71:fc:68:cf transport=2
01-19 15:47:59.466 I/bt_btm  ( 2751): LogMsg: BTM_IsCisSlaveSupported: 0
01-19 15:47:59.466 I/bt_stack( 2751): [INFO:bta_gattc_cache.cc(458)] bta_gattc_disc_res_cback: disc_type=1 p_data->handle=0x0008 e_handle=0x0008 service_type=00001801-0000-1000-8000-00805f9b34fb
01-19 15:47:59.466 I/bt_btm  ( 2751): LogMsg: BTM_IsCisSlaveSupported
01-19 15:47:59.466 I/bt_btm  ( 2751): LogMsg: btm_bda_to_acl: bda=60:77:71:fc:68:cf transport=2
01-19 15:47:59.466 I/bt_btm  ( 2751): LogMsg: BTM_IsCisSlaveSupported: 0
01-19 15:47:59.466 I/bt_stack( 2751): [INFO:bta_gattc_cache.cc(458)] bta_gattc_disc_res_cback: disc_type=1 p_data->handle=0x0009 e_handle=0x001b service_type=0000180a-0000-1000-8000-00805f9b34fb
01-19 15:47:59.466 I/bt_btm  ( 2751): LogMsg: BTM_IsCisSlaveSupported
01-19 15:47:59.466 I/bt_btm  ( 2751): LogMsg: btm_bda_to_acl: bda=60:77:71:fc:68:cf transport=2
01-19 15:47:59.466 I/bt_btm  ( 2751): LogMsg: BTM_IsCisSlaveSupported: 0
01-19 15:47:59.466 I/bt_stack( 2751): [INFO:gatt_cl.cc(983)] gatt_process_read_by_type_rsp: initiate another discovery request
01-19 15:47:59.466 I/bt_stack( 2751): [INFO:gatt_cl.cc(101)] gatt_act_discovery opcode: 0x10
01-19 15:47:59.466 I/bluetooth( 2751): attp_cl_send_cmd: Sending ATT command to l2cap cid:0x0004 eatt_channels:0 transport:BT_TRANSPORT_LE
01-19 15:47:59.466 I/bt_btm  ( 2751): LogMsg: l2c_link_check_send_pkts: l2cb.controller_xmit_window=6
01-19 15:47:59.466 I/bt_btm  ( 2751): LogMsg: Direct send, transport=2, xmit_window=6, le_xmit_window=8, sent_not_acked=0, link_xmit_quota=8
01-19 15:47:59.466 I/bt_btm  ( 2751): LogMsg: Sending to lower layer
01-19 15:47:59.466 I/bt_btm  ( 2751): LogMsg: l2c_link_send_to_lower_ble: TotalWin=7,Hndl=0x200,Quota=8,Unack=1,RRQuota=0,RRUnack=0
01-19 15:47:59.466 I/bt_btm  ( 2751): LogMsg: No next buffer, skipping
01-19 15:47:59.466 I/bt_l2cap( 2751): LogMsg: l2cu_no_dynamic_ccbs NO IDLE timeout set for fixed cid 0x0004
01-19 15:47:59.466 I/bluetooth( 2751): attp_cl_send_cmd: Starting ATT response timer
01-19 15:47:59.468 D/Zygote  (  984): Forked child process 22956
01-19 15:47:59.469 I/ActivityManager( 1654): Start proc 22956:com.google.android.projection.gearhead:shared/u0a122 for broadcast {com.google.android.projection.gearhead/com.google.android.apps.auto.wireless.bluetooth.WifiBluetoothReceiver}
01-19 15:47:59.469 D/OplusUIFirst_FB( 1654): com.google.android.projection.gearhead proc start: 10122 22956 false com.google.android.projection.gearhead:shared
01-19 15:47:59.469 D/OplusUIFirst_FB( 1654): com.google.android.projection.gearhead start process: []
01-19 15:47:59.469 D/OplusUIFirst_FB( 1654): List of ThreadOp: size=0 []
01-19 15:47:59.476 I/oplus.android.OplusFrameworkFactoryImpl(22851): get feature:IOplusDynamicVsyncFeature
01-19 15:47:59.476 I/oplus.android.OplusFrameworkFactoryImpl(22851): get feature:IOplusDynamicVsyncFeature
01-19 15:47:59.476 I/oplus.android.OplusFrameworkFactoryImpl(22851): get feature:IOplusDynamicVsyncFeature
01-19 15:47:59.484 I/AdapterProperties( 2751): getBondedDevices: length=0
01-19 15:47:59.485 I/oplus.android.OplusFrameworkFactoryImpl(22851): get feature:IOplusDynamicVsyncFeature
01-19 15:47:59.486 I/oplus.android.OplusFrameworkFactoryImpl(22851): get feature:IOplusDynamicVsyncFeature
01-19 15:47:59.486 I/oplus.android.OplusFrameworkFactoryImpl(22851): get feature:IOplusDynamicVsyncFeature
01-19 15:47:59.486 I/AdapterProperties( 2751): getBondedDevices: length=0
01-19 15:47:59.487 I/AdapterProperties( 2751): getBondedDevices: length=0
01-19 15:47:59.495 I/SurfaceFlinger( 1123): [SF client] NEW(0xb4000072c6d32280) for (22851:com.THLight.BLE.USBeacon.Writer.Simple.dev)
01-19 15:47:59.500 D/WindowManager(22851): Add to mViews: DecorView@3d9b752[ScanDeviceListActivity],pkg= com.THLight.BLE.USBeacon.Writer.Simple.dev
01-19 15:47:59.501 E/gearhead:shared(22956): Unknown bits set in runtime_flags: 0x40000000
01-19 15:47:59.503 I/gearhead:shared(22956): Using CollectorTypeCC GC.
01-19 15:47:59.505 D/OplusFullScreenDisplayManager( 1654): adjustWindowParamsLw com.THLight.BLE.USBeacon.Writer.Simple.dev, no change cutoutMode: 0
01-19 15:47:59.509 V/WindowManager( 1654): Changing focus from Window{a47c2a u0 com.THLight.BLE.USBeacon.Writer.Simple.dev/com.THLight.BLE.USBeacon.Writer.Simple.ui.activity.scan.ScanDeviceListActivity} to Window{e543194 u0 com.THLight.BLE.USBeacon.Writer.Simple.dev/com.THLight.BLE.USBeacon.Writer.Simple.ui.activity.scan.ScanDeviceListActivity},diplayid=0
01-19 15:47:59.513 I/bt_btm  ( 2751): LogMsg: l2c_link_check_send_pkts: l2cb.controller_xmit_window=6
01-19 15:47:59.513 I/bt_btm  ( 2751): LogMsg: Direct send, transport=2, xmit_window=6, le_xmit_window=8, sent_not_acked=0, link_xmit_quota=8
01-19 15:47:59.513 I/bt_btm  ( 2751): LogMsg: No next buffer, skipping
01-19 15:47:59.513 I/bt_btm  ( 2751): LogMsg: l2c_link_process_num_completed_pkts: TotalWin=8,LinkUnack(0x200)=0,RRCheck=0,RRUnack=0
01-19 15:47:59.514 D/Theia.NoFocusWindow( 1654): FocusWindowErrorScene cancelCheckFreezeScreen
01-19 15:47:59.514 I/WindowManager( 1654): addWindow: New client android.os.BinderProxy@92611e7 : window=Window{e543194 u0 com.THLight.BLE.USBeacon.Writer.Simple.dev/com.THLight.BLE.USBeacon.Writer.Simple.ui.activity.scan.ScanDeviceListActivity}
01-19 15:47:59.515 I/adbd    (15190): jdwp connection from 22956
01-19 15:47:59.518 D/ViewRootImplExtImpl(22851): onDisplayChanged -1 for VRI android.view.ViewRootImpl@1b7f69e
