01-19 15:47:59.520 D/CoreBackPreview( 1654): Window{e543194 u0 com.THLight.BLE.USBeacon.Writer.Simple.dev/com.THLight.BLE.USBeacon.Writer.Simple.ui.activity.scan.ScanDeviceListActivity}: Setting back callback OnBackInvokedCallbackInfo{mCallback=android.window.IOnBackInvokedCallback$Stub$Proxy@60ca17e, mPriority=0}
01-19 15:47:59.521 D/InputEventReceiver(22851): Input log is disabled
01-19 15:47:59.523 D/nativeloader(22956): Load libframework-connectivity-tiramisu-jni.so using APEX ns com_android_tethering for caller /apex/com.android.tethering/javalib/framework-connectivity-t.jar: ok
01-19 15:47:59.531 D/Layer   ( 1123): reparent to null sequence=10402, seq[1], name=Surface(name=53ed7a StatusBar)/@0x47c2944 - animation-leash of insets_animation#10402
01-19 15:47:59.531 D/Layer   ( 1123): reparent to null sequence=10403, seq[2], name=Surface(name=91d88c3 NavigationBar0)/@0xc087a2d - animation-leash of insets_animation#10403
01-19 15:47:59.534 D/OplusFullScreenDisplayManager( 1654): adjustWindowParamsLw com.THLight.BLE.USBeacon.Writer.Simple.dev, no change cutoutMode: 0
01-19 15:47:59.534 V/WindowManager( 1654): Relayout Window{e543194 u0 com.THLight.BLE.USBeacon.Writer.Simple.dev/com.THLight.BLE.USBeacon.Writer.Simple.ui.activity.scan.ScanDeviceListActivity}: viewVisibility=0, oldvis=0, req=684x390
01-19 15:47:59.535 I/BufferQueueDebug( 1123): [com.THLight.BLE.USBeacon.Writer.Simple.dev/com.THLight.BLE.USBeacon.Writer.Simple.ui.activity.scan.ScanDeviceListActivity#10411](this:0xb4000072c9a549e8,id:-1,api:0,p:-1,c:-1) BufferQueue core=(1123:/system/bin/surfaceflinger)
01-19 15:47:59.541 I/OneTrace(22956): Mark active for pid=22956? true
01-19 15:47:59.542 D/cutils-dev(22956): otrace_set_tracing_enabled? true
01-19 15:47:59.543 E/gearhead:shared(22956): Could not write anonymous vdex /system/framework/oat/arm64/mediatek-framework.vdex: Could not open /system/framework/oat/arm64/mediatek-framework.vdex for writing
01-19 15:47:59.546 D/BufferQueueConsumer(22851): [](id:594300000003,api:0,p:-1,c:22851) connect: controlledByApp=false
01-19 15:47:59.548 V/ZoomWindowDecorView(22851): setLastReportedMergedConfiguration mZoomDisplayHeight: 1600 getDecorView.64599890
01-19 15:47:59.550 D/CompatibilityChangeReporter( 1654): Compat change id reported: 168419799; UID 10122; state: DISABLED
01-19 15:47:59.550 D/RGBNormalizeServer( 1654): OplusRGBNormalize feature enabled ? false
01-19 15:47:59.552 D/cutils-dev(22956): properties changed in otrace_seq_number_changed!
01-19 15:47:59.555 D/VRI[ScanDeviceListActivity](22851): registerCallbacksForSync syncBuffer=false
01-19 15:47:59.559 D/HidDeviceService( 2751): handleMessage(): msg.what=8
01-19 15:47:59.559 D/HidDeviceService( 2751): unregisterAppUid(): uid=10122
01-19 15:47:59.559 D/HidDeviceService( 2751): unregisterAppUid(): caller UID doesn't match user UID
01-19 15:47:59.559 D/SensorService( 1654): onUidStateChanged uid = 10122, state = UID_STATE_ACTIVE
01-19 15:47:59.562 I/bt_btm  ( 2751): LogMsg: btm_bda_to_acl: bda=60:77:71:fc:68:cf transport=2
01-19 15:47:59.562 D/CompatibilityChangeReporter(22956): Compat change id reported: 171979766; UID 10122; state: ENABLED
01-19 15:47:59.562 V/bt_stack( 2751): [VERBOSE1:gatt_main.cc(1054)] gatt_get_ch_state: ch_state=4
01-19 15:47:59.563 I/bt_stack( 2751): [INFO:gatt_cl.cc(1194)] gatt_client_handle_server_rsp opcode: 0x11
01-19 15:47:59.563 I/oplus.android.OplusFrameworkFactoryImpl(22956): get feature:IOplusAutoResolutionFeature
01-19 15:47:59.563 I/oplus.android.OplusFrameworkFactoryImpl(22956): getOplusAutoResolutionFeature
01-19 15:47:59.563 I/bt_stack( 2751): [INFO:gatt_cl.cc(799)] gatt_process_read_by_type_rspop=1 subtype=1
01-19 15:47:59.563 I/bt_stack( 2751): [INFO:bta_gattc_cache.cc(458)] bta_gattc_disc_res_cback: disc_type=1 p_data->handle=0x001c e_handle=0x0022 service_type=0000f000-0000-1000-8000-00805f9b34fb
01-19 15:47:59.563 I/bt_btm  ( 2751): LogMsg: BTM_IsCisSlaveSupported
01-19 15:47:59.563 I/bt_btm  ( 2751): LogMsg: btm_bda_to_acl: bda=60:77:71:fc:68:cf transport=2
01-19 15:47:59.563 I/bt_btm  ( 2751): LogMsg: BTM_IsCisSlaveSupported: 0
01-19 15:47:59.563 I/bt_stack( 2751): [INFO:gatt_cl.cc(983)] gatt_process_read_by_type_rsp: initiate another discovery request
01-19 15:47:59.563 I/bt_stack( 2751): [INFO:gatt_cl.cc(101)] gatt_act_discovery opcode: 0x10
01-19 15:47:59.563 I/bluetooth( 2751): attp_cl_send_cmd: Sending ATT command to l2cap cid:0x0004 eatt_channels:0 transport:BT_TRANSPORT_LE
01-19 15:47:59.563 I/bt_btm  ( 2751): LogMsg: l2c_link_check_send_pkts: l2cb.controller_xmit_window=6
01-19 15:47:59.563 I/bt_btm  ( 2751): LogMsg: Direct send, transport=2, xmit_window=6, le_xmit_window=8, sent_not_acked=0, link_xmit_quota=8
01-19 15:47:59.563 I/bt_btm  ( 2751): LogMsg: Sending to lower layer
01-19 15:47:59.563 I/bt_btm  ( 2751): LogMsg: l2c_link_send_to_lower_ble: TotalWin=7,Hndl=0x200,Quota=8,Unack=1,RRQuota=0,RRUnack=0
01-19 15:47:59.563 I/bt_btm  ( 2751): LogMsg: No next buffer, skipping
01-19 15:47:59.563 I/bt_l2cap( 2751): LogMsg: l2cu_no_dynamic_ccbs NO IDLE timeout set for fixed cid 0x0004
01-19 15:47:59.563 I/bluetooth( 2751): attp_cl_send_cmd: Starting ATT response timer
01-19 15:47:59.566 I/FocusResolver( 1654): updateFocusedWindow,  on display 0, reason: Waiting for window because NO_WINDOW, result:   FocusedWindows: <none>
01-19 15:47:59.571 D/BLASTBufferQueue(22851): [VRI[ScanDeviceListActivity]#3](f:0,a:1) acquireNextBufferLocked size=812x518 mFrameNumber=1 applyTransaction=true mTimestamp=217630131679509(auto) mPendingTransactions.size=0 graphicBufferId=98144297680924 transform=0
01-19 15:47:59.571 D/VRI[ScanDeviceListActivity](22851): Received frameCommittedCallback lastAttemptedDrawFrameNum=1 didProduceBuffer=true syncBuffer=false
01-19 15:47:59.572 W/Parcel  (22851): Expecting binder but got null!
01-19 15:47:59.572 D/VRI[ScanDeviceListActivity](22851): draw finished.
01-19 15:47:59.573 D/VRI[ScanDeviceListActivity](22851): onFocusEvent false
01-19 15:47:59.575 D/WindowManager( 1654): finishDrawingWindow: Window{e543194 u0 com.THLight.BLE.USBeacon.Writer.Simple.dev/com.THLight.BLE.USBeacon.Writer.Simple.ui.activity.scan.ScanDeviceListActivity} mDrawState=DRAW_PENDING
01-19 15:47:59.578 D/VRI[ScanDeviceListActivity](22851): registerCallbacksForSync syncBuffer=false
01-19 15:47:59.581 D/BufferStateLayer( 1123): com.THLight.BLE.USBeacon.Writer.Simple.dev/com.THLight.BLE.USBeacon.Writer.Simple.ui.activity.scan.ScanDeviceListActivity#10411 setBuffer frameId=1, bufferId=98144297680924 fenceId=477, w= 812, h=518
01-19 15:47:59.581 D/OplusLayer( 1123): (10411,com.THLight.BLE.USBeacon.Writer.Simple.dev/com.THLight.BLE.USBeacon.Writer.Simple.ui.activity.scan.ScanDeviceListActivity#10411,com.THLight.BLE.USBeacon.Writer.Simple.dev) setBuffer
01-19 15:47:59.582 D/OplusLayer( 1123): ~Layer() sequence=10402, name=Surface(name=53ed7a StatusBar)/@0x47c2944 - animation-leash of insets_animation#10402
01-19 15:47:59.582 D/OplusLayer( 1123): ~Layer() sequence=10403, name=Surface(name=91d88c3 NavigationBar0)/@0xc087a2d - animation-leash of insets_animation#10403
01-19 15:47:59.583 I/OplusFeatureCache(22956): Milliseconds spent on init(): 19
01-19 15:47:59.585 D/CompactWindowAppManager(22956): initCompactApplicationInfo 
01-19 15:47:59.585 D/VRI[ScanDeviceListActivity](22851): Received frameCommittedCallback lastAttemptedDrawFrameNum=2 didProduceBuffer=true syncBuffer=false
01-19 15:47:59.586 D/VRI[ScanDeviceListActivity](22851): draw finished.
01-19 15:47:59.592 D/CompatibilityChangeReporter( 1654): Compat change id reported: 168419799; UID 10132; state: DISABLED
01-19 15:47:59.592 D/WindowManager( 1654): finishDrawingWindow: Window{e543194 u0 com.THLight.BLE.USBeacon.Writer.Simple.dev/com.THLight.BLE.USBeacon.Writer.Simple.ui.activity.scan.ScanDeviceListActivity} mDrawState=HAS_DRAWN
01-19 15:47:59.600 I/libPowerHal( 1025): [setGPUFreq] INTERACTION user set gpu freq min:0, max:-1
01-19 15:47:59.600 I/libPowerHal( 1025): INTERACTION: set gpu opp level: 0
01-19 15:47:59.601 I/DispPerfService( 1123): updateLayerMask 0
01-19 15:47:59.601 I/libPowerHal( 1025): INTERACTION: set gpu opp level max: 0
01-19 15:47:59.601 I/libPowerHal( 1025): [setGPUFreq] Soft min/max = (0, 0); Hard min/max = (2, 0)
01-19 15:47:59.601 I/libPowerHal( 1025): [setGPUFreq] final min/max = (0, 0)
01-19 15:47:59.601 I/libPowerHal( 1025): INTERACTION: set gpu opp level: 0
01-19 15:47:59.601 I/libPowerHal( 1025): INTERACTION: set gpu opp level max: 0
01-19 15:47:59.601 I/libPowerHal( 1025): INTERACTION: cpu_ctrl set cpu freq: 2139000 -1 1491000 -1
01-19 15:47:59.605 I/xsm     (23155): onReceive
01-19 15:47:59.610 I/bt_btm  ( 2751): LogMsg: l2c_link_check_send_pkts: l2cb.controller_xmit_window=6
01-19 15:47:59.611 I/bt_btm  ( 2751): LogMsg: Direct send, transport=2, xmit_window=6, le_xmit_window=8, sent_not_acked=0, link_xmit_quota=8
01-19 15:47:59.611 I/bt_btm  ( 2751): LogMsg: No next buffer, skipping
01-19 15:47:59.611 I/bt_btm  ( 2751): LogMsg: l2c_link_process_num_completed_pkts: TotalWin=8,LinkUnack(0x200)=0,RRCheck=0,RRUnack=0
01-19 15:47:59.615 I/zez     (23155): (REDACTED) bluetoothConnectionStateChanged. Action: %s
01-19 15:47:59.616 I/zea     (23155): Registering Gemini service client
01-19 15:47:59.617 W/libc    (22956): Access denied finding property "ro.odm.prev.product.name"
01-19 15:47:59.617 I/zef     (23155): Initializing PhoneMediaHandler
01-19 15:47:59.620 D/LoadedApk(22956): mApplicationInfo overrideDisplayId:null
01-19 15:47:59.627 D/nativeloader(22956): Configuring clns-4 for other apk /system/framework/org.apache.http.legacy.jar. target_sdk_version=36, uses_libraries=ALL, library_path=/data/app/~~dpV2s0sbTG67FGYJvGn54g==/com.google.android.projection.gearhead-ELYmrdjH1iYncMmpe9R5nw==/lib/arm64:/data/app/~~dpV2s0sbTG67FGYJvGn54g==/com.google.android.projection.gearhead-ELYmrdjH1iYncMmpe9R5nw==/base.apk!/lib/arm64-v8a:/data/app/~~dpV2s0sbTG67FGYJvGn54g==/com.google.android.projection.gearhead-ELYmrdjH1iYncMmpe9R5nw==/split_config.arm64_v8a.apk!/lib/arm64-v8a:/data/app/~~dpV2s0sbTG67FGYJvGn54g==/com.google.android.projection.gearhead-ELYmrdjH1iYncMmpe9R5nw==/split_config.en.apk!/lib/arm64-v8a:/data/app/~~dpV2s0sbTG67FGYJvGn54g==/com.google.android.projection.gearhead-ELYmrdjH1iYncMmpe9R5nw==/split_config.xhdpi.apk!/lib/arm64-v8a:/data/app/~~dpV2s0sbTG67FGYJvGn54g==/com.google.android.projection.gearhead-ELYmrdjH1iYncMmpe9R5nw==/split_config.zh.apk!/lib/arm64-v8a, permitted_path=/data:/mnt/expand:/data/user/0/com.google.android.projection.gearhead
01-19 15:47:59.627 D/nativeloader(22956): Extending system_exposed_libraries: libapuwareapusys.mtk.so:libapuwareapusys_v2.mtk.so:libapuwarexrp.mtk.so:libapuwarexrp_v2.mtk.so:libapuwareutils.mtk.so:libapuwareutils_v2.mtk.so:libapuwarehmp.mtk.so:libmcv_runtime_usdk.mtk.so:libneuron_graph_delegate.mtk.so:libneuronusdk_adapter.mtk.so:libtflite_mtk.mtk.so:libarmnn_ndk.mtk.so:libcmdl_ndk.mtk.so:libnir_neon_driver_ndk.mtk.so:libmvpu_runtime.mtk.so:libmvpu_runtime_pub.mtk.so:libmvpu_engine_pub.mtk.so:libmvpu_pattern_pub.mtk.so:libmvpuop_mtk_cv.mtk.so:libmvpuop_mtk_nn.mtk.so:libteeservice_client.trustonic.so:libSloganJni.oplus.so:libsuperNight.oplus.so
01-19 15:47:59.633 I/FocusResolver( 1654): updateFocusedWindow, e543194 com.THLight.BLE.USBeacon.Writer.Simple.dev/com.THLight.BLE.USBeacon.Writer.Simple.ui.activity.scan.ScanDeviceListActivity on display 0, reason: Window became focusable. Previous reason: NOT_VISIBLE, result:   FocusedWindows:
01-19 15:47:59.633 I/FocusResolver( 1654):     displayId=0, name='e543194 com.THLight.BLE.USBeacon.Writer.Simple.dev/com.THLight.BLE.USBeacon.Writer.Simple.ui.activity.scan.ScanDeviceListActivity'
01-19 15:47:59.633 I/DispPerfService( 1123): updateLayerMask 0
01-19 15:47:59.634 D/VRI[ScanDeviceListActivity](22851): onFocusEvent true
01-19 15:47:59.635 D/nativeloader(22956): Configuring clns-5 for other apk /system_ext/framework/androidx.window.extensions.jar. target_sdk_version=36, uses_libraries=ALL, library_path=/data/app/~~dpV2s0sbTG67FGYJvGn54g==/com.google.android.projection.gearhead-ELYmrdjH1iYncMmpe9R5nw==/lib/arm64:/data/app/~~dpV2s0sbTG67FGYJvGn54g==/com.google.android.projection.gearhead-ELYmrdjH1iYncMmpe9R5nw==/base.apk!/lib/arm64-v8a:/data/app/~~dpV2s0sbTG67FGYJvGn54g==/com.google.android.projection.gearhead-ELYmrdjH1iYncMmpe9R5nw==/split_config.arm64_v8a.apk!/lib/arm64-v8a:/data/app/~~dpV2s0sbTG67FGYJvGn54g==/com.google.android.projection.gearhead-ELYmrdjH1iYncMmpe9R5nw==/split_config.en.apk!/lib/arm64-v8a:/data/app/~~dpV2s0sbTG67FGYJvGn54g==/com.google.android.projection.gearhead-ELYmrdjH1iYncMmpe9R5nw==/split_config.xhdpi.apk!/lib/arm64-v8a:/data/app/~~dpV2s0sbTG67FGYJvGn54g==/com.google.android.projection.gearhead-ELYmrdjH1iYncMmpe9R5nw==/split_config.zh.apk!/lib/arm64-v8a, permitted_path=/data:/mnt/expand:/data/user/0/com.google.android.projection.gearhead
01-19 15:47:59.635 D/nativeloader(22956): Extending system_exposed_libraries: libapuwareapusys.mtk.so:libapuwareapusys_v2.mtk.so:libapuwarexrp.mtk.so:libapuwarexrp_v2.mtk.so:libapuwareutils.mtk.so:libapuwareutils_v2.mtk.so:libapuwarehmp.mtk.so:libmcv_runtime_usdk.mtk.so:libneuron_graph_delegate.mtk.so:libneuronusdk_adapter.mtk.so:libtflite_mtk.mtk.so:libarmnn_ndk.mtk.so:libcmdl_ndk.mtk.so:libnir_neon_driver_ndk.mtk.so:libmvpu_runtime.mtk.so:libmvpu_runtime_pub.mtk.so:libmvpu_engine_pub.mtk.so:libmvpu_pattern_pub.mtk.so:libmvpuop_mtk_cv.mtk.so:libmvpuop_mtk_nn.mtk.so:libteeservice_client.trustonic.so:libSloganJni.oplus.so:libsuperNight.oplus.so
01-19 15:47:59.641 D/nativeloader(22956): Configuring clns-6 for other apk /system_ext/framework/androidx.window.sidecar.jar. target_sdk_version=36, uses_libraries=ALL, library_path=/data/app/~~dpV2s0sbTG67FGYJvGn54g==/com.google.android.projection.gearhead-ELYmrdjH1iYncMmpe9R5nw==/lib/arm64:/data/app/~~dpV2s0sbTG67FGYJvGn54g==/com.google.android.projection.gearhead-ELYmrdjH1iYncMmpe9R5nw==/base.apk!/lib/arm64-v8a:/data/app/~~dpV2s0sbTG67FGYJvGn54g==/com.google.android.projection.gearhead-ELYmrdjH1iYncMmpe9R5nw==/split_config.arm64_v8a.apk!/lib/arm64-v8a:/data/app/~~dpV2s0sbTG67FGYJvGn54g==/com.google.android.projection.gearhead-ELYmrdjH1iYncMmpe9R5nw==/split_config.en.apk!/lib/arm64-v8a:/data/app/~~dpV2s0sbTG67FGYJvGn54g==/com.google.android.projection.gearhead-ELYmrdjH1iYncMmpe9R5nw==/split_config.xhdpi.apk!/lib/arm64-v8a:/data/app/~~dpV2s0sbTG67FGYJvGn54g==/com.google.android.projection.gearhead-ELYmrdjH1iYncMmpe9R5nw==/split_config.zh.apk!/lib/arm64-v8a, permitted_path=/data:/mnt/expand:/data/user/0/com.google.android.projection.gearhead
01-19 15:47:59.641 D/nativeloader(22956): Extending system_exposed_libraries: libapuwareapusys.mtk.so:libapuwareapusys_v2.mtk.so:libapuwarexrp.mtk.so:libapuwarexrp_v2.mtk.so:libapuwareutils.mtk.so:libapuwareutils_v2.mtk.so:libapuwarehmp.mtk.so:libmcv_runtime_usdk.mtk.so:libneuron_graph_delegate.mtk.so:libneuronusdk_adapter.mtk.so:libtflite_mtk.mtk.so:libarmnn_ndk.mtk.so:libcmdl_ndk.mtk.so:libnir_neon_driver_ndk.mtk.so:libmvpu_runtime.mtk.so:libmvpu_runtime_pub.mtk.so:libmvpu_engine_pub.mtk.so:libmvpu_pattern_pub.mtk.so:libmvpuop_mtk_cv.mtk.so:libmvpuop_mtk_nn.mtk.so:libteeservice_client.trustonic.so:libSloganJni.oplus.so:libsuperNight.oplus.so
01-19 15:47:59.652 D/CompatibilityChangeReporter( 1654): Compat change id reported: 177438394; UID 10122; state: DISABLED
01-19 15:47:59.652 D/CompatibilityChangeReporter( 1654): Compat change id reported: 135772972; UID 10122; state: DISABLED
01-19 15:47:59.652 D/CompatibilityChangeReporter( 1654): Compat change id reported: 135754954; UID 10122; state: ENABLED
01-19 15:47:59.653 D/CompatibilityChangeReporter( 1654): Compat change id reported: 143937733; UID 10122; state: ENABLED
01-19 15:47:59.657 W/OplusExSystemServiceHelper( 4588): checkOplusExSystemService intent getComponent is null
01-19 15:47:59.660 I/bt_btm  ( 2751): LogMsg: btm_bda_to_acl: bda=60:77:71:fc:68:cf transport=2
01-19 15:47:59.660 V/bt_stack( 2751): [VERBOSE1:gatt_main.cc(1054)] gatt_get_ch_state: ch_state=4
01-19 15:47:59.660 I/bt_stack( 2751): [INFO:gatt_cl.cc(1194)] gatt_client_handle_server_rsp opcode: 0x11
01-19 15:47:59.660 I/bt_stack( 2751): [INFO:gatt_cl.cc(799)] gatt_process_read_by_type_rspop=1 subtype=1
01-19 15:47:59.660 I/bt_stack( 2751): [INFO:bta_gattc_cache.cc(458)] bta_gattc_disc_res_cback: disc_type=1 p_data->handle=0x0023 e_handle=0xffff service_type=f000ffc0-0451-4000-b000-000000000000
01-19 15:47:59.660 I/bt_btm  ( 2751): LogMsg: BTM_IsCisSlaveSupported
01-19 15:47:59.660 I/bt_btm  ( 2751): LogMsg: btm_bda_to_acl: bda=60:77:71:fc:68:cf transport=2
01-19 15:47:59.660 I/bt_btm  ( 2751): LogMsg: BTM_IsCisSlaveSupported: 0
01-19 15:47:59.660 I/bt_stack( 2751): [INFO:gatt_cl.cc(983)] gatt_process_read_by_type_rsp: initiate another discovery request
01-19 15:47:59.660 I/bt_stack( 2751): [INFO:gatt_utils.cc(1500)] gatt_end_operation status=0 op=1 subtype=1
01-19 15:47:59.660 I/bt_stack( 2751): [INFO:bta_gattc_cache.cc(521)] bta_gattc_disc_cmpl_cback: disc_type=1
01-19 15:47:59.660 V/bt_stack( 2751): [VERBOSE1:bta_gattc_cache.cc(193)] Start service discovery
01-19 15:47:59.660 I/bt_stack( 2751): [INFO:gatt_api.cc(711)] GATTC_Discover conn_id=0x0008, disc_type=3, s_handle=0x0001, e_handle=0x0007
01-19 15:47:59.660 I/bt_stack( 2751): [INFO:gatt_cl.cc(101)] gatt_act_discovery opcode: 0x08
01-19 15:47:59.660 I/bluetooth( 2751): attp_cl_send_cmd: Sending ATT command to l2cap cid:0x0004 eatt_channels:0 transport:BT_TRANSPORT_LE
01-19 15:47:59.660 I/bt_btm  ( 2751): LogMsg: l2c_link_check_send_pkts: l2cb.controller_xmit_window=6
01-19 15:47:59.660 I/bt_btm  ( 2751): LogMsg: Direct send, transport=2, xmit_window=6, le_xmit_window=8, sent_not_acked=0, link_xmit_quota=8
01-19 15:47:59.661 I/bt_btm  ( 2751): LogMsg: Sending to lower layer
01-19 15:47:59.661 I/bt_btm  ( 2751): LogMsg: l2c_link_send_to_lower_ble: TotalWin=7,Hndl=0x200,Quota=8,Unack=1,RRQuota=0,RRUnack=0
01-19 15:47:59.661 I/bt_btm  ( 2751): LogMsg: No next buffer, skipping
01-19 15:47:59.661 I/bt_l2cap( 2751): LogMsg: l2cu_no_dynamic_ccbs NO IDLE timeout set for fixed cid 0x0004
01-19 15:47:59.661 I/bluetooth( 2751): attp_cl_send_cmd: Starting ATT response timer
01-19 15:47:59.669 D/Zygote  (  984): Forked child process 22975
01-19 15:47:59.670 I/ActivityManager( 1654): Start proc 22975:com.google.android.projection.gearhead:car/u0a122 for broadcast {com.google.android.projection.gearhead/com.google.android.apps.auto.carservice.gmscorecompat.CarBluetoothReceiver}
01-19 15:47:59.671 D/OplusUIFirst_FB( 1654): com.google.android.projection.gearhead proc start: 10122 22975 false com.google.android.projection.gearhead:car
01-19 15:47:59.671 D/OplusUIFirst_FB( 1654): com.google.android.projection.gearhead start process: []
01-19 15:47:59.671 D/OplusUIFirst_FB( 1654): List of ThreadOp: size=0 []
01-19 15:47:59.672 D/WearableService( 4588): Creating wearable service asynchronously.
01-19 15:47:59.679 I/Nearby  ( 4588): (REDACTED) is blocked device type %s, isAuto=%s, isIot=%s, isLatchsky=%s, isChinaWearable=%s, isTv=%s, isWearable=%s (supportWearOs=%s), isChromeOsDevice=%s (supportChromeOs=%s)
01-19 15:47:59.682 D/WearableService( 4588): onGetService: waiting for onCreate to be completed.
01-19 15:47:59.682 I/mtkpower@impl( 1025): [powerd_req] TIMER_MSG_PERF_LOCK_TIMEOUT hdl:13642
01-19 15:47:59.682 I/libPowerHal( 1025): [perfLockRel] hdl:13642, idx:1
01-19 15:47:59.682 I/libPowerHal( 1025): INTERACTION: cpu_ctrl set cpu freq: -1 -1 -1 -1
01-19 15:47:59.683 I/libPowerHal( 1025): [unsetGPUFreq] current min:0, max:0; scn_gpu_min:0, scn_gpu_max:-1; scn_gpu_min(HL):-1, scn_gpu_max(HL):-1
01-19 15:47:59.683 I/libPowerHal( 1025): INTERACTION: set gpu opp level: 2
01-19 15:47:59.683 I/libPowerHal( 1025): INTERACTION: set gpu opp level max: 0
01-19 15:47:59.683 I/libPowerHal( 1025): [setGPUFreq] Soft min/max = (2, 0); Hard min/max = (2, 0)
01-19 15:47:59.683 I/libPowerHal( 1025): [setGPUFreq] final min/max = (2, 0)
01-19 15:47:59.683 I/libPowerHal( 1025): INTERACTION: set gpu opp level: 2
01-19 15:47:59.683 I/libPowerHal( 1025): INTERACTION: set gpu opp level max: 0
01-19 15:47:59.683 I/libPowerHal( 1025): [PD] INTERACTION update cmd:1000000, param:-1
01-19 15:47:59.683 I/libPowerHal( 1025): [PD] INTERACTION update cmd:2020000 param:1
01-19 15:47:59.683 I/libPowerHal( 1025): [PD] INTERACTION update cmd:1000000 param:-1
01-19 15:47:59.690 I/NearbyDiscovery( 4588): (REDACTED) DiscoveryService onStartCommand action: %s
01-19 15:47:59.691 I/NearbyDiscovery( 4588): (REDACTED) onAclChange: state=%s, transport=%s, %s
01-19 15:47:59.696 I/NearbyDiscovery( 4588): (REDACTED) FastPair: lock scan rate if needed, %s, bondState=%s
01-19 15:47:59.702 E/on.gearhead:car(22975): Unknown bits set in runtime_flags: 0x40000000
01-19 15:47:59.703 I/on.gearhead:car(22975): Using CollectorTypeCC GC.
01-19 15:47:59.704 W/gearhead:shared(22956): Failed to find entry 'classes.dex': Entry not found
01-19 15:47:59.706 W/gearhead:shared(22956): Failed to find entry 'classes.dex': Entry not found
01-19 15:47:59.708 I/bt_btm  ( 2751): LogMsg: l2c_link_check_send_pkts: l2cb.controller_xmit_window=6
01-19 15:47:59.708 W/gearhead:shared(22956): Failed to find entry 'classes.dex': Entry not found
01-19 15:47:59.708 I/bt_btm  ( 2751): LogMsg: Direct send, transport=2, xmit_window=6, le_xmit_window=8, sent_not_acked=0, link_xmit_quota=8
01-19 15:47:59.708 I/bt_btm  ( 2751): LogMsg: No next buffer, skipping
01-19 15:47:59.708 I/bt_btm  ( 2751): LogMsg: l2c_link_process_num_completed_pkts: TotalWin=8,LinkUnack(0x200)=0,RRCheck=0,RRUnack=0
01-19 15:47:59.710 W/gearhead:shared(22956): Failed to find entry 'classes.dex': Entry not found
01-19 15:47:59.711 I/adbd    (15190): jdwp connection from 22975
01-19 15:47:59.712 D/nativeloader(22956): Configuring clns-7 for other apk /data/app/~~dpV2s0sbTG67FGYJvGn54g==/com.google.android.projection.gearhead-ELYmrdjH1iYncMmpe9R5nw==/base.apk:/data/app/~~dpV2s0sbTG67FGYJvGn54g==/com.google.android.projection.gearhead-ELYmrdjH1iYncMmpe9R5nw==/split_config.arm64_v8a.apk:/data/app/~~dpV2s0sbTG67FGYJvGn54g==/com.google.android.projection.gearhead-ELYmrdjH1iYncMmpe9R5nw==/split_config.en.apk:/data/app/~~dpV2s0sbTG67FGYJvGn54g==/com.google.android.projection.gearhead-ELYmrdjH1iYncMmpe9R5nw==/split_config.xhdpi.apk:/data/app/~~dpV2s0sbTG67FGYJvGn54g==/com.google.android.projection.gearhead-ELYmrdjH1iYncMmpe9R5nw==/split_config.zh.apk. target_sdk_version=36, uses_libraries=, library_path=/data/app/~~dpV2s0sbTG67FGYJvGn54g==/com.google.android.projection.gearhead-ELYmrdjH1iYncMmpe9R5nw==/lib/arm64:/data/app/~~dpV2s0sbTG67FGYJvGn54g==/com.google.android.projection.gearhead-ELYmrdjH1iYncMmpe9R5nw==/base.apk!/lib/arm64-v8a:/data/app/~~dpV2s0sbTG67FGYJvGn54g==/com.google.android.projection.gearhead-ELYmrdjH1iYncMmpe9R5
01-19 15:47:59.716 D/nativeloader(22975): Load libframework-connectivity-tiramisu-jni.so using APEX ns com_android_tethering for caller /apex/com.android.tethering/javalib/framework-connectivity-t.jar: ok
01-19 15:47:59.719 I/Wear_Controller( 4588): Wearable module requires a companion app to be installed.
01-19 15:47:59.719 I/WearableService( 4588): onCreate: Wearable Services not starting. Wear is not available on this device.
01-19 15:47:59.722 W/WearableService( 4588): onGetService: Wear is not available on this device.
01-19 15:47:59.725 W/GoogleApiManager(23155): Not showing notification since connectionResult is not user-facing: ConnectionResult{statusCode=API_UNAVAILABLE, resolution=null, message=null, clientMethodKey=null}
01-19 15:47:59.733 I/OneTrace(22975): Mark active for pid=22975? true
01-19 15:47:59.734 D/cutils-dev(22975): otrace_set_tracing_enabled? true
01-19 15:47:59.735 E/on.gearhead:car(22975): Could not write anonymous vdex /system/framework/oat/arm64/mediatek-framework.vdex: Could not open /system/framework/oat/arm64/mediatek-framework.vdex for writing
01-19 15:47:59.738 D/nativeloader(22956): Load libframework-connectivity-jni.so using APEX ns com_android_tethering for caller /apex/com.android.tethering/javalib/framework-connectivity.jar: ok
01-19 15:47:59.741 D/RGBNormalizeServer( 1654): OplusRGBNormalize feature enabled ? false
01-19 15:47:59.742 V/GraphicsEnvironment(22956): ANGLE Developer option for 'com.google.android.projection.gearhead' set to: 'default'
01-19 15:47:59.742 D/cutils-dev(22975): properties changed in otrace_seq_number_changed!
01-19 15:47:59.743 V/GraphicsEnvironment(22956): ANGLE GameManagerService for com.google.android.projection.gearhead: false
01-19 15:47:59.744 V/GraphicsEnvironment(22956): Neither updatable production driver nor prerelease driver is supported.
01-19 15:47:59.748 W/BroadcastQueue( 1654): Permission Denial: receiving Intent { act=android.bluetooth.device.action.ACL_CONNECTED flg=0x5000010 (has extras) } to com.oplus.melody/.receiver.BluetoothBroadcastReceiver requires android.permission.BLUETOOTH_CONNECT due to sender com.android.bluetooth (uid 1002)
01-19 15:47:59.749 D/NetworkSecurityConfig(22956): No Network Security Config specified, using platform default
01-19 15:47:59.750 D/NetworkSecurityConfig(22956): No Network Security Config specified, using platform default
01-19 15:47:59.752 D/CompatibilityChangeReporter(22975): Compat change id reported: 171979766; UID 10122; state: ENABLED
01-19 15:47:59.752 I/oplus.android.OplusFrameworkFactoryImpl(22975): get feature:IOplusAutoResolutionFeature
01-19 15:47:59.752 I/oplus.android.OplusFrameworkFactoryImpl(22975): getOplusAutoResolutionFeature
01-19 15:47:59.757 I/bt_btm  ( 2751): LogMsg: btm_bda_to_acl: bda=60:77:71:fc:68:cf transport=2
01-19 15:47:59.757 V/bt_stack( 2751): [VERBOSE1:gatt_main.cc(1054)] gatt_get_ch_state: ch_state=4
01-19 15:47:59.757 I/bt_stack( 2751): [INFO:gatt_cl.cc(1194)] gatt_client_handle_server_rsp opcode: 0x01
01-19 15:47:59.757 I/bt_stack( 2751): [INFO:gatt_cl.cc(533)] gatt_process_error_rsp
01-19 15:47:59.757 V/bt_stack( 2751): [VERBOSE1:gatt_cl.cc(494)] gatt_proc_disc_error_rspreason: 0a cmd_code 0008
01-19 15:47:59.757 V/bt_stack( 2751): [VERBOSE1:gatt_cl.cc(504)] Discovery completed
01-19 15:47:59.757 I/bt_stack( 2751): [INFO:gatt_utils.cc(1500)] gatt_end_operation status=0 op=1 subtype=3
01-19 15:47:59.757 I/bt_stack( 2751): [INFO:bta_gattc_cache.cc(521)] bta_gattc_disc_cmpl_cback: disc_type=3
01-19 15:47:59.757 I/bt_stack( 2751): [INFO:gatt_api.cc(711)] GATTC_Discover conn_id=0x0008, disc_type=4, s_handle=0x0001, e_handle=0x0007
01-19 15:47:59.757 I/bt_stack( 2751): [INFO:gatt_cl.cc(101)] gatt_act_discovery opcode: 0x08
01-19 15:47:59.757 I/bluetooth( 2751): attp_cl_send_cmd: Sending ATT command to l2cap cid:0x0004 eatt_channels:0 transport:BT_TRANSPORT_LE
01-19 15:47:59.757 I/bt_btm  ( 2751): LogMsg: l2c_link_check_send_pkts: l2cb.controller_xmit_window=6
01-19 15:47:59.758 I/bt_btm  ( 2751): LogMsg: Direct send, transport=2, xmit_window=6, le_xmit_window=8, sent_not_acked=0, link_xmit_quota=8
01-19 15:47:59.758 I/bt_btm  ( 2751): LogMsg: Sending to lower layer
01-19 15:47:59.758 I/bt_btm  ( 2751): LogMsg: l2c_link_send_to_lower_ble: TotalWin=7,Hndl=0x200,Quota=8,Unack=1,RRQuota=0,RRUnack=0
01-19 15:47:59.758 I/bt_btm  ( 2751): LogMsg: No next buffer, skipping
01-19 15:47:59.758 I/bt_l2cap( 2751): LogMsg: l2cu_no_dynamic_ccbs NO IDLE timeout set for fixed cid 0x0004
01-19 15:47:59.758 I/bluetooth( 2751): attp_cl_send_cmd: Starting ATT response timer
01-19 15:47:59.768 I/OplusFeatureCache(22975): Milliseconds spent on init(): 15
01-19 15:47:59.770 D/CompactWindowAppManager(22975): initCompactApplicationInfo 
01-19 15:47:59.771 I/CAR.GH  (22956): onCreate
01-19 15:47:59.778 D/CompatibilityChangeReporter( 1654): Compat change id reported: 161145287; UID 10122; state: DISABLED
01-19 15:47:59.782 D/CompatibilityChangeReporter(22956): Compat change id reported: 183155436; UID 10122; state: ENABLED
01-19 15:47:59.793 W/libc    (22975): Access denied finding property "ro.odm.prev.product.name"
01-19 15:47:59.796 D/LoadedApk(22975): mApplicationInfo overrideDisplayId:null
01-19 15:47:59.803 D/nativeloader(22975): Configuring clns-4 for other apk /system/framework/org.apache.http.legacy.jar. target_sdk_version=36, uses_libraries=ALL, library_path=/data/app/~~dpV2s0sbTG67FGYJvGn54g==/com.google.android.projection.gearhead-ELYmrdjH1iYncMmpe9R5nw==/lib/arm64:/data/app/~~dpV2s0sbTG67FGYJvGn54g==/com.google.android.projection.gearhead-ELYmrdjH1iYncMmpe9R5nw==/base.apk!/lib/arm64-v8a:/data/app/~~dpV2s0sbTG67FGYJvGn54g==/com.google.android.projection.gearhead-ELYmrdjH1iYncMmpe9R5nw==/split_config.arm64_v8a.apk!/lib/arm64-v8a:/data/app/~~dpV2s0sbTG67FGYJvGn54g==/com.google.android.projection.gearhead-ELYmrdjH1iYncMmpe9R5nw==/split_config.en.apk!/lib/arm64-v8a:/data/app/~~dpV2s0sbTG67FGYJvGn54g==/com.google.android.projection.gearhead-ELYmrdjH1iYncMmpe9R5nw==/split_config.xhdpi.apk!/lib/arm64-v8a:/data/app/~~dpV2s0sbTG67FGYJvGn54g==/com.google.android.projection.gearhead-ELYmrdjH1iYncMmpe9R5nw==/split_config.zh.apk!/lib/arm64-v8a, permitted_path=/data:/mnt/expand:/data/user/0/com.google.android.projection.gearhead
01-19 15:47:59.803 D/nativeloader(22975): Extending system_exposed_libraries: libapuwareapusys.mtk.so:libapuwareapusys_v2.mtk.so:libapuwarexrp.mtk.so:libapuwarexrp_v2.mtk.so:libapuwareutils.mtk.so:libapuwareutils_v2.mtk.so:libapuwarehmp.mtk.so:libmcv_runtime_usdk.mtk.so:libneuron_graph_delegate.mtk.so:libneuronusdk_adapter.mtk.so:libtflite_mtk.mtk.so:libarmnn_ndk.mtk.so:libcmdl_ndk.mtk.so:libnir_neon_driver_ndk.mtk.so:libmvpu_runtime.mtk.so:libmvpu_runtime_pub.mtk.so:libmvpu_engine_pub.mtk.so:libmvpu_pattern_pub.mtk.so:libmvpuop_mtk_cv.mtk.so:libmvpuop_mtk_nn.mtk.so:libteeservice_client.trustonic.so:libSloganJni.oplus.so:libsuperNight.oplus.so
01-19 15:47:59.808 I/GH.PrimesMgr(22956): transmitting to prod
01-19 15:47:59.811 D/nativeloader(22975): Configuring clns-5 for other apk /system_ext/framework/androidx.window.extensions.jar. target_sdk_version=36, uses_libraries=ALL, library_path=/data/app/~~dpV2s0sbTG67FGYJvGn54g==/com.google.android.projection.gearhead-ELYmrdjH1iYncMmpe9R5nw==/lib/arm64:/data/app/~~dpV2s0sbTG67FGYJvGn54g==/com.google.android.projection.gearhead-ELYmrdjH1iYncMmpe9R5nw==/base.apk!/lib/arm64-v8a:/data/app/~~dpV2s0sbTG67FGYJvGn54g==/com.google.android.projection.gearhead-ELYmrdjH1iYncMmpe9R5nw==/split_config.arm64_v8a.apk!/lib/arm64-v8a:/data/app/~~dpV2s0sbTG67FGYJvGn54g==/com.google.android.projection.gearhead-ELYmrdjH1iYncMmpe9R5nw==/split_config.en.apk!/lib/arm64-v8a:/data/app/~~dpV2s0sbTG67FGYJvGn54g==/com.google.android.projection.gearhead-ELYmrdjH1iYncMmpe9R5nw==/split_config.xhdpi.apk!/lib/arm64-v8a:/data/app/~~dpV2s0sbTG67FGYJvGn54g==/com.google.android.projection.gearhead-ELYmrdjH1iYncMmpe9R5nw==/split_config.zh.apk!/lib/arm64-v8a, permitted_path=/data:/mnt/expand:/data/user/0/com.google.android.projection.gearhead
01-19 15:47:59.811 D/nativeloader(22975): Extending system_exposed_libraries: libapuwareapusys.mtk.so:libapuwareapusys_v2.mtk.so:libapuwarexrp.mtk.so:libapuwarexrp_v2.mtk.so:libapuwareutils.mtk.so:libapuwareutils_v2.mtk.so:libapuwarehmp.mtk.so:libmcv_runtime_usdk.mtk.so:libneuron_graph_delegate.mtk.so:libneuronusdk_adapter.mtk.so:libtflite_mtk.mtk.so:libarmnn_ndk.mtk.so:libcmdl_ndk.mtk.so:libnir_neon_driver_ndk.mtk.so:libmvpu_runtime.mtk.so:libmvpu_runtime_pub.mtk.so:libmvpu_engine_pub.mtk.so:libmvpu_pattern_pub.mtk.so:libmvpuop_mtk_cv.mtk.so:libmvpuop_mtk_nn.mtk.so:libteeservice_client.trustonic.so:libSloganJni.oplus.so:libsuperNight.oplus.so
01-19 15:47:59.812 I/bt_btm  ( 2751): LogMsg: l2c_link_check_send_pkts: l2cb.controller_xmit_window=6
01-19 15:47:59.812 I/bt_btm  ( 2751): LogMsg: Direct send, transport=2, xmit_window=6, le_xmit_window=8, sent_not_acked=0, link_xmit_quota=8
01-19 15:47:59.812 I/bt_btm  ( 2751): LogMsg: No next buffer, skipping
01-19 15:47:59.812 I/bt_btm  ( 2751): LogMsg: l2c_link_process_num_completed_pkts: TotalWin=8,LinkUnack(0x200)=0,RRCheck=0,RRUnack=0
01-19 15:47:59.813 I/bt_l2cap( 2751): LogMsg: l2cble_process_conn_update_evt
01-19 15:47:59.813 I/bt_btm  ( 2751): LogMsg: btm_bda_to_acl: bda=60:77:71:fc:68:cf transport=2
01-19 15:47:59.813 I/bt_btm  ( 2751): LogMsg: btm_find_or_alloc_dev
01-19 15:47:59.813 I/bt_l2cap( 2751): LogMsg: l2cble_start_conn_update mask:0003 p_lcb->min_interval:39
01-19 15:47:59.813 I/bt_l2cap( 2751): LogMsg: l2cble_process_conn_update_evt: conn_update_mask=3
01-19 15:47:59.813 I/bt_btm  ( 2751): LogMsg: is_handle_equal: handle=512 is not found
01-19 15:47:59.813 I/bt_btm  ( 2751): LogMsg: is_handle_equal: handle=512 is not found
01-19 15:47:59.813 I/bt_btm  ( 2751): LogMsg: is_handle_equal: handle=512 is not found
01-19 15:47:59.813 I/bt_btm  ( 2751): LogMsg: is_handle_equal: handle=512 is not found
01-19 15:47:59.813 I/bt_btif ( 2751): LogMsg: bta_dm_gattc_callback event = 26
01-19 15:47:59.813 V/bt_stack( 2751): [VERBOSE2:hearing_aid.cc(1844)] hearingaid_gattc_callback event = 26
01-19 15:47:59.813 I/bt_btif ( 2751): LogMsg: bta_hh_gattc_callback event:BTA_GATTC_CONN_UPDATE_EVT
01-19 15:47:59.814 I/bt_btif ( 2751): LogMsg: btif_transfer_context event 22, len 24
01-19 15:47:59.814 I/bt_btif ( 2751): LogMsg: btif_transfer_context event 26, len 528
01-19 15:47:59.814 I/bt_btif ( 2751): LogMsg: btapp_gatts_handle_cback: HAL bt_gatt_callbacks->server->conn_updated_cb
01-19 15:47:59.814 D/BtGatt.GattService( 2751): onServerConnUpdate() - connId=6, status=0
01-19 15:47:59.814 D/BluetoothGattServer(23348): onConnectionUpdated() - Device=60:77:71:FC:68:CF interval=6 latency=0 timeout=500 status=0
01-19 15:47:59.815 I/bt_btif ( 2751): LogMsg: btif_gattc_upstreams_evt: HAL bt_gatt_callbacks->client->conn_updated_cb
01-19 15:47:59.815 D/BtGatt.GattService( 2751): onClientConnUpdate() - connId=8, status=0
01-19 15:47:59.820 I/bt_btm  ( 2751): LogMsg: btm_bda_to_acl: bda=60:77:71:fc:68:cf transport=2
01-19 15:47:59.820 V/bt_stack( 2751): [VERBOSE1:gatt_main.cc(1054)] gatt_get_ch_state: ch_state=4
01-19 15:47:59.820 I/bt_stack( 2751): [INFO:gatt_cl.cc(1194)] gatt_client_handle_server_rsp opcode: 0x09
01-19 15:47:59.820 I/bt_stack( 2751): [INFO:gatt_cl.cc(799)] gatt_process_read_by_type_rspop=1 subtype=4
01-19 15:47:59.820 I/bt_stack( 2751): [INFO:gatt_cl.cc(983)] gatt_process_read_by_type_rsp: initiate another discovery request
01-19 15:47:59.820 I/bt_stack( 2751): [INFO:gatt_cl.cc(101)] gatt_act_discovery opcode: 0x08
01-19 15:47:59.820 I/bluetooth( 2751): attp_cl_send_cmd: Sending ATT command to l2cap cid:0x0004 eatt_channels:0 transport:BT_TRANSPORT_LE
01-19 15:47:59.820 I/bt_btm  ( 2751): LogMsg: l2c_link_check_send_pkts: l2cb.controller_xmit_window=6
01-19 15:47:59.820 I/bt_btm  ( 2751): LogMsg: Direct send, transport=2, xmit_window=6, le_xmit_window=8, sent_not_acked=0, link_xmit_quota=8
01-19 15:47:59.820 I/bt_btm  ( 2751): LogMsg: Sending to lower layer
01-19 15:47:59.820 I/bt_btm  ( 2751): LogMsg: l2c_link_send_to_lower_ble: TotalWin=7,Hndl=0x200,Quota=8,Unack=1,RRQuota=0,RRUnack=0
01-19 15:47:59.821 I/bt_btm  ( 2751): LogMsg: No next buffer, skipping
01-19 15:47:59.821 I/bt_l2cap( 2751): LogMsg: l2cu_no_dynamic_ccbs NO IDLE timeout set for fixed cid 0x0004
01-19 15:47:59.821 I/bluetooth( 2751): attp_cl_send_cmd: Starting ATT response timer
01-19 15:47:59.821 D/nativeloader(22975): Configuring clns-6 for other apk /system_ext/framework/androidx.window.sidecar.jar. target_sdk_version=36, uses_libraries=ALL, library_path=/data/app/~~dpV2s0sbTG67FGYJvGn54g==/com.google.android.projection.gearhead-ELYmrdjH1iYncMmpe9R5nw==/lib/arm64:/data/app/~~dpV2s0sbTG67FGYJvGn54g==/com.google.android.projection.gearhead-ELYmrdjH1iYncMmpe9R5nw==/base.apk!/lib/arm64-v8a:/data/app/~~dpV2s0sbTG67FGYJvGn54g==/com.google.android.projection.gearhead-ELYmrdjH1iYncMmpe9R5nw==/split_config.arm64_v8a.apk!/lib/arm64-v8a:/data/app/~~dpV2s0sbTG67FGYJvGn54g==/com.google.android.projection.gearhead-ELYmrdjH1iYncMmpe9R5nw==/split_config.en.apk!/lib/arm64-v8a:/data/app/~~dpV2s0sbTG67FGYJvGn54g==/com.google.android.projection.gearhead-ELYmrdjH1iYncMmpe9R5nw==/split_config.xhdpi.apk!/lib/arm64-v8a:/data/app/~~dpV2s0sbTG67FGYJvGn54g==/com.google.android.projection.gearhead-ELYmrdjH1iYncMmpe9R5nw==/split_config.zh.apk!/lib/arm64-v8a, permitted_path=/data:/mnt/expand:/data/user/0/com.google.android.projection.gearhead
01-19 15:47:59.821 D/nativeloader(22975): Extending system_exposed_libraries: libapuwareapusys.mtk.so:libapuwareapusys_v2.mtk.so:libapuwarexrp.mtk.so:libapuwarexrp_v2.mtk.so:libapuwareutils.mtk.so:libapuwareutils_v2.mtk.so:libapuwarehmp.mtk.so:libmcv_runtime_usdk.mtk.so:libneuron_graph_delegate.mtk.so:libneuronusdk_adapter.mtk.so:libtflite_mtk.mtk.so:libarmnn_ndk.mtk.so:libcmdl_ndk.mtk.so:libnir_neon_driver_ndk.mtk.so:libmvpu_runtime.mtk.so:libmvpu_runtime_pub.mtk.so:libmvpu_engine_pub.mtk.so:libmvpu_pattern_pub.mtk.so:libmvpuop_mtk_cv.mtk.so:libmvpuop_mtk_nn.mtk.so:libteeservice_client.trustonic.so:libSloganJni.oplus.so:libsuperNight.oplus.so
01-19 15:47:59.823 I/CAR.GH  (22956): Process: SHARED_SERVICE
01-19 15:47:59.824 I/CAR.GH  (22956): Channel: PROD
01-19 15:47:59.827 I/bt_btm  ( 2751): LogMsg: l2c_link_check_send_pkts: l2cb.controller_xmit_window=6
01-19 15:47:59.827 I/bt_btm  ( 2751): LogMsg: Direct send, transport=2, xmit_window=6, le_xmit_window=8, sent_not_acked=0, link_xmit_quota=8
01-19 15:47:59.827 I/bt_btm  ( 2751): LogMsg: No next buffer, skipping
01-19 15:47:59.827 I/bt_btm  ( 2751): LogMsg: l2c_link_process_num_completed_pkts: TotalWin=8,LinkUnack(0x200)=0,RRCheck=0,RRUnack=0
01-19 15:47:59.835 I/bt_btm  ( 2751): LogMsg: btm_bda_to_acl: bda=60:77:71:fc:68:cf transport=2
01-19 15:47:59.835 V/bt_stack( 2751): [VERBOSE1:gatt_main.cc(1054)] gatt_get_ch_state: ch_state=4
01-19 15:47:59.835 I/bt_stack( 2751): [INFO:gatt_cl.cc(1194)] gatt_client_handle_server_rsp opcode: 0x01
01-19 15:47:59.835 I/bt_stack( 2751): [INFO:gatt_cl.cc(533)] gatt_process_error_rsp
01-19 15:47:59.835 V/bt_stack( 2751): [VERBOSE1:gatt_cl.cc(494)] gatt_proc_disc_error_rspreason: 0a cmd_code 0008
01-19 15:47:59.835 V/bt_stack( 2751): [VERBOSE1:gatt_cl.cc(504)] Discovery completed
01-19 15:47:59.835 I/bt_stack( 2751): [INFO:gatt_utils.cc(1500)] gatt_end_operation status=0 op=1 subtype=4
01-19 15:47:59.835 I/bt_stack( 2751): [INFO:bta_gattc_cache.cc(521)] bta_gattc_disc_cmpl_cback: disc_type=4
01-19 15:47:59.835 V/bt_stack( 2751): [VERBOSE1:bta_gattc_cache.cc(299)] starting discover characteristics descriptor
01-19 15:47:59.835 V/bt_stack( 2751): [VERBOSE1:bta_gattc_cache.cc(193)] Start service discovery
01-19 15:47:59.835 I/bt_stack( 2751): [INFO:gatt_api.cc(711)] GATTC_Discover conn_id=0x0008, disc_type=3, s_handle=0x0009, e_handle=0x001b
01-19 15:47:59.835 I/bt_stack( 2751): [INFO:gatt_cl.cc(101)] gatt_act_discovery opcode: 0x08
01-19 15:47:59.835 I/bluetooth( 2751): attp_cl_send_cmd: Sending ATT command to l2cap cid:0x0004 eatt_channels:0 transport:BT_TRANSPORT_LE
01-19 15:47:59.835 I/bt_btm  ( 2751): LogMsg: l2c_link_check_send_pkts: l2cb.controller_xmit_window=6
01-19 15:47:59.835 I/bt_btm  ( 2751): LogMsg: Direct send, transport=2, xmit_window=6, le_xmit_window=8, sent_not_acked=0, link_xmit_quota=8
01-19 15:47:59.835 I/bt_btm  ( 2751): LogMsg: Sending to lower layer
01-19 15:47:59.836 I/bt_btm  ( 2751): LogMsg: l2c_link_send_to_lower_ble: TotalWin=7,Hndl=0x200,Quota=8,Unack=1,RRQuota=0,RRUnack=0
01-19 15:47:59.836 I/bt_btm  ( 2751): LogMsg: No next buffer, skipping
01-19 15:47:59.836 I/bt_l2cap( 2751): LogMsg: l2cu_no_dynamic_ccbs NO IDLE timeout set for fixed cid 0x0004
01-19 15:47:59.836 I/bluetooth( 2751): attp_cl_send_cmd: Starting ATT response timer
01-19 15:47:59.842 I/bt_btm  ( 2751): LogMsg: l2c_link_check_send_pkts: l2cb.controller_xmit_window=6
01-19 15:47:59.842 I/bt_btm  ( 2751): LogMsg: Direct send, transport=2, xmit_window=6, le_xmit_window=8, sent_not_acked=0, link_xmit_quota=8
01-19 15:47:59.842 I/bt_btm  ( 2751): LogMsg: No next buffer, skipping
01-19 15:47:59.842 I/bt_btm  ( 2751): LogMsg: l2c_link_process_num_completed_pkts: TotalWin=8,LinkUnack(0x200)=0,RRCheck=0,RRUnack=0
01-19 15:47:59.848 D/Layer   ( 1123): reparent to null sequence=10412, seq[46], name=Surface(name=e543194 com.THLight.BLE.USBeacon.Writer.Simple.dev/com.THLight.BLE.USBeacon.Writer.Simple.ui.activity.scan.ScanDeviceListActivity)/@0xe5e6471 - animation-leash of window_animation#10412
01-19 15:47:59.849 D/OplusLayer( 1123): ~Layer() sequence=10412, name=Surface(name=e543194 com.THLight.BLE.USBeacon.Writer.Simple.dev/com.THLight.BLE.USBeacon.Writer.Simple.ui.activity.scan.ScanDeviceListActivity)/@0xe5e6471 - animation-leash of window_animation#10412
01-19 15:47:59.849 I/bt_btm  ( 2751): LogMsg: btm_bda_to_acl: bda=60:77:71:fc:68:cf transport=2
01-19 15:47:59.850 V/bt_stack( 2751): [VERBOSE1:gatt_main.cc(1054)] gatt_get_ch_state: ch_state=4
01-19 15:47:59.850 I/bt_stack( 2751): [INFO:gatt_cl.cc(1194)] gatt_client_handle_server_rsp opcode: 0x01
01-19 15:47:59.850 I/bt_stack( 2751): [INFO:gatt_cl.cc(533)] gatt_process_error_rsp
01-19 15:47:59.850 V/bt_stack( 2751): [VERBOSE1:gatt_cl.cc(494)] gatt_proc_disc_error_rspreason: 0a cmd_code 0008
01-19 15:47:59.850 V/bt_stack( 2751): [VERBOSE1:gatt_cl.cc(504)] Discovery completed
01-19 15:47:59.850 I/bt_stack( 2751): [INFO:gatt_utils.cc(1500)] gatt_end_operation status=0 op=1 subtype=3
01-19 15:47:59.850 I/bt_stack( 2751): [INFO:bta_gattc_cache.cc(521)] bta_gattc_disc_cmpl_cback: disc_type=3
01-19 15:47:59.850 I/bt_stack( 2751): [INFO:gatt_api.cc(711)] GATTC_Discover conn_id=0x0008, disc_type=4, s_handle=0x0009, e_handle=0x001b
01-19 15:47:59.850 I/bt_stack( 2751): [INFO:gatt_cl.cc(101)] gatt_act_discovery opcode: 0x08
01-19 15:47:59.850 I/bluetooth( 2751): attp_cl_send_cmd: Sending ATT command to l2cap cid:0x0004 eatt_channels:0 transport:BT_TRANSPORT_LE
01-19 15:47:59.850 I/bt_btm  ( 2751): LogMsg: l2c_link_check_send_pkts: l2cb.controller_xmit_window=6
01-19 15:47:59.850 I/bt_btm  ( 2751): LogMsg: Direct send, transport=2, xmit_window=6, le_xmit_window=8, sent_not_acked=0, link_xmit_quota=8
01-19 15:47:59.850 I/bt_btm  ( 2751): LogMsg: Sending to lower layer
01-19 15:47:59.851 I/bt_btm  ( 2751): LogMsg: l2c_link_send_to_lower_ble: TotalWin=7,Hndl=0x200,Quota=8,Unack=1,RRQuota=0,RRUnack=0
01-19 15:47:59.851 I/bt_btm  ( 2751): LogMsg: No next buffer, skipping
01-19 15:47:59.851 I/bt_l2cap( 2751): LogMsg: l2cu_no_dynamic_ccbs NO IDLE timeout set for fixed cid 0x0004
01-19 15:47:59.851 I/bluetooth( 2751): attp_cl_send_cmd: Starting ATT response timer
01-19 15:47:59.857 I/bt_btm  ( 2751): LogMsg: l2c_link_check_send_pkts: l2cb.controller_xmit_window=6
01-19 15:47:59.857 I/bt_btm  ( 2751): LogMsg: Direct send, transport=2, xmit_window=6, le_xmit_window=8, sent_not_acked=0, link_xmit_quota=8
01-19 15:47:59.857 I/bt_btm  ( 2751): LogMsg: No next buffer, skipping
01-19 15:47:59.857 I/bt_btm  ( 2751): LogMsg: l2c_link_process_num_completed_pkts: TotalWin=8,LinkUnack(0x200)=0,RRCheck=0,RRUnack=0
01-19 15:47:59.865 I/bt_btm  ( 2751): LogMsg: btm_bda_to_acl: bda=60:77:71:fc:68:cf transport=2
01-19 15:47:59.865 V/bt_stack( 2751): [VERBOSE1:gatt_main.cc(1054)] gatt_get_ch_state: ch_state=4
01-19 15:47:59.865 I/bt_stack( 2751): [INFO:gatt_cl.cc(1194)] gatt_client_handle_server_rsp opcode: 0x09
01-19 15:47:59.865 I/bt_stack( 2751): [INFO:gatt_cl.cc(799)] gatt_process_read_by_type_rspop=1 subtype=4
01-19 15:47:59.865 I/bt_stack( 2751): [INFO:gatt_cl.cc(983)] gatt_process_read_by_type_rsp: initiate another discovery request
01-19 15:47:59.865 I/bt_stack( 2751): [INFO:gatt_cl.cc(101)] gatt_act_discovery opcode: 0x08
01-19 15:47:59.865 I/bluetooth( 2751): attp_cl_send_cmd: Sending ATT command to l2cap cid:0x0004 eatt_channels:0 transport:BT_TRANSPORT_LE
01-19 15:47:59.865 I/bt_btm  ( 2751): LogMsg: l2c_link_check_send_pkts: l2cb.controller_xmit_window=6
01-19 15:47:59.865 I/bt_btm  ( 2751): LogMsg: Direct send, transport=2, xmit_window=6, le_xmit_window=8, sent_not_acked=0, link_xmit_quota=8
01-19 15:47:59.865 I/bt_btm  ( 2751): LogMsg: Sending to lower layer
01-19 15:47:59.865 I/bt_btm  ( 2751): LogMsg: l2c_link_send_to_lower_ble: TotalWin=7,Hndl=0x200,Quota=8,Unack=1,RRQuota=0,RRUnack=0
01-19 15:47:59.865 I/bt_btm  ( 2751): LogMsg: No next buffer, skipping
01-19 15:47:59.865 I/bt_l2cap( 2751): LogMsg: l2cu_no_dynamic_ccbs NO IDLE timeout set for fixed cid 0x0004
01-19 15:47:59.865 I/bluetooth( 2751): attp_cl_send_cmd: Starting ATT response timer
01-19 15:47:59.872 I/bt_btm  ( 2751): LogMsg: l2c_link_check_send_pkts: l2cb.controller_xmit_window=6
01-19 15:47:59.872 I/bt_btm  ( 2751): LogMsg: Direct send, transport=2, xmit_window=6, le_xmit_window=8, sent_not_acked=0, link_xmit_quota=8
01-19 15:47:59.872 I/bt_btm  ( 2751): LogMsg: No next buffer, skipping
01-19 15:47:59.872 I/bt_btm  ( 2751): LogMsg: l2c_link_process_num_completed_pkts: TotalWin=8,LinkUnack(0x200)=0,RRCheck=0,RRUnack=0
01-19 15:47:59.880 I/bt_btm  ( 2751): LogMsg: btm_bda_to_acl: bda=60:77:71:fc:68:cf transport=2
01-19 15:47:59.880 V/bt_stack( 2751): [VERBOSE1:gatt_main.cc(1054)] gatt_get_ch_state: ch_state=4
01-19 15:47:59.880 I/bt_stack( 2751): [INFO:gatt_cl.cc(1194)] gatt_client_handle_server_rsp opcode: 0x09
01-19 15:47:59.880 I/bt_stack( 2751): [INFO:gatt_cl.cc(799)] gatt_process_read_by_type_rspop=1 subtype=4
01-19 15:47:59.880 I/bt_stack( 2751): [INFO:gatt_cl.cc(983)] gatt_process_read_by_type_rsp: initiate another discovery request
01-19 15:47:59.880 I/bt_stack( 2751): [INFO:gatt_cl.cc(101)] gatt_act_discovery opcode: 0x08
01-19 15:47:59.880 I/bluetooth( 2751): attp_cl_send_cmd: Sending ATT command to l2cap cid:0x0004 eatt_channels:0 transport:BT_TRANSPORT_LE
01-19 15:47:59.880 I/bt_btm  ( 2751): LogMsg: l2c_link_check_send_pkts: l2cb.controller_xmit_window=6
01-19 15:47:59.880 I/bt_btm  ( 2751): LogMsg: Direct send, transport=2, xmit_window=6, le_xmit_window=8, sent_not_acked=0, link_xmit_quota=8
01-19 15:47:59.880 I/bt_btm  ( 2751): LogMsg: Sending to lower layer
01-19 15:47:59.880 I/bt_btm  ( 2751): LogMsg: l2c_link_send_to_lower_ble: TotalWin=7,Hndl=0x200,Quota=8,Unack=1,RRQuota=0,RRUnack=0
01-19 15:47:59.880 I/bt_btm  ( 2751): LogMsg: No next buffer, skipping
01-19 15:47:59.880 I/bt_l2cap( 2751): LogMsg: l2cu_no_dynamic_ccbs NO IDLE timeout set for fixed cid 0x0004
01-19 15:47:59.880 I/bluetooth( 2751): attp_cl_send_cmd: Starting ATT response timer
01-19 15:47:59.883 I/CAR.GH  (22956): onCreate completed
01-19 15:47:59.886 D/OplusActivityManager(22956): get AMS extension: android.os.BinderProxy@df69da6
01-19 15:47:59.887 I/bt_btm  ( 2751): LogMsg: l2c_link_check_send_pkts: l2cb.controller_xmit_window=6
01-19 15:47:59.887 I/bt_btm  ( 2751): LogMsg: Direct send, transport=2, xmit_window=6, le_xmit_window=8, sent_not_acked=0, link_xmit_quota=8
01-19 15:47:59.887 I/bt_btm  ( 2751): LogMsg: No next buffer, skipping
01-19 15:47:59.887 I/bt_btm  ( 2751): LogMsg: l2c_link_process_num_completed_pkts: TotalWin=8,LinkUnack(0x200)=0,RRCheck=0,RRUnack=0
01-19 15:47:59.888 W/on.gearhead:car(22975): Failed to find entry 'classes.dex': Entry not found
01-19 15:47:59.890 W/on.gearhead:car(22975): Failed to find entry 'classes.dex': Entry not found
01-19 15:47:59.893 W/on.gearhead:car(22975): Failed to find entry 'classes.dex': Entry not found
01-19 15:47:59.895 I/bt_btm  ( 2751): LogMsg: btm_bda_to_acl: bda=60:77:71:fc:68:cf transport=2
01-19 15:47:59.895 V/bt_stack( 2751): [VERBOSE1:gatt_main.cc(1054)] gatt_get_ch_state: ch_state=4
01-19 15:47:59.895 I/bt_stack( 2751): [INFO:gatt_cl.cc(1194)] gatt_client_handle_server_rsp opcode: 0x09
01-19 15:47:59.895 I/bt_stack( 2751): [INFO:gatt_cl.cc(799)] gatt_process_read_by_type_rspop=1 subtype=4
01-19 15:47:59.895 I/bt_stack( 2751): [INFO:gatt_cl.cc(983)] gatt_process_read_by_type_rsp: initiate another discovery request
01-19 15:47:59.895 I/bt_stack( 2751): [INFO:gatt_cl.cc(101)] gatt_act_discovery opcode: 0x08
01-19 15:47:59.895 I/bluetooth( 2751): attp_cl_send_cmd: Sending ATT command to l2cap cid:0x0004 eatt_channels:0 transport:BT_TRANSPORT_LE
01-19 15:47:59.895 I/bt_btm  ( 2751): LogMsg: l2c_link_check_send_pkts: l2cb.controller_xmit_window=6
01-19 15:47:59.895 I/bt_btm  ( 2751): LogMsg: Direct send, transport=2, xmit_window=6, le_xmit_window=8, sent_not_acked=0, link_xmit_quota=8
01-19 15:47:59.895 I/bt_btm  ( 2751): LogMsg: Sending to lower layer
01-19 15:47:59.895 W/on.gearhead:car(22975): Failed to find entry 'classes.dex': Entry not found
01-19 15:47:59.895 I/bt_btm  ( 2751): LogMsg: l2c_link_send_to_lower_ble: TotalWin=7,Hndl=0x200,Quota=8,Unack=1,RRQuota=0,RRUnack=0
01-19 15:47:59.895 I/bt_btm  ( 2751): LogMsg: No next buffer, skipping
01-19 15:47:59.895 I/bt_l2cap( 2751): LogMsg: l2cu_no_dynamic_ccbs NO IDLE timeout set for fixed cid 0x0004
01-19 15:47:59.895 I/bluetooth( 2751): attp_cl_send_cmd: Starting ATT response timer
01-19 15:47:59.897 D/nativeloader(22975): Configuring clns-7 for other apk /data/app/~~dpV2s0sbTG67FGYJvGn54g==/com.google.android.projection.gearhead-ELYmrdjH1iYncMmpe9R5nw==/base.apk:/data/app/~~dpV2s0sbTG67FGYJvGn54g==/com.google.android.projection.gearhead-ELYmrdjH1iYncMmpe9R5nw==/split_config.arm64_v8a.apk:/data/app/~~dpV2s0sbTG67FGYJvGn54g==/com.google.android.projection.gearhead-ELYmrdjH1iYncMmpe9R5nw==/split_config.en.apk:/data/app/~~dpV2s0sbTG67FGYJvGn54g==/com.google.android.projection.gearhead-ELYmrdjH1iYncMmpe9R5nw==/split_config.xhdpi.apk:/data/app/~~dpV2s0sbTG67FGYJvGn54g==/com.google.android.projection.gearhead-ELYmrdjH1iYncMmpe9R5nw==/split_config.zh.apk. target_sdk_version=36, uses_libraries=, library_path=/data/app/~~dpV2s0sbTG67FGYJvGn54g==/com.google.android.projection.gearhead-ELYmrdjH1iYncMmpe9R5nw==/lib/arm64:/data/app/~~dpV2s0sbTG67FGYJvGn54g==/com.google.android.projection.gearhead-ELYmrdjH1iYncMmpe9R5nw==/base.apk!/lib/arm64-v8a:/data/app/~~dpV2s0sbTG67FGYJvGn54g==/com.google.android.projection.gearhead-ELYmrdjH1iYncMmpe9R5
01-19 15:47:59.902 I/bt_btm  ( 2751): LogMsg: l2c_link_check_send_pkts: l2cb.controller_xmit_window=6
